
> server@0.0.1 test
> jest

PASS test/modular/analytical-queries.service.spec.ts (36.836 s)
FAIL test/integration/tag.e2e-spec.ts (44.829 s)
  ● Console

    console.log
      ◇ injected env (0) from ..\.env // tip: ◈ encrypted .env [www.dotenvx.com]

      at _log (node_modules/dotenv/lib/main.js:131:11)

  ● TagService (e2e) › create › should create a tag successfully

    DATABASE_URL_TEST must be set in environment variables

    [0m [90m 12 |[39m   getTestURL()[33m:[39m string {
     [90m 13 |[39m     [36mif[39m ([33m![39mprocess[33m.[39menv[33m.[39m[33mDATABASE_URL_TEST[39m) {
    [31m[1m>[22m[39m[90m 14 |[39m       [36mthrow[39m [36mnew[39m [33mError[39m([32m'DATABASE_URL_TEST must be set in environment variables'[39m)[33m;[39m
     [90m    |[39m             [31m[1m^[22m[39m
     [90m 15 |[39m     }
     [90m 16 |[39m     [36mreturn[39m process[33m.[39menv[33m.[39m[33mDATABASE_URL_TEST[39m[33m;[39m
     [90m 17 |[39m   }[0m

      at DatabaseConfigService.getTestURL (src/config/database-config.service.ts:14:13)
      at new PrismaService (src/prisma/prisma.service.ts:18:24)
      at TestingInjector.instantiateClass (node_modules/@nestjs/core/injector/injector.js:422:19)
      at callback (node_modules/@nestjs/core/injector/injector.js:70:45)
      at TestingInjector.resolveConstructorParams (node_modules/@nestjs/core/injector/injector.js:170:24)
      at TestingInjector.loadInstance (node_modules/@nestjs/core/injector/injector.js:75:13)
      at TestingInjector.loadProvider (node_modules/@nestjs/core/injector/injector.js:103:9)
      at node_modules/@nestjs/core/injector/instance-loader.js:56:13
          at async Promise.all (index 4)
      at TestingInstanceLoader.createInstancesOfProviders (node_modules/@nestjs/core/injector/instance-loader.js:55:9)
      at node_modules/@nestjs/core/injector/instance-loader.js:40:13
          at async Promise.all (index 3)
      at TestingInstanceLoader.createInstances (node_modules/@nestjs/core/injector/instance-loader.js:39:9)
      at TestingInstanceLoader.createInstancesOfDependencies (node_modules/@nestjs/core/injector/instance-loader.js:22:13)
      at TestingInstanceLoader.createInstancesOfDependencies (node_modules/@nestjs/testing/testing-instance-loader.js:9:9)
      at TestingModuleBuilder.createInstancesOfDependencies (node_modules/@nestjs/testing/testing-module.builder.js:118:9)
      at TestingModuleBuilder.compile (node_modules/@nestjs/testing/testing-module.builder.js:74:9)
      at Object.<anonymous> (test/integration/tag.e2e-spec.ts:23:42)

  ● TagService (e2e) › create › should create a tag with maximum length name

    DATABASE_URL_TEST must be set in environment variables

    [0m [90m 12 |[39m   getTestURL()[33m:[39m string {
     [90m 13 |[39m     [36mif[39m ([33m![39mprocess[33m.[39menv[33m.[39m[33mDATABASE_URL_TEST[39m) {
    [31m[1m>[22m[39m[90m 14 |[39m       [36mthrow[39m [36mnew[39m [33mError[39m([32m'DATABASE_URL_TEST must be set in environment variables'[39m)[33m;[39m
     [90m    |[39m             [31m[1m^[22m[39m
     [90m 15 |[39m     }
     [90m 16 |[39m     [36mreturn[39m process[33m.[39menv[33m.[39m[33mDATABASE_URL_TEST[39m[33m;[39m
     [90m 17 |[39m   }[0m

      at DatabaseConfigService.getTestURL (src/config/database-config.service.ts:14:13)
      at new PrismaService (src/prisma/prisma.service.ts:18:24)
      at TestingInjector.instantiateClass (node_modules/@nestjs/core/injector/injector.js:422:19)
      at callback (node_modules/@nestjs/core/injector/injector.js:70:45)
      at TestingInjector.resolveConstructorParams (node_modules/@nestjs/core/injector/injector.js:170:24)
      at TestingInjector.loadInstance (node_modules/@nestjs/core/injector/injector.js:75:13)
      at TestingInjector.loadProvider (node_modules/@nestjs/core/injector/injector.js:103:9)
      at node_modules/@nestjs/core/injector/instance-loader.js:56:13
          at async Promise.all (index 4)
      at TestingInstanceLoader.createInstancesOfProviders (node_modules/@nestjs/core/injector/instance-loader.js:55:9)
      at node_modules/@nestjs/core/injector/instance-loader.js:40:13
          at async Promise.all (index 3)
      at TestingInstanceLoader.createInstances (node_modules/@nestjs/core/injector/instance-loader.js:39:9)
      at TestingInstanceLoader.createInstancesOfDependencies (node_modules/@nestjs/core/injector/instance-loader.js:22:13)
      at TestingInstanceLoader.createInstancesOfDependencies (node_modules/@nestjs/testing/testing-instance-loader.js:9:9)
      at TestingModuleBuilder.createInstancesOfDependencies (node_modules/@nestjs/testing/testing-module.builder.js:118:9)
      at TestingModuleBuilder.compile (node_modules/@nestjs/testing/testing-module.builder.js:74:9)
      at Object.<anonymous> (test/integration/tag.e2e-spec.ts:23:42)

  ● TagService (e2e) › create › should throw ConflictException when tag name already exists

    DATABASE_URL_TEST must be set in environment variables

    [0m [90m 12 |[39m   getTestURL()[33m:[39m string {
     [90m 13 |[39m     [36mif[39m ([33m![39mprocess[33m.[39menv[33m.[39m[33mDATABASE_URL_TEST[39m) {
    [31m[1m>[22m[39m[90m 14 |[39m       [36mthrow[39m [36mnew[39m [33mError[39m([32m'DATABASE_URL_TEST must be set in environment variables'[39m)[33m;[39m
     [90m    |[39m             [31m[1m^[22m[39m
     [90m 15 |[39m     }
     [90m 16 |[39m     [36mreturn[39m process[33m.[39menv[33m.[39m[33mDATABASE_URL_TEST[39m[33m;[39m
     [90m 17 |[39m   }[0m

      at DatabaseConfigService.getTestURL (src/config/database-config.service.ts:14:13)
      at new PrismaService (src/prisma/prisma.service.ts:18:24)
      at TestingInjector.instantiateClass (node_modules/@nestjs/core/injector/injector.js:422:19)
      at callback (node_modules/@nestjs/core/injector/injector.js:70:45)
      at TestingInjector.resolveConstructorParams (node_modules/@nestjs/core/injector/injector.js:170:24)
      at TestingInjector.loadInstance (node_modules/@nestjs/core/injector/injector.js:75:13)
      at TestingInjector.loadProvider (node_modules/@nestjs/core/injector/injector.js:103:9)
      at node_modules/@nestjs/core/injector/instance-loader.js:56:13
          at async Promise.all (index 4)
      at TestingInstanceLoader.createInstancesOfProviders (node_modules/@nestjs/core/injector/instance-loader.js:55:9)
      at node_modules/@nestjs/core/injector/instance-loader.js:40:13
          at async Promise.all (index 3)
      at TestingInstanceLoader.createInstances (node_modules/@nestjs/core/injector/instance-loader.js:39:9)
      at TestingInstanceLoader.createInstancesOfDependencies (node_modules/@nestjs/core/injector/instance-loader.js:22:13)
      at TestingInstanceLoader.createInstancesOfDependencies (node_modules/@nestjs/testing/testing-instance-loader.js:9:9)
      at TestingModuleBuilder.createInstancesOfDependencies (node_modules/@nestjs/testing/testing-module.builder.js:118:9)
      at TestingModuleBuilder.compile (node_modules/@nestjs/testing/testing-module.builder.js:74:9)
      at Object.<anonymous> (test/integration/tag.e2e-spec.ts:23:42)

  ● TagService (e2e) › create › should handle transaction rollback on error

    DATABASE_URL_TEST must be set in environment variables

    [0m [90m 12 |[39m   getTestURL()[33m:[39m string {
     [90m 13 |[39m     [36mif[39m ([33m![39mprocess[33m.[39menv[33m.[39m[33mDATABASE_URL_TEST[39m) {
    [31m[1m>[22m[39m[90m 14 |[39m       [36mthrow[39m [36mnew[39m [33mError[39m([32m'DATABASE_URL_TEST must be set in environment variables'[39m)[33m;[39m
     [90m    |[39m             [31m[1m^[22m[39m
     [90m 15 |[39m     }
     [90m 16 |[39m     [36mreturn[39m process[33m.[39menv[33m.[39m[33mDATABASE_URL_TEST[39m[33m;[39m
     [90m 17 |[39m   }[0m

      at DatabaseConfigService.getTestURL (src/config/database-config.service.ts:14:13)
      at new PrismaService (src/prisma/prisma.service.ts:18:24)
      at TestingInjector.instantiateClass (node_modules/@nestjs/core/injector/injector.js:422:19)
      at callback (node_modules/@nestjs/core/injector/injector.js:70:45)
      at TestingInjector.resolveConstructorParams (node_modules/@nestjs/core/injector/injector.js:170:24)
      at TestingInjector.loadInstance (node_modules/@nestjs/core/injector/injector.js:75:13)
      at TestingInjector.loadProvider (node_modules/@nestjs/core/injector/injector.js:103:9)
      at node_modules/@nestjs/core/injector/instance-loader.js:56:13
          at async Promise.all (index 4)
      at TestingInstanceLoader.createInstancesOfProviders (node_modules/@nestjs/core/injector/instance-loader.js:55:9)
      at node_modules/@nestjs/core/injector/instance-loader.js:40:13
          at async Promise.all (index 3)
      at TestingInstanceLoader.createInstances (node_modules/@nestjs/core/injector/instance-loader.js:39:9)
      at TestingInstanceLoader.createInstancesOfDependencies (node_modules/@nestjs/core/injector/instance-loader.js:22:13)
      at TestingInstanceLoader.createInstancesOfDependencies (node_modules/@nestjs/testing/testing-instance-loader.js:9:9)
      at TestingModuleBuilder.createInstancesOfDependencies (node_modules/@nestjs/testing/testing-module.builder.js:118:9)
      at TestingModuleBuilder.compile (node_modules/@nestjs/testing/testing-module.builder.js:74:9)
      at Object.<anonymous> (test/integration/tag.e2e-spec.ts:23:42)

  ● TagService (e2e) › findAll › should return all tags

    DATABASE_URL_TEST must be set in environment variables

    [0m [90m 12 |[39m   getTestURL()[33m:[39m string {
     [90m 13 |[39m     [36mif[39m ([33m![39mprocess[33m.[39menv[33m.[39m[33mDATABASE_URL_TEST[39m) {
    [31m[1m>[22m[39m[90m 14 |[39m       [36mthrow[39m [36mnew[39m [33mError[39m([32m'DATABASE_URL_TEST must be set in environment variables'[39m)[33m;[39m
     [90m    |[39m             [31m[1m^[22m[39m
     [90m 15 |[39m     }
     [90m 16 |[39m     [36mreturn[39m process[33m.[39menv[33m.[39m[33mDATABASE_URL_TEST[39m[33m;[39m
     [90m 17 |[39m   }[0m

      at DatabaseConfigService.getTestURL (src/config/database-config.service.ts:14:13)
      at new PrismaService (src/prisma/prisma.service.ts:18:24)
      at TestingInjector.instantiateClass (node_modules/@nestjs/core/injector/injector.js:422:19)
      at callback (node_modules/@nestjs/core/injector/injector.js:70:45)
      at TestingInjector.resolveConstructorParams (node_modules/@nestjs/core/injector/injector.js:170:24)
      at TestingInjector.loadInstance (node_modules/@nestjs/core/injector/injector.js:75:13)
      at TestingInjector.loadProvider (node_modules/@nestjs/core/injector/injector.js:103:9)
      at node_modules/@nestjs/core/injector/instance-loader.js:56:13
          at async Promise.all (index 4)
      at TestingInstanceLoader.createInstancesOfProviders (node_modules/@nestjs/core/injector/instance-loader.js:55:9)
      at node_modules/@nestjs/core/injector/instance-loader.js:40:13
          at async Promise.all (index 3)
      at TestingInstanceLoader.createInstances (node_modules/@nestjs/core/injector/instance-loader.js:39:9)
      at TestingInstanceLoader.createInstancesOfDependencies (node_modules/@nestjs/core/injector/instance-loader.js:22:13)
      at TestingInstanceLoader.createInstancesOfDependencies (node_modules/@nestjs/testing/testing-instance-loader.js:9:9)
      at TestingModuleBuilder.createInstancesOfDependencies (node_modules/@nestjs/testing/testing-module.builder.js:118:9)
      at TestingModuleBuilder.compile (node_modules/@nestjs/testing/testing-module.builder.js:74:9)
      at Object.<anonymous> (test/integration/tag.e2e-spec.ts:23:42)

  ● TagService (e2e) › findAll › should return tags ordered by tag_name ascending

    DATABASE_URL_TEST must be set in environment variables

    [0m [90m 12 |[39m   getTestURL()[33m:[39m string {
     [90m 13 |[39m     [36mif[39m ([33m![39mprocess[33m.[39menv[33m.[39m[33mDATABASE_URL_TEST[39m) {
    [31m[1m>[22m[39m[90m 14 |[39m       [36mthrow[39m [36mnew[39m [33mError[39m([32m'DATABASE_URL_TEST must be set in environment variables'[39m)[33m;[39m
     [90m    |[39m             [31m[1m^[22m[39m
     [90m 15 |[39m     }
     [90m 16 |[39m     [36mreturn[39m process[33m.[39menv[33m.[39m[33mDATABASE_URL_TEST[39m[33m;[39m
     [90m 17 |[39m   }[0m

      at DatabaseConfigService.getTestURL (src/config/database-config.service.ts:14:13)
      at new PrismaService (src/prisma/prisma.service.ts:18:24)
      at TestingInjector.instantiateClass (node_modules/@nestjs/core/injector/injector.js:422:19)
      at callback (node_modules/@nestjs/core/injector/injector.js:70:45)
      at TestingInjector.resolveConstructorParams (node_modules/@nestjs/core/injector/injector.js:170:24)
      at TestingInjector.loadInstance (node_modules/@nestjs/core/injector/injector.js:75:13)
      at TestingInjector.loadProvider (node_modules/@nestjs/core/injector/injector.js:103:9)
      at node_modules/@nestjs/core/injector/instance-loader.js:56:13
          at async Promise.all (index 4)
      at TestingInstanceLoader.createInstancesOfProviders (node_modules/@nestjs/core/injector/instance-loader.js:55:9)
      at node_modules/@nestjs/core/injector/instance-loader.js:40:13
          at async Promise.all (index 3)
      at TestingInstanceLoader.createInstances (node_modules/@nestjs/core/injector/instance-loader.js:39:9)
      at TestingInstanceLoader.createInstancesOfDependencies (node_modules/@nestjs/core/injector/instance-loader.js:22:13)
      at TestingInstanceLoader.createInstancesOfDependencies (node_modules/@nestjs/testing/testing-instance-loader.js:9:9)
      at TestingModuleBuilder.createInstancesOfDependencies (node_modules/@nestjs/testing/testing-module.builder.js:118:9)
      at TestingModuleBuilder.compile (node_modules/@nestjs/testing/testing-module.builder.js:74:9)
      at Object.<anonymous> (test/integration/tag.e2e-spec.ts:23:42)

  ● TagService (e2e) › findAll › should return tags with pagination

    DATABASE_URL_TEST must be set in environment variables

    [0m [90m 12 |[39m   getTestURL()[33m:[39m string {
     [90m 13 |[39m     [36mif[39m ([33m![39mprocess[33m.[39menv[33m.[39m[33mDATABASE_URL_TEST[39m) {
    [31m[1m>[22m[39m[90m 14 |[39m       [36mthrow[39m [36mnew[39m [33mError[39m([32m'DATABASE_URL_TEST must be set in environment variables'[39m)[33m;[39m
     [90m    |[39m             [31m[1m^[22m[39m
     [90m 15 |[39m     }
     [90m 16 |[39m     [36mreturn[39m process[33m.[39menv[33m.[39m[33mDATABASE_URL_TEST[39m[33m;[39m
     [90m 17 |[39m   }[0m

      at DatabaseConfigService.getTestURL (src/config/database-config.service.ts:14:13)
      at new PrismaService (src/prisma/prisma.service.ts:18:24)
      at TestingInjector.instantiateClass (node_modules/@nestjs/core/injector/injector.js:422:19)
      at callback (node_modules/@nestjs/core/injector/injector.js:70:45)
      at TestingInjector.resolveConstructorParams (node_modules/@nestjs/core/injector/injector.js:170:24)
      at TestingInjector.loadInstance (node_modules/@nestjs/core/injector/injector.js:75:13)
      at TestingInjector.loadProvider (node_modules/@nestjs/core/injector/injector.js:103:9)
      at node_modules/@nestjs/core/injector/instance-loader.js:56:13
          at async Promise.all (index 4)
      at TestingInstanceLoader.createInstancesOfProviders (node_modules/@nestjs/core/injector/instance-loader.js:55:9)
      at node_modules/@nestjs/core/injector/instance-loader.js:40:13
          at async Promise.all (index 3)
      at TestingInstanceLoader.createInstances (node_modules/@nestjs/core/injector/instance-loader.js:39:9)
      at TestingInstanceLoader.createInstancesOfDependencies (node_modules/@nestjs/core/injector/instance-loader.js:22:13)
      at TestingInstanceLoader.createInstancesOfDependencies (node_modules/@nestjs/testing/testing-instance-loader.js:9:9)
      at TestingModuleBuilder.createInstancesOfDependencies (node_modules/@nestjs/testing/testing-module.builder.js:118:9)
      at TestingModuleBuilder.compile (node_modules/@nestjs/testing/testing-module.builder.js:74:9)
      at Object.<anonymous> (test/integration/tag.e2e-spec.ts:23:42)

  ● TagService (e2e) › findAll › should return empty array when no tags exist

    DATABASE_URL_TEST must be set in environment variables

    [0m [90m 12 |[39m   getTestURL()[33m:[39m string {
     [90m 13 |[39m     [36mif[39m ([33m![39mprocess[33m.[39menv[33m.[39m[33mDATABASE_URL_TEST[39m) {
    [31m[1m>[22m[39m[90m 14 |[39m       [36mthrow[39m [36mnew[39m [33mError[39m([32m'DATABASE_URL_TEST must be set in environment variables'[39m)[33m;[39m
     [90m    |[39m             [31m[1m^[22m[39m
     [90m 15 |[39m     }
     [90m 16 |[39m     [36mreturn[39m process[33m.[39menv[33m.[39m[33mDATABASE_URL_TEST[39m[33m;[39m
     [90m 17 |[39m   }[0m

      at DatabaseConfigService.getTestURL (src/config/database-config.service.ts:14:13)
      at new PrismaService (src/prisma/prisma.service.ts:18:24)
      at TestingInjector.instantiateClass (node_modules/@nestjs/core/injector/injector.js:422:19)
      at callback (node_modules/@nestjs/core/injector/injector.js:70:45)
      at TestingInjector.resolveConstructorParams (node_modules/@nestjs/core/injector/injector.js:170:24)
      at TestingInjector.loadInstance (node_modules/@nestjs/core/injector/injector.js:75:13)
      at TestingInjector.loadProvider (node_modules/@nestjs/core/injector/injector.js:103:9)
      at node_modules/@nestjs/core/injector/instance-loader.js:56:13
          at async Promise.all (index 4)
      at TestingInstanceLoader.createInstancesOfProviders (node_modules/@nestjs/core/injector/instance-loader.js:55:9)
      at node_modules/@nestjs/core/injector/instance-loader.js:40:13
          at async Promise.all (index 3)
      at TestingInstanceLoader.createInstances (node_modules/@nestjs/core/injector/instance-loader.js:39:9)
      at TestingInstanceLoader.createInstancesOfDependencies (node_modules/@nestjs/core/injector/instance-loader.js:22:13)
      at TestingInstanceLoader.createInstancesOfDependencies (node_modules/@nestjs/testing/testing-instance-loader.js:9:9)
      at TestingModuleBuilder.createInstancesOfDependencies (node_modules/@nestjs/testing/testing-module.builder.js:118:9)
      at TestingModuleBuilder.compile (node_modules/@nestjs/testing/testing-module.builder.js:74:9)
      at Object.<anonymous> (test/integration/tag.e2e-spec.ts:23:42)

  ● TagService (e2e) › findOne › should return a tag by id

    DATABASE_URL_TEST must be set in environment variables

    [0m [90m 12 |[39m   getTestURL()[33m:[39m string {
     [90m 13 |[39m     [36mif[39m ([33m![39mprocess[33m.[39menv[33m.[39m[33mDATABASE_URL_TEST[39m) {
    [31m[1m>[22m[39m[90m 14 |[39m       [36mthrow[39m [36mnew[39m [33mError[39m([32m'DATABASE_URL_TEST must be set in environment variables'[39m)[33m;[39m
     [90m    |[39m             [31m[1m^[22m[39m
     [90m 15 |[39m     }
     [90m 16 |[39m     [36mreturn[39m process[33m.[39menv[33m.[39m[33mDATABASE_URL_TEST[39m[33m;[39m
     [90m 17 |[39m   }[0m

      at DatabaseConfigService.getTestURL (src/config/database-config.service.ts:14:13)
      at new PrismaService (src/prisma/prisma.service.ts:18:24)
      at TestingInjector.instantiateClass (node_modules/@nestjs/core/injector/injector.js:422:19)
      at callback (node_modules/@nestjs/core/injector/injector.js:70:45)
      at TestingInjector.resolveConstructorParams (node_modules/@nestjs/core/injector/injector.js:170:24)
      at TestingInjector.loadInstance (node_modules/@nestjs/core/injector/injector.js:75:13)
      at TestingInjector.loadProvider (node_modules/@nestjs/core/injector/injector.js:103:9)
      at node_modules/@nestjs/core/injector/instance-loader.js:56:13
          at async Promise.all (index 4)
      at TestingInstanceLoader.createInstancesOfProviders (node_modules/@nestjs/core/injector/instance-loader.js:55:9)
      at node_modules/@nestjs/core/injector/instance-loader.js:40:13
          at async Promise.all (index 3)
      at TestingInstanceLoader.createInstances (node_modules/@nestjs/core/injector/instance-loader.js:39:9)
      at TestingInstanceLoader.createInstancesOfDependencies (node_modules/@nestjs/core/injector/instance-loader.js:22:13)
      at TestingInstanceLoader.createInstancesOfDependencies (node_modules/@nestjs/testing/testing-instance-loader.js:9:9)
      at TestingModuleBuilder.createInstancesOfDependencies (node_modules/@nestjs/testing/testing-module.builder.js:118:9)
      at TestingModuleBuilder.compile (node_modules/@nestjs/testing/testing-module.builder.js:74:9)
      at Object.<anonymous> (test/integration/tag.e2e-spec.ts:23:42)

  ● TagService (e2e) › findOne › should throw NotFoundException when tag does not exist

    DATABASE_URL_TEST must be set in environment variables

    [0m [90m 12 |[39m   getTestURL()[33m:[39m string {
     [90m 13 |[39m     [36mif[39m ([33m![39mprocess[33m.[39menv[33m.[39m[33mDATABASE_URL_TEST[39m) {
    [31m[1m>[22m[39m[90m 14 |[39m       [36mthrow[39m [36mnew[39m [33mError[39m([32m'DATABASE_URL_TEST must be set in environment variables'[39m)[33m;[39m
     [90m    |[39m             [31m[1m^[22m[39m
     [90m 15 |[39m     }
     [90m 16 |[39m     [36mreturn[39m process[33m.[39menv[33m.[39m[33mDATABASE_URL_TEST[39m[33m;[39m
     [90m 17 |[39m   }[0m

      at DatabaseConfigService.getTestURL (src/config/database-config.service.ts:14:13)
      at new PrismaService (src/prisma/prisma.service.ts:18:24)
      at TestingInjector.instantiateClass (node_modules/@nestjs/core/injector/injector.js:422:19)
      at callback (node_modules/@nestjs/core/injector/injector.js:70:45)
      at TestingInjector.resolveConstructorParams (node_modules/@nestjs/core/injector/injector.js:170:24)
      at TestingInjector.loadInstance (node_modules/@nestjs/core/injector/injector.js:75:13)
      at TestingInjector.loadProvider (node_modules/@nestjs/core/injector/injector.js:103:9)
      at node_modules/@nestjs/core/injector/instance-loader.js:56:13
          at async Promise.all (index 4)
      at TestingInstanceLoader.createInstancesOfProviders (node_modules/@nestjs/core/injector/instance-loader.js:55:9)
      at node_modules/@nestjs/core/injector/instance-loader.js:40:13
          at async Promise.all (index 3)
      at TestingInstanceLoader.createInstances (node_modules/@nestjs/core/injector/instance-loader.js:39:9)
      at TestingInstanceLoader.createInstancesOfDependencies (node_modules/@nestjs/core/injector/instance-loader.js:22:13)
      at TestingInstanceLoader.createInstancesOfDependencies (node_modules/@nestjs/testing/testing-instance-loader.js:9:9)
      at TestingModuleBuilder.createInstancesOfDependencies (node_modules/@nestjs/testing/testing-module.builder.js:118:9)
      at TestingModuleBuilder.compile (node_modules/@nestjs/testing/testing-module.builder.js:74:9)
      at Object.<anonymous> (test/integration/tag.e2e-spec.ts:23:42)

  ● TagService (e2e) › findByName › should return a tag by name

    DATABASE_URL_TEST must be set in environment variables

    [0m [90m 12 |[39m   getTestURL()[33m:[39m string {
     [90m 13 |[39m     [36mif[39m ([33m![39mprocess[33m.[39menv[33m.[39m[33mDATABASE_URL_TEST[39m) {
    [31m[1m>[22m[39m[90m 14 |[39m       [36mthrow[39m [36mnew[39m [33mError[39m([32m'DATABASE_URL_TEST must be set in environment variables'[39m)[33m;[39m
     [90m    |[39m             [31m[1m^[22m[39m
     [90m 15 |[39m     }
     [90m 16 |[39m     [36mreturn[39m process[33m.[39menv[33m.[39m[33mDATABASE_URL_TEST[39m[33m;[39m
     [90m 17 |[39m   }[0m

      at DatabaseConfigService.getTestURL (src/config/database-config.service.ts:14:13)
      at new PrismaService (src/prisma/prisma.service.ts:18:24)
      at TestingInjector.instantiateClass (node_modules/@nestjs/core/injector/injector.js:422:19)
      at callback (node_modules/@nestjs/core/injector/injector.js:70:45)
      at TestingInjector.resolveConstructorParams (node_modules/@nestjs/core/injector/injector.js:170:24)
      at TestingInjector.loadInstance (node_modules/@nestjs/core/injector/injector.js:75:13)
      at TestingInjector.loadProvider (node_modules/@nestjs/core/injector/injector.js:103:9)
      at node_modules/@nestjs/core/injector/instance-loader.js:56:13
          at async Promise.all (index 4)
      at TestingInstanceLoader.createInstancesOfProviders (node_modules/@nestjs/core/injector/instance-loader.js:55:9)
      at node_modules/@nestjs/core/injector/instance-loader.js:40:13
          at async Promise.all (index 3)
      at TestingInstanceLoader.createInstances (node_modules/@nestjs/core/injector/instance-loader.js:39:9)
      at TestingInstanceLoader.createInstancesOfDependencies (node_modules/@nestjs/core/injector/instance-loader.js:22:13)
      at TestingInstanceLoader.createInstancesOfDependencies (node_modules/@nestjs/testing/testing-instance-loader.js:9:9)
      at TestingModuleBuilder.createInstancesOfDependencies (node_modules/@nestjs/testing/testing-module.builder.js:118:9)
      at TestingModuleBuilder.compile (node_modules/@nestjs/testing/testing-module.builder.js:74:9)
      at Object.<anonymous> (test/integration/tag.e2e-spec.ts:23:42)

  ● TagService (e2e) › findByName › should throw NotFoundException when tag name does not exist

    DATABASE_URL_TEST must be set in environment variables

    [0m [90m 12 |[39m   getTestURL()[33m:[39m string {
     [90m 13 |[39m     [36mif[39m ([33m![39mprocess[33m.[39menv[33m.[39m[33mDATABASE_URL_TEST[39m) {
    [31m[1m>[22m[39m[90m 14 |[39m       [36mthrow[39m [36mnew[39m [33mError[39m([32m'DATABASE_URL_TEST must be set in environment variables'[39m)[33m;[39m
     [90m    |[39m             [31m[1m^[22m[39m
     [90m 15 |[39m     }
     [90m 16 |[39m     [36mreturn[39m process[33m.[39menv[33m.[39m[33mDATABASE_URL_TEST[39m[33m;[39m
     [90m 17 |[39m   }[0m

      at DatabaseConfigService.getTestURL (src/config/database-config.service.ts:14:13)
      at new PrismaService (src/prisma/prisma.service.ts:18:24)
      at TestingInjector.instantiateClass (node_modules/@nestjs/core/injector/injector.js:422:19)
      at callback (node_modules/@nestjs/core/injector/injector.js:70:45)
      at TestingInjector.resolveConstructorParams (node_modules/@nestjs/core/injector/injector.js:170:24)
      at TestingInjector.loadInstance (node_modules/@nestjs/core/injector/injector.js:75:13)
      at TestingInjector.loadProvider (node_modules/@nestjs/core/injector/injector.js:103:9)
      at node_modules/@nestjs/core/injector/instance-loader.js:56:13
          at async Promise.all (index 4)
      at TestingInstanceLoader.createInstancesOfProviders (node_modules/@nestjs/core/injector/instance-loader.js:55:9)
      at node_modules/@nestjs/core/injector/instance-loader.js:40:13
          at async Promise.all (index 3)
      at TestingInstanceLoader.createInstances (node_modules/@nestjs/core/injector/instance-loader.js:39:9)
      at TestingInstanceLoader.createInstancesOfDependencies (node_modules/@nestjs/core/injector/instance-loader.js:22:13)
      at TestingInstanceLoader.createInstancesOfDependencies (node_modules/@nestjs/testing/testing-instance-loader.js:9:9)
      at TestingModuleBuilder.createInstancesOfDependencies (node_modules/@nestjs/testing/testing-module.builder.js:118:9)
      at TestingModuleBuilder.compile (node_modules/@nestjs/testing/testing-module.builder.js:74:9)
      at Object.<anonymous> (test/integration/tag.e2e-spec.ts:23:42)

  ● TagService (e2e) › findByName › should find tag by name

    DATABASE_URL_TEST must be set in environment variables

    [0m [90m 12 |[39m   getTestURL()[33m:[39m string {
     [90m 13 |[39m     [36mif[39m ([33m![39mprocess[33m.[39menv[33m.[39m[33mDATABASE_URL_TEST[39m) {
    [31m[1m>[22m[39m[90m 14 |[39m       [36mthrow[39m [36mnew[39m [33mError[39m([32m'DATABASE_URL_TEST must be set in environment variables'[39m)[33m;[39m
     [90m    |[39m             [31m[1m^[22m[39m
     [90m 15 |[39m     }
     [90m 16 |[39m     [36mreturn[39m process[33m.[39menv[33m.[39m[33mDATABASE_URL_TEST[39m[33m;[39m
     [90m 17 |[39m   }[0m

      at DatabaseConfigService.getTestURL (src/config/database-config.service.ts:14:13)
      at new PrismaService (src/prisma/prisma.service.ts:18:24)
      at TestingInjector.instantiateClass (node_modules/@nestjs/core/injector/injector.js:422:19)
      at callback (node_modules/@nestjs/core/injector/injector.js:70:45)
      at TestingInjector.resolveConstructorParams (node_modules/@nestjs/core/injector/injector.js:170:24)
      at TestingInjector.loadInstance (node_modules/@nestjs/core/injector/injector.js:75:13)
      at TestingInjector.loadProvider (node_modules/@nestjs/core/injector/injector.js:103:9)
      at node_modules/@nestjs/core/injector/instance-loader.js:56:13
          at async Promise.all (index 4)
      at TestingInstanceLoader.createInstancesOfProviders (node_modules/@nestjs/core/injector/instance-loader.js:55:9)
      at node_modules/@nestjs/core/injector/instance-loader.js:40:13
          at async Promise.all (index 3)
      at TestingInstanceLoader.createInstances (node_modules/@nestjs/core/injector/instance-loader.js:39:9)
      at TestingInstanceLoader.createInstancesOfDependencies (node_modules/@nestjs/core/injector/instance-loader.js:22:13)
      at TestingInstanceLoader.createInstancesOfDependencies (node_modules/@nestjs/testing/testing-instance-loader.js:9:9)
      at TestingModuleBuilder.createInstancesOfDependencies (node_modules/@nestjs/testing/testing-module.builder.js:118:9)
      at TestingModuleBuilder.compile (node_modules/@nestjs/testing/testing-module.builder.js:74:9)
      at Object.<anonymous> (test/integration/tag.e2e-spec.ts:23:42)

  ● TagService (e2e) › update › should update tag name successfully

    DATABASE_URL_TEST must be set in environment variables

    [0m [90m 12 |[39m   getTestURL()[33m:[39m string {
     [90m 13 |[39m     [36mif[39m ([33m![39mprocess[33m.[39menv[33m.[39m[33mDATABASE_URL_TEST[39m) {
    [31m[1m>[22m[39m[90m 14 |[39m       [36mthrow[39m [36mnew[39m [33mError[39m([32m'DATABASE_URL_TEST must be set in environment variables'[39m)[33m;[39m
     [90m    |[39m             [31m[1m^[22m[39m
     [90m 15 |[39m     }
     [90m 16 |[39m     [36mreturn[39m process[33m.[39menv[33m.[39m[33mDATABASE_URL_TEST[39m[33m;[39m
     [90m 17 |[39m   }[0m

      at DatabaseConfigService.getTestURL (src/config/database-config.service.ts:14:13)
      at new PrismaService (src/prisma/prisma.service.ts:18:24)
      at TestingInjector.instantiateClass (node_modules/@nestjs/core/injector/injector.js:422:19)
      at callback (node_modules/@nestjs/core/injector/injector.js:70:45)
      at TestingInjector.resolveConstructorParams (node_modules/@nestjs/core/injector/injector.js:170:24)
      at TestingInjector.loadInstance (node_modules/@nestjs/core/injector/injector.js:75:13)
      at TestingInjector.loadProvider (node_modules/@nestjs/core/injector/injector.js:103:9)
      at node_modules/@nestjs/core/injector/instance-loader.js:56:13
          at async Promise.all (index 4)
      at TestingInstanceLoader.createInstancesOfProviders (node_modules/@nestjs/core/injector/instance-loader.js:55:9)
      at node_modules/@nestjs/core/injector/instance-loader.js:40:13
          at async Promise.all (index 3)
      at TestingInstanceLoader.createInstances (node_modules/@nestjs/core/injector/instance-loader.js:39:9)
      at TestingInstanceLoader.createInstancesOfDependencies (node_modules/@nestjs/core/injector/instance-loader.js:22:13)
      at TestingInstanceLoader.createInstancesOfDependencies (node_modules/@nestjs/testing/testing-instance-loader.js:9:9)
      at TestingModuleBuilder.createInstancesOfDependencies (node_modules/@nestjs/testing/testing-module.builder.js:118:9)
      at TestingModuleBuilder.compile (node_modules/@nestjs/testing/testing-module.builder.js:74:9)
      at Object.<anonymous> (test/integration/tag.e2e-spec.ts:23:42)

  ● TagService (e2e) › update › should allow updating to same name

    DATABASE_URL_TEST must be set in environment variables

    [0m [90m 12 |[39m   getTestURL()[33m:[39m string {
     [90m 13 |[39m     [36mif[39m ([33m![39mprocess[33m.[39menv[33m.[39m[33mDATABASE_URL_TEST[39m) {
    [31m[1m>[22m[39m[90m 14 |[39m       [36mthrow[39m [36mnew[39m [33mError[39m([32m'DATABASE_URL_TEST must be set in environment variables'[39m)[33m;[39m
     [90m    |[39m             [31m[1m^[22m[39m
     [90m 15 |[39m     }
     [90m 16 |[39m     [36mreturn[39m process[33m.[39menv[33m.[39m[33mDATABASE_URL_TEST[39m[33m;[39m
     [90m 17 |[39m   }[0m

      at DatabaseConfigService.getTestURL (src/config/database-config.service.ts:14:13)
      at new PrismaService (src/prisma/prisma.service.ts:18:24)
      at TestingInjector.instantiateClass (node_modules/@nestjs/core/injector/injector.js:422:19)
      at callback (node_modules/@nestjs/core/injector/injector.js:70:45)
      at TestingInjector.resolveConstructorParams (node_modules/@nestjs/core/injector/injector.js:170:24)
      at TestingInjector.loadInstance (node_modules/@nestjs/core/injector/injector.js:75:13)
      at TestingInjector.loadProvider (node_modules/@nestjs/core/injector/injector.js:103:9)
      at node_modules/@nestjs/core/injector/instance-loader.js:56:13
          at async Promise.all (index 4)
      at TestingInstanceLoader.createInstancesOfProviders (node_modules/@nestjs/core/injector/instance-loader.js:55:9)
      at node_modules/@nestjs/core/injector/instance-loader.js:40:13
          at async Promise.all (index 3)
      at TestingInstanceLoader.createInstances (node_modules/@nestjs/core/injector/instance-loader.js:39:9)
      at TestingInstanceLoader.createInstancesOfDependencies (node_modules/@nestjs/core/injector/instance-loader.js:22:13)
      at TestingInstanceLoader.createInstancesOfDependencies (node_modules/@nestjs/testing/testing-instance-loader.js:9:9)
      at TestingModuleBuilder.createInstancesOfDependencies (node_modules/@nestjs/testing/testing-module.builder.js:118:9)
      at TestingModuleBuilder.compile (node_modules/@nestjs/testing/testing-module.builder.js:74:9)
      at Object.<anonymous> (test/integration/tag.e2e-spec.ts:23:42)

  ● TagService (e2e) › update › should throw NotFoundException when tag does not exist

    DATABASE_URL_TEST must be set in environment variables

    [0m [90m 12 |[39m   getTestURL()[33m:[39m string {
     [90m 13 |[39m     [36mif[39m ([33m![39mprocess[33m.[39menv[33m.[39m[33mDATABASE_URL_TEST[39m) {
    [31m[1m>[22m[39m[90m 14 |[39m       [36mthrow[39m [36mnew[39m [33mError[39m([32m'DATABASE_URL_TEST must be set in environment variables'[39m)[33m;[39m
     [90m    |[39m             [31m[1m^[22m[39m
     [90m 15 |[39m     }
     [90m 16 |[39m     [36mreturn[39m process[33m.[39menv[33m.[39m[33mDATABASE_URL_TEST[39m[33m;[39m
     [90m 17 |[39m   }[0m

      at DatabaseConfigService.getTestURL (src/config/database-config.service.ts:14:13)
      at new PrismaService (src/prisma/prisma.service.ts:18:24)
      at TestingInjector.instantiateClass (node_modules/@nestjs/core/injector/injector.js:422:19)
      at callback (node_modules/@nestjs/core/injector/injector.js:70:45)
      at TestingInjector.resolveConstructorParams (node_modules/@nestjs/core/injector/injector.js:170:24)
      at TestingInjector.loadInstance (node_modules/@nestjs/core/injector/injector.js:75:13)
      at TestingInjector.loadProvider (node_modules/@nestjs/core/injector/injector.js:103:9)
      at node_modules/@nestjs/core/injector/instance-loader.js:56:13
          at async Promise.all (index 4)
      at TestingInstanceLoader.createInstancesOfProviders (node_modules/@nestjs/core/injector/instance-loader.js:55:9)
      at node_modules/@nestjs/core/injector/instance-loader.js:40:13
          at async Promise.all (index 3)
      at TestingInstanceLoader.createInstances (node_modules/@nestjs/core/injector/instance-loader.js:39:9)
      at TestingInstanceLoader.createInstancesOfDependencies (node_modules/@nestjs/core/injector/instance-loader.js:22:13)
      at TestingInstanceLoader.createInstancesOfDependencies (node_modules/@nestjs/testing/testing-instance-loader.js:9:9)
      at TestingModuleBuilder.createInstancesOfDependencies (node_modules/@nestjs/testing/testing-module.builder.js:118:9)
      at TestingModuleBuilder.compile (node_modules/@nestjs/testing/testing-module.builder.js:74:9)
      at Object.<anonymous> (test/integration/tag.e2e-spec.ts:23:42)

  ● TagService (e2e) › update › should throw ConflictException when tag name is taken

    DATABASE_URL_TEST must be set in environment variables

    [0m [90m 12 |[39m   getTestURL()[33m:[39m string {
     [90m 13 |[39m     [36mif[39m ([33m![39mprocess[33m.[39menv[33m.[39m[33mDATABASE_URL_TEST[39m) {
    [31m[1m>[22m[39m[90m 14 |[39m       [36mthrow[39m [36mnew[39m [33mError[39m([32m'DATABASE_URL_TEST must be set in environment variables'[39m)[33m;[39m
     [90m    |[39m             [31m[1m^[22m[39m
     [90m 15 |[39m     }
     [90m 16 |[39m     [36mreturn[39m process[33m.[39menv[33m.[39m[33mDATABASE_URL_TEST[39m[33m;[39m
     [90m 17 |[39m   }[0m

      at DatabaseConfigService.getTestURL (src/config/database-config.service.ts:14:13)
      at new PrismaService (src/prisma/prisma.service.ts:18:24)
      at TestingInjector.instantiateClass (node_modules/@nestjs/core/injector/injector.js:422:19)
      at callback (node_modules/@nestjs/core/injector/injector.js:70:45)
      at TestingInjector.resolveConstructorParams (node_modules/@nestjs/core/injector/injector.js:170:24)
      at TestingInjector.loadInstance (node_modules/@nestjs/core/injector/injector.js:75:13)
      at TestingInjector.loadProvider (node_modules/@nestjs/core/injector/injector.js:103:9)
      at node_modules/@nestjs/core/injector/instance-loader.js:56:13
          at async Promise.all (index 4)
      at TestingInstanceLoader.createInstancesOfProviders (node_modules/@nestjs/core/injector/instance-loader.js:55:9)
      at node_modules/@nestjs/core/injector/instance-loader.js:40:13
          at async Promise.all (index 3)
      at TestingInstanceLoader.createInstances (node_modules/@nestjs/core/injector/instance-loader.js:39:9)
      at TestingInstanceLoader.createInstancesOfDependencies (node_modules/@nestjs/core/injector/instance-loader.js:22:13)
      at TestingInstanceLoader.createInstancesOfDependencies (node_modules/@nestjs/testing/testing-instance-loader.js:9:9)
      at TestingModuleBuilder.createInstancesOfDependencies (node_modules/@nestjs/testing/testing-module.builder.js:118:9)
      at TestingModuleBuilder.compile (node_modules/@nestjs/testing/testing-module.builder.js:74:9)
      at Object.<anonymous> (test/integration/tag.e2e-spec.ts:23:42)

  ● TagService (e2e) › update › should handle empty update

    DATABASE_URL_TEST must be set in environment variables

    [0m [90m 12 |[39m   getTestURL()[33m:[39m string {
     [90m 13 |[39m     [36mif[39m ([33m![39mprocess[33m.[39menv[33m.[39m[33mDATABASE_URL_TEST[39m) {
    [31m[1m>[22m[39m[90m 14 |[39m       [36mthrow[39m [36mnew[39m [33mError[39m([32m'DATABASE_URL_TEST must be set in environment variables'[39m)[33m;[39m
     [90m    |[39m             [31m[1m^[22m[39m
     [90m 15 |[39m     }
     [90m 16 |[39m     [36mreturn[39m process[33m.[39menv[33m.[39m[33mDATABASE_URL_TEST[39m[33m;[39m
     [90m 17 |[39m   }[0m

      at DatabaseConfigService.getTestURL (src/config/database-config.service.ts:14:13)
      at new PrismaService (src/prisma/prisma.service.ts:18:24)
      at TestingInjector.instantiateClass (node_modules/@nestjs/core/injector/injector.js:422:19)
      at callback (node_modules/@nestjs/core/injector/injector.js:70:45)
      at TestingInjector.resolveConstructorParams (node_modules/@nestjs/core/injector/injector.js:170:24)
      at TestingInjector.loadInstance (node_modules/@nestjs/core/injector/injector.js:75:13)
      at TestingInjector.loadProvider (node_modules/@nestjs/core/injector/injector.js:103:9)
      at node_modules/@nestjs/core/injector/instance-loader.js:56:13
          at async Promise.all (index 4)
      at TestingInstanceLoader.createInstancesOfProviders (node_modules/@nestjs/core/injector/instance-loader.js:55:9)
      at node_modules/@nestjs/core/injector/instance-loader.js:40:13
          at async Promise.all (index 3)
      at TestingInstanceLoader.createInstances (node_modules/@nestjs/core/injector/instance-loader.js:39:9)
      at TestingInstanceLoader.createInstancesOfDependencies (node_modules/@nestjs/core/injector/instance-loader.js:22:13)
      at TestingInstanceLoader.createInstancesOfDependencies (node_modules/@nestjs/testing/testing-instance-loader.js:9:9)
      at TestingModuleBuilder.createInstancesOfDependencies (node_modules/@nestjs/testing/testing-module.builder.js:118:9)
      at TestingModuleBuilder.compile (node_modules/@nestjs/testing/testing-module.builder.js:74:9)
      at Object.<anonymous> (test/integration/tag.e2e-spec.ts:23:42)

  ● TagService (e2e) › remove › should delete tag successfully

    DATABASE_URL_TEST must be set in environment variables

    [0m [90m 12 |[39m   getTestURL()[33m:[39m string {
     [90m 13 |[39m     [36mif[39m ([33m![39mprocess[33m.[39menv[33m.[39m[33mDATABASE_URL_TEST[39m) {
    [31m[1m>[22m[39m[90m 14 |[39m       [36mthrow[39m [36mnew[39m [33mError[39m([32m'DATABASE_URL_TEST must be set in environment variables'[39m)[33m;[39m
     [90m    |[39m             [31m[1m^[22m[39m
     [90m 15 |[39m     }
     [90m 16 |[39m     [36mreturn[39m process[33m.[39menv[33m.[39m[33mDATABASE_URL_TEST[39m[33m;[39m
     [90m 17 |[39m   }[0m

      at DatabaseConfigService.getTestURL (src/config/database-config.service.ts:14:13)
      at new PrismaService (src/prisma/prisma.service.ts:18:24)
      at TestingInjector.instantiateClass (node_modules/@nestjs/core/injector/injector.js:422:19)
      at callback (node_modules/@nestjs/core/injector/injector.js:70:45)
      at TestingInjector.resolveConstructorParams (node_modules/@nestjs/core/injector/injector.js:170:24)
      at TestingInjector.loadInstance (node_modules/@nestjs/core/injector/injector.js:75:13)
      at TestingInjector.loadProvider (node_modules/@nestjs/core/injector/injector.js:103:9)
      at node_modules/@nestjs/core/injector/instance-loader.js:56:13
          at async Promise.all (index 4)
      at TestingInstanceLoader.createInstancesOfProviders (node_modules/@nestjs/core/injector/instance-loader.js:55:9)
      at node_modules/@nestjs/core/injector/instance-loader.js:40:13
          at async Promise.all (index 3)
      at TestingInstanceLoader.createInstances (node_modules/@nestjs/core/injector/instance-loader.js:39:9)
      at TestingInstanceLoader.createInstancesOfDependencies (node_modules/@nestjs/core/injector/instance-loader.js:22:13)
      at TestingInstanceLoader.createInstancesOfDependencies (node_modules/@nestjs/testing/testing-instance-loader.js:9:9)
      at TestingModuleBuilder.createInstancesOfDependencies (node_modules/@nestjs/testing/testing-module.builder.js:118:9)
      at TestingModuleBuilder.compile (node_modules/@nestjs/testing/testing-module.builder.js:74:9)
      at Object.<anonymous> (test/integration/tag.e2e-spec.ts:23:42)

  ● TagService (e2e) › remove › should throw NotFoundException when tag does not exist

    DATABASE_URL_TEST must be set in environment variables

    [0m [90m 12 |[39m   getTestURL()[33m:[39m string {
     [90m 13 |[39m     [36mif[39m ([33m![39mprocess[33m.[39menv[33m.[39m[33mDATABASE_URL_TEST[39m) {
    [31m[1m>[22m[39m[90m 14 |[39m       [36mthrow[39m [36mnew[39m [33mError[39m([32m'DATABASE_URL_TEST must be set in environment variables'[39m)[33m;[39m
     [90m    |[39m             [31m[1m^[22m[39m
     [90m 15 |[39m     }
     [90m 16 |[39m     [36mreturn[39m process[33m.[39menv[33m.[39m[33mDATABASE_URL_TEST[39m[33m;[39m
     [90m 17 |[39m   }[0m

      at DatabaseConfigService.getTestURL (src/config/database-config.service.ts:14:13)
      at new PrismaService (src/prisma/prisma.service.ts:18:24)
      at TestingInjector.instantiateClass (node_modules/@nestjs/core/injector/injector.js:422:19)
      at callback (node_modules/@nestjs/core/injector/injector.js:70:45)
      at TestingInjector.resolveConstructorParams (node_modules/@nestjs/core/injector/injector.js:170:24)
      at TestingInjector.loadInstance (node_modules/@nestjs/core/injector/injector.js:75:13)
      at TestingInjector.loadProvider (node_modules/@nestjs/core/injector/injector.js:103:9)
      at node_modules/@nestjs/core/injector/instance-loader.js:56:13
          at async Promise.all (index 4)
      at TestingInstanceLoader.createInstancesOfProviders (node_modules/@nestjs/core/injector/instance-loader.js:55:9)
      at node_modules/@nestjs/core/injector/instance-loader.js:40:13
          at async Promise.all (index 3)
      at TestingInstanceLoader.createInstances (node_modules/@nestjs/core/injector/instance-loader.js:39:9)
      at TestingInstanceLoader.createInstancesOfDependencies (node_modules/@nestjs/core/injector/instance-loader.js:22:13)
      at TestingInstanceLoader.createInstancesOfDependencies (node_modules/@nestjs/testing/testing-instance-loader.js:9:9)
      at TestingModuleBuilder.createInstancesOfDependencies (node_modules/@nestjs/testing/testing-module.builder.js:118:9)
      at TestingModuleBuilder.compile (node_modules/@nestjs/testing/testing-module.builder.js:74:9)
      at Object.<anonymous> (test/integration/tag.e2e-spec.ts:23:42)

  ● TagService (e2e) › remove › should handle cascade delete of game connections

    DATABASE_URL_TEST must be set in environment variables

    [0m [90m 12 |[39m   getTestURL()[33m:[39m string {
     [90m 13 |[39m     [36mif[39m ([33m![39mprocess[33m.[39menv[33m.[39m[33mDATABASE_URL_TEST[39m) {
    [31m[1m>[22m[39m[90m 14 |[39m       [36mthrow[39m [36mnew[39m [33mError[39m([32m'DATABASE_URL_TEST must be set in environment variables'[39m)[33m;[39m
     [90m    |[39m             [31m[1m^[22m[39m
     [90m 15 |[39m     }
     [90m 16 |[39m     [36mreturn[39m process[33m.[39menv[33m.[39m[33mDATABASE_URL_TEST[39m[33m;[39m
     [90m 17 |[39m   }[0m

      at DatabaseConfigService.getTestURL (src/config/database-config.service.ts:14:13)
      at new PrismaService (src/prisma/prisma.service.ts:18:24)
      at TestingInjector.instantiateClass (node_modules/@nestjs/core/injector/injector.js:422:19)
      at callback (node_modules/@nestjs/core/injector/injector.js:70:45)
      at TestingInjector.resolveConstructorParams (node_modules/@nestjs/core/injector/injector.js:170:24)
      at TestingInjector.loadInstance (node_modules/@nestjs/core/injector/injector.js:75:13)
      at TestingInjector.loadProvider (node_modules/@nestjs/core/injector/injector.js:103:9)
      at node_modules/@nestjs/core/injector/instance-loader.js:56:13
          at async Promise.all (index 4)
      at TestingInstanceLoader.createInstancesOfProviders (node_modules/@nestjs/core/injector/instance-loader.js:55:9)
      at node_modules/@nestjs/core/injector/instance-loader.js:40:13
          at async Promise.all (index 3)
      at TestingInstanceLoader.createInstances (node_modules/@nestjs/core/injector/instance-loader.js:39:9)
      at TestingInstanceLoader.createInstancesOfDependencies (node_modules/@nestjs/core/injector/instance-loader.js:22:13)
      at TestingInstanceLoader.createInstancesOfDependencies (node_modules/@nestjs/testing/testing-instance-loader.js:9:9)
      at TestingModuleBuilder.createInstancesOfDependencies (node_modules/@nestjs/testing/testing-module.builder.js:118:9)
      at TestingModuleBuilder.compile (node_modules/@nestjs/testing/testing-module.builder.js:74:9)
      at Object.<anonymous> (test/integration/tag.e2e-spec.ts:23:42)

  ● TagService (e2e) › getGamesByTag › should return games associated with tag

    DATABASE_URL_TEST must be set in environment variables

    [0m [90m 12 |[39m   getTestURL()[33m:[39m string {
     [90m 13 |[39m     [36mif[39m ([33m![39mprocess[33m.[39menv[33m.[39m[33mDATABASE_URL_TEST[39m) {
    [31m[1m>[22m[39m[90m 14 |[39m       [36mthrow[39m [36mnew[39m [33mError[39m([32m'DATABASE_URL_TEST must be set in environment variables'[39m)[33m;[39m
     [90m    |[39m             [31m[1m^[22m[39m
     [90m 15 |[39m     }
     [90m 16 |[39m     [36mreturn[39m process[33m.[39menv[33m.[39m[33mDATABASE_URL_TEST[39m[33m;[39m
     [90m 17 |[39m   }[0m

      at DatabaseConfigService.getTestURL (src/config/database-config.service.ts:14:13)
      at new PrismaService (src/prisma/prisma.service.ts:18:24)
      at TestingInjector.instantiateClass (node_modules/@nestjs/core/injector/injector.js:422:19)
      at callback (node_modules/@nestjs/core/injector/injector.js:70:45)
      at TestingInjector.resolveConstructorParams (node_modules/@nestjs/core/injector/injector.js:170:24)
      at TestingInjector.loadInstance (node_modules/@nestjs/core/injector/injector.js:75:13)
      at TestingInjector.loadProvider (node_modules/@nestjs/core/injector/injector.js:103:9)
      at node_modules/@nestjs/core/injector/instance-loader.js:56:13
          at async Promise.all (index 4)
      at TestingInstanceLoader.createInstancesOfProviders (node_modules/@nestjs/core/injector/instance-loader.js:55:9)
      at node_modules/@nestjs/core/injector/instance-loader.js:40:13
          at async Promise.all (index 3)
      at TestingInstanceLoader.createInstances (node_modules/@nestjs/core/injector/instance-loader.js:39:9)
      at TestingInstanceLoader.createInstancesOfDependencies (node_modules/@nestjs/core/injector/instance-loader.js:22:13)
      at TestingInstanceLoader.createInstancesOfDependencies (node_modules/@nestjs/testing/testing-instance-loader.js:9:9)
      at TestingModuleBuilder.createInstancesOfDependencies (node_modules/@nestjs/testing/testing-module.builder.js:118:9)
      at TestingModuleBuilder.compile (node_modules/@nestjs/testing/testing-module.builder.js:74:9)
      at Object.<anonymous> (test/integration/tag.e2e-spec.ts:23:42)

  ● TagService (e2e) › getGamesByTag › should return games ordered by game_id ascending

    DATABASE_URL_TEST must be set in environment variables

    [0m [90m 12 |[39m   getTestURL()[33m:[39m string {
     [90m 13 |[39m     [36mif[39m ([33m![39mprocess[33m.[39menv[33m.[39m[33mDATABASE_URL_TEST[39m) {
    [31m[1m>[22m[39m[90m 14 |[39m       [36mthrow[39m [36mnew[39m [33mError[39m([32m'DATABASE_URL_TEST must be set in environment variables'[39m)[33m;[39m
     [90m    |[39m             [31m[1m^[22m[39m
     [90m 15 |[39m     }
     [90m 16 |[39m     [36mreturn[39m process[33m.[39menv[33m.[39m[33mDATABASE_URL_TEST[39m[33m;[39m
     [90m 17 |[39m   }[0m

      at DatabaseConfigService.getTestURL (src/config/database-config.service.ts:14:13)
      at new PrismaService (src/prisma/prisma.service.ts:18:24)
      at TestingInjector.instantiateClass (node_modules/@nestjs/core/injector/injector.js:422:19)
      at callback (node_modules/@nestjs/core/injector/injector.js:70:45)
      at TestingInjector.resolveConstructorParams (node_modules/@nestjs/core/injector/injector.js:170:24)
      at TestingInjector.loadInstance (node_modules/@nestjs/core/injector/injector.js:75:13)
      at TestingInjector.loadProvider (node_modules/@nestjs/core/injector/injector.js:103:9)
      at node_modules/@nestjs/core/injector/instance-loader.js:56:13
          at async Promise.all (index 4)
      at TestingInstanceLoader.createInstancesOfProviders (node_modules/@nestjs/core/injector/instance-loader.js:55:9)
      at node_modules/@nestjs/core/injector/instance-loader.js:40:13
          at async Promise.all (index 3)
      at TestingInstanceLoader.createInstances (node_modules/@nestjs/core/injector/instance-loader.js:39:9)
      at TestingInstanceLoader.createInstancesOfDependencies (node_modules/@nestjs/core/injector/instance-loader.js:22:13)
      at TestingInstanceLoader.createInstancesOfDependencies (node_modules/@nestjs/testing/testing-instance-loader.js:9:9)
      at TestingModuleBuilder.createInstancesOfDependencies (node_modules/@nestjs/testing/testing-module.builder.js:118:9)
      at TestingModuleBuilder.compile (node_modules/@nestjs/testing/testing-module.builder.js:74:9)
      at Object.<anonymous> (test/integration/tag.e2e-spec.ts:23:42)

  ● TagService (e2e) › getGamesByTag › should return games with pagination

    DATABASE_URL_TEST must be set in environment variables

    [0m [90m 12 |[39m   getTestURL()[33m:[39m string {
     [90m 13 |[39m     [36mif[39m ([33m![39mprocess[33m.[39menv[33m.[39m[33mDATABASE_URL_TEST[39m) {
    [31m[1m>[22m[39m[90m 14 |[39m       [36mthrow[39m [36mnew[39m [33mError[39m([32m'DATABASE_URL_TEST must be set in environment variables'[39m)[33m;[39m
     [90m    |[39m             [31m[1m^[22m[39m
     [90m 15 |[39m     }
     [90m 16 |[39m     [36mreturn[39m process[33m.[39menv[33m.[39m[33mDATABASE_URL_TEST[39m[33m;[39m
     [90m 17 |[39m   }[0m

      at DatabaseConfigService.getTestURL (src/config/database-config.service.ts:14:13)
      at new PrismaService (src/prisma/prisma.service.ts:18:24)
      at TestingInjector.instantiateClass (node_modules/@nestjs/core/injector/injector.js:422:19)
      at callback (node_modules/@nestjs/core/injector/injector.js:70:45)
      at TestingInjector.resolveConstructorParams (node_modules/@nestjs/core/injector/injector.js:170:24)
      at TestingInjector.loadInstance (node_modules/@nestjs/core/injector/injector.js:75:13)
      at TestingInjector.loadProvider (node_modules/@nestjs/core/injector/injector.js:103:9)
      at node_modules/@nestjs/core/injector/instance-loader.js:56:13
          at async Promise.all (index 4)
      at TestingInstanceLoader.createInstancesOfProviders (node_modules/@nestjs/core/injector/instance-loader.js:55:9)
      at node_modules/@nestjs/core/injector/instance-loader.js:40:13
          at async Promise.all (index 3)
      at TestingInstanceLoader.createInstances (node_modules/@nestjs/core/injector/instance-loader.js:39:9)
      at TestingInstanceLoader.createInstancesOfDependencies (node_modules/@nestjs/core/injector/instance-loader.js:22:13)
      at TestingInstanceLoader.createInstancesOfDependencies (node_modules/@nestjs/testing/testing-instance-loader.js:9:9)
      at TestingModuleBuilder.createInstancesOfDependencies (node_modules/@nestjs/testing/testing-module.builder.js:118:9)
      at TestingModuleBuilder.compile (node_modules/@nestjs/testing/testing-module.builder.js:74:9)
      at Object.<anonymous> (test/integration/tag.e2e-spec.ts:23:42)

  ● TagService (e2e) › getGamesByTag › should return empty array when tag has no games

    DATABASE_URL_TEST must be set in environment variables

    [0m [90m 12 |[39m   getTestURL()[33m:[39m string {
     [90m 13 |[39m     [36mif[39m ([33m![39mprocess[33m.[39menv[33m.[39m[33mDATABASE_URL_TEST[39m) {
    [31m[1m>[22m[39m[90m 14 |[39m       [36mthrow[39m [36mnew[39m [33mError[39m([32m'DATABASE_URL_TEST must be set in environment variables'[39m)[33m;[39m
     [90m    |[39m             [31m[1m^[22m[39m
     [90m 15 |[39m     }
     [90m 16 |[39m     [36mreturn[39m process[33m.[39menv[33m.[39m[33mDATABASE_URL_TEST[39m[33m;[39m
     [90m 17 |[39m   }[0m

      at DatabaseConfigService.getTestURL (src/config/database-config.service.ts:14:13)
      at new PrismaService (src/prisma/prisma.service.ts:18:24)
      at TestingInjector.instantiateClass (node_modules/@nestjs/core/injector/injector.js:422:19)
      at callback (node_modules/@nestjs/core/injector/injector.js:70:45)
      at TestingInjector.resolveConstructorParams (node_modules/@nestjs/core/injector/injector.js:170:24)
      at TestingInjector.loadInstance (node_modules/@nestjs/core/injector/injector.js:75:13)
      at TestingInjector.loadProvider (node_modules/@nestjs/core/injector/injector.js:103:9)
      at node_modules/@nestjs/core/injector/instance-loader.js:56:13
          at async Promise.all (index 4)
      at TestingInstanceLoader.createInstancesOfProviders (node_modules/@nestjs/core/injector/instance-loader.js:55:9)
      at node_modules/@nestjs/core/injector/instance-loader.js:40:13
          at async Promise.all (index 3)
      at TestingInstanceLoader.createInstances (node_modules/@nestjs/core/injector/instance-loader.js:39:9)
      at TestingInstanceLoader.createInstancesOfDependencies (node_modules/@nestjs/core/injector/instance-loader.js:22:13)
      at TestingInstanceLoader.createInstancesOfDependencies (node_modules/@nestjs/testing/testing-instance-loader.js:9:9)
      at TestingModuleBuilder.createInstancesOfDependencies (node_modules/@nestjs/testing/testing-module.builder.js:118:9)
      at TestingModuleBuilder.compile (node_modules/@nestjs/testing/testing-module.builder.js:74:9)
      at Object.<anonymous> (test/integration/tag.e2e-spec.ts:23:42)

  ● TagService (e2e) › getGamesByTag › should throw NotFoundException when tag does not exist

    DATABASE_URL_TEST must be set in environment variables

    [0m [90m 12 |[39m   getTestURL()[33m:[39m string {
     [90m 13 |[39m     [36mif[39m ([33m![39mprocess[33m.[39menv[33m.[39m[33mDATABASE_URL_TEST[39m) {
    [31m[1m>[22m[39m[90m 14 |[39m       [36mthrow[39m [36mnew[39m [33mError[39m([32m'DATABASE_URL_TEST must be set in environment variables'[39m)[33m;[39m
     [90m    |[39m             [31m[1m^[22m[39m
     [90m 15 |[39m     }
     [90m 16 |[39m     [36mreturn[39m process[33m.[39menv[33m.[39m[33mDATABASE_URL_TEST[39m[33m;[39m
     [90m 17 |[39m   }[0m

      at DatabaseConfigService.getTestURL (src/config/database-config.service.ts:14:13)
      at new PrismaService (src/prisma/prisma.service.ts:18:24)
      at TestingInjector.instantiateClass (node_modules/@nestjs/core/injector/injector.js:422:19)
      at callback (node_modules/@nestjs/core/injector/injector.js:70:45)
      at TestingInjector.resolveConstructorParams (node_modules/@nestjs/core/injector/injector.js:170:24)
      at TestingInjector.loadInstance (node_modules/@nestjs/core/injector/injector.js:75:13)
      at TestingInjector.loadProvider (node_modules/@nestjs/core/injector/injector.js:103:9)
      at node_modules/@nestjs/core/injector/instance-loader.js:56:13
          at async Promise.all (index 4)
      at TestingInstanceLoader.createInstancesOfProviders (node_modules/@nestjs/core/injector/instance-loader.js:55:9)
      at node_modules/@nestjs/core/injector/instance-loader.js:40:13
          at async Promise.all (index 3)
      at TestingInstanceLoader.createInstances (node_modules/@nestjs/core/injector/instance-loader.js:39:9)
      at TestingInstanceLoader.createInstancesOfDependencies (node_modules/@nestjs/core/injector/instance-loader.js:22:13)
      at TestingInstanceLoader.createInstancesOfDependencies (node_modules/@nestjs/testing/testing-instance-loader.js:9:9)
      at TestingModuleBuilder.createInstancesOfDependencies (node_modules/@nestjs/testing/testing-module.builder.js:118:9)
      at TestingModuleBuilder.compile (node_modules/@nestjs/testing/testing-module.builder.js:74:9)
      at Object.<anonymous> (test/integration/tag.e2e-spec.ts:23:42)


  ● Test suite failed to run

    TypeError: Cannot read properties of undefined (reading 'close')

    [0m [90m 78 |[39m
     [90m 79 |[39m   afterAll([36masync[39m () [33m=>[39m {
    [31m[1m>[22m[39m[90m 80 |[39m     [36mawait[39m app[33m.[39mclose()[33m;[39m
     [90m    |[39m               [31m[1m^[22m[39m
     [90m 81 |[39m   })[33m;[39m
     [90m 82 |[39m
     [90m 83 |[39m   describe([32m'create'[39m[33m,[39m () [33m=>[39m {[0m

      at Object.<anonymous> (test/integration/tag.e2e-spec.ts:80:15)

FAIL test/integration/event.e2e-spec.ts (45.641 s)
  ● Console

    console.log
      ◇ injected env (0) from ..\.env // tip: ◈ secrets for agents [www.dotenvx.com]

      at _log (node_modules/dotenv/lib/main.js:131:11)

  ● EventService (e2e) › create › should create an event successfully

    DATABASE_URL_TEST must be set in environment variables

    [0m [90m 12 |[39m   getTestURL()[33m:[39m string {
     [90m 13 |[39m     [36mif[39m ([33m![39mprocess[33m.[39menv[33m.[39m[33mDATABASE_URL_TEST[39m) {
    [31m[1m>[22m[39m[90m 14 |[39m       [36mthrow[39m [36mnew[39m [33mError[39m([32m'DATABASE_URL_TEST must be set in environment variables'[39m)[33m;[39m
     [90m    |[39m             [31m[1m^[22m[39m
     [90m 15 |[39m     }
     [90m 16 |[39m     [36mreturn[39m process[33m.[39menv[33m.[39m[33mDATABASE_URL_TEST[39m[33m;[39m
     [90m 17 |[39m   }[0m

      at DatabaseConfigService.getTestURL (src/config/database-config.service.ts:14:13)
      at new PrismaService (src/prisma/prisma.service.ts:18:24)
      at TestingInjector.instantiateClass (node_modules/@nestjs/core/injector/injector.js:422:19)
      at callback (node_modules/@nestjs/core/injector/injector.js:70:45)
      at TestingInjector.resolveConstructorParams (node_modules/@nestjs/core/injector/injector.js:170:24)
      at TestingInjector.loadInstance (node_modules/@nestjs/core/injector/injector.js:75:13)
      at TestingInjector.loadProvider (node_modules/@nestjs/core/injector/injector.js:103:9)
      at node_modules/@nestjs/core/injector/instance-loader.js:56:13
          at async Promise.all (index 4)
      at TestingInstanceLoader.createInstancesOfProviders (node_modules/@nestjs/core/injector/instance-loader.js:55:9)
      at node_modules/@nestjs/core/injector/instance-loader.js:40:13
          at async Promise.all (index 3)
      at TestingInstanceLoader.createInstances (node_modules/@nestjs/core/injector/instance-loader.js:39:9)
      at TestingInstanceLoader.createInstancesOfDependencies (node_modules/@nestjs/core/injector/instance-loader.js:22:13)
      at TestingInstanceLoader.createInstancesOfDependencies (node_modules/@nestjs/testing/testing-instance-loader.js:9:9)
      at TestingModuleBuilder.createInstancesOfDependencies (node_modules/@nestjs/testing/testing-module.builder.js:118:9)
      at TestingModuleBuilder.compile (node_modules/@nestjs/testing/testing-module.builder.js:74:9)
      at Object.<anonymous> (test/integration/event.e2e-spec.ts:28:42)

  ● EventService (e2e) › create › should create an event with giveaway type

    DATABASE_URL_TEST must be set in environment variables

    [0m [90m 12 |[39m   getTestURL()[33m:[39m string {
     [90m 13 |[39m     [36mif[39m ([33m![39mprocess[33m.[39menv[33m.[39m[33mDATABASE_URL_TEST[39m) {
    [31m[1m>[22m[39m[90m 14 |[39m       [36mthrow[39m [36mnew[39m [33mError[39m([32m'DATABASE_URL_TEST must be set in environment variables'[39m)[33m;[39m
     [90m    |[39m             [31m[1m^[22m[39m
     [90m 15 |[39m     }
     [90m 16 |[39m     [36mreturn[39m process[33m.[39menv[33m.[39m[33mDATABASE_URL_TEST[39m[33m;[39m
     [90m 17 |[39m   }[0m

      at DatabaseConfigService.getTestURL (src/config/database-config.service.ts:14:13)
      at new PrismaService (src/prisma/prisma.service.ts:18:24)
      at TestingInjector.instantiateClass (node_modules/@nestjs/core/injector/injector.js:422:19)
      at callback (node_modules/@nestjs/core/injector/injector.js:70:45)
      at TestingInjector.resolveConstructorParams (node_modules/@nestjs/core/injector/injector.js:170:24)
      at TestingInjector.loadInstance (node_modules/@nestjs/core/injector/injector.js:75:13)
      at TestingInjector.loadProvider (node_modules/@nestjs/core/injector/injector.js:103:9)
      at node_modules/@nestjs/core/injector/instance-loader.js:56:13
          at async Promise.all (index 4)
      at TestingInstanceLoader.createInstancesOfProviders (node_modules/@nestjs/core/injector/instance-loader.js:55:9)
      at node_modules/@nestjs/core/injector/instance-loader.js:40:13
          at async Promise.all (index 3)
      at TestingInstanceLoader.createInstances (node_modules/@nestjs/core/injector/instance-loader.js:39:9)
      at TestingInstanceLoader.createInstancesOfDependencies (node_modules/@nestjs/core/injector/instance-loader.js:22:13)
      at TestingInstanceLoader.createInstancesOfDependencies (node_modules/@nestjs/testing/testing-instance-loader.js:9:9)
      at TestingModuleBuilder.createInstancesOfDependencies (node_modules/@nestjs/testing/testing-module.builder.js:118:9)
      at TestingModuleBuilder.compile (node_modules/@nestjs/testing/testing-module.builder.js:74:9)
      at Object.<anonymous> (test/integration/event.e2e-spec.ts:28:42)

  ● EventService (e2e) › create › should create an event with free_weekend type

    DATABASE_URL_TEST must be set in environment variables

    [0m [90m 12 |[39m   getTestURL()[33m:[39m string {
     [90m 13 |[39m     [36mif[39m ([33m![39mprocess[33m.[39menv[33m.[39m[33mDATABASE_URL_TEST[39m) {
    [31m[1m>[22m[39m[90m 14 |[39m       [36mthrow[39m [36mnew[39m [33mError[39m([32m'DATABASE_URL_TEST must be set in environment variables'[39m)[33m;[39m
     [90m    |[39m             [31m[1m^[22m[39m
     [90m 15 |[39m     }
     [90m 16 |[39m     [36mreturn[39m process[33m.[39menv[33m.[39m[33mDATABASE_URL_TEST[39m[33m;[39m
     [90m 17 |[39m   }[0m

      at DatabaseConfigService.getTestURL (src/config/database-config.service.ts:14:13)
      at new PrismaService (src/prisma/prisma.service.ts:18:24)
      at TestingInjector.instantiateClass (node_modules/@nestjs/core/injector/injector.js:422:19)
      at callback (node_modules/@nestjs/core/injector/injector.js:70:45)
      at TestingInjector.resolveConstructorParams (node_modules/@nestjs/core/injector/injector.js:170:24)
      at TestingInjector.loadInstance (node_modules/@nestjs/core/injector/injector.js:75:13)
      at TestingInjector.loadProvider (node_modules/@nestjs/core/injector/injector.js:103:9)
      at node_modules/@nestjs/core/injector/instance-loader.js:56:13
          at async Promise.all (index 4)
      at TestingInstanceLoader.createInstancesOfProviders (node_modules/@nestjs/core/injector/instance-loader.js:55:9)
      at node_modules/@nestjs/core/injector/instance-loader.js:40:13
          at async Promise.all (index 3)
      at TestingInstanceLoader.createInstances (node_modules/@nestjs/core/injector/instance-loader.js:39:9)
      at TestingInstanceLoader.createInstancesOfDependencies (node_modules/@nestjs/core/injector/instance-loader.js:22:13)
      at TestingInstanceLoader.createInstancesOfDependencies (node_modules/@nestjs/testing/testing-instance-loader.js:9:9)
      at TestingModuleBuilder.createInstancesOfDependencies (node_modules/@nestjs/testing/testing-module.builder.js:118:9)
      at TestingModuleBuilder.compile (node_modules/@nestjs/testing/testing-module.builder.js:74:9)
      at Object.<anonymous> (test/integration/event.e2e-spec.ts:28:42)

  ● EventService (e2e) › create › should create an event without discount

    DATABASE_URL_TEST must be set in environment variables

    [0m [90m 12 |[39m   getTestURL()[33m:[39m string {
     [90m 13 |[39m     [36mif[39m ([33m![39mprocess[33m.[39menv[33m.[39m[33mDATABASE_URL_TEST[39m) {
    [31m[1m>[22m[39m[90m 14 |[39m       [36mthrow[39m [36mnew[39m [33mError[39m([32m'DATABASE_URL_TEST must be set in environment variables'[39m)[33m;[39m
     [90m    |[39m             [31m[1m^[22m[39m
     [90m 15 |[39m     }
     [90m 16 |[39m     [36mreturn[39m process[33m.[39menv[33m.[39m[33mDATABASE_URL_TEST[39m[33m;[39m
     [90m 17 |[39m   }[0m

      at DatabaseConfigService.getTestURL (src/config/database-config.service.ts:14:13)
      at new PrismaService (src/prisma/prisma.service.ts:18:24)
      at TestingInjector.instantiateClass (node_modules/@nestjs/core/injector/injector.js:422:19)
      at callback (node_modules/@nestjs/core/injector/injector.js:70:45)
      at TestingInjector.resolveConstructorParams (node_modules/@nestjs/core/injector/injector.js:170:24)
      at TestingInjector.loadInstance (node_modules/@nestjs/core/injector/injector.js:75:13)
      at TestingInjector.loadProvider (node_modules/@nestjs/core/injector/injector.js:103:9)
      at node_modules/@nestjs/core/injector/instance-loader.js:56:13
          at async Promise.all (index 4)
      at TestingInstanceLoader.createInstancesOfProviders (node_modules/@nestjs/core/injector/instance-loader.js:55:9)
      at node_modules/@nestjs/core/injector/instance-loader.js:40:13
          at async Promise.all (index 3)
      at TestingInstanceLoader.createInstances (node_modules/@nestjs/core/injector/instance-loader.js:39:9)
      at TestingInstanceLoader.createInstancesOfDependencies (node_modules/@nestjs/core/injector/instance-loader.js:22:13)
      at TestingInstanceLoader.createInstancesOfDependencies (node_modules/@nestjs/testing/testing-instance-loader.js:9:9)
      at TestingModuleBuilder.createInstancesOfDependencies (node_modules/@nestjs/testing/testing-module.builder.js:118:9)
      at TestingModuleBuilder.compile (node_modules/@nestjs/testing/testing-module.builder.js:74:9)
      at Object.<anonymous> (test/integration/event.e2e-spec.ts:28:42)

  ● EventService (e2e) › create › should create an event with zero discount

    DATABASE_URL_TEST must be set in environment variables

    [0m [90m 12 |[39m   getTestURL()[33m:[39m string {
     [90m 13 |[39m     [36mif[39m ([33m![39mprocess[33m.[39menv[33m.[39m[33mDATABASE_URL_TEST[39m) {
    [31m[1m>[22m[39m[90m 14 |[39m       [36mthrow[39m [36mnew[39m [33mError[39m([32m'DATABASE_URL_TEST must be set in environment variables'[39m)[33m;[39m
     [90m    |[39m             [31m[1m^[22m[39m
     [90m 15 |[39m     }
     [90m 16 |[39m     [36mreturn[39m process[33m.[39menv[33m.[39m[33mDATABASE_URL_TEST[39m[33m;[39m
     [90m 17 |[39m   }[0m

      at DatabaseConfigService.getTestURL (src/config/database-config.service.ts:14:13)
      at new PrismaService (src/prisma/prisma.service.ts:18:24)
      at TestingInjector.instantiateClass (node_modules/@nestjs/core/injector/injector.js:422:19)
      at callback (node_modules/@nestjs/core/injector/injector.js:70:45)
      at TestingInjector.resolveConstructorParams (node_modules/@nestjs/core/injector/injector.js:170:24)
      at TestingInjector.loadInstance (node_modules/@nestjs/core/injector/injector.js:75:13)
      at TestingInjector.loadProvider (node_modules/@nestjs/core/injector/injector.js:103:9)
      at node_modules/@nestjs/core/injector/instance-loader.js:56:13
          at async Promise.all (index 4)
      at TestingInstanceLoader.createInstancesOfProviders (node_modules/@nestjs/core/injector/instance-loader.js:55:9)
      at node_modules/@nestjs/core/injector/instance-loader.js:40:13
          at async Promise.all (index 3)
      at TestingInstanceLoader.createInstances (node_modules/@nestjs/core/injector/instance-loader.js:39:9)
      at TestingInstanceLoader.createInstancesOfDependencies (node_modules/@nestjs/core/injector/instance-loader.js:22:13)
      at TestingInstanceLoader.createInstancesOfDependencies (node_modules/@nestjs/testing/testing-instance-loader.js:9:9)
      at TestingModuleBuilder.createInstancesOfDependencies (node_modules/@nestjs/testing/testing-module.builder.js:118:9)
      at TestingModuleBuilder.compile (node_modules/@nestjs/testing/testing-module.builder.js:74:9)
      at Object.<anonymous> (test/integration/event.e2e-spec.ts:28:42)

  ● EventService (e2e) › create › should create an event with maximum discount

    DATABASE_URL_TEST must be set in environment variables

    [0m [90m 12 |[39m   getTestURL()[33m:[39m string {
     [90m 13 |[39m     [36mif[39m ([33m![39mprocess[33m.[39menv[33m.[39m[33mDATABASE_URL_TEST[39m) {
    [31m[1m>[22m[39m[90m 14 |[39m       [36mthrow[39m [36mnew[39m [33mError[39m([32m'DATABASE_URL_TEST must be set in environment variables'[39m)[33m;[39m
     [90m    |[39m             [31m[1m^[22m[39m
     [90m 15 |[39m     }
     [90m 16 |[39m     [36mreturn[39m process[33m.[39menv[33m.[39m[33mDATABASE_URL_TEST[39m[33m;[39m
     [90m 17 |[39m   }[0m

      at DatabaseConfigService.getTestURL (src/config/database-config.service.ts:14:13)
      at new PrismaService (src/prisma/prisma.service.ts:18:24)
      at TestingInjector.instantiateClass (node_modules/@nestjs/core/injector/injector.js:422:19)
      at callback (node_modules/@nestjs/core/injector/injector.js:70:45)
      at TestingInjector.resolveConstructorParams (node_modules/@nestjs/core/injector/injector.js:170:24)
      at TestingInjector.loadInstance (node_modules/@nestjs/core/injector/injector.js:75:13)
      at TestingInjector.loadProvider (node_modules/@nestjs/core/injector/injector.js:103:9)
      at node_modules/@nestjs/core/injector/instance-loader.js:56:13
          at async Promise.all (index 4)
      at TestingInstanceLoader.createInstancesOfProviders (node_modules/@nestjs/core/injector/instance-loader.js:55:9)
      at node_modules/@nestjs/core/injector/instance-loader.js:40:13
          at async Promise.all (index 3)
      at TestingInstanceLoader.createInstances (node_modules/@nestjs/core/injector/instance-loader.js:39:9)
      at TestingInstanceLoader.createInstancesOfDependencies (node_modules/@nestjs/core/injector/instance-loader.js:22:13)
      at TestingInstanceLoader.createInstancesOfDependencies (node_modules/@nestjs/testing/testing-instance-loader.js:9:9)
      at TestingModuleBuilder.createInstancesOfDependencies (node_modules/@nestjs/testing/testing-module.builder.js:118:9)
      at TestingModuleBuilder.compile (node_modules/@nestjs/testing/testing-module.builder.js:74:9)
      at Object.<anonymous> (test/integration/event.e2e-spec.ts:28:42)

  ● EventService (e2e) › create › should throw NotFoundException when game does not exist

    DATABASE_URL_TEST must be set in environment variables

    [0m [90m 12 |[39m   getTestURL()[33m:[39m string {
     [90m 13 |[39m     [36mif[39m ([33m![39mprocess[33m.[39menv[33m.[39m[33mDATABASE_URL_TEST[39m) {
    [31m[1m>[22m[39m[90m 14 |[39m       [36mthrow[39m [36mnew[39m [33mError[39m([32m'DATABASE_URL_TEST must be set in environment variables'[39m)[33m;[39m
     [90m    |[39m             [31m[1m^[22m[39m
     [90m 15 |[39m     }
     [90m 16 |[39m     [36mreturn[39m process[33m.[39menv[33m.[39m[33mDATABASE_URL_TEST[39m[33m;[39m
     [90m 17 |[39m   }[0m

      at DatabaseConfigService.getTestURL (src/config/database-config.service.ts:14:13)
      at new PrismaService (src/prisma/prisma.service.ts:18:24)
      at TestingInjector.instantiateClass (node_modules/@nestjs/core/injector/injector.js:422:19)
      at callback (node_modules/@nestjs/core/injector/injector.js:70:45)
      at TestingInjector.resolveConstructorParams (node_modules/@nestjs/core/injector/injector.js:170:24)
      at TestingInjector.loadInstance (node_modules/@nestjs/core/injector/injector.js:75:13)
      at TestingInjector.loadProvider (node_modules/@nestjs/core/injector/injector.js:103:9)
      at node_modules/@nestjs/core/injector/instance-loader.js:56:13
          at async Promise.all (index 4)
      at TestingInstanceLoader.createInstancesOfProviders (node_modules/@nestjs/core/injector/instance-loader.js:55:9)
      at node_modules/@nestjs/core/injector/instance-loader.js:40:13
          at async Promise.all (index 3)
      at TestingInstanceLoader.createInstances (node_modules/@nestjs/core/injector/instance-loader.js:39:9)
      at TestingInstanceLoader.createInstancesOfDependencies (node_modules/@nestjs/core/injector/instance-loader.js:22:13)
      at TestingInstanceLoader.createInstancesOfDependencies (node_modules/@nestjs/testing/testing-instance-loader.js:9:9)
      at TestingModuleBuilder.createInstancesOfDependencies (node_modules/@nestjs/testing/testing-module.builder.js:118:9)
      at TestingModuleBuilder.compile (node_modules/@nestjs/testing/testing-module.builder.js:74:9)
      at Object.<anonymous> (test/integration/event.e2e-spec.ts:28:42)

  ● EventService (e2e) › create › should throw BadRequestException when end_date is before start_date

    DATABASE_URL_TEST must be set in environment variables

    [0m [90m 12 |[39m   getTestURL()[33m:[39m string {
     [90m 13 |[39m     [36mif[39m ([33m![39mprocess[33m.[39menv[33m.[39m[33mDATABASE_URL_TEST[39m) {
    [31m[1m>[22m[39m[90m 14 |[39m       [36mthrow[39m [36mnew[39m [33mError[39m([32m'DATABASE_URL_TEST must be set in environment variables'[39m)[33m;[39m
     [90m    |[39m             [31m[1m^[22m[39m
     [90m 15 |[39m     }
     [90m 16 |[39m     [36mreturn[39m process[33m.[39menv[33m.[39m[33mDATABASE_URL_TEST[39m[33m;[39m
     [90m 17 |[39m   }[0m

      at DatabaseConfigService.getTestURL (src/config/database-config.service.ts:14:13)
      at new PrismaService (src/prisma/prisma.service.ts:18:24)
      at TestingInjector.instantiateClass (node_modules/@nestjs/core/injector/injector.js:422:19)
      at callback (node_modules/@nestjs/core/injector/injector.js:70:45)
      at TestingInjector.resolveConstructorParams (node_modules/@nestjs/core/injector/injector.js:170:24)
      at TestingInjector.loadInstance (node_modules/@nestjs/core/injector/injector.js:75:13)
      at TestingInjector.loadProvider (node_modules/@nestjs/core/injector/injector.js:103:9)
      at node_modules/@nestjs/core/injector/instance-loader.js:56:13
          at async Promise.all (index 4)
      at TestingInstanceLoader.createInstancesOfProviders (node_modules/@nestjs/core/injector/instance-loader.js:55:9)
      at node_modules/@nestjs/core/injector/instance-loader.js:40:13
          at async Promise.all (index 3)
      at TestingInstanceLoader.createInstances (node_modules/@nestjs/core/injector/instance-loader.js:39:9)
      at TestingInstanceLoader.createInstancesOfDependencies (node_modules/@nestjs/core/injector/instance-loader.js:22:13)
      at TestingInstanceLoader.createInstancesOfDependencies (node_modules/@nestjs/testing/testing-instance-loader.js:9:9)
      at TestingModuleBuilder.createInstancesOfDependencies (node_modules/@nestjs/testing/testing-module.builder.js:118:9)
      at TestingModuleBuilder.compile (node_modules/@nestjs/testing/testing-module.builder.js:74:9)
      at Object.<anonymous> (test/integration/event.e2e-spec.ts:28:42)

  ● EventService (e2e) › create › should throw BadRequestException when end_date equals start_date

    DATABASE_URL_TEST must be set in environment variables

    [0m [90m 12 |[39m   getTestURL()[33m:[39m string {
     [90m 13 |[39m     [36mif[39m ([33m![39mprocess[33m.[39menv[33m.[39m[33mDATABASE_URL_TEST[39m) {
    [31m[1m>[22m[39m[90m 14 |[39m       [36mthrow[39m [36mnew[39m [33mError[39m([32m'DATABASE_URL_TEST must be set in environment variables'[39m)[33m;[39m
     [90m    |[39m             [31m[1m^[22m[39m
     [90m 15 |[39m     }
     [90m 16 |[39m     [36mreturn[39m process[33m.[39menv[33m.[39m[33mDATABASE_URL_TEST[39m[33m;[39m
     [90m 17 |[39m   }[0m

      at DatabaseConfigService.getTestURL (src/config/database-config.service.ts:14:13)
      at new PrismaService (src/prisma/prisma.service.ts:18:24)
      at TestingInjector.instantiateClass (node_modules/@nestjs/core/injector/injector.js:422:19)
      at callback (node_modules/@nestjs/core/injector/injector.js:70:45)
      at TestingInjector.resolveConstructorParams (node_modules/@nestjs/core/injector/injector.js:170:24)
      at TestingInjector.loadInstance (node_modules/@nestjs/core/injector/injector.js:75:13)
      at TestingInjector.loadProvider (node_modules/@nestjs/core/injector/injector.js:103:9)
      at node_modules/@nestjs/core/injector/instance-loader.js:56:13
          at async Promise.all (index 4)
      at TestingInstanceLoader.createInstancesOfProviders (node_modules/@nestjs/core/injector/instance-loader.js:55:9)
      at node_modules/@nestjs/core/injector/instance-loader.js:40:13
          at async Promise.all (index 3)
      at TestingInstanceLoader.createInstances (node_modules/@nestjs/core/injector/instance-loader.js:39:9)
      at TestingInstanceLoader.createInstancesOfDependencies (node_modules/@nestjs/core/injector/instance-loader.js:22:13)
      at TestingInstanceLoader.createInstancesOfDependencies (node_modules/@nestjs/testing/testing-instance-loader.js:9:9)
      at TestingModuleBuilder.createInstancesOfDependencies (node_modules/@nestjs/testing/testing-module.builder.js:118:9)
      at TestingModuleBuilder.compile (node_modules/@nestjs/testing/testing-module.builder.js:74:9)
      at Object.<anonymous> (test/integration/event.e2e-spec.ts:28:42)

  ● EventService (e2e) › create › should handle database foreign key constraint violation for game_id

    DATABASE_URL_TEST must be set in environment variables

    [0m [90m 12 |[39m   getTestURL()[33m:[39m string {
     [90m 13 |[39m     [36mif[39m ([33m![39mprocess[33m.[39menv[33m.[39m[33mDATABASE_URL_TEST[39m) {
    [31m[1m>[22m[39m[90m 14 |[39m       [36mthrow[39m [36mnew[39m [33mError[39m([32m'DATABASE_URL_TEST must be set in environment variables'[39m)[33m;[39m
     [90m    |[39m             [31m[1m^[22m[39m
     [90m 15 |[39m     }
     [90m 16 |[39m     [36mreturn[39m process[33m.[39menv[33m.[39m[33mDATABASE_URL_TEST[39m[33m;[39m
     [90m 17 |[39m   }[0m

      at DatabaseConfigService.getTestURL (src/config/database-config.service.ts:14:13)
      at new PrismaService (src/prisma/prisma.service.ts:18:24)
      at TestingInjector.instantiateClass (node_modules/@nestjs/core/injector/injector.js:422:19)
      at callback (node_modules/@nestjs/core/injector/injector.js:70:45)
      at TestingInjector.resolveConstructorParams (node_modules/@nestjs/core/injector/injector.js:170:24)
      at TestingInjector.loadInstance (node_modules/@nestjs/core/injector/injector.js:75:13)
      at TestingInjector.loadProvider (node_modules/@nestjs/core/injector/injector.js:103:9)
      at node_modules/@nestjs/core/injector/instance-loader.js:56:13
          at async Promise.all (index 4)
      at TestingInstanceLoader.createInstancesOfProviders (node_modules/@nestjs/core/injector/instance-loader.js:55:9)
      at node_modules/@nestjs/core/injector/instance-loader.js:40:13
          at async Promise.all (index 3)
      at TestingInstanceLoader.createInstances (node_modules/@nestjs/core/injector/instance-loader.js:39:9)
      at TestingInstanceLoader.createInstancesOfDependencies (node_modules/@nestjs/core/injector/instance-loader.js:22:13)
      at TestingInstanceLoader.createInstancesOfDependencies (node_modules/@nestjs/testing/testing-instance-loader.js:9:9)
      at TestingModuleBuilder.createInstancesOfDependencies (node_modules/@nestjs/testing/testing-module.builder.js:118:9)
      at TestingModuleBuilder.compile (node_modules/@nestjs/testing/testing-module.builder.js:74:9)
      at Object.<anonymous> (test/integration/event.e2e-spec.ts:28:42)

  ● EventService (e2e) › create › should handle invalid type enum value in database

    DATABASE_URL_TEST must be set in environment variables

    [0m [90m 12 |[39m   getTestURL()[33m:[39m string {
     [90m 13 |[39m     [36mif[39m ([33m![39mprocess[33m.[39menv[33m.[39m[33mDATABASE_URL_TEST[39m) {
    [31m[1m>[22m[39m[90m 14 |[39m       [36mthrow[39m [36mnew[39m [33mError[39m([32m'DATABASE_URL_TEST must be set in environment variables'[39m)[33m;[39m
     [90m    |[39m             [31m[1m^[22m[39m
     [90m 15 |[39m     }
     [90m 16 |[39m     [36mreturn[39m process[33m.[39menv[33m.[39m[33mDATABASE_URL_TEST[39m[33m;[39m
     [90m 17 |[39m   }[0m

      at DatabaseConfigService.getTestURL (src/config/database-config.service.ts:14:13)
      at new PrismaService (src/prisma/prisma.service.ts:18:24)
      at TestingInjector.instantiateClass (node_modules/@nestjs/core/injector/injector.js:422:19)
      at callback (node_modules/@nestjs/core/injector/injector.js:70:45)
      at TestingInjector.resolveConstructorParams (node_modules/@nestjs/core/injector/injector.js:170:24)
      at TestingInjector.loadInstance (node_modules/@nestjs/core/injector/injector.js:75:13)
      at TestingInjector.loadProvider (node_modules/@nestjs/core/injector/injector.js:103:9)
      at node_modules/@nestjs/core/injector/instance-loader.js:56:13
          at async Promise.all (index 4)
      at TestingInstanceLoader.createInstancesOfProviders (node_modules/@nestjs/core/injector/instance-loader.js:55:9)
      at node_modules/@nestjs/core/injector/instance-loader.js:40:13
          at async Promise.all (index 3)
      at TestingInstanceLoader.createInstances (node_modules/@nestjs/core/injector/instance-loader.js:39:9)
      at TestingInstanceLoader.createInstancesOfDependencies (node_modules/@nestjs/core/injector/instance-loader.js:22:13)
      at TestingInstanceLoader.createInstancesOfDependencies (node_modules/@nestjs/testing/testing-instance-loader.js:9:9)
      at TestingModuleBuilder.createInstancesOfDependencies (node_modules/@nestjs/testing/testing-module.builder.js:118:9)
      at TestingModuleBuilder.compile (node_modules/@nestjs/testing/testing-module.builder.js:74:9)
      at Object.<anonymous> (test/integration/event.e2e-spec.ts:28:42)

  ● EventService (e2e) › create › should handle negative discount value in database

    DATABASE_URL_TEST must be set in environment variables

    [0m [90m 12 |[39m   getTestURL()[33m:[39m string {
     [90m 13 |[39m     [36mif[39m ([33m![39mprocess[33m.[39menv[33m.[39m[33mDATABASE_URL_TEST[39m) {
    [31m[1m>[22m[39m[90m 14 |[39m       [36mthrow[39m [36mnew[39m [33mError[39m([32m'DATABASE_URL_TEST must be set in environment variables'[39m)[33m;[39m
     [90m    |[39m             [31m[1m^[22m[39m
     [90m 15 |[39m     }
     [90m 16 |[39m     [36mreturn[39m process[33m.[39menv[33m.[39m[33mDATABASE_URL_TEST[39m[33m;[39m
     [90m 17 |[39m   }[0m

      at DatabaseConfigService.getTestURL (src/config/database-config.service.ts:14:13)
      at new PrismaService (src/prisma/prisma.service.ts:18:24)
      at TestingInjector.instantiateClass (node_modules/@nestjs/core/injector/injector.js:422:19)
      at callback (node_modules/@nestjs/core/injector/injector.js:70:45)
      at TestingInjector.resolveConstructorParams (node_modules/@nestjs/core/injector/injector.js:170:24)
      at TestingInjector.loadInstance (node_modules/@nestjs/core/injector/injector.js:75:13)
      at TestingInjector.loadProvider (node_modules/@nestjs/core/injector/injector.js:103:9)
      at node_modules/@nestjs/core/injector/instance-loader.js:56:13
          at async Promise.all (index 4)
      at TestingInstanceLoader.createInstancesOfProviders (node_modules/@nestjs/core/injector/instance-loader.js:55:9)
      at node_modules/@nestjs/core/injector/instance-loader.js:40:13
          at async Promise.all (index 3)
      at TestingInstanceLoader.createInstances (node_modules/@nestjs/core/injector/instance-loader.js:39:9)
      at TestingInstanceLoader.createInstancesOfDependencies (node_modules/@nestjs/core/injector/instance-loader.js:22:13)
      at TestingInstanceLoader.createInstancesOfDependencies (node_modules/@nestjs/testing/testing-instance-loader.js:9:9)
      at TestingModuleBuilder.createInstancesOfDependencies (node_modules/@nestjs/testing/testing-module.builder.js:118:9)
      at TestingModuleBuilder.compile (node_modules/@nestjs/testing/testing-module.builder.js:74:9)
      at Object.<anonymous> (test/integration/event.e2e-spec.ts:28:42)

  ● EventService (e2e) › create › should handle discount value greater than 100 in database

    DATABASE_URL_TEST must be set in environment variables

    [0m [90m 12 |[39m   getTestURL()[33m:[39m string {
     [90m 13 |[39m     [36mif[39m ([33m![39mprocess[33m.[39menv[33m.[39m[33mDATABASE_URL_TEST[39m) {
    [31m[1m>[22m[39m[90m 14 |[39m       [36mthrow[39m [36mnew[39m [33mError[39m([32m'DATABASE_URL_TEST must be set in environment variables'[39m)[33m;[39m
     [90m    |[39m             [31m[1m^[22m[39m
     [90m 15 |[39m     }
     [90m 16 |[39m     [36mreturn[39m process[33m.[39menv[33m.[39m[33mDATABASE_URL_TEST[39m[33m;[39m
     [90m 17 |[39m   }[0m

      at DatabaseConfigService.getTestURL (src/config/database-config.service.ts:14:13)
      at new PrismaService (src/prisma/prisma.service.ts:18:24)
      at TestingInjector.instantiateClass (node_modules/@nestjs/core/injector/injector.js:422:19)
      at callback (node_modules/@nestjs/core/injector/injector.js:70:45)
      at TestingInjector.resolveConstructorParams (node_modules/@nestjs/core/injector/injector.js:170:24)
      at TestingInjector.loadInstance (node_modules/@nestjs/core/injector/injector.js:75:13)
      at TestingInjector.loadProvider (node_modules/@nestjs/core/injector/injector.js:103:9)
      at node_modules/@nestjs/core/injector/instance-loader.js:56:13
          at async Promise.all (index 4)
      at TestingInstanceLoader.createInstancesOfProviders (node_modules/@nestjs/core/injector/instance-loader.js:55:9)
      at node_modules/@nestjs/core/injector/instance-loader.js:40:13
          at async Promise.all (index 3)
      at TestingInstanceLoader.createInstances (node_modules/@nestjs/core/injector/instance-loader.js:39:9)
      at TestingInstanceLoader.createInstancesOfDependencies (node_modules/@nestjs/core/injector/instance-loader.js:22:13)
      at TestingInstanceLoader.createInstancesOfDependencies (node_modules/@nestjs/testing/testing-instance-loader.js:9:9)
      at TestingModuleBuilder.createInstancesOfDependencies (node_modules/@nestjs/testing/testing-module.builder.js:118:9)
      at TestingModuleBuilder.compile (node_modules/@nestjs/testing/testing-module.builder.js:74:9)
      at Object.<anonymous> (test/integration/event.e2e-spec.ts:28:42)

  ● EventService (e2e) › create › should handle transaction rollback on error

    DATABASE_URL_TEST must be set in environment variables

    [0m [90m 12 |[39m   getTestURL()[33m:[39m string {
     [90m 13 |[39m     [36mif[39m ([33m![39mprocess[33m.[39menv[33m.[39m[33mDATABASE_URL_TEST[39m) {
    [31m[1m>[22m[39m[90m 14 |[39m       [36mthrow[39m [36mnew[39m [33mError[39m([32m'DATABASE_URL_TEST must be set in environment variables'[39m)[33m;[39m
     [90m    |[39m             [31m[1m^[22m[39m
     [90m 15 |[39m     }
     [90m 16 |[39m     [36mreturn[39m process[33m.[39menv[33m.[39m[33mDATABASE_URL_TEST[39m[33m;[39m
     [90m 17 |[39m   }[0m

      at DatabaseConfigService.getTestURL (src/config/database-config.service.ts:14:13)
      at new PrismaService (src/prisma/prisma.service.ts:18:24)
      at TestingInjector.instantiateClass (node_modules/@nestjs/core/injector/injector.js:422:19)
      at callback (node_modules/@nestjs/core/injector/injector.js:70:45)
      at TestingInjector.resolveConstructorParams (node_modules/@nestjs/core/injector/injector.js:170:24)
      at TestingInjector.loadInstance (node_modules/@nestjs/core/injector/injector.js:75:13)
      at TestingInjector.loadProvider (node_modules/@nestjs/core/injector/injector.js:103:9)
      at node_modules/@nestjs/core/injector/instance-loader.js:56:13
          at async Promise.all (index 4)
      at TestingInstanceLoader.createInstancesOfProviders (node_modules/@nestjs/core/injector/instance-loader.js:55:9)
      at node_modules/@nestjs/core/injector/instance-loader.js:40:13
          at async Promise.all (index 3)
      at TestingInstanceLoader.createInstances (node_modules/@nestjs/core/injector/instance-loader.js:39:9)
      at TestingInstanceLoader.createInstancesOfDependencies (node_modules/@nestjs/core/injector/instance-loader.js:22:13)
      at TestingInstanceLoader.createInstancesOfDependencies (node_modules/@nestjs/testing/testing-instance-loader.js:9:9)
      at TestingModuleBuilder.createInstancesOfDependencies (node_modules/@nestjs/testing/testing-module.builder.js:118:9)
      at TestingModuleBuilder.compile (node_modules/@nestjs/testing/testing-module.builder.js:74:9)
      at Object.<anonymous> (test/integration/event.e2e-spec.ts:28:42)

  ● EventService (e2e) › findAll › should return all events

    DATABASE_URL_TEST must be set in environment variables

    [0m [90m 12 |[39m   getTestURL()[33m:[39m string {
     [90m 13 |[39m     [36mif[39m ([33m![39mprocess[33m.[39menv[33m.[39m[33mDATABASE_URL_TEST[39m) {
    [31m[1m>[22m[39m[90m 14 |[39m       [36mthrow[39m [36mnew[39m [33mError[39m([32m'DATABASE_URL_TEST must be set in environment variables'[39m)[33m;[39m
     [90m    |[39m             [31m[1m^[22m[39m
     [90m 15 |[39m     }
     [90m 16 |[39m     [36mreturn[39m process[33m.[39menv[33m.[39m[33mDATABASE_URL_TEST[39m[33m;[39m
     [90m 17 |[39m   }[0m

      at DatabaseConfigService.getTestURL (src/config/database-config.service.ts:14:13)
      at new PrismaService (src/prisma/prisma.service.ts:18:24)
      at TestingInjector.instantiateClass (node_modules/@nestjs/core/injector/injector.js:422:19)
      at callback (node_modules/@nestjs/core/injector/injector.js:70:45)
      at TestingInjector.resolveConstructorParams (node_modules/@nestjs/core/injector/injector.js:170:24)
      at TestingInjector.loadInstance (node_modules/@nestjs/core/injector/injector.js:75:13)
      at TestingInjector.loadProvider (node_modules/@nestjs/core/injector/injector.js:103:9)
      at node_modules/@nestjs/core/injector/instance-loader.js:56:13
          at async Promise.all (index 4)
      at TestingInstanceLoader.createInstancesOfProviders (node_modules/@nestjs/core/injector/instance-loader.js:55:9)
      at node_modules/@nestjs/core/injector/instance-loader.js:40:13
          at async Promise.all (index 3)
      at TestingInstanceLoader.createInstances (node_modules/@nestjs/core/injector/instance-loader.js:39:9)
      at TestingInstanceLoader.createInstancesOfDependencies (node_modules/@nestjs/core/injector/instance-loader.js:22:13)
      at TestingInstanceLoader.createInstancesOfDependencies (node_modules/@nestjs/testing/testing-instance-loader.js:9:9)
      at TestingModuleBuilder.createInstancesOfDependencies (node_modules/@nestjs/testing/testing-module.builder.js:118:9)
      at TestingModuleBuilder.compile (node_modules/@nestjs/testing/testing-module.builder.js:74:9)
      at Object.<anonymous> (test/integration/event.e2e-spec.ts:28:42)

  ● EventService (e2e) › findAll › should return events with pagination

    DATABASE_URL_TEST must be set in environment variables

    [0m [90m 12 |[39m   getTestURL()[33m:[39m string {
     [90m 13 |[39m     [36mif[39m ([33m![39mprocess[33m.[39menv[33m.[39m[33mDATABASE_URL_TEST[39m) {
    [31m[1m>[22m[39m[90m 14 |[39m       [36mthrow[39m [36mnew[39m [33mError[39m([32m'DATABASE_URL_TEST must be set in environment variables'[39m)[33m;[39m
     [90m    |[39m             [31m[1m^[22m[39m
     [90m 15 |[39m     }
     [90m 16 |[39m     [36mreturn[39m process[33m.[39menv[33m.[39m[33mDATABASE_URL_TEST[39m[33m;[39m
     [90m 17 |[39m   }[0m

      at DatabaseConfigService.getTestURL (src/config/database-config.service.ts:14:13)
      at new PrismaService (src/prisma/prisma.service.ts:18:24)
      at TestingInjector.instantiateClass (node_modules/@nestjs/core/injector/injector.js:422:19)
      at callback (node_modules/@nestjs/core/injector/injector.js:70:45)
      at TestingInjector.resolveConstructorParams (node_modules/@nestjs/core/injector/injector.js:170:24)
      at TestingInjector.loadInstance (node_modules/@nestjs/core/injector/injector.js:75:13)
      at TestingInjector.loadProvider (node_modules/@nestjs/core/injector/injector.js:103:9)
      at node_modules/@nestjs/core/injector/instance-loader.js:56:13
          at async Promise.all (index 4)
      at TestingInstanceLoader.createInstancesOfProviders (node_modules/@nestjs/core/injector/instance-loader.js:55:9)
      at node_modules/@nestjs/core/injector/instance-loader.js:40:13
          at async Promise.all (index 3)
      at TestingInstanceLoader.createInstances (node_modules/@nestjs/core/injector/instance-loader.js:39:9)
      at TestingInstanceLoader.createInstancesOfDependencies (node_modules/@nestjs/core/injector/instance-loader.js:22:13)
      at TestingInstanceLoader.createInstancesOfDependencies (node_modules/@nestjs/testing/testing-instance-loader.js:9:9)
      at TestingModuleBuilder.createInstancesOfDependencies (node_modules/@nestjs/testing/testing-module.builder.js:118:9)
      at TestingModuleBuilder.compile (node_modules/@nestjs/testing/testing-module.builder.js:74:9)
      at Object.<anonymous> (test/integration/event.e2e-spec.ts:28:42)

  ● EventService (e2e) › findAll › should return events ordered by start_date descending

    DATABASE_URL_TEST must be set in environment variables

    [0m [90m 12 |[39m   getTestURL()[33m:[39m string {
     [90m 13 |[39m     [36mif[39m ([33m![39mprocess[33m.[39menv[33m.[39m[33mDATABASE_URL_TEST[39m) {
    [31m[1m>[22m[39m[90m 14 |[39m       [36mthrow[39m [36mnew[39m [33mError[39m([32m'DATABASE_URL_TEST must be set in environment variables'[39m)[33m;[39m
     [90m    |[39m             [31m[1m^[22m[39m
     [90m 15 |[39m     }
     [90m 16 |[39m     [36mreturn[39m process[33m.[39menv[33m.[39m[33mDATABASE_URL_TEST[39m[33m;[39m
     [90m 17 |[39m   }[0m

      at DatabaseConfigService.getTestURL (src/config/database-config.service.ts:14:13)
      at new PrismaService (src/prisma/prisma.service.ts:18:24)
      at TestingInjector.instantiateClass (node_modules/@nestjs/core/injector/injector.js:422:19)
      at callback (node_modules/@nestjs/core/injector/injector.js:70:45)
      at TestingInjector.resolveConstructorParams (node_modules/@nestjs/core/injector/injector.js:170:24)
      at TestingInjector.loadInstance (node_modules/@nestjs/core/injector/injector.js:75:13)
      at TestingInjector.loadProvider (node_modules/@nestjs/core/injector/injector.js:103:9)
      at node_modules/@nestjs/core/injector/instance-loader.js:56:13
          at async Promise.all (index 4)
      at TestingInstanceLoader.createInstancesOfProviders (node_modules/@nestjs/core/injector/instance-loader.js:55:9)
      at node_modules/@nestjs/core/injector/instance-loader.js:40:13
          at async Promise.all (index 3)
      at TestingInstanceLoader.createInstances (node_modules/@nestjs/core/injector/instance-loader.js:39:9)
      at TestingInstanceLoader.createInstancesOfDependencies (node_modules/@nestjs/core/injector/instance-loader.js:22:13)
      at TestingInstanceLoader.createInstancesOfDependencies (node_modules/@nestjs/testing/testing-instance-loader.js:9:9)
      at TestingModuleBuilder.createInstancesOfDependencies (node_modules/@nestjs/testing/testing-module.builder.js:118:9)
      at TestingModuleBuilder.compile (node_modules/@nestjs/testing/testing-module.builder.js:74:9)
      at Object.<anonymous> (test/integration/event.e2e-spec.ts:28:42)

  ● EventService (e2e) › findOne › should return a specific event

    DATABASE_URL_TEST must be set in environment variables

    [0m [90m 12 |[39m   getTestURL()[33m:[39m string {
     [90m 13 |[39m     [36mif[39m ([33m![39mprocess[33m.[39menv[33m.[39m[33mDATABASE_URL_TEST[39m) {
    [31m[1m>[22m[39m[90m 14 |[39m       [36mthrow[39m [36mnew[39m [33mError[39m([32m'DATABASE_URL_TEST must be set in environment variables'[39m)[33m;[39m
     [90m    |[39m             [31m[1m^[22m[39m
     [90m 15 |[39m     }
     [90m 16 |[39m     [36mreturn[39m process[33m.[39menv[33m.[39m[33mDATABASE_URL_TEST[39m[33m;[39m
     [90m 17 |[39m   }[0m

      at DatabaseConfigService.getTestURL (src/config/database-config.service.ts:14:13)
      at new PrismaService (src/prisma/prisma.service.ts:18:24)
      at TestingInjector.instantiateClass (node_modules/@nestjs/core/injector/injector.js:422:19)
      at callback (node_modules/@nestjs/core/injector/injector.js:70:45)
      at TestingInjector.resolveConstructorParams (node_modules/@nestjs/core/injector/injector.js:170:24)
      at TestingInjector.loadInstance (node_modules/@nestjs/core/injector/injector.js:75:13)
      at TestingInjector.loadProvider (node_modules/@nestjs/core/injector/injector.js:103:9)
      at node_modules/@nestjs/core/injector/instance-loader.js:56:13
          at async Promise.all (index 4)
      at TestingInstanceLoader.createInstancesOfProviders (node_modules/@nestjs/core/injector/instance-loader.js:55:9)
      at node_modules/@nestjs/core/injector/instance-loader.js:40:13
          at async Promise.all (index 3)
      at TestingInstanceLoader.createInstances (node_modules/@nestjs/core/injector/instance-loader.js:39:9)
      at TestingInstanceLoader.createInstancesOfDependencies (node_modules/@nestjs/core/injector/instance-loader.js:22:13)
      at TestingInstanceLoader.createInstancesOfDependencies (node_modules/@nestjs/testing/testing-instance-loader.js:9:9)
      at TestingModuleBuilder.createInstancesOfDependencies (node_modules/@nestjs/testing/testing-module.builder.js:118:9)
      at TestingModuleBuilder.compile (node_modules/@nestjs/testing/testing-module.builder.js:74:9)
      at Object.<anonymous> (test/integration/event.e2e-spec.ts:28:42)

  ● EventService (e2e) › findOne › should throw NotFoundException when event does not exist

    DATABASE_URL_TEST must be set in environment variables

    [0m [90m 12 |[39m   getTestURL()[33m:[39m string {
     [90m 13 |[39m     [36mif[39m ([33m![39mprocess[33m.[39menv[33m.[39m[33mDATABASE_URL_TEST[39m) {
    [31m[1m>[22m[39m[90m 14 |[39m       [36mthrow[39m [36mnew[39m [33mError[39m([32m'DATABASE_URL_TEST must be set in environment variables'[39m)[33m;[39m
     [90m    |[39m             [31m[1m^[22m[39m
     [90m 15 |[39m     }
     [90m 16 |[39m     [36mreturn[39m process[33m.[39menv[33m.[39m[33mDATABASE_URL_TEST[39m[33m;[39m
     [90m 17 |[39m   }[0m

      at DatabaseConfigService.getTestURL (src/config/database-config.service.ts:14:13)
      at new PrismaService (src/prisma/prisma.service.ts:18:24)
      at TestingInjector.instantiateClass (node_modules/@nestjs/core/injector/injector.js:422:19)
      at callback (node_modules/@nestjs/core/injector/injector.js:70:45)
      at TestingInjector.resolveConstructorParams (node_modules/@nestjs/core/injector/injector.js:170:24)
      at TestingInjector.loadInstance (node_modules/@nestjs/core/injector/injector.js:75:13)
      at TestingInjector.loadProvider (node_modules/@nestjs/core/injector/injector.js:103:9)
      at node_modules/@nestjs/core/injector/instance-loader.js:56:13
          at async Promise.all (index 4)
      at TestingInstanceLoader.createInstancesOfProviders (node_modules/@nestjs/core/injector/instance-loader.js:55:9)
      at node_modules/@nestjs/core/injector/instance-loader.js:40:13
          at async Promise.all (index 3)
      at TestingInstanceLoader.createInstances (node_modules/@nestjs/core/injector/instance-loader.js:39:9)
      at TestingInstanceLoader.createInstancesOfDependencies (node_modules/@nestjs/core/injector/instance-loader.js:22:13)
      at TestingInstanceLoader.createInstancesOfDependencies (node_modules/@nestjs/testing/testing-instance-loader.js:9:9)
      at TestingModuleBuilder.createInstancesOfDependencies (node_modules/@nestjs/testing/testing-module.builder.js:118:9)
      at TestingModuleBuilder.compile (node_modules/@nestjs/testing/testing-module.builder.js:74:9)
      at Object.<anonymous> (test/integration/event.e2e-spec.ts:28:42)

  ● EventService (e2e) › findByGame › should return all events for a game

    DATABASE_URL_TEST must be set in environment variables

    [0m [90m 12 |[39m   getTestURL()[33m:[39m string {
     [90m 13 |[39m     [36mif[39m ([33m![39mprocess[33m.[39menv[33m.[39m[33mDATABASE_URL_TEST[39m) {
    [31m[1m>[22m[39m[90m 14 |[39m       [36mthrow[39m [36mnew[39m [33mError[39m([32m'DATABASE_URL_TEST must be set in environment variables'[39m)[33m;[39m
     [90m    |[39m             [31m[1m^[22m[39m
     [90m 15 |[39m     }
     [90m 16 |[39m     [36mreturn[39m process[33m.[39menv[33m.[39m[33mDATABASE_URL_TEST[39m[33m;[39m
     [90m 17 |[39m   }[0m

      at DatabaseConfigService.getTestURL (src/config/database-config.service.ts:14:13)
      at new PrismaService (src/prisma/prisma.service.ts:18:24)
      at TestingInjector.instantiateClass (node_modules/@nestjs/core/injector/injector.js:422:19)
      at callback (node_modules/@nestjs/core/injector/injector.js:70:45)
      at TestingInjector.resolveConstructorParams (node_modules/@nestjs/core/injector/injector.js:170:24)
      at TestingInjector.loadInstance (node_modules/@nestjs/core/injector/injector.js:75:13)
      at TestingInjector.loadProvider (node_modules/@nestjs/core/injector/injector.js:103:9)
      at node_modules/@nestjs/core/injector/instance-loader.js:56:13
          at async Promise.all (index 4)
      at TestingInstanceLoader.createInstancesOfProviders (node_modules/@nestjs/core/injector/instance-loader.js:55:9)
      at node_modules/@nestjs/core/injector/instance-loader.js:40:13
          at async Promise.all (index 3)
      at TestingInstanceLoader.createInstances (node_modules/@nestjs/core/injector/instance-loader.js:39:9)
      at TestingInstanceLoader.createInstancesOfDependencies (node_modules/@nestjs/core/injector/instance-loader.js:22:13)
      at TestingInstanceLoader.createInstancesOfDependencies (node_modules/@nestjs/testing/testing-instance-loader.js:9:9)
      at TestingModuleBuilder.createInstancesOfDependencies (node_modules/@nestjs/testing/testing-module.builder.js:118:9)
      at TestingModuleBuilder.compile (node_modules/@nestjs/testing/testing-module.builder.js:74:9)
      at Object.<anonymous> (test/integration/event.e2e-spec.ts:28:42)

  ● EventService (e2e) › findByGame › should return events with pagination

    DATABASE_URL_TEST must be set in environment variables

    [0m [90m 12 |[39m   getTestURL()[33m:[39m string {
     [90m 13 |[39m     [36mif[39m ([33m![39mprocess[33m.[39menv[33m.[39m[33mDATABASE_URL_TEST[39m) {
    [31m[1m>[22m[39m[90m 14 |[39m       [36mthrow[39m [36mnew[39m [33mError[39m([32m'DATABASE_URL_TEST must be set in environment variables'[39m)[33m;[39m
     [90m    |[39m             [31m[1m^[22m[39m
     [90m 15 |[39m     }
     [90m 16 |[39m     [36mreturn[39m process[33m.[39menv[33m.[39m[33mDATABASE_URL_TEST[39m[33m;[39m
     [90m 17 |[39m   }[0m

      at DatabaseConfigService.getTestURL (src/config/database-config.service.ts:14:13)
      at new PrismaService (src/prisma/prisma.service.ts:18:24)
      at TestingInjector.instantiateClass (node_modules/@nestjs/core/injector/injector.js:422:19)
      at callback (node_modules/@nestjs/core/injector/injector.js:70:45)
      at TestingInjector.resolveConstructorParams (node_modules/@nestjs/core/injector/injector.js:170:24)
      at TestingInjector.loadInstance (node_modules/@nestjs/core/injector/injector.js:75:13)
      at TestingInjector.loadProvider (node_modules/@nestjs/core/injector/injector.js:103:9)
      at node_modules/@nestjs/core/injector/instance-loader.js:56:13
          at async Promise.all (index 4)
      at TestingInstanceLoader.createInstancesOfProviders (node_modules/@nestjs/core/injector/instance-loader.js:55:9)
      at node_modules/@nestjs/core/injector/instance-loader.js:40:13
          at async Promise.all (index 3)
      at TestingInstanceLoader.createInstances (node_modules/@nestjs/core/injector/instance-loader.js:39:9)
      at TestingInstanceLoader.createInstancesOfDependencies (node_modules/@nestjs/core/injector/instance-loader.js:22:13)
      at TestingInstanceLoader.createInstancesOfDependencies (node_modules/@nestjs/testing/testing-instance-loader.js:9:9)
      at TestingModuleBuilder.createInstancesOfDependencies (node_modules/@nestjs/testing/testing-module.builder.js:118:9)
      at TestingModuleBuilder.compile (node_modules/@nestjs/testing/testing-module.builder.js:74:9)
      at Object.<anonymous> (test/integration/event.e2e-spec.ts:28:42)

  ● EventService (e2e) › findByGame › should throw NotFoundException when game does not exist

    DATABASE_URL_TEST must be set in environment variables

    [0m [90m 12 |[39m   getTestURL()[33m:[39m string {
     [90m 13 |[39m     [36mif[39m ([33m![39mprocess[33m.[39menv[33m.[39m[33mDATABASE_URL_TEST[39m) {
    [31m[1m>[22m[39m[90m 14 |[39m       [36mthrow[39m [36mnew[39m [33mError[39m([32m'DATABASE_URL_TEST must be set in environment variables'[39m)[33m;[39m
     [90m    |[39m             [31m[1m^[22m[39m
     [90m 15 |[39m     }
     [90m 16 |[39m     [36mreturn[39m process[33m.[39menv[33m.[39m[33mDATABASE_URL_TEST[39m[33m;[39m
     [90m 17 |[39m   }[0m

      at DatabaseConfigService.getTestURL (src/config/database-config.service.ts:14:13)
      at new PrismaService (src/prisma/prisma.service.ts:18:24)
      at TestingInjector.instantiateClass (node_modules/@nestjs/core/injector/injector.js:422:19)
      at callback (node_modules/@nestjs/core/injector/injector.js:70:45)
      at TestingInjector.resolveConstructorParams (node_modules/@nestjs/core/injector/injector.js:170:24)
      at TestingInjector.loadInstance (node_modules/@nestjs/core/injector/injector.js:75:13)
      at TestingInjector.loadProvider (node_modules/@nestjs/core/injector/injector.js:103:9)
      at node_modules/@nestjs/core/injector/instance-loader.js:56:13
          at async Promise.all (index 4)
      at TestingInstanceLoader.createInstancesOfProviders (node_modules/@nestjs/core/injector/instance-loader.js:55:9)
      at node_modules/@nestjs/core/injector/instance-loader.js:40:13
          at async Promise.all (index 3)
      at TestingInstanceLoader.createInstances (node_modules/@nestjs/core/injector/instance-loader.js:39:9)
      at TestingInstanceLoader.createInstancesOfDependencies (node_modules/@nestjs/core/injector/instance-loader.js:22:13)
      at TestingInstanceLoader.createInstancesOfDependencies (node_modules/@nestjs/testing/testing-instance-loader.js:9:9)
      at TestingModuleBuilder.createInstancesOfDependencies (node_modules/@nestjs/testing/testing-module.builder.js:118:9)
      at TestingModuleBuilder.compile (node_modules/@nestjs/testing/testing-module.builder.js:74:9)
      at Object.<anonymous> (test/integration/event.e2e-spec.ts:28:42)

  ● EventService (e2e) › findByGame › should return empty array when game has no events

    DATABASE_URL_TEST must be set in environment variables

    [0m [90m 12 |[39m   getTestURL()[33m:[39m string {
     [90m 13 |[39m     [36mif[39m ([33m![39mprocess[33m.[39menv[33m.[39m[33mDATABASE_URL_TEST[39m) {
    [31m[1m>[22m[39m[90m 14 |[39m       [36mthrow[39m [36mnew[39m [33mError[39m([32m'DATABASE_URL_TEST must be set in environment variables'[39m)[33m;[39m
     [90m    |[39m             [31m[1m^[22m[39m
     [90m 15 |[39m     }
     [90m 16 |[39m     [36mreturn[39m process[33m.[39menv[33m.[39m[33mDATABASE_URL_TEST[39m[33m;[39m
     [90m 17 |[39m   }[0m

      at DatabaseConfigService.getTestURL (src/config/database-config.service.ts:14:13)
      at new PrismaService (src/prisma/prisma.service.ts:18:24)
      at TestingInjector.instantiateClass (node_modules/@nestjs/core/injector/injector.js:422:19)
      at callback (node_modules/@nestjs/core/injector/injector.js:70:45)
      at TestingInjector.resolveConstructorParams (node_modules/@nestjs/core/injector/injector.js:170:24)
      at TestingInjector.loadInstance (node_modules/@nestjs/core/injector/injector.js:75:13)
      at TestingInjector.loadProvider (node_modules/@nestjs/core/injector/injector.js:103:9)
      at node_modules/@nestjs/core/injector/instance-loader.js:56:13
          at async Promise.all (index 4)
      at TestingInstanceLoader.createInstancesOfProviders (node_modules/@nestjs/core/injector/instance-loader.js:55:9)
      at node_modules/@nestjs/core/injector/instance-loader.js:40:13
          at async Promise.all (index 3)
      at TestingInstanceLoader.createInstances (node_modules/@nestjs/core/injector/instance-loader.js:39:9)
      at TestingInstanceLoader.createInstancesOfDependencies (node_modules/@nestjs/core/injector/instance-loader.js:22:13)
      at TestingInstanceLoader.createInstancesOfDependencies (node_modules/@nestjs/testing/testing-instance-loader.js:9:9)
      at TestingModuleBuilder.createInstancesOfDependencies (node_modules/@nestjs/testing/testing-module.builder.js:118:9)
      at TestingModuleBuilder.compile (node_modules/@nestjs/testing/testing-module.builder.js:74:9)
      at Object.<anonymous> (test/integration/event.e2e-spec.ts:28:42)

  ● EventService (e2e) › findActive › should return currently active events

    DATABASE_URL_TEST must be set in environment variables

    [0m [90m 12 |[39m   getTestURL()[33m:[39m string {
     [90m 13 |[39m     [36mif[39m ([33m![39mprocess[33m.[39menv[33m.[39m[33mDATABASE_URL_TEST[39m) {
    [31m[1m>[22m[39m[90m 14 |[39m       [36mthrow[39m [36mnew[39m [33mError[39m([32m'DATABASE_URL_TEST must be set in environment variables'[39m)[33m;[39m
     [90m    |[39m             [31m[1m^[22m[39m
     [90m 15 |[39m     }
     [90m 16 |[39m     [36mreturn[39m process[33m.[39menv[33m.[39m[33mDATABASE_URL_TEST[39m[33m;[39m
     [90m 17 |[39m   }[0m

      at DatabaseConfigService.getTestURL (src/config/database-config.service.ts:14:13)
      at new PrismaService (src/prisma/prisma.service.ts:18:24)
      at TestingInjector.instantiateClass (node_modules/@nestjs/core/injector/injector.js:422:19)
      at callback (node_modules/@nestjs/core/injector/injector.js:70:45)
      at TestingInjector.resolveConstructorParams (node_modules/@nestjs/core/injector/injector.js:170:24)
      at TestingInjector.loadInstance (node_modules/@nestjs/core/injector/injector.js:75:13)
      at TestingInjector.loadProvider (node_modules/@nestjs/core/injector/injector.js:103:9)
      at node_modules/@nestjs/core/injector/instance-loader.js:56:13
          at async Promise.all (index 4)
      at TestingInstanceLoader.createInstancesOfProviders (node_modules/@nestjs/core/injector/instance-loader.js:55:9)
      at node_modules/@nestjs/core/injector/instance-loader.js:40:13
          at async Promise.all (index 3)
      at TestingInstanceLoader.createInstances (node_modules/@nestjs/core/injector/instance-loader.js:39:9)
      at TestingInstanceLoader.createInstancesOfDependencies (node_modules/@nestjs/core/injector/instance-loader.js:22:13)
      at TestingInstanceLoader.createInstancesOfDependencies (node_modules/@nestjs/testing/testing-instance-loader.js:9:9)
      at TestingModuleBuilder.createInstancesOfDependencies (node_modules/@nestjs/testing/testing-module.builder.js:118:9)
      at TestingModuleBuilder.compile (node_modules/@nestjs/testing/testing-module.builder.js:74:9)
      at Object.<anonymous> (test/integration/event.e2e-spec.ts:28:42)

  ● EventService (e2e) › findActive › should not return past events

    DATABASE_URL_TEST must be set in environment variables

    [0m [90m 12 |[39m   getTestURL()[33m:[39m string {
     [90m 13 |[39m     [36mif[39m ([33m![39mprocess[33m.[39menv[33m.[39m[33mDATABASE_URL_TEST[39m) {
    [31m[1m>[22m[39m[90m 14 |[39m       [36mthrow[39m [36mnew[39m [33mError[39m([32m'DATABASE_URL_TEST must be set in environment variables'[39m)[33m;[39m
     [90m    |[39m             [31m[1m^[22m[39m
     [90m 15 |[39m     }
     [90m 16 |[39m     [36mreturn[39m process[33m.[39menv[33m.[39m[33mDATABASE_URL_TEST[39m[33m;[39m
     [90m 17 |[39m   }[0m

      at DatabaseConfigService.getTestURL (src/config/database-config.service.ts:14:13)
      at new PrismaService (src/prisma/prisma.service.ts:18:24)
      at TestingInjector.instantiateClass (node_modules/@nestjs/core/injector/injector.js:422:19)
      at callback (node_modules/@nestjs/core/injector/injector.js:70:45)
      at TestingInjector.resolveConstructorParams (node_modules/@nestjs/core/injector/injector.js:170:24)
      at TestingInjector.loadInstance (node_modules/@nestjs/core/injector/injector.js:75:13)
      at TestingInjector.loadProvider (node_modules/@nestjs/core/injector/injector.js:103:9)
      at node_modules/@nestjs/core/injector/instance-loader.js:56:13
          at async Promise.all (index 4)
      at TestingInstanceLoader.createInstancesOfProviders (node_modules/@nestjs/core/injector/instance-loader.js:55:9)
      at node_modules/@nestjs/core/injector/instance-loader.js:40:13
          at async Promise.all (index 3)
      at TestingInstanceLoader.createInstances (node_modules/@nestjs/core/injector/instance-loader.js:39:9)
      at TestingInstanceLoader.createInstancesOfDependencies (node_modules/@nestjs/core/injector/instance-loader.js:22:13)
      at TestingInstanceLoader.createInstancesOfDependencies (node_modules/@nestjs/testing/testing-instance-loader.js:9:9)
      at TestingModuleBuilder.createInstancesOfDependencies (node_modules/@nestjs/testing/testing-module.builder.js:118:9)
      at TestingModuleBuilder.compile (node_modules/@nestjs/testing/testing-module.builder.js:74:9)
      at Object.<anonymous> (test/integration/event.e2e-spec.ts:28:42)

  ● EventService (e2e) › findActive › should not return future events

    DATABASE_URL_TEST must be set in environment variables

    [0m [90m 12 |[39m   getTestURL()[33m:[39m string {
     [90m 13 |[39m     [36mif[39m ([33m![39mprocess[33m.[39menv[33m.[39m[33mDATABASE_URL_TEST[39m) {
    [31m[1m>[22m[39m[90m 14 |[39m       [36mthrow[39m [36mnew[39m [33mError[39m([32m'DATABASE_URL_TEST must be set in environment variables'[39m)[33m;[39m
     [90m    |[39m             [31m[1m^[22m[39m
     [90m 15 |[39m     }
     [90m 16 |[39m     [36mreturn[39m process[33m.[39menv[33m.[39m[33mDATABASE_URL_TEST[39m[33m;[39m
     [90m 17 |[39m   }[0m

      at DatabaseConfigService.getTestURL (src/config/database-config.service.ts:14:13)
      at new PrismaService (src/prisma/prisma.service.ts:18:24)
      at TestingInjector.instantiateClass (node_modules/@nestjs/core/injector/injector.js:422:19)
      at callback (node_modules/@nestjs/core/injector/injector.js:70:45)
      at TestingInjector.resolveConstructorParams (node_modules/@nestjs/core/injector/injector.js:170:24)
      at TestingInjector.loadInstance (node_modules/@nestjs/core/injector/injector.js:75:13)
      at TestingInjector.loadProvider (node_modules/@nestjs/core/injector/injector.js:103:9)
      at node_modules/@nestjs/core/injector/instance-loader.js:56:13
          at async Promise.all (index 4)
      at TestingInstanceLoader.createInstancesOfProviders (node_modules/@nestjs/core/injector/instance-loader.js:55:9)
      at node_modules/@nestjs/core/injector/instance-loader.js:40:13
          at async Promise.all (index 3)
      at TestingInstanceLoader.createInstances (node_modules/@nestjs/core/injector/instance-loader.js:39:9)
      at TestingInstanceLoader.createInstancesOfDependencies (node_modules/@nestjs/core/injector/instance-loader.js:22:13)
      at TestingInstanceLoader.createInstancesOfDependencies (node_modules/@nestjs/testing/testing-instance-loader.js:9:9)
      at TestingModuleBuilder.createInstancesOfDependencies (node_modules/@nestjs/testing/testing-module.builder.js:118:9)
      at TestingModuleBuilder.compile (node_modules/@nestjs/testing/testing-module.builder.js:74:9)
      at Object.<anonymous> (test/integration/event.e2e-spec.ts:28:42)

  ● EventService (e2e) › findActive › should return active events with pagination

    DATABASE_URL_TEST must be set in environment variables

    [0m [90m 12 |[39m   getTestURL()[33m:[39m string {
     [90m 13 |[39m     [36mif[39m ([33m![39mprocess[33m.[39menv[33m.[39m[33mDATABASE_URL_TEST[39m) {
    [31m[1m>[22m[39m[90m 14 |[39m       [36mthrow[39m [36mnew[39m [33mError[39m([32m'DATABASE_URL_TEST must be set in environment variables'[39m)[33m;[39m
     [90m    |[39m             [31m[1m^[22m[39m
     [90m 15 |[39m     }
     [90m 16 |[39m     [36mreturn[39m process[33m.[39menv[33m.[39m[33mDATABASE_URL_TEST[39m[33m;[39m
     [90m 17 |[39m   }[0m

      at DatabaseConfigService.getTestURL (src/config/database-config.service.ts:14:13)
      at new PrismaService (src/prisma/prisma.service.ts:18:24)
      at TestingInjector.instantiateClass (node_modules/@nestjs/core/injector/injector.js:422:19)
      at callback (node_modules/@nestjs/core/injector/injector.js:70:45)
      at TestingInjector.resolveConstructorParams (node_modules/@nestjs/core/injector/injector.js:170:24)
      at TestingInjector.loadInstance (node_modules/@nestjs/core/injector/injector.js:75:13)
      at TestingInjector.loadProvider (node_modules/@nestjs/core/injector/injector.js:103:9)
      at node_modules/@nestjs/core/injector/instance-loader.js:56:13
          at async Promise.all (index 4)
      at TestingInstanceLoader.createInstancesOfProviders (node_modules/@nestjs/core/injector/instance-loader.js:55:9)
      at node_modules/@nestjs/core/injector/instance-loader.js:40:13
          at async Promise.all (index 3)
      at TestingInstanceLoader.createInstances (node_modules/@nestjs/core/injector/instance-loader.js:39:9)
      at TestingInstanceLoader.createInstancesOfDependencies (node_modules/@nestjs/core/injector/instance-loader.js:22:13)
      at TestingInstanceLoader.createInstancesOfDependencies (node_modules/@nestjs/testing/testing-instance-loader.js:9:9)
      at TestingModuleBuilder.createInstancesOfDependencies (node_modules/@nestjs/testing/testing-module.builder.js:118:9)
      at TestingModuleBuilder.compile (node_modules/@nestjs/testing/testing-module.builder.js:74:9)
      at Object.<anonymous> (test/integration/event.e2e-spec.ts:28:42)

  ● EventService (e2e) › update › should update event discount

    DATABASE_URL_TEST must be set in environment variables

    [0m [90m 12 |[39m   getTestURL()[33m:[39m string {
     [90m 13 |[39m     [36mif[39m ([33m![39mprocess[33m.[39menv[33m.[39m[33mDATABASE_URL_TEST[39m) {
    [31m[1m>[22m[39m[90m 14 |[39m       [36mthrow[39m [36mnew[39m [33mError[39m([32m'DATABASE_URL_TEST must be set in environment variables'[39m)[33m;[39m
     [90m    |[39m             [31m[1m^[22m[39m
     [90m 15 |[39m     }
     [90m 16 |[39m     [36mreturn[39m process[33m.[39menv[33m.[39m[33mDATABASE_URL_TEST[39m[33m;[39m
     [90m 17 |[39m   }[0m

      at DatabaseConfigService.getTestURL (src/config/database-config.service.ts:14:13)
      at new PrismaService (src/prisma/prisma.service.ts:18:24)
      at TestingInjector.instantiateClass (node_modules/@nestjs/core/injector/injector.js:422:19)
      at callback (node_modules/@nestjs/core/injector/injector.js:70:45)
      at TestingInjector.resolveConstructorParams (node_modules/@nestjs/core/injector/injector.js:170:24)
      at TestingInjector.loadInstance (node_modules/@nestjs/core/injector/injector.js:75:13)
      at TestingInjector.loadProvider (node_modules/@nestjs/core/injector/injector.js:103:9)
      at node_modules/@nestjs/core/injector/instance-loader.js:56:13
          at async Promise.all (index 4)
      at TestingInstanceLoader.createInstancesOfProviders (node_modules/@nestjs/core/injector/instance-loader.js:55:9)
      at node_modules/@nestjs/core/injector/instance-loader.js:40:13
          at async Promise.all (index 3)
      at TestingInstanceLoader.createInstances (node_modules/@nestjs/core/injector/instance-loader.js:39:9)
      at TestingInstanceLoader.createInstancesOfDependencies (node_modules/@nestjs/core/injector/instance-loader.js:22:13)
      at TestingInstanceLoader.createInstancesOfDependencies (node_modules/@nestjs/testing/testing-instance-loader.js:9:9)
      at TestingModuleBuilder.createInstancesOfDependencies (node_modules/@nestjs/testing/testing-module.builder.js:118:9)
      at TestingModuleBuilder.compile (node_modules/@nestjs/testing/testing-module.builder.js:74:9)
      at Object.<anonymous> (test/integration/event.e2e-spec.ts:28:42)

  ● EventService (e2e) › update › should update event type

    DATABASE_URL_TEST must be set in environment variables

    [0m [90m 12 |[39m   getTestURL()[33m:[39m string {
     [90m 13 |[39m     [36mif[39m ([33m![39mprocess[33m.[39menv[33m.[39m[33mDATABASE_URL_TEST[39m) {
    [31m[1m>[22m[39m[90m 14 |[39m       [36mthrow[39m [36mnew[39m [33mError[39m([32m'DATABASE_URL_TEST must be set in environment variables'[39m)[33m;[39m
     [90m    |[39m             [31m[1m^[22m[39m
     [90m 15 |[39m     }
     [90m 16 |[39m     [36mreturn[39m process[33m.[39menv[33m.[39m[33mDATABASE_URL_TEST[39m[33m;[39m
     [90m 17 |[39m   }[0m

      at DatabaseConfigService.getTestURL (src/config/database-config.service.ts:14:13)
      at new PrismaService (src/prisma/prisma.service.ts:18:24)
      at TestingInjector.instantiateClass (node_modules/@nestjs/core/injector/injector.js:422:19)
      at callback (node_modules/@nestjs/core/injector/injector.js:70:45)
      at TestingInjector.resolveConstructorParams (node_modules/@nestjs/core/injector/injector.js:170:24)
      at TestingInjector.loadInstance (node_modules/@nestjs/core/injector/injector.js:75:13)
      at TestingInjector.loadProvider (node_modules/@nestjs/core/injector/injector.js:103:9)
      at node_modules/@nestjs/core/injector/instance-loader.js:56:13
          at async Promise.all (index 4)
      at TestingInstanceLoader.createInstancesOfProviders (node_modules/@nestjs/core/injector/instance-loader.js:55:9)
      at node_modules/@nestjs/core/injector/instance-loader.js:40:13
          at async Promise.all (index 3)
      at TestingInstanceLoader.createInstances (node_modules/@nestjs/core/injector/instance-loader.js:39:9)
      at TestingInstanceLoader.createInstancesOfDependencies (node_modules/@nestjs/core/injector/instance-loader.js:22:13)
      at TestingInstanceLoader.createInstancesOfDependencies (node_modules/@nestjs/testing/testing-instance-loader.js:9:9)
      at TestingModuleBuilder.createInstancesOfDependencies (node_modules/@nestjs/testing/testing-module.builder.js:118:9)
      at TestingModuleBuilder.compile (node_modules/@nestjs/testing/testing-module.builder.js:74:9)
      at Object.<anonymous> (test/integration/event.e2e-spec.ts:28:42)

  ● EventService (e2e) › update › should update event dates

    DATABASE_URL_TEST must be set in environment variables

    [0m [90m 12 |[39m   getTestURL()[33m:[39m string {
     [90m 13 |[39m     [36mif[39m ([33m![39mprocess[33m.[39menv[33m.[39m[33mDATABASE_URL_TEST[39m) {
    [31m[1m>[22m[39m[90m 14 |[39m       [36mthrow[39m [36mnew[39m [33mError[39m([32m'DATABASE_URL_TEST must be set in environment variables'[39m)[33m;[39m
     [90m    |[39m             [31m[1m^[22m[39m
     [90m 15 |[39m     }
     [90m 16 |[39m     [36mreturn[39m process[33m.[39menv[33m.[39m[33mDATABASE_URL_TEST[39m[33m;[39m
     [90m 17 |[39m   }[0m

      at DatabaseConfigService.getTestURL (src/config/database-config.service.ts:14:13)
      at new PrismaService (src/prisma/prisma.service.ts:18:24)
      at TestingInjector.instantiateClass (node_modules/@nestjs/core/injector/injector.js:422:19)
      at callback (node_modules/@nestjs/core/injector/injector.js:70:45)
      at TestingInjector.resolveConstructorParams (node_modules/@nestjs/core/injector/injector.js:170:24)
      at TestingInjector.loadInstance (node_modules/@nestjs/core/injector/injector.js:75:13)
      at TestingInjector.loadProvider (node_modules/@nestjs/core/injector/injector.js:103:9)
      at node_modules/@nestjs/core/injector/instance-loader.js:56:13
          at async Promise.all (index 4)
      at TestingInstanceLoader.createInstancesOfProviders (node_modules/@nestjs/core/injector/instance-loader.js:55:9)
      at node_modules/@nestjs/core/injector/instance-loader.js:40:13
          at async Promise.all (index 3)
      at TestingInstanceLoader.createInstances (node_modules/@nestjs/core/injector/instance-loader.js:39:9)
      at TestingInstanceLoader.createInstancesOfDependencies (node_modules/@nestjs/core/injector/instance-loader.js:22:13)
      at TestingInstanceLoader.createInstancesOfDependencies (node_modules/@nestjs/testing/testing-instance-loader.js:9:9)
      at TestingModuleBuilder.createInstancesOfDependencies (node_modules/@nestjs/testing/testing-module.builder.js:118:9)
      at TestingModuleBuilder.compile (node_modules/@nestjs/testing/testing-module.builder.js:74:9)
      at Object.<anonymous> (test/integration/event.e2e-spec.ts:28:42)

  ● EventService (e2e) › update › should update event game_id

    DATABASE_URL_TEST must be set in environment variables

    [0m [90m 12 |[39m   getTestURL()[33m:[39m string {
     [90m 13 |[39m     [36mif[39m ([33m![39mprocess[33m.[39menv[33m.[39m[33mDATABASE_URL_TEST[39m) {
    [31m[1m>[22m[39m[90m 14 |[39m       [36mthrow[39m [36mnew[39m [33mError[39m([32m'DATABASE_URL_TEST must be set in environment variables'[39m)[33m;[39m
     [90m    |[39m             [31m[1m^[22m[39m
     [90m 15 |[39m     }
     [90m 16 |[39m     [36mreturn[39m process[33m.[39menv[33m.[39m[33mDATABASE_URL_TEST[39m[33m;[39m
     [90m 17 |[39m   }[0m

      at DatabaseConfigService.getTestURL (src/config/database-config.service.ts:14:13)
      at new PrismaService (src/prisma/prisma.service.ts:18:24)
      at TestingInjector.instantiateClass (node_modules/@nestjs/core/injector/injector.js:422:19)
      at callback (node_modules/@nestjs/core/injector/injector.js:70:45)
      at TestingInjector.resolveConstructorParams (node_modules/@nestjs/core/injector/injector.js:170:24)
      at TestingInjector.loadInstance (node_modules/@nestjs/core/injector/injector.js:75:13)
      at TestingInjector.loadProvider (node_modules/@nestjs/core/injector/injector.js:103:9)
      at node_modules/@nestjs/core/injector/instance-loader.js:56:13
          at async Promise.all (index 4)
      at TestingInstanceLoader.createInstancesOfProviders (node_modules/@nestjs/core/injector/instance-loader.js:55:9)
      at node_modules/@nestjs/core/injector/instance-loader.js:40:13
          at async Promise.all (index 3)
      at TestingInstanceLoader.createInstances (node_modules/@nestjs/core/injector/instance-loader.js:39:9)
      at TestingInstanceLoader.createInstancesOfDependencies (node_modules/@nestjs/core/injector/instance-loader.js:22:13)
      at TestingInstanceLoader.createInstancesOfDependencies (node_modules/@nestjs/testing/testing-instance-loader.js:9:9)
      at TestingModuleBuilder.createInstancesOfDependencies (node_modules/@nestjs/testing/testing-module.builder.js:118:9)
      at TestingModuleBuilder.compile (node_modules/@nestjs/testing/testing-module.builder.js:74:9)
      at Object.<anonymous> (test/integration/event.e2e-spec.ts:28:42)

  ● EventService (e2e) › update › should throw NotFoundException when event does not exist

    DATABASE_URL_TEST must be set in environment variables

    [0m [90m 12 |[39m   getTestURL()[33m:[39m string {
     [90m 13 |[39m     [36mif[39m ([33m![39mprocess[33m.[39menv[33m.[39m[33mDATABASE_URL_TEST[39m) {
    [31m[1m>[22m[39m[90m 14 |[39m       [36mthrow[39m [36mnew[39m [33mError[39m([32m'DATABASE_URL_TEST must be set in environment variables'[39m)[33m;[39m
     [90m    |[39m             [31m[1m^[22m[39m
     [90m 15 |[39m     }
     [90m 16 |[39m     [36mreturn[39m process[33m.[39menv[33m.[39m[33mDATABASE_URL_TEST[39m[33m;[39m
     [90m 17 |[39m   }[0m

      at DatabaseConfigService.getTestURL (src/config/database-config.service.ts:14:13)
      at new PrismaService (src/prisma/prisma.service.ts:18:24)
      at TestingInjector.instantiateClass (node_modules/@nestjs/core/injector/injector.js:422:19)
      at callback (node_modules/@nestjs/core/injector/injector.js:70:45)
      at TestingInjector.resolveConstructorParams (node_modules/@nestjs/core/injector/injector.js:170:24)
      at TestingInjector.loadInstance (node_modules/@nestjs/core/injector/injector.js:75:13)
      at TestingInjector.loadProvider (node_modules/@nestjs/core/injector/injector.js:103:9)
      at node_modules/@nestjs/core/injector/instance-loader.js:56:13
          at async Promise.all (index 4)
      at TestingInstanceLoader.createInstancesOfProviders (node_modules/@nestjs/core/injector/instance-loader.js:55:9)
      at node_modules/@nestjs/core/injector/instance-loader.js:40:13
          at async Promise.all (index 3)
      at TestingInstanceLoader.createInstances (node_modules/@nestjs/core/injector/instance-loader.js:39:9)
      at TestingInstanceLoader.createInstancesOfDependencies (node_modules/@nestjs/core/injector/instance-loader.js:22:13)
      at TestingInstanceLoader.createInstancesOfDependencies (node_modules/@nestjs/testing/testing-instance-loader.js:9:9)
      at TestingModuleBuilder.createInstancesOfDependencies (node_modules/@nestjs/testing/testing-module.builder.js:118:9)
      at TestingModuleBuilder.compile (node_modules/@nestjs/testing/testing-module.builder.js:74:9)
      at Object.<anonymous> (test/integration/event.e2e-spec.ts:28:42)

  ● EventService (e2e) › update › should throw NotFoundException when new game_id does not exist

    DATABASE_URL_TEST must be set in environment variables

    [0m [90m 12 |[39m   getTestURL()[33m:[39m string {
     [90m 13 |[39m     [36mif[39m ([33m![39mprocess[33m.[39menv[33m.[39m[33mDATABASE_URL_TEST[39m) {
    [31m[1m>[22m[39m[90m 14 |[39m       [36mthrow[39m [36mnew[39m [33mError[39m([32m'DATABASE_URL_TEST must be set in environment variables'[39m)[33m;[39m
     [90m    |[39m             [31m[1m^[22m[39m
     [90m 15 |[39m     }
     [90m 16 |[39m     [36mreturn[39m process[33m.[39menv[33m.[39m[33mDATABASE_URL_TEST[39m[33m;[39m
     [90m 17 |[39m   }[0m

      at DatabaseConfigService.getTestURL (src/config/database-config.service.ts:14:13)
      at new PrismaService (src/prisma/prisma.service.ts:18:24)
      at TestingInjector.instantiateClass (node_modules/@nestjs/core/injector/injector.js:422:19)
      at callback (node_modules/@nestjs/core/injector/injector.js:70:45)
      at TestingInjector.resolveConstructorParams (node_modules/@nestjs/core/injector/injector.js:170:24)
      at TestingInjector.loadInstance (node_modules/@nestjs/core/injector/injector.js:75:13)
      at TestingInjector.loadProvider (node_modules/@nestjs/core/injector/injector.js:103:9)
      at node_modules/@nestjs/core/injector/instance-loader.js:56:13
          at async Promise.all (index 4)
      at TestingInstanceLoader.createInstancesOfProviders (node_modules/@nestjs/core/injector/instance-loader.js:55:9)
      at node_modules/@nestjs/core/injector/instance-loader.js:40:13
          at async Promise.all (index 3)
      at TestingInstanceLoader.createInstances (node_modules/@nestjs/core/injector/instance-loader.js:39:9)
      at TestingInstanceLoader.createInstancesOfDependencies (node_modules/@nestjs/core/injector/instance-loader.js:22:13)
      at TestingInstanceLoader.createInstancesOfDependencies (node_modules/@nestjs/testing/testing-instance-loader.js:9:9)
      at TestingModuleBuilder.createInstancesOfDependencies (node_modules/@nestjs/testing/testing-module.builder.js:118:9)
      at TestingModuleBuilder.compile (node_modules/@nestjs/testing/testing-module.builder.js:74:9)
      at Object.<anonymous> (test/integration/event.e2e-spec.ts:28:42)

  ● EventService (e2e) › update › should throw BadRequestException when end_date is before start_date

    DATABASE_URL_TEST must be set in environment variables

    [0m [90m 12 |[39m   getTestURL()[33m:[39m string {
     [90m 13 |[39m     [36mif[39m ([33m![39mprocess[33m.[39menv[33m.[39m[33mDATABASE_URL_TEST[39m) {
    [31m[1m>[22m[39m[90m 14 |[39m       [36mthrow[39m [36mnew[39m [33mError[39m([32m'DATABASE_URL_TEST must be set in environment variables'[39m)[33m;[39m
     [90m    |[39m             [31m[1m^[22m[39m
     [90m 15 |[39m     }
     [90m 16 |[39m     [36mreturn[39m process[33m.[39menv[33m.[39m[33mDATABASE_URL_TEST[39m[33m;[39m
     [90m 17 |[39m   }[0m

      at DatabaseConfigService.getTestURL (src/config/database-config.service.ts:14:13)
      at new PrismaService (src/prisma/prisma.service.ts:18:24)
      at TestingInjector.instantiateClass (node_modules/@nestjs/core/injector/injector.js:422:19)
      at callback (node_modules/@nestjs/core/injector/injector.js:70:45)
      at TestingInjector.resolveConstructorParams (node_modules/@nestjs/core/injector/injector.js:170:24)
      at TestingInjector.loadInstance (node_modules/@nestjs/core/injector/injector.js:75:13)
      at TestingInjector.loadProvider (node_modules/@nestjs/core/injector/injector.js:103:9)
      at node_modules/@nestjs/core/injector/instance-loader.js:56:13
          at async Promise.all (index 4)
      at TestingInstanceLoader.createInstancesOfProviders (node_modules/@nestjs/core/injector/instance-loader.js:55:9)
      at node_modules/@nestjs/core/injector/instance-loader.js:40:13
          at async Promise.all (index 3)
      at TestingInstanceLoader.createInstances (node_modules/@nestjs/core/injector/instance-loader.js:39:9)
      at TestingInstanceLoader.createInstancesOfDependencies (node_modules/@nestjs/core/injector/instance-loader.js:22:13)
      at TestingInstanceLoader.createInstancesOfDependencies (node_modules/@nestjs/testing/testing-instance-loader.js:9:9)
      at TestingModuleBuilder.createInstancesOfDependencies (node_modules/@nestjs/testing/testing-module.builder.js:118:9)
      at TestingModuleBuilder.compile (node_modules/@nestjs/testing/testing-module.builder.js:74:9)
      at Object.<anonymous> (test/integration/event.e2e-spec.ts:28:42)

  ● EventService (e2e) › update › should throw BadRequestException when end_date equals start_date

    DATABASE_URL_TEST must be set in environment variables

    [0m [90m 12 |[39m   getTestURL()[33m:[39m string {
     [90m 13 |[39m     [36mif[39m ([33m![39mprocess[33m.[39menv[33m.[39m[33mDATABASE_URL_TEST[39m) {
    [31m[1m>[22m[39m[90m 14 |[39m       [36mthrow[39m [36mnew[39m [33mError[39m([32m'DATABASE_URL_TEST must be set in environment variables'[39m)[33m;[39m
     [90m    |[39m             [31m[1m^[22m[39m
     [90m 15 |[39m     }
     [90m 16 |[39m     [36mreturn[39m process[33m.[39menv[33m.[39m[33mDATABASE_URL_TEST[39m[33m;[39m
     [90m 17 |[39m   }[0m

      at DatabaseConfigService.getTestURL (src/config/database-config.service.ts:14:13)
      at new PrismaService (src/prisma/prisma.service.ts:18:24)
      at TestingInjector.instantiateClass (node_modules/@nestjs/core/injector/injector.js:422:19)
      at callback (node_modules/@nestjs/core/injector/injector.js:70:45)
      at TestingInjector.resolveConstructorParams (node_modules/@nestjs/core/injector/injector.js:170:24)
      at TestingInjector.loadInstance (node_modules/@nestjs/core/injector/injector.js:75:13)
      at TestingInjector.loadProvider (node_modules/@nestjs/core/injector/injector.js:103:9)
      at node_modules/@nestjs/core/injector/instance-loader.js:56:13
          at async Promise.all (index 4)
      at TestingInstanceLoader.createInstancesOfProviders (node_modules/@nestjs/core/injector/instance-loader.js:55:9)
      at node_modules/@nestjs/core/injector/instance-loader.js:40:13
          at async Promise.all (index 3)
      at TestingInstanceLoader.createInstances (node_modules/@nestjs/core/injector/instance-loader.js:39:9)
      at TestingInstanceLoader.createInstancesOfDependencies (node_modules/@nestjs/core/injector/instance-loader.js:22:13)
      at TestingInstanceLoader.createInstancesOfDependencies (node_modules/@nestjs/testing/testing-instance-loader.js:9:9)
      at TestingModuleBuilder.createInstancesOfDependencies (node_modules/@nestjs/testing/testing-module.builder.js:118:9)
      at TestingModuleBuilder.compile (node_modules/@nestjs/testing/testing-module.builder.js:74:9)
      at Object.<anonymous> (test/integration/event.e2e-spec.ts:28:42)

  ● EventService (e2e) › update › should handle empty update data

    DATABASE_URL_TEST must be set in environment variables

    [0m [90m 12 |[39m   getTestURL()[33m:[39m string {
     [90m 13 |[39m     [36mif[39m ([33m![39mprocess[33m.[39menv[33m.[39m[33mDATABASE_URL_TEST[39m) {
    [31m[1m>[22m[39m[90m 14 |[39m       [36mthrow[39m [36mnew[39m [33mError[39m([32m'DATABASE_URL_TEST must be set in environment variables'[39m)[33m;[39m
     [90m    |[39m             [31m[1m^[22m[39m
     [90m 15 |[39m     }
     [90m 16 |[39m     [36mreturn[39m process[33m.[39menv[33m.[39m[33mDATABASE_URL_TEST[39m[33m;[39m
     [90m 17 |[39m   }[0m

      at DatabaseConfigService.getTestURL (src/config/database-config.service.ts:14:13)
      at new PrismaService (src/prisma/prisma.service.ts:18:24)
      at TestingInjector.instantiateClass (node_modules/@nestjs/core/injector/injector.js:422:19)
      at callback (node_modules/@nestjs/core/injector/injector.js:70:45)
      at TestingInjector.resolveConstructorParams (node_modules/@nestjs/core/injector/injector.js:170:24)
      at TestingInjector.loadInstance (node_modules/@nestjs/core/injector/injector.js:75:13)
      at TestingInjector.loadProvider (node_modules/@nestjs/core/injector/injector.js:103:9)
      at node_modules/@nestjs/core/injector/instance-loader.js:56:13
          at async Promise.all (index 4)
      at TestingInstanceLoader.createInstancesOfProviders (node_modules/@nestjs/core/injector/instance-loader.js:55:9)
      at node_modules/@nestjs/core/injector/instance-loader.js:40:13
          at async Promise.all (index 3)
      at TestingInstanceLoader.createInstances (node_modules/@nestjs/core/injector/instance-loader.js:39:9)
      at TestingInstanceLoader.createInstancesOfDependencies (node_modules/@nestjs/core/injector/instance-loader.js:22:13)
      at TestingInstanceLoader.createInstancesOfDependencies (node_modules/@nestjs/testing/testing-instance-loader.js:9:9)
      at TestingModuleBuilder.createInstancesOfDependencies (node_modules/@nestjs/testing/testing-module.builder.js:118:9)
      at TestingModuleBuilder.compile (node_modules/@nestjs/testing/testing-module.builder.js:74:9)
      at Object.<anonymous> (test/integration/event.e2e-spec.ts:28:42)

  ● EventService (e2e) › update › should handle database foreign key constraint violation for game_id

    DATABASE_URL_TEST must be set in environment variables

    [0m [90m 12 |[39m   getTestURL()[33m:[39m string {
     [90m 13 |[39m     [36mif[39m ([33m![39mprocess[33m.[39menv[33m.[39m[33mDATABASE_URL_TEST[39m) {
    [31m[1m>[22m[39m[90m 14 |[39m       [36mthrow[39m [36mnew[39m [33mError[39m([32m'DATABASE_URL_TEST must be set in environment variables'[39m)[33m;[39m
     [90m    |[39m             [31m[1m^[22m[39m
     [90m 15 |[39m     }
     [90m 16 |[39m     [36mreturn[39m process[33m.[39menv[33m.[39m[33mDATABASE_URL_TEST[39m[33m;[39m
     [90m 17 |[39m   }[0m

      at DatabaseConfigService.getTestURL (src/config/database-config.service.ts:14:13)
      at new PrismaService (src/prisma/prisma.service.ts:18:24)
      at TestingInjector.instantiateClass (node_modules/@nestjs/core/injector/injector.js:422:19)
      at callback (node_modules/@nestjs/core/injector/injector.js:70:45)
      at TestingInjector.resolveConstructorParams (node_modules/@nestjs/core/injector/injector.js:170:24)
      at TestingInjector.loadInstance (node_modules/@nestjs/core/injector/injector.js:75:13)
      at TestingInjector.loadProvider (node_modules/@nestjs/core/injector/injector.js:103:9)
      at node_modules/@nestjs/core/injector/instance-loader.js:56:13
          at async Promise.all (index 4)
      at TestingInstanceLoader.createInstancesOfProviders (node_modules/@nestjs/core/injector/instance-loader.js:55:9)
      at node_modules/@nestjs/core/injector/instance-loader.js:40:13
          at async Promise.all (index 3)
      at TestingInstanceLoader.createInstances (node_modules/@nestjs/core/injector/instance-loader.js:39:9)
      at TestingInstanceLoader.createInstancesOfDependencies (node_modules/@nestjs/core/injector/instance-loader.js:22:13)
      at TestingInstanceLoader.createInstancesOfDependencies (node_modules/@nestjs/testing/testing-instance-loader.js:9:9)
      at TestingModuleBuilder.createInstancesOfDependencies (node_modules/@nestjs/testing/testing-module.builder.js:118:9)
      at TestingModuleBuilder.compile (node_modules/@nestjs/testing/testing-module.builder.js:74:9)
      at Object.<anonymous> (test/integration/event.e2e-spec.ts:28:42)

  ● EventService (e2e) › update › should handle invalid type enum value in database

    DATABASE_URL_TEST must be set in environment variables

    [0m [90m 12 |[39m   getTestURL()[33m:[39m string {
     [90m 13 |[39m     [36mif[39m ([33m![39mprocess[33m.[39menv[33m.[39m[33mDATABASE_URL_TEST[39m) {
    [31m[1m>[22m[39m[90m 14 |[39m       [36mthrow[39m [36mnew[39m [33mError[39m([32m'DATABASE_URL_TEST must be set in environment variables'[39m)[33m;[39m
     [90m    |[39m             [31m[1m^[22m[39m
     [90m 15 |[39m     }
     [90m 16 |[39m     [36mreturn[39m process[33m.[39menv[33m.[39m[33mDATABASE_URL_TEST[39m[33m;[39m
     [90m 17 |[39m   }[0m

      at DatabaseConfigService.getTestURL (src/config/database-config.service.ts:14:13)
      at new PrismaService (src/prisma/prisma.service.ts:18:24)
      at TestingInjector.instantiateClass (node_modules/@nestjs/core/injector/injector.js:422:19)
      at callback (node_modules/@nestjs/core/injector/injector.js:70:45)
      at TestingInjector.resolveConstructorParams (node_modules/@nestjs/core/injector/injector.js:170:24)
      at TestingInjector.loadInstance (node_modules/@nestjs/core/injector/injector.js:75:13)
      at TestingInjector.loadProvider (node_modules/@nestjs/core/injector/injector.js:103:9)
      at node_modules/@nestjs/core/injector/instance-loader.js:56:13
          at async Promise.all (index 4)
      at TestingInstanceLoader.createInstancesOfProviders (node_modules/@nestjs/core/injector/instance-loader.js:55:9)
      at node_modules/@nestjs/core/injector/instance-loader.js:40:13
          at async Promise.all (index 3)
      at TestingInstanceLoader.createInstances (node_modules/@nestjs/core/injector/instance-loader.js:39:9)
      at TestingInstanceLoader.createInstancesOfDependencies (node_modules/@nestjs/core/injector/instance-loader.js:22:13)
      at TestingInstanceLoader.createInstancesOfDependencies (node_modules/@nestjs/testing/testing-instance-loader.js:9:9)
      at TestingModuleBuilder.createInstancesOfDependencies (node_modules/@nestjs/testing/testing-module.builder.js:118:9)
      at TestingModuleBuilder.compile (node_modules/@nestjs/testing/testing-module.builder.js:74:9)
      at Object.<anonymous> (test/integration/event.e2e-spec.ts:28:42)

  ● EventService (e2e) › update › should handle transaction rollback on error

    DATABASE_URL_TEST must be set in environment variables

    [0m [90m 12 |[39m   getTestURL()[33m:[39m string {
     [90m 13 |[39m     [36mif[39m ([33m![39mprocess[33m.[39menv[33m.[39m[33mDATABASE_URL_TEST[39m) {
    [31m[1m>[22m[39m[90m 14 |[39m       [36mthrow[39m [36mnew[39m [33mError[39m([32m'DATABASE_URL_TEST must be set in environment variables'[39m)[33m;[39m
     [90m    |[39m             [31m[1m^[22m[39m
     [90m 15 |[39m     }
     [90m 16 |[39m     [36mreturn[39m process[33m.[39menv[33m.[39m[33mDATABASE_URL_TEST[39m[33m;[39m
     [90m 17 |[39m   }[0m

      at DatabaseConfigService.getTestURL (src/config/database-config.service.ts:14:13)
      at new PrismaService (src/prisma/prisma.service.ts:18:24)
      at TestingInjector.instantiateClass (node_modules/@nestjs/core/injector/injector.js:422:19)
      at callback (node_modules/@nestjs/core/injector/injector.js:70:45)
      at TestingInjector.resolveConstructorParams (node_modules/@nestjs/core/injector/injector.js:170:24)
      at TestingInjector.loadInstance (node_modules/@nestjs/core/injector/injector.js:75:13)
      at TestingInjector.loadProvider (node_modules/@nestjs/core/injector/injector.js:103:9)
      at node_modules/@nestjs/core/injector/instance-loader.js:56:13
          at async Promise.all (index 4)
      at TestingInstanceLoader.createInstancesOfProviders (node_modules/@nestjs/core/injector/instance-loader.js:55:9)
      at node_modules/@nestjs/core/injector/instance-loader.js:40:13
          at async Promise.all (index 3)
      at TestingInstanceLoader.createInstances (node_modules/@nestjs/core/injector/instance-loader.js:39:9)
      at TestingInstanceLoader.createInstancesOfDependencies (node_modules/@nestjs/core/injector/instance-loader.js:22:13)
      at TestingInstanceLoader.createInstancesOfDependencies (node_modules/@nestjs/testing/testing-instance-loader.js:9:9)
      at TestingModuleBuilder.createInstancesOfDependencies (node_modules/@nestjs/testing/testing-module.builder.js:118:9)
      at TestingModuleBuilder.compile (node_modules/@nestjs/testing/testing-module.builder.js:74:9)
      at Object.<anonymous> (test/integration/event.e2e-spec.ts:28:42)

  ● EventService (e2e) › remove › should delete an event

    DATABASE_URL_TEST must be set in environment variables

    [0m [90m 12 |[39m   getTestURL()[33m:[39m string {
     [90m 13 |[39m     [36mif[39m ([33m![39mprocess[33m.[39menv[33m.[39m[33mDATABASE_URL_TEST[39m) {
    [31m[1m>[22m[39m[90m 14 |[39m       [36mthrow[39m [36mnew[39m [33mError[39m([32m'DATABASE_URL_TEST must be set in environment variables'[39m)[33m;[39m
     [90m    |[39m             [31m[1m^[22m[39m
     [90m 15 |[39m     }
     [90m 16 |[39m     [36mreturn[39m process[33m.[39menv[33m.[39m[33mDATABASE_URL_TEST[39m[33m;[39m
     [90m 17 |[39m   }[0m

      at DatabaseConfigService.getTestURL (src/config/database-config.service.ts:14:13)
      at new PrismaService (src/prisma/prisma.service.ts:18:24)
      at TestingInjector.instantiateClass (node_modules/@nestjs/core/injector/injector.js:422:19)
      at callback (node_modules/@nestjs/core/injector/injector.js:70:45)
      at TestingInjector.resolveConstructorParams (node_modules/@nestjs/core/injector/injector.js:170:24)
      at TestingInjector.loadInstance (node_modules/@nestjs/core/injector/injector.js:75:13)
      at TestingInjector.loadProvider (node_modules/@nestjs/core/injector/injector.js:103:9)
      at node_modules/@nestjs/core/injector/instance-loader.js:56:13
          at async Promise.all (index 4)
      at TestingInstanceLoader.createInstancesOfProviders (node_modules/@nestjs/core/injector/instance-loader.js:55:9)
      at node_modules/@nestjs/core/injector/instance-loader.js:40:13
          at async Promise.all (index 3)
      at TestingInstanceLoader.createInstances (node_modules/@nestjs/core/injector/instance-loader.js:39:9)
      at TestingInstanceLoader.createInstancesOfDependencies (node_modules/@nestjs/core/injector/instance-loader.js:22:13)
      at TestingInstanceLoader.createInstancesOfDependencies (node_modules/@nestjs/testing/testing-instance-loader.js:9:9)
      at TestingModuleBuilder.createInstancesOfDependencies (node_modules/@nestjs/testing/testing-module.builder.js:118:9)
      at TestingModuleBuilder.compile (node_modules/@nestjs/testing/testing-module.builder.js:74:9)
      at Object.<anonymous> (test/integration/event.e2e-spec.ts:28:42)

  ● EventService (e2e) › remove › should throw NotFoundException when event does not exist

    DATABASE_URL_TEST must be set in environment variables

    [0m [90m 12 |[39m   getTestURL()[33m:[39m string {
     [90m 13 |[39m     [36mif[39m ([33m![39mprocess[33m.[39menv[33m.[39m[33mDATABASE_URL_TEST[39m) {
    [31m[1m>[22m[39m[90m 14 |[39m       [36mthrow[39m [36mnew[39m [33mError[39m([32m'DATABASE_URL_TEST must be set in environment variables'[39m)[33m;[39m
     [90m    |[39m             [31m[1m^[22m[39m
     [90m 15 |[39m     }
     [90m 16 |[39m     [36mreturn[39m process[33m.[39menv[33m.[39m[33mDATABASE_URL_TEST[39m[33m;[39m
     [90m 17 |[39m   }[0m

      at DatabaseConfigService.getTestURL (src/config/database-config.service.ts:14:13)
      at new PrismaService (src/prisma/prisma.service.ts:18:24)
      at TestingInjector.instantiateClass (node_modules/@nestjs/core/injector/injector.js:422:19)
      at callback (node_modules/@nestjs/core/injector/injector.js:70:45)
      at TestingInjector.resolveConstructorParams (node_modules/@nestjs/core/injector/injector.js:170:24)
      at TestingInjector.loadInstance (node_modules/@nestjs/core/injector/injector.js:75:13)
      at TestingInjector.loadProvider (node_modules/@nestjs/core/injector/injector.js:103:9)
      at node_modules/@nestjs/core/injector/instance-loader.js:56:13
          at async Promise.all (index 4)
      at TestingInstanceLoader.createInstancesOfProviders (node_modules/@nestjs/core/injector/instance-loader.js:55:9)
      at node_modules/@nestjs/core/injector/instance-loader.js:40:13
          at async Promise.all (index 3)
      at TestingInstanceLoader.createInstances (node_modules/@nestjs/core/injector/instance-loader.js:39:9)
      at TestingInstanceLoader.createInstancesOfDependencies (node_modules/@nestjs/core/injector/instance-loader.js:22:13)
      at TestingInstanceLoader.createInstancesOfDependencies (node_modules/@nestjs/testing/testing-instance-loader.js:9:9)
      at TestingModuleBuilder.createInstancesOfDependencies (node_modules/@nestjs/testing/testing-module.builder.js:118:9)
      at TestingModuleBuilder.compile (node_modules/@nestjs/testing/testing-module.builder.js:74:9)
      at Object.<anonymous> (test/integration/event.e2e-spec.ts:28:42)

  ● EventService (e2e) › remove › should handle database constraint violation when deleting non-existent event

    DATABASE_URL_TEST must be set in environment variables

    [0m [90m 12 |[39m   getTestURL()[33m:[39m string {
     [90m 13 |[39m     [36mif[39m ([33m![39mprocess[33m.[39menv[33m.[39m[33mDATABASE_URL_TEST[39m) {
    [31m[1m>[22m[39m[90m 14 |[39m       [36mthrow[39m [36mnew[39m [33mError[39m([32m'DATABASE_URL_TEST must be set in environment variables'[39m)[33m;[39m
     [90m    |[39m             [31m[1m^[22m[39m
     [90m 15 |[39m     }
     [90m 16 |[39m     [36mreturn[39m process[33m.[39menv[33m.[39m[33mDATABASE_URL_TEST[39m[33m;[39m
     [90m 17 |[39m   }[0m

      at DatabaseConfigService.getTestURL (src/config/database-config.service.ts:14:13)
      at new PrismaService (src/prisma/prisma.service.ts:18:24)
      at TestingInjector.instantiateClass (node_modules/@nestjs/core/injector/injector.js:422:19)
      at callback (node_modules/@nestjs/core/injector/injector.js:70:45)
      at TestingInjector.resolveConstructorParams (node_modules/@nestjs/core/injector/injector.js:170:24)
      at TestingInjector.loadInstance (node_modules/@nestjs/core/injector/injector.js:75:13)
      at TestingInjector.loadProvider (node_modules/@nestjs/core/injector/injector.js:103:9)
      at node_modules/@nestjs/core/injector/instance-loader.js:56:13
          at async Promise.all (index 4)
      at TestingInstanceLoader.createInstancesOfProviders (node_modules/@nestjs/core/injector/instance-loader.js:55:9)
      at node_modules/@nestjs/core/injector/instance-loader.js:40:13
          at async Promise.all (index 3)
      at TestingInstanceLoader.createInstances (node_modules/@nestjs/core/injector/instance-loader.js:39:9)
      at TestingInstanceLoader.createInstancesOfDependencies (node_modules/@nestjs/core/injector/instance-loader.js:22:13)
      at TestingInstanceLoader.createInstancesOfDependencies (node_modules/@nestjs/testing/testing-instance-loader.js:9:9)
      at TestingModuleBuilder.createInstancesOfDependencies (node_modules/@nestjs/testing/testing-module.builder.js:118:9)
      at TestingModuleBuilder.compile (node_modules/@nestjs/testing/testing-module.builder.js:74:9)
      at Object.<anonymous> (test/integration/event.e2e-spec.ts:28:42)

  ● EventService (e2e) › remove › should handle transaction rollback on error

    DATABASE_URL_TEST must be set in environment variables

    [0m [90m 12 |[39m   getTestURL()[33m:[39m string {
     [90m 13 |[39m     [36mif[39m ([33m![39mprocess[33m.[39menv[33m.[39m[33mDATABASE_URL_TEST[39m) {
    [31m[1m>[22m[39m[90m 14 |[39m       [36mthrow[39m [36mnew[39m [33mError[39m([32m'DATABASE_URL_TEST must be set in environment variables'[39m)[33m;[39m
     [90m    |[39m             [31m[1m^[22m[39m
     [90m 15 |[39m     }
     [90m 16 |[39m     [36mreturn[39m process[33m.[39menv[33m.[39m[33mDATABASE_URL_TEST[39m[33m;[39m
     [90m 17 |[39m   }[0m

      at DatabaseConfigService.getTestURL (src/config/database-config.service.ts:14:13)
      at new PrismaService (src/prisma/prisma.service.ts:18:24)
      at TestingInjector.instantiateClass (node_modules/@nestjs/core/injector/injector.js:422:19)
      at callback (node_modules/@nestjs/core/injector/injector.js:70:45)
      at TestingInjector.resolveConstructorParams (node_modules/@nestjs/core/injector/injector.js:170:24)
      at TestingInjector.loadInstance (node_modules/@nestjs/core/injector/injector.js:75:13)
      at TestingInjector.loadProvider (node_modules/@nestjs/core/injector/injector.js:103:9)
      at node_modules/@nestjs/core/injector/instance-loader.js:56:13
          at async Promise.all (index 4)
      at TestingInstanceLoader.createInstancesOfProviders (node_modules/@nestjs/core/injector/instance-loader.js:55:9)
      at node_modules/@nestjs/core/injector/instance-loader.js:40:13
          at async Promise.all (index 3)
      at TestingInstanceLoader.createInstances (node_modules/@nestjs/core/injector/instance-loader.js:39:9)
      at TestingInstanceLoader.createInstancesOfDependencies (node_modules/@nestjs/core/injector/instance-loader.js:22:13)
      at TestingInstanceLoader.createInstancesOfDependencies (node_modules/@nestjs/testing/testing-instance-loader.js:9:9)
      at TestingModuleBuilder.createInstancesOfDependencies (node_modules/@nestjs/testing/testing-module.builder.js:118:9)
      at TestingModuleBuilder.compile (node_modules/@nestjs/testing/testing-module.builder.js:74:9)
      at Object.<anonymous> (test/integration/event.e2e-spec.ts:28:42)


  ● Test suite failed to run

    TypeError: Cannot read properties of undefined (reading 'close')

    [0m [90m  97 |[39m
     [90m  98 |[39m   afterAll([36masync[39m () [33m=>[39m {
    [31m[1m>[22m[39m[90m  99 |[39m     [36mawait[39m app[33m.[39mclose()[33m;[39m
     [90m     |[39m               [31m[1m^[22m[39m
     [90m 100 |[39m   })[33m;[39m
     [90m 101 |[39m
     [90m 102 |[39m   [36masync[39m [36mfunction[39m createTestGame(title[33m:[39m string) {[0m

      at Object.<anonymous> (test/integration/event.e2e-spec.ts:99:15)

FAIL test/integration/game-news.e2e-spec.ts (45.342 s)
  ● Console

    console.log
      ◇ injected env (0) from ..\.env // tip: ◈ encrypted .env [www.dotenvx.com]

      at _log (node_modules/dotenv/lib/main.js:131:11)

  ● GameNewsService (e2e) › create › should create a game news article successfully

    DATABASE_URL_TEST must be set in environment variables

    [0m [90m 12 |[39m   getTestURL()[33m:[39m string {
     [90m 13 |[39m     [36mif[39m ([33m![39mprocess[33m.[39menv[33m.[39m[33mDATABASE_URL_TEST[39m) {
    [31m[1m>[22m[39m[90m 14 |[39m       [36mthrow[39m [36mnew[39m [33mError[39m([32m'DATABASE_URL_TEST must be set in environment variables'[39m)[33m;[39m
     [90m    |[39m             [31m[1m^[22m[39m
     [90m 15 |[39m     }
     [90m 16 |[39m     [36mreturn[39m process[33m.[39menv[33m.[39m[33mDATABASE_URL_TEST[39m[33m;[39m
     [90m 17 |[39m   }[0m

      at DatabaseConfigService.getTestURL (src/config/database-config.service.ts:14:13)
      at new PrismaService (src/prisma/prisma.service.ts:18:24)
      at TestingInjector.instantiateClass (node_modules/@nestjs/core/injector/injector.js:422:19)
      at callback (node_modules/@nestjs/core/injector/injector.js:70:45)
      at TestingInjector.resolveConstructorParams (node_modules/@nestjs/core/injector/injector.js:170:24)
      at TestingInjector.loadInstance (node_modules/@nestjs/core/injector/injector.js:75:13)
      at TestingInjector.loadProvider (node_modules/@nestjs/core/injector/injector.js:103:9)
      at node_modules/@nestjs/core/injector/instance-loader.js:56:13
          at async Promise.all (index 4)
      at TestingInstanceLoader.createInstancesOfProviders (node_modules/@nestjs/core/injector/instance-loader.js:55:9)
      at node_modules/@nestjs/core/injector/instance-loader.js:40:13
          at async Promise.all (index 3)
      at TestingInstanceLoader.createInstances (node_modules/@nestjs/core/injector/instance-loader.js:39:9)
      at TestingInstanceLoader.createInstancesOfDependencies (node_modules/@nestjs/core/injector/instance-loader.js:22:13)
      at TestingInstanceLoader.createInstancesOfDependencies (node_modules/@nestjs/testing/testing-instance-loader.js:9:9)
      at TestingModuleBuilder.createInstancesOfDependencies (node_modules/@nestjs/testing/testing-module.builder.js:118:9)
      at TestingModuleBuilder.compile (node_modules/@nestjs/testing/testing-module.builder.js:74:9)
      at Object.<anonymous> (test/integration/game-news.e2e-spec.ts:23:42)

  ● GameNewsService (e2e) › create › should create a game news article with custom published_at

    DATABASE_URL_TEST must be set in environment variables

    [0m [90m 12 |[39m   getTestURL()[33m:[39m string {
     [90m 13 |[39m     [36mif[39m ([33m![39mprocess[33m.[39menv[33m.[39m[33mDATABASE_URL_TEST[39m) {
    [31m[1m>[22m[39m[90m 14 |[39m       [36mthrow[39m [36mnew[39m [33mError[39m([32m'DATABASE_URL_TEST must be set in environment variables'[39m)[33m;[39m
     [90m    |[39m             [31m[1m^[22m[39m
     [90m 15 |[39m     }
     [90m 16 |[39m     [36mreturn[39m process[33m.[39menv[33m.[39m[33mDATABASE_URL_TEST[39m[33m;[39m
     [90m 17 |[39m   }[0m

      at DatabaseConfigService.getTestURL (src/config/database-config.service.ts:14:13)
      at new PrismaService (src/prisma/prisma.service.ts:18:24)
      at TestingInjector.instantiateClass (node_modules/@nestjs/core/injector/injector.js:422:19)
      at callback (node_modules/@nestjs/core/injector/injector.js:70:45)
      at TestingInjector.resolveConstructorParams (node_modules/@nestjs/core/injector/injector.js:170:24)
      at TestingInjector.loadInstance (node_modules/@nestjs/core/injector/injector.js:75:13)
      at TestingInjector.loadProvider (node_modules/@nestjs/core/injector/injector.js:103:9)
      at node_modules/@nestjs/core/injector/instance-loader.js:56:13
          at async Promise.all (index 4)
      at TestingInstanceLoader.createInstancesOfProviders (node_modules/@nestjs/core/injector/instance-loader.js:55:9)
      at node_modules/@nestjs/core/injector/instance-loader.js:40:13
          at async Promise.all (index 3)
      at TestingInstanceLoader.createInstances (node_modules/@nestjs/core/injector/instance-loader.js:39:9)
      at TestingInstanceLoader.createInstancesOfDependencies (node_modules/@nestjs/core/injector/instance-loader.js:22:13)
      at TestingInstanceLoader.createInstancesOfDependencies (node_modules/@nestjs/testing/testing-instance-loader.js:9:9)
      at TestingModuleBuilder.createInstancesOfDependencies (node_modules/@nestjs/testing/testing-module.builder.js:118:9)
      at TestingModuleBuilder.compile (node_modules/@nestjs/testing/testing-module.builder.js:74:9)
      at Object.<anonymous> (test/integration/game-news.e2e-spec.ts:23:42)

  ● GameNewsService (e2e) › create › should create a game news article with maximum length title

    DATABASE_URL_TEST must be set in environment variables

    [0m [90m 12 |[39m   getTestURL()[33m:[39m string {
     [90m 13 |[39m     [36mif[39m ([33m![39mprocess[33m.[39menv[33m.[39m[33mDATABASE_URL_TEST[39m) {
    [31m[1m>[22m[39m[90m 14 |[39m       [36mthrow[39m [36mnew[39m [33mError[39m([32m'DATABASE_URL_TEST must be set in environment variables'[39m)[33m;[39m
     [90m    |[39m             [31m[1m^[22m[39m
     [90m 15 |[39m     }
     [90m 16 |[39m     [36mreturn[39m process[33m.[39menv[33m.[39m[33mDATABASE_URL_TEST[39m[33m;[39m
     [90m 17 |[39m   }[0m

      at DatabaseConfigService.getTestURL (src/config/database-config.service.ts:14:13)
      at new PrismaService (src/prisma/prisma.service.ts:18:24)
      at TestingInjector.instantiateClass (node_modules/@nestjs/core/injector/injector.js:422:19)
      at callback (node_modules/@nestjs/core/injector/injector.js:70:45)
      at TestingInjector.resolveConstructorParams (node_modules/@nestjs/core/injector/injector.js:170:24)
      at TestingInjector.loadInstance (node_modules/@nestjs/core/injector/injector.js:75:13)
      at TestingInjector.loadProvider (node_modules/@nestjs/core/injector/injector.js:103:9)
      at node_modules/@nestjs/core/injector/instance-loader.js:56:13
          at async Promise.all (index 4)
      at TestingInstanceLoader.createInstancesOfProviders (node_modules/@nestjs/core/injector/instance-loader.js:55:9)
      at node_modules/@nestjs/core/injector/instance-loader.js:40:13
          at async Promise.all (index 3)
      at TestingInstanceLoader.createInstances (node_modules/@nestjs/core/injector/instance-loader.js:39:9)
      at TestingInstanceLoader.createInstancesOfDependencies (node_modules/@nestjs/core/injector/instance-loader.js:22:13)
      at TestingInstanceLoader.createInstancesOfDependencies (node_modules/@nestjs/testing/testing-instance-loader.js:9:9)
      at TestingModuleBuilder.createInstancesOfDependencies (node_modules/@nestjs/testing/testing-module.builder.js:118:9)
      at TestingModuleBuilder.compile (node_modules/@nestjs/testing/testing-module.builder.js:74:9)
      at Object.<anonymous> (test/integration/game-news.e2e-spec.ts:23:42)

  ● GameNewsService (e2e) › create › should create a game news article with long content

    DATABASE_URL_TEST must be set in environment variables

    [0m [90m 12 |[39m   getTestURL()[33m:[39m string {
     [90m 13 |[39m     [36mif[39m ([33m![39mprocess[33m.[39menv[33m.[39m[33mDATABASE_URL_TEST[39m) {
    [31m[1m>[22m[39m[90m 14 |[39m       [36mthrow[39m [36mnew[39m [33mError[39m([32m'DATABASE_URL_TEST must be set in environment variables'[39m)[33m;[39m
     [90m    |[39m             [31m[1m^[22m[39m
     [90m 15 |[39m     }
     [90m 16 |[39m     [36mreturn[39m process[33m.[39menv[33m.[39m[33mDATABASE_URL_TEST[39m[33m;[39m
     [90m 17 |[39m   }[0m

      at DatabaseConfigService.getTestURL (src/config/database-config.service.ts:14:13)
      at new PrismaService (src/prisma/prisma.service.ts:18:24)
      at TestingInjector.instantiateClass (node_modules/@nestjs/core/injector/injector.js:422:19)
      at callback (node_modules/@nestjs/core/injector/injector.js:70:45)
      at TestingInjector.resolveConstructorParams (node_modules/@nestjs/core/injector/injector.js:170:24)
      at TestingInjector.loadInstance (node_modules/@nestjs/core/injector/injector.js:75:13)
      at TestingInjector.loadProvider (node_modules/@nestjs/core/injector/injector.js:103:9)
      at node_modules/@nestjs/core/injector/instance-loader.js:56:13
          at async Promise.all (index 4)
      at TestingInstanceLoader.createInstancesOfProviders (node_modules/@nestjs/core/injector/instance-loader.js:55:9)
      at node_modules/@nestjs/core/injector/instance-loader.js:40:13
          at async Promise.all (index 3)
      at TestingInstanceLoader.createInstances (node_modules/@nestjs/core/injector/instance-loader.js:39:9)
      at TestingInstanceLoader.createInstancesOfDependencies (node_modules/@nestjs/core/injector/instance-loader.js:22:13)
      at TestingInstanceLoader.createInstancesOfDependencies (node_modules/@nestjs/testing/testing-instance-loader.js:9:9)
      at TestingModuleBuilder.createInstancesOfDependencies (node_modules/@nestjs/testing/testing-module.builder.js:118:9)
      at TestingModuleBuilder.compile (node_modules/@nestjs/testing/testing-module.builder.js:74:9)
      at Object.<anonymous> (test/integration/game-news.e2e-spec.ts:23:42)

  ● GameNewsService (e2e) › create › should throw NotFoundException when game does not exist

    DATABASE_URL_TEST must be set in environment variables

    [0m [90m 12 |[39m   getTestURL()[33m:[39m string {
     [90m 13 |[39m     [36mif[39m ([33m![39mprocess[33m.[39menv[33m.[39m[33mDATABASE_URL_TEST[39m) {
    [31m[1m>[22m[39m[90m 14 |[39m       [36mthrow[39m [36mnew[39m [33mError[39m([32m'DATABASE_URL_TEST must be set in environment variables'[39m)[33m;[39m
     [90m    |[39m             [31m[1m^[22m[39m
     [90m 15 |[39m     }
     [90m 16 |[39m     [36mreturn[39m process[33m.[39menv[33m.[39m[33mDATABASE_URL_TEST[39m[33m;[39m
     [90m 17 |[39m   }[0m

      at DatabaseConfigService.getTestURL (src/config/database-config.service.ts:14:13)
      at new PrismaService (src/prisma/prisma.service.ts:18:24)
      at TestingInjector.instantiateClass (node_modules/@nestjs/core/injector/injector.js:422:19)
      at callback (node_modules/@nestjs/core/injector/injector.js:70:45)
      at TestingInjector.resolveConstructorParams (node_modules/@nestjs/core/injector/injector.js:170:24)
      at TestingInjector.loadInstance (node_modules/@nestjs/core/injector/injector.js:75:13)
      at TestingInjector.loadProvider (node_modules/@nestjs/core/injector/injector.js:103:9)
      at node_modules/@nestjs/core/injector/instance-loader.js:56:13
          at async Promise.all (index 4)
      at TestingInstanceLoader.createInstancesOfProviders (node_modules/@nestjs/core/injector/instance-loader.js:55:9)
      at node_modules/@nestjs/core/injector/instance-loader.js:40:13
          at async Promise.all (index 3)
      at TestingInstanceLoader.createInstances (node_modules/@nestjs/core/injector/instance-loader.js:39:9)
      at TestingInstanceLoader.createInstancesOfDependencies (node_modules/@nestjs/core/injector/instance-loader.js:22:13)
      at TestingInstanceLoader.createInstancesOfDependencies (node_modules/@nestjs/testing/testing-instance-loader.js:9:9)
      at TestingModuleBuilder.createInstancesOfDependencies (node_modules/@nestjs/testing/testing-module.builder.js:118:9)
      at TestingModuleBuilder.compile (node_modules/@nestjs/testing/testing-module.builder.js:74:9)
      at Object.<anonymous> (test/integration/game-news.e2e-spec.ts:23:42)

  ● GameNewsService (e2e) › create › should handle transaction rollback on error

    DATABASE_URL_TEST must be set in environment variables

    [0m [90m 12 |[39m   getTestURL()[33m:[39m string {
     [90m 13 |[39m     [36mif[39m ([33m![39mprocess[33m.[39menv[33m.[39m[33mDATABASE_URL_TEST[39m) {
    [31m[1m>[22m[39m[90m 14 |[39m       [36mthrow[39m [36mnew[39m [33mError[39m([32m'DATABASE_URL_TEST must be set in environment variables'[39m)[33m;[39m
     [90m    |[39m             [31m[1m^[22m[39m
     [90m 15 |[39m     }
     [90m 16 |[39m     [36mreturn[39m process[33m.[39menv[33m.[39m[33mDATABASE_URL_TEST[39m[33m;[39m
     [90m 17 |[39m   }[0m

      at DatabaseConfigService.getTestURL (src/config/database-config.service.ts:14:13)
      at new PrismaService (src/prisma/prisma.service.ts:18:24)
      at TestingInjector.instantiateClass (node_modules/@nestjs/core/injector/injector.js:422:19)
      at callback (node_modules/@nestjs/core/injector/injector.js:70:45)
      at TestingInjector.resolveConstructorParams (node_modules/@nestjs/core/injector/injector.js:170:24)
      at TestingInjector.loadInstance (node_modules/@nestjs/core/injector/injector.js:75:13)
      at TestingInjector.loadProvider (node_modules/@nestjs/core/injector/injector.js:103:9)
      at node_modules/@nestjs/core/injector/instance-loader.js:56:13
          at async Promise.all (index 4)
      at TestingInstanceLoader.createInstancesOfProviders (node_modules/@nestjs/core/injector/instance-loader.js:55:9)
      at node_modules/@nestjs/core/injector/instance-loader.js:40:13
          at async Promise.all (index 3)
      at TestingInstanceLoader.createInstances (node_modules/@nestjs/core/injector/instance-loader.js:39:9)
      at TestingInstanceLoader.createInstancesOfDependencies (node_modules/@nestjs/core/injector/instance-loader.js:22:13)
      at TestingInstanceLoader.createInstancesOfDependencies (node_modules/@nestjs/testing/testing-instance-loader.js:9:9)
      at TestingModuleBuilder.createInstancesOfDependencies (node_modules/@nestjs/testing/testing-module.builder.js:118:9)
      at TestingModuleBuilder.compile (node_modules/@nestjs/testing/testing-module.builder.js:74:9)
      at Object.<anonymous> (test/integration/game-news.e2e-spec.ts:23:42)

  ● GameNewsService (e2e) › create › should fail with invalid foreign key constraint for game

    DATABASE_URL_TEST must be set in environment variables

    [0m [90m 12 |[39m   getTestURL()[33m:[39m string {
     [90m 13 |[39m     [36mif[39m ([33m![39mprocess[33m.[39menv[33m.[39m[33mDATABASE_URL_TEST[39m) {
    [31m[1m>[22m[39m[90m 14 |[39m       [36mthrow[39m [36mnew[39m [33mError[39m([32m'DATABASE_URL_TEST must be set in environment variables'[39m)[33m;[39m
     [90m    |[39m             [31m[1m^[22m[39m
     [90m 15 |[39m     }
     [90m 16 |[39m     [36mreturn[39m process[33m.[39menv[33m.[39m[33mDATABASE_URL_TEST[39m[33m;[39m
     [90m 17 |[39m   }[0m

      at DatabaseConfigService.getTestURL (src/config/database-config.service.ts:14:13)
      at new PrismaService (src/prisma/prisma.service.ts:18:24)
      at TestingInjector.instantiateClass (node_modules/@nestjs/core/injector/injector.js:422:19)
      at callback (node_modules/@nestjs/core/injector/injector.js:70:45)
      at TestingInjector.resolveConstructorParams (node_modules/@nestjs/core/injector/injector.js:170:24)
      at TestingInjector.loadInstance (node_modules/@nestjs/core/injector/injector.js:75:13)
      at TestingInjector.loadProvider (node_modules/@nestjs/core/injector/injector.js:103:9)
      at node_modules/@nestjs/core/injector/instance-loader.js:56:13
          at async Promise.all (index 4)
      at TestingInstanceLoader.createInstancesOfProviders (node_modules/@nestjs/core/injector/instance-loader.js:55:9)
      at node_modules/@nestjs/core/injector/instance-loader.js:40:13
          at async Promise.all (index 3)
      at TestingInstanceLoader.createInstances (node_modules/@nestjs/core/injector/instance-loader.js:39:9)
      at TestingInstanceLoader.createInstancesOfDependencies (node_modules/@nestjs/core/injector/instance-loader.js:22:13)
      at TestingInstanceLoader.createInstancesOfDependencies (node_modules/@nestjs/testing/testing-instance-loader.js:9:9)
      at TestingModuleBuilder.createInstancesOfDependencies (node_modules/@nestjs/testing/testing-module.builder.js:118:9)
      at TestingModuleBuilder.compile (node_modules/@nestjs/testing/testing-module.builder.js:74:9)
      at Object.<anonymous> (test/integration/game-news.e2e-spec.ts:23:42)

  ● GameNewsService (e2e) › findAll › should return all game news articles

    DATABASE_URL_TEST must be set in environment variables

    [0m [90m 12 |[39m   getTestURL()[33m:[39m string {
     [90m 13 |[39m     [36mif[39m ([33m![39mprocess[33m.[39menv[33m.[39m[33mDATABASE_URL_TEST[39m) {
    [31m[1m>[22m[39m[90m 14 |[39m       [36mthrow[39m [36mnew[39m [33mError[39m([32m'DATABASE_URL_TEST must be set in environment variables'[39m)[33m;[39m
     [90m    |[39m             [31m[1m^[22m[39m
     [90m 15 |[39m     }
     [90m 16 |[39m     [36mreturn[39m process[33m.[39menv[33m.[39m[33mDATABASE_URL_TEST[39m[33m;[39m
     [90m 17 |[39m   }[0m

      at DatabaseConfigService.getTestURL (src/config/database-config.service.ts:14:13)
      at new PrismaService (src/prisma/prisma.service.ts:18:24)
      at TestingInjector.instantiateClass (node_modules/@nestjs/core/injector/injector.js:422:19)
      at callback (node_modules/@nestjs/core/injector/injector.js:70:45)
      at TestingInjector.resolveConstructorParams (node_modules/@nestjs/core/injector/injector.js:170:24)
      at TestingInjector.loadInstance (node_modules/@nestjs/core/injector/injector.js:75:13)
      at TestingInjector.loadProvider (node_modules/@nestjs/core/injector/injector.js:103:9)
      at node_modules/@nestjs/core/injector/instance-loader.js:56:13
          at async Promise.all (index 4)
      at TestingInstanceLoader.createInstancesOfProviders (node_modules/@nestjs/core/injector/instance-loader.js:55:9)
      at node_modules/@nestjs/core/injector/instance-loader.js:40:13
          at async Promise.all (index 3)
      at TestingInstanceLoader.createInstances (node_modules/@nestjs/core/injector/instance-loader.js:39:9)
      at TestingInstanceLoader.createInstancesOfDependencies (node_modules/@nestjs/core/injector/instance-loader.js:22:13)
      at TestingInstanceLoader.createInstancesOfDependencies (node_modules/@nestjs/testing/testing-instance-loader.js:9:9)
      at TestingModuleBuilder.createInstancesOfDependencies (node_modules/@nestjs/testing/testing-module.builder.js:118:9)
      at TestingModuleBuilder.compile (node_modules/@nestjs/testing/testing-module.builder.js:74:9)
      at Object.<anonymous> (test/integration/game-news.e2e-spec.ts:23:42)

  ● GameNewsService (e2e) › findAll › should return game news ordered by published_at desc

    DATABASE_URL_TEST must be set in environment variables

    [0m [90m 12 |[39m   getTestURL()[33m:[39m string {
     [90m 13 |[39m     [36mif[39m ([33m![39mprocess[33m.[39menv[33m.[39m[33mDATABASE_URL_TEST[39m) {
    [31m[1m>[22m[39m[90m 14 |[39m       [36mthrow[39m [36mnew[39m [33mError[39m([32m'DATABASE_URL_TEST must be set in environment variables'[39m)[33m;[39m
     [90m    |[39m             [31m[1m^[22m[39m
     [90m 15 |[39m     }
     [90m 16 |[39m     [36mreturn[39m process[33m.[39menv[33m.[39m[33mDATABASE_URL_TEST[39m[33m;[39m
     [90m 17 |[39m   }[0m

      at DatabaseConfigService.getTestURL (src/config/database-config.service.ts:14:13)
      at new PrismaService (src/prisma/prisma.service.ts:18:24)
      at TestingInjector.instantiateClass (node_modules/@nestjs/core/injector/injector.js:422:19)
      at callback (node_modules/@nestjs/core/injector/injector.js:70:45)
      at TestingInjector.resolveConstructorParams (node_modules/@nestjs/core/injector/injector.js:170:24)
      at TestingInjector.loadInstance (node_modules/@nestjs/core/injector/injector.js:75:13)
      at TestingInjector.loadProvider (node_modules/@nestjs/core/injector/injector.js:103:9)
      at node_modules/@nestjs/core/injector/instance-loader.js:56:13
          at async Promise.all (index 4)
      at TestingInstanceLoader.createInstancesOfProviders (node_modules/@nestjs/core/injector/instance-loader.js:55:9)
      at node_modules/@nestjs/core/injector/instance-loader.js:40:13
          at async Promise.all (index 3)
      at TestingInstanceLoader.createInstances (node_modules/@nestjs/core/injector/instance-loader.js:39:9)
      at TestingInstanceLoader.createInstancesOfDependencies (node_modules/@nestjs/core/injector/instance-loader.js:22:13)
      at TestingInstanceLoader.createInstancesOfDependencies (node_modules/@nestjs/testing/testing-instance-loader.js:9:9)
      at TestingModuleBuilder.createInstancesOfDependencies (node_modules/@nestjs/testing/testing-module.builder.js:118:9)
      at TestingModuleBuilder.compile (node_modules/@nestjs/testing/testing-module.builder.js:74:9)
      at Object.<anonymous> (test/integration/game-news.e2e-spec.ts:23:42)

  ● GameNewsService (e2e) › findAll › should return game news with pagination

    DATABASE_URL_TEST must be set in environment variables

    [0m [90m 12 |[39m   getTestURL()[33m:[39m string {
     [90m 13 |[39m     [36mif[39m ([33m![39mprocess[33m.[39menv[33m.[39m[33mDATABASE_URL_TEST[39m) {
    [31m[1m>[22m[39m[90m 14 |[39m       [36mthrow[39m [36mnew[39m [33mError[39m([32m'DATABASE_URL_TEST must be set in environment variables'[39m)[33m;[39m
     [90m    |[39m             [31m[1m^[22m[39m
     [90m 15 |[39m     }
     [90m 16 |[39m     [36mreturn[39m process[33m.[39menv[33m.[39m[33mDATABASE_URL_TEST[39m[33m;[39m
     [90m 17 |[39m   }[0m

      at DatabaseConfigService.getTestURL (src/config/database-config.service.ts:14:13)
      at new PrismaService (src/prisma/prisma.service.ts:18:24)
      at TestingInjector.instantiateClass (node_modules/@nestjs/core/injector/injector.js:422:19)
      at callback (node_modules/@nestjs/core/injector/injector.js:70:45)
      at TestingInjector.resolveConstructorParams (node_modules/@nestjs/core/injector/injector.js:170:24)
      at TestingInjector.loadInstance (node_modules/@nestjs/core/injector/injector.js:75:13)
      at TestingInjector.loadProvider (node_modules/@nestjs/core/injector/injector.js:103:9)
      at node_modules/@nestjs/core/injector/instance-loader.js:56:13
          at async Promise.all (index 4)
      at TestingInstanceLoader.createInstancesOfProviders (node_modules/@nestjs/core/injector/instance-loader.js:55:9)
      at node_modules/@nestjs/core/injector/instance-loader.js:40:13
          at async Promise.all (index 3)
      at TestingInstanceLoader.createInstances (node_modules/@nestjs/core/injector/instance-loader.js:39:9)
      at TestingInstanceLoader.createInstancesOfDependencies (node_modules/@nestjs/core/injector/instance-loader.js:22:13)
      at TestingInstanceLoader.createInstancesOfDependencies (node_modules/@nestjs/testing/testing-instance-loader.js:9:9)
      at TestingModuleBuilder.createInstancesOfDependencies (node_modules/@nestjs/testing/testing-module.builder.js:118:9)
      at TestingModuleBuilder.compile (node_modules/@nestjs/testing/testing-module.builder.js:74:9)
      at Object.<anonymous> (test/integration/game-news.e2e-spec.ts:23:42)

  ● GameNewsService (e2e) › findAll › should include game information

    DATABASE_URL_TEST must be set in environment variables

    [0m [90m 12 |[39m   getTestURL()[33m:[39m string {
     [90m 13 |[39m     [36mif[39m ([33m![39mprocess[33m.[39menv[33m.[39m[33mDATABASE_URL_TEST[39m) {
    [31m[1m>[22m[39m[90m 14 |[39m       [36mthrow[39m [36mnew[39m [33mError[39m([32m'DATABASE_URL_TEST must be set in environment variables'[39m)[33m;[39m
     [90m    |[39m             [31m[1m^[22m[39m
     [90m 15 |[39m     }
     [90m 16 |[39m     [36mreturn[39m process[33m.[39menv[33m.[39m[33mDATABASE_URL_TEST[39m[33m;[39m
     [90m 17 |[39m   }[0m

      at DatabaseConfigService.getTestURL (src/config/database-config.service.ts:14:13)
      at new PrismaService (src/prisma/prisma.service.ts:18:24)
      at TestingInjector.instantiateClass (node_modules/@nestjs/core/injector/injector.js:422:19)
      at callback (node_modules/@nestjs/core/injector/injector.js:70:45)
      at TestingInjector.resolveConstructorParams (node_modules/@nestjs/core/injector/injector.js:170:24)
      at TestingInjector.loadInstance (node_modules/@nestjs/core/injector/injector.js:75:13)
      at TestingInjector.loadProvider (node_modules/@nestjs/core/injector/injector.js:103:9)
      at node_modules/@nestjs/core/injector/instance-loader.js:56:13
          at async Promise.all (index 4)
      at TestingInstanceLoader.createInstancesOfProviders (node_modules/@nestjs/core/injector/instance-loader.js:55:9)
      at node_modules/@nestjs/core/injector/instance-loader.js:40:13
          at async Promise.all (index 3)
      at TestingInstanceLoader.createInstances (node_modules/@nestjs/core/injector/instance-loader.js:39:9)
      at TestingInstanceLoader.createInstancesOfDependencies (node_modules/@nestjs/core/injector/instance-loader.js:22:13)
      at TestingInstanceLoader.createInstancesOfDependencies (node_modules/@nestjs/testing/testing-instance-loader.js:9:9)
      at TestingModuleBuilder.createInstancesOfDependencies (node_modules/@nestjs/testing/testing-module.builder.js:118:9)
      at TestingModuleBuilder.compile (node_modules/@nestjs/testing/testing-module.builder.js:74:9)
      at Object.<anonymous> (test/integration/game-news.e2e-spec.ts:23:42)

  ● GameNewsService (e2e) › findOne › should return a game news article by id

    DATABASE_URL_TEST must be set in environment variables

    [0m [90m 12 |[39m   getTestURL()[33m:[39m string {
     [90m 13 |[39m     [36mif[39m ([33m![39mprocess[33m.[39menv[33m.[39m[33mDATABASE_URL_TEST[39m) {
    [31m[1m>[22m[39m[90m 14 |[39m       [36mthrow[39m [36mnew[39m [33mError[39m([32m'DATABASE_URL_TEST must be set in environment variables'[39m)[33m;[39m
     [90m    |[39m             [31m[1m^[22m[39m
     [90m 15 |[39m     }
     [90m 16 |[39m     [36mreturn[39m process[33m.[39menv[33m.[39m[33mDATABASE_URL_TEST[39m[33m;[39m
     [90m 17 |[39m   }[0m

      at DatabaseConfigService.getTestURL (src/config/database-config.service.ts:14:13)
      at new PrismaService (src/prisma/prisma.service.ts:18:24)
      at TestingInjector.instantiateClass (node_modules/@nestjs/core/injector/injector.js:422:19)
      at callback (node_modules/@nestjs/core/injector/injector.js:70:45)
      at TestingInjector.resolveConstructorParams (node_modules/@nestjs/core/injector/injector.js:170:24)
      at TestingInjector.loadInstance (node_modules/@nestjs/core/injector/injector.js:75:13)
      at TestingInjector.loadProvider (node_modules/@nestjs/core/injector/injector.js:103:9)
      at node_modules/@nestjs/core/injector/instance-loader.js:56:13
          at async Promise.all (index 4)
      at TestingInstanceLoader.createInstancesOfProviders (node_modules/@nestjs/core/injector/instance-loader.js:55:9)
      at node_modules/@nestjs/core/injector/instance-loader.js:40:13
          at async Promise.all (index 3)
      at TestingInstanceLoader.createInstances (node_modules/@nestjs/core/injector/instance-loader.js:39:9)
      at TestingInstanceLoader.createInstancesOfDependencies (node_modules/@nestjs/core/injector/instance-loader.js:22:13)
      at TestingInstanceLoader.createInstancesOfDependencies (node_modules/@nestjs/testing/testing-instance-loader.js:9:9)
      at TestingModuleBuilder.createInstancesOfDependencies (node_modules/@nestjs/testing/testing-module.builder.js:118:9)
      at TestingModuleBuilder.compile (node_modules/@nestjs/testing/testing-module.builder.js:74:9)
      at Object.<anonymous> (test/integration/game-news.e2e-spec.ts:23:42)

  ● GameNewsService (e2e) › findOne › should throw NotFoundException when game news does not exist

    DATABASE_URL_TEST must be set in environment variables

    [0m [90m 12 |[39m   getTestURL()[33m:[39m string {
     [90m 13 |[39m     [36mif[39m ([33m![39mprocess[33m.[39menv[33m.[39m[33mDATABASE_URL_TEST[39m) {
    [31m[1m>[22m[39m[90m 14 |[39m       [36mthrow[39m [36mnew[39m [33mError[39m([32m'DATABASE_URL_TEST must be set in environment variables'[39m)[33m;[39m
     [90m    |[39m             [31m[1m^[22m[39m
     [90m 15 |[39m     }
     [90m 16 |[39m     [36mreturn[39m process[33m.[39menv[33m.[39m[33mDATABASE_URL_TEST[39m[33m;[39m
     [90m 17 |[39m   }[0m

      at DatabaseConfigService.getTestURL (src/config/database-config.service.ts:14:13)
      at new PrismaService (src/prisma/prisma.service.ts:18:24)
      at TestingInjector.instantiateClass (node_modules/@nestjs/core/injector/injector.js:422:19)
      at callback (node_modules/@nestjs/core/injector/injector.js:70:45)
      at TestingInjector.resolveConstructorParams (node_modules/@nestjs/core/injector/injector.js:170:24)
      at TestingInjector.loadInstance (node_modules/@nestjs/core/injector/injector.js:75:13)
      at TestingInjector.loadProvider (node_modules/@nestjs/core/injector/injector.js:103:9)
      at node_modules/@nestjs/core/injector/instance-loader.js:56:13
          at async Promise.all (index 4)
      at TestingInstanceLoader.createInstancesOfProviders (node_modules/@nestjs/core/injector/instance-loader.js:55:9)
      at node_modules/@nestjs/core/injector/instance-loader.js:40:13
          at async Promise.all (index 3)
      at TestingInstanceLoader.createInstances (node_modules/@nestjs/core/injector/instance-loader.js:39:9)
      at TestingInstanceLoader.createInstancesOfDependencies (node_modules/@nestjs/core/injector/instance-loader.js:22:13)
      at TestingInstanceLoader.createInstancesOfDependencies (node_modules/@nestjs/testing/testing-instance-loader.js:9:9)
      at TestingModuleBuilder.createInstancesOfDependencies (node_modules/@nestjs/testing/testing-module.builder.js:118:9)
      at TestingModuleBuilder.compile (node_modules/@nestjs/testing/testing-module.builder.js:74:9)
      at Object.<anonymous> (test/integration/game-news.e2e-spec.ts:23:42)

  ● GameNewsService (e2e) › findByGame › should return game news articles for a specific game

    DATABASE_URL_TEST must be set in environment variables

    [0m [90m 12 |[39m   getTestURL()[33m:[39m string {
     [90m 13 |[39m     [36mif[39m ([33m![39mprocess[33m.[39menv[33m.[39m[33mDATABASE_URL_TEST[39m) {
    [31m[1m>[22m[39m[90m 14 |[39m       [36mthrow[39m [36mnew[39m [33mError[39m([32m'DATABASE_URL_TEST must be set in environment variables'[39m)[33m;[39m
     [90m    |[39m             [31m[1m^[22m[39m
     [90m 15 |[39m     }
     [90m 16 |[39m     [36mreturn[39m process[33m.[39menv[33m.[39m[33mDATABASE_URL_TEST[39m[33m;[39m
     [90m 17 |[39m   }[0m

      at DatabaseConfigService.getTestURL (src/config/database-config.service.ts:14:13)
      at new PrismaService (src/prisma/prisma.service.ts:18:24)
      at TestingInjector.instantiateClass (node_modules/@nestjs/core/injector/injector.js:422:19)
      at callback (node_modules/@nestjs/core/injector/injector.js:70:45)
      at TestingInjector.resolveConstructorParams (node_modules/@nestjs/core/injector/injector.js:170:24)
      at TestingInjector.loadInstance (node_modules/@nestjs/core/injector/injector.js:75:13)
      at TestingInjector.loadProvider (node_modules/@nestjs/core/injector/injector.js:103:9)
      at node_modules/@nestjs/core/injector/instance-loader.js:56:13
          at async Promise.all (index 4)
      at TestingInstanceLoader.createInstancesOfProviders (node_modules/@nestjs/core/injector/instance-loader.js:55:9)
      at node_modules/@nestjs/core/injector/instance-loader.js:40:13
          at async Promise.all (index 3)
      at TestingInstanceLoader.createInstances (node_modules/@nestjs/core/injector/instance-loader.js:39:9)
      at TestingInstanceLoader.createInstancesOfDependencies (node_modules/@nestjs/core/injector/instance-loader.js:22:13)
      at TestingInstanceLoader.createInstancesOfDependencies (node_modules/@nestjs/testing/testing-instance-loader.js:9:9)
      at TestingModuleBuilder.createInstancesOfDependencies (node_modules/@nestjs/testing/testing-module.builder.js:118:9)
      at TestingModuleBuilder.compile (node_modules/@nestjs/testing/testing-module.builder.js:74:9)
      at Object.<anonymous> (test/integration/game-news.e2e-spec.ts:23:42)

  ● GameNewsService (e2e) › findByGame › should return game news ordered by published_at desc

    DATABASE_URL_TEST must be set in environment variables

    [0m [90m 12 |[39m   getTestURL()[33m:[39m string {
     [90m 13 |[39m     [36mif[39m ([33m![39mprocess[33m.[39menv[33m.[39m[33mDATABASE_URL_TEST[39m) {
    [31m[1m>[22m[39m[90m 14 |[39m       [36mthrow[39m [36mnew[39m [33mError[39m([32m'DATABASE_URL_TEST must be set in environment variables'[39m)[33m;[39m
     [90m    |[39m             [31m[1m^[22m[39m
     [90m 15 |[39m     }
     [90m 16 |[39m     [36mreturn[39m process[33m.[39menv[33m.[39m[33mDATABASE_URL_TEST[39m[33m;[39m
     [90m 17 |[39m   }[0m

      at DatabaseConfigService.getTestURL (src/config/database-config.service.ts:14:13)
      at new PrismaService (src/prisma/prisma.service.ts:18:24)
      at TestingInjector.instantiateClass (node_modules/@nestjs/core/injector/injector.js:422:19)
      at callback (node_modules/@nestjs/core/injector/injector.js:70:45)
      at TestingInjector.resolveConstructorParams (node_modules/@nestjs/core/injector/injector.js:170:24)
      at TestingInjector.loadInstance (node_modules/@nestjs/core/injector/injector.js:75:13)
      at TestingInjector.loadProvider (node_modules/@nestjs/core/injector/injector.js:103:9)
      at node_modules/@nestjs/core/injector/instance-loader.js:56:13
          at async Promise.all (index 4)
      at TestingInstanceLoader.createInstancesOfProviders (node_modules/@nestjs/core/injector/instance-loader.js:55:9)
      at node_modules/@nestjs/core/injector/instance-loader.js:40:13
          at async Promise.all (index 3)
      at TestingInstanceLoader.createInstances (node_modules/@nestjs/core/injector/instance-loader.js:39:9)
      at TestingInstanceLoader.createInstancesOfDependencies (node_modules/@nestjs/core/injector/instance-loader.js:22:13)
      at TestingInstanceLoader.createInstancesOfDependencies (node_modules/@nestjs/testing/testing-instance-loader.js:9:9)
      at TestingModuleBuilder.createInstancesOfDependencies (node_modules/@nestjs/testing/testing-module.builder.js:118:9)
      at TestingModuleBuilder.compile (node_modules/@nestjs/testing/testing-module.builder.js:74:9)
      at Object.<anonymous> (test/integration/game-news.e2e-spec.ts:23:42)

  ● GameNewsService (e2e) › findByGame › should return game news with pagination

    DATABASE_URL_TEST must be set in environment variables

    [0m [90m 12 |[39m   getTestURL()[33m:[39m string {
     [90m 13 |[39m     [36mif[39m ([33m![39mprocess[33m.[39menv[33m.[39m[33mDATABASE_URL_TEST[39m) {
    [31m[1m>[22m[39m[90m 14 |[39m       [36mthrow[39m [36mnew[39m [33mError[39m([32m'DATABASE_URL_TEST must be set in environment variables'[39m)[33m;[39m
     [90m    |[39m             [31m[1m^[22m[39m
     [90m 15 |[39m     }
     [90m 16 |[39m     [36mreturn[39m process[33m.[39menv[33m.[39m[33mDATABASE_URL_TEST[39m[33m;[39m
     [90m 17 |[39m   }[0m

      at DatabaseConfigService.getTestURL (src/config/database-config.service.ts:14:13)
      at new PrismaService (src/prisma/prisma.service.ts:18:24)
      at TestingInjector.instantiateClass (node_modules/@nestjs/core/injector/injector.js:422:19)
      at callback (node_modules/@nestjs/core/injector/injector.js:70:45)
      at TestingInjector.resolveConstructorParams (node_modules/@nestjs/core/injector/injector.js:170:24)
      at TestingInjector.loadInstance (node_modules/@nestjs/core/injector/injector.js:75:13)
      at TestingInjector.loadProvider (node_modules/@nestjs/core/injector/injector.js:103:9)
      at node_modules/@nestjs/core/injector/instance-loader.js:56:13
          at async Promise.all (index 4)
      at TestingInstanceLoader.createInstancesOfProviders (node_modules/@nestjs/core/injector/instance-loader.js:55:9)
      at node_modules/@nestjs/core/injector/instance-loader.js:40:13
          at async Promise.all (index 3)
      at TestingInstanceLoader.createInstances (node_modules/@nestjs/core/injector/instance-loader.js:39:9)
      at TestingInstanceLoader.createInstancesOfDependencies (node_modules/@nestjs/core/injector/instance-loader.js:22:13)
      at TestingInstanceLoader.createInstancesOfDependencies (node_modules/@nestjs/testing/testing-instance-loader.js:9:9)
      at TestingModuleBuilder.createInstancesOfDependencies (node_modules/@nestjs/testing/testing-module.builder.js:118:9)
      at TestingModuleBuilder.compile (node_modules/@nestjs/testing/testing-module.builder.js:74:9)
      at Object.<anonymous> (test/integration/game-news.e2e-spec.ts:23:42)

  ● GameNewsService (e2e) › findByGame › should return empty array when game has no news

    DATABASE_URL_TEST must be set in environment variables

    [0m [90m 12 |[39m   getTestURL()[33m:[39m string {
     [90m 13 |[39m     [36mif[39m ([33m![39mprocess[33m.[39menv[33m.[39m[33mDATABASE_URL_TEST[39m) {
    [31m[1m>[22m[39m[90m 14 |[39m       [36mthrow[39m [36mnew[39m [33mError[39m([32m'DATABASE_URL_TEST must be set in environment variables'[39m)[33m;[39m
     [90m    |[39m             [31m[1m^[22m[39m
     [90m 15 |[39m     }
     [90m 16 |[39m     [36mreturn[39m process[33m.[39menv[33m.[39m[33mDATABASE_URL_TEST[39m[33m;[39m
     [90m 17 |[39m   }[0m

      at DatabaseConfigService.getTestURL (src/config/database-config.service.ts:14:13)
      at new PrismaService (src/prisma/prisma.service.ts:18:24)
      at TestingInjector.instantiateClass (node_modules/@nestjs/core/injector/injector.js:422:19)
      at callback (node_modules/@nestjs/core/injector/injector.js:70:45)
      at TestingInjector.resolveConstructorParams (node_modules/@nestjs/core/injector/injector.js:170:24)
      at TestingInjector.loadInstance (node_modules/@nestjs/core/injector/injector.js:75:13)
      at TestingInjector.loadProvider (node_modules/@nestjs/core/injector/injector.js:103:9)
      at node_modules/@nestjs/core/injector/instance-loader.js:56:13
          at async Promise.all (index 4)
      at TestingInstanceLoader.createInstancesOfProviders (node_modules/@nestjs/core/injector/instance-loader.js:55:9)
      at node_modules/@nestjs/core/injector/instance-loader.js:40:13
          at async Promise.all (index 3)
      at TestingInstanceLoader.createInstances (node_modules/@nestjs/core/injector/instance-loader.js:39:9)
      at TestingInstanceLoader.createInstancesOfDependencies (node_modules/@nestjs/core/injector/instance-loader.js:22:13)
      at TestingInstanceLoader.createInstancesOfDependencies (node_modules/@nestjs/testing/testing-instance-loader.js:9:9)
      at TestingModuleBuilder.createInstancesOfDependencies (node_modules/@nestjs/testing/testing-module.builder.js:118:9)
      at TestingModuleBuilder.compile (node_modules/@nestjs/testing/testing-module.builder.js:74:9)
      at Object.<anonymous> (test/integration/game-news.e2e-spec.ts:23:42)

  ● GameNewsService (e2e) › findByGame › should throw NotFoundException when game does not exist

    DATABASE_URL_TEST must be set in environment variables

    [0m [90m 12 |[39m   getTestURL()[33m:[39m string {
     [90m 13 |[39m     [36mif[39m ([33m![39mprocess[33m.[39menv[33m.[39m[33mDATABASE_URL_TEST[39m) {
    [31m[1m>[22m[39m[90m 14 |[39m       [36mthrow[39m [36mnew[39m [33mError[39m([32m'DATABASE_URL_TEST must be set in environment variables'[39m)[33m;[39m
     [90m    |[39m             [31m[1m^[22m[39m
     [90m 15 |[39m     }
     [90m 16 |[39m     [36mreturn[39m process[33m.[39menv[33m.[39m[33mDATABASE_URL_TEST[39m[33m;[39m
     [90m 17 |[39m   }[0m

      at DatabaseConfigService.getTestURL (src/config/database-config.service.ts:14:13)
      at new PrismaService (src/prisma/prisma.service.ts:18:24)
      at TestingInjector.instantiateClass (node_modules/@nestjs/core/injector/injector.js:422:19)
      at callback (node_modules/@nestjs/core/injector/injector.js:70:45)
      at TestingInjector.resolveConstructorParams (node_modules/@nestjs/core/injector/injector.js:170:24)
      at TestingInjector.loadInstance (node_modules/@nestjs/core/injector/injector.js:75:13)
      at TestingInjector.loadProvider (node_modules/@nestjs/core/injector/injector.js:103:9)
      at node_modules/@nestjs/core/injector/instance-loader.js:56:13
          at async Promise.all (index 4)
      at TestingInstanceLoader.createInstancesOfProviders (node_modules/@nestjs/core/injector/instance-loader.js:55:9)
      at node_modules/@nestjs/core/injector/instance-loader.js:40:13
          at async Promise.all (index 3)
      at TestingInstanceLoader.createInstances (node_modules/@nestjs/core/injector/instance-loader.js:39:9)
      at TestingInstanceLoader.createInstancesOfDependencies (node_modules/@nestjs/core/injector/instance-loader.js:22:13)
      at TestingInstanceLoader.createInstancesOfDependencies (node_modules/@nestjs/testing/testing-instance-loader.js:9:9)
      at TestingModuleBuilder.createInstancesOfDependencies (node_modules/@nestjs/testing/testing-module.builder.js:118:9)
      at TestingModuleBuilder.compile (node_modules/@nestjs/testing/testing-module.builder.js:74:9)
      at Object.<anonymous> (test/integration/game-news.e2e-spec.ts:23:42)

  ● GameNewsService (e2e) › update › should update game news title successfully

    DATABASE_URL_TEST must be set in environment variables

    [0m [90m 12 |[39m   getTestURL()[33m:[39m string {
     [90m 13 |[39m     [36mif[39m ([33m![39mprocess[33m.[39menv[33m.[39m[33mDATABASE_URL_TEST[39m) {
    [31m[1m>[22m[39m[90m 14 |[39m       [36mthrow[39m [36mnew[39m [33mError[39m([32m'DATABASE_URL_TEST must be set in environment variables'[39m)[33m;[39m
     [90m    |[39m             [31m[1m^[22m[39m
     [90m 15 |[39m     }
     [90m 16 |[39m     [36mreturn[39m process[33m.[39menv[33m.[39m[33mDATABASE_URL_TEST[39m[33m;[39m
     [90m 17 |[39m   }[0m

      at DatabaseConfigService.getTestURL (src/config/database-config.service.ts:14:13)
      at new PrismaService (src/prisma/prisma.service.ts:18:24)
      at TestingInjector.instantiateClass (node_modules/@nestjs/core/injector/injector.js:422:19)
      at callback (node_modules/@nestjs/core/injector/injector.js:70:45)
      at TestingInjector.resolveConstructorParams (node_modules/@nestjs/core/injector/injector.js:170:24)
      at TestingInjector.loadInstance (node_modules/@nestjs/core/injector/injector.js:75:13)
      at TestingInjector.loadProvider (node_modules/@nestjs/core/injector/injector.js:103:9)
      at node_modules/@nestjs/core/injector/instance-loader.js:56:13
          at async Promise.all (index 4)
      at TestingInstanceLoader.createInstancesOfProviders (node_modules/@nestjs/core/injector/instance-loader.js:55:9)
      at node_modules/@nestjs/core/injector/instance-loader.js:40:13
          at async Promise.all (index 3)
      at TestingInstanceLoader.createInstances (node_modules/@nestjs/core/injector/instance-loader.js:39:9)
      at TestingInstanceLoader.createInstancesOfDependencies (node_modules/@nestjs/core/injector/instance-loader.js:22:13)
      at TestingInstanceLoader.createInstancesOfDependencies (node_modules/@nestjs/testing/testing-instance-loader.js:9:9)
      at TestingModuleBuilder.createInstancesOfDependencies (node_modules/@nestjs/testing/testing-module.builder.js:118:9)
      at TestingModuleBuilder.compile (node_modules/@nestjs/testing/testing-module.builder.js:74:9)
      at Object.<anonymous> (test/integration/game-news.e2e-spec.ts:23:42)

  ● GameNewsService (e2e) › update › should update game news content successfully

    DATABASE_URL_TEST must be set in environment variables

    [0m [90m 12 |[39m   getTestURL()[33m:[39m string {
     [90m 13 |[39m     [36mif[39m ([33m![39mprocess[33m.[39menv[33m.[39m[33mDATABASE_URL_TEST[39m) {
    [31m[1m>[22m[39m[90m 14 |[39m       [36mthrow[39m [36mnew[39m [33mError[39m([32m'DATABASE_URL_TEST must be set in environment variables'[39m)[33m;[39m
     [90m    |[39m             [31m[1m^[22m[39m
     [90m 15 |[39m     }
     [90m 16 |[39m     [36mreturn[39m process[33m.[39menv[33m.[39m[33mDATABASE_URL_TEST[39m[33m;[39m
     [90m 17 |[39m   }[0m

      at DatabaseConfigService.getTestURL (src/config/database-config.service.ts:14:13)
      at new PrismaService (src/prisma/prisma.service.ts:18:24)
      at TestingInjector.instantiateClass (node_modules/@nestjs/core/injector/injector.js:422:19)
      at callback (node_modules/@nestjs/core/injector/injector.js:70:45)
      at TestingInjector.resolveConstructorParams (node_modules/@nestjs/core/injector/injector.js:170:24)
      at TestingInjector.loadInstance (node_modules/@nestjs/core/injector/injector.js:75:13)
      at TestingInjector.loadProvider (node_modules/@nestjs/core/injector/injector.js:103:9)
      at node_modules/@nestjs/core/injector/instance-loader.js:56:13
          at async Promise.all (index 4)
      at TestingInstanceLoader.createInstancesOfProviders (node_modules/@nestjs/core/injector/instance-loader.js:55:9)
      at node_modules/@nestjs/core/injector/instance-loader.js:40:13
          at async Promise.all (index 3)
      at TestingInstanceLoader.createInstances (node_modules/@nestjs/core/injector/instance-loader.js:39:9)
      at TestingInstanceLoader.createInstancesOfDependencies (node_modules/@nestjs/core/injector/instance-loader.js:22:13)
      at TestingInstanceLoader.createInstancesOfDependencies (node_modules/@nestjs/testing/testing-instance-loader.js:9:9)
      at TestingModuleBuilder.createInstancesOfDependencies (node_modules/@nestjs/testing/testing-module.builder.js:118:9)
      at TestingModuleBuilder.compile (node_modules/@nestjs/testing/testing-module.builder.js:74:9)
      at Object.<anonymous> (test/integration/game-news.e2e-spec.ts:23:42)

  ● GameNewsService (e2e) › update › should update game_id successfully

    DATABASE_URL_TEST must be set in environment variables

    [0m [90m 12 |[39m   getTestURL()[33m:[39m string {
     [90m 13 |[39m     [36mif[39m ([33m![39mprocess[33m.[39menv[33m.[39m[33mDATABASE_URL_TEST[39m) {
    [31m[1m>[22m[39m[90m 14 |[39m       [36mthrow[39m [36mnew[39m [33mError[39m([32m'DATABASE_URL_TEST must be set in environment variables'[39m)[33m;[39m
     [90m    |[39m             [31m[1m^[22m[39m
     [90m 15 |[39m     }
     [90m 16 |[39m     [36mreturn[39m process[33m.[39menv[33m.[39m[33mDATABASE_URL_TEST[39m[33m;[39m
     [90m 17 |[39m   }[0m

      at DatabaseConfigService.getTestURL (src/config/database-config.service.ts:14:13)
      at new PrismaService (src/prisma/prisma.service.ts:18:24)
      at TestingInjector.instantiateClass (node_modules/@nestjs/core/injector/injector.js:422:19)
      at callback (node_modules/@nestjs/core/injector/injector.js:70:45)
      at TestingInjector.resolveConstructorParams (node_modules/@nestjs/core/injector/injector.js:170:24)
      at TestingInjector.loadInstance (node_modules/@nestjs/core/injector/injector.js:75:13)
      at TestingInjector.loadProvider (node_modules/@nestjs/core/injector/injector.js:103:9)
      at node_modules/@nestjs/core/injector/instance-loader.js:56:13
          at async Promise.all (index 4)
      at TestingInstanceLoader.createInstancesOfProviders (node_modules/@nestjs/core/injector/instance-loader.js:55:9)
      at node_modules/@nestjs/core/injector/instance-loader.js:40:13
          at async Promise.all (index 3)
      at TestingInstanceLoader.createInstances (node_modules/@nestjs/core/injector/instance-loader.js:39:9)
      at TestingInstanceLoader.createInstancesOfDependencies (node_modules/@nestjs/core/injector/instance-loader.js:22:13)
      at TestingInstanceLoader.createInstancesOfDependencies (node_modules/@nestjs/testing/testing-instance-loader.js:9:9)
      at TestingModuleBuilder.createInstancesOfDependencies (node_modules/@nestjs/testing/testing-module.builder.js:118:9)
      at TestingModuleBuilder.compile (node_modules/@nestjs/testing/testing-module.builder.js:74:9)
      at Object.<anonymous> (test/integration/game-news.e2e-spec.ts:23:42)

  ● GameNewsService (e2e) › update › should update published_at successfully

    DATABASE_URL_TEST must be set in environment variables

    [0m [90m 12 |[39m   getTestURL()[33m:[39m string {
     [90m 13 |[39m     [36mif[39m ([33m![39mprocess[33m.[39menv[33m.[39m[33mDATABASE_URL_TEST[39m) {
    [31m[1m>[22m[39m[90m 14 |[39m       [36mthrow[39m [36mnew[39m [33mError[39m([32m'DATABASE_URL_TEST must be set in environment variables'[39m)[33m;[39m
     [90m    |[39m             [31m[1m^[22m[39m
     [90m 15 |[39m     }
     [90m 16 |[39m     [36mreturn[39m process[33m.[39menv[33m.[39m[33mDATABASE_URL_TEST[39m[33m;[39m
     [90m 17 |[39m   }[0m

      at DatabaseConfigService.getTestURL (src/config/database-config.service.ts:14:13)
      at new PrismaService (src/prisma/prisma.service.ts:18:24)
      at TestingInjector.instantiateClass (node_modules/@nestjs/core/injector/injector.js:422:19)
      at callback (node_modules/@nestjs/core/injector/injector.js:70:45)
      at TestingInjector.resolveConstructorParams (node_modules/@nestjs/core/injector/injector.js:170:24)
      at TestingInjector.loadInstance (node_modules/@nestjs/core/injector/injector.js:75:13)
      at TestingInjector.loadProvider (node_modules/@nestjs/core/injector/injector.js:103:9)
      at node_modules/@nestjs/core/injector/instance-loader.js:56:13
          at async Promise.all (index 4)
      at TestingInstanceLoader.createInstancesOfProviders (node_modules/@nestjs/core/injector/instance-loader.js:55:9)
      at node_modules/@nestjs/core/injector/instance-loader.js:40:13
          at async Promise.all (index 3)
      at TestingInstanceLoader.createInstances (node_modules/@nestjs/core/injector/instance-loader.js:39:9)
      at TestingInstanceLoader.createInstancesOfDependencies (node_modules/@nestjs/core/injector/instance-loader.js:22:13)
      at TestingInstanceLoader.createInstancesOfDependencies (node_modules/@nestjs/testing/testing-instance-loader.js:9:9)
      at TestingModuleBuilder.createInstancesOfDependencies (node_modules/@nestjs/testing/testing-module.builder.js:118:9)
      at TestingModuleBuilder.compile (node_modules/@nestjs/testing/testing-module.builder.js:74:9)
      at Object.<anonymous> (test/integration/game-news.e2e-spec.ts:23:42)

  ● GameNewsService (e2e) › update › should update all fields simultaneously

    DATABASE_URL_TEST must be set in environment variables

    [0m [90m 12 |[39m   getTestURL()[33m:[39m string {
     [90m 13 |[39m     [36mif[39m ([33m![39mprocess[33m.[39menv[33m.[39m[33mDATABASE_URL_TEST[39m) {
    [31m[1m>[22m[39m[90m 14 |[39m       [36mthrow[39m [36mnew[39m [33mError[39m([32m'DATABASE_URL_TEST must be set in environment variables'[39m)[33m;[39m
     [90m    |[39m             [31m[1m^[22m[39m
     [90m 15 |[39m     }
     [90m 16 |[39m     [36mreturn[39m process[33m.[39menv[33m.[39m[33mDATABASE_URL_TEST[39m[33m;[39m
     [90m 17 |[39m   }[0m

      at DatabaseConfigService.getTestURL (src/config/database-config.service.ts:14:13)
      at new PrismaService (src/prisma/prisma.service.ts:18:24)
      at TestingInjector.instantiateClass (node_modules/@nestjs/core/injector/injector.js:422:19)
      at callback (node_modules/@nestjs/core/injector/injector.js:70:45)
      at TestingInjector.resolveConstructorParams (node_modules/@nestjs/core/injector/injector.js:170:24)
      at TestingInjector.loadInstance (node_modules/@nestjs/core/injector/injector.js:75:13)
      at TestingInjector.loadProvider (node_modules/@nestjs/core/injector/injector.js:103:9)
      at node_modules/@nestjs/core/injector/instance-loader.js:56:13
          at async Promise.all (index 4)
      at TestingInstanceLoader.createInstancesOfProviders (node_modules/@nestjs/core/injector/instance-loader.js:55:9)
      at node_modules/@nestjs/core/injector/instance-loader.js:40:13
          at async Promise.all (index 3)
      at TestingInstanceLoader.createInstances (node_modules/@nestjs/core/injector/instance-loader.js:39:9)
      at TestingInstanceLoader.createInstancesOfDependencies (node_modules/@nestjs/core/injector/instance-loader.js:22:13)
      at TestingInstanceLoader.createInstancesOfDependencies (node_modules/@nestjs/testing/testing-instance-loader.js:9:9)
      at TestingModuleBuilder.createInstancesOfDependencies (node_modules/@nestjs/testing/testing-module.builder.js:118:9)
      at TestingModuleBuilder.compile (node_modules/@nestjs/testing/testing-module.builder.js:74:9)
      at Object.<anonymous> (test/integration/game-news.e2e-spec.ts:23:42)

  ● GameNewsService (e2e) › update › should throw NotFoundException when game news does not exist

    DATABASE_URL_TEST must be set in environment variables

    [0m [90m 12 |[39m   getTestURL()[33m:[39m string {
     [90m 13 |[39m     [36mif[39m ([33m![39mprocess[33m.[39menv[33m.[39m[33mDATABASE_URL_TEST[39m) {
    [31m[1m>[22m[39m[90m 14 |[39m       [36mthrow[39m [36mnew[39m [33mError[39m([32m'DATABASE_URL_TEST must be set in environment variables'[39m)[33m;[39m
     [90m    |[39m             [31m[1m^[22m[39m
     [90m 15 |[39m     }
     [90m 16 |[39m     [36mreturn[39m process[33m.[39menv[33m.[39m[33mDATABASE_URL_TEST[39m[33m;[39m
     [90m 17 |[39m   }[0m

      at DatabaseConfigService.getTestURL (src/config/database-config.service.ts:14:13)
      at new PrismaService (src/prisma/prisma.service.ts:18:24)
      at TestingInjector.instantiateClass (node_modules/@nestjs/core/injector/injector.js:422:19)
      at callback (node_modules/@nestjs/core/injector/injector.js:70:45)
      at TestingInjector.resolveConstructorParams (node_modules/@nestjs/core/injector/injector.js:170:24)
      at TestingInjector.loadInstance (node_modules/@nestjs/core/injector/injector.js:75:13)
      at TestingInjector.loadProvider (node_modules/@nestjs/core/injector/injector.js:103:9)
      at node_modules/@nestjs/core/injector/instance-loader.js:56:13
          at async Promise.all (index 4)
      at TestingInstanceLoader.createInstancesOfProviders (node_modules/@nestjs/core/injector/instance-loader.js:55:9)
      at node_modules/@nestjs/core/injector/instance-loader.js:40:13
          at async Promise.all (index 3)
      at TestingInstanceLoader.createInstances (node_modules/@nestjs/core/injector/instance-loader.js:39:9)
      at TestingInstanceLoader.createInstancesOfDependencies (node_modules/@nestjs/core/injector/instance-loader.js:22:13)
      at TestingInstanceLoader.createInstancesOfDependencies (node_modules/@nestjs/testing/testing-instance-loader.js:9:9)
      at TestingModuleBuilder.createInstancesOfDependencies (node_modules/@nestjs/testing/testing-module.builder.js:118:9)
      at TestingModuleBuilder.compile (node_modules/@nestjs/testing/testing-module.builder.js:74:9)
      at Object.<anonymous> (test/integration/game-news.e2e-spec.ts:23:42)

  ● GameNewsService (e2e) › update › should throw NotFoundException when updating to non-existent game

    DATABASE_URL_TEST must be set in environment variables

    [0m [90m 12 |[39m   getTestURL()[33m:[39m string {
     [90m 13 |[39m     [36mif[39m ([33m![39mprocess[33m.[39menv[33m.[39m[33mDATABASE_URL_TEST[39m) {
    [31m[1m>[22m[39m[90m 14 |[39m       [36mthrow[39m [36mnew[39m [33mError[39m([32m'DATABASE_URL_TEST must be set in environment variables'[39m)[33m;[39m
     [90m    |[39m             [31m[1m^[22m[39m
     [90m 15 |[39m     }
     [90m 16 |[39m     [36mreturn[39m process[33m.[39menv[33m.[39m[33mDATABASE_URL_TEST[39m[33m;[39m
     [90m 17 |[39m   }[0m

      at DatabaseConfigService.getTestURL (src/config/database-config.service.ts:14:13)
      at new PrismaService (src/prisma/prisma.service.ts:18:24)
      at TestingInjector.instantiateClass (node_modules/@nestjs/core/injector/injector.js:422:19)
      at callback (node_modules/@nestjs/core/injector/injector.js:70:45)
      at TestingInjector.resolveConstructorParams (node_modules/@nestjs/core/injector/injector.js:170:24)
      at TestingInjector.loadInstance (node_modules/@nestjs/core/injector/injector.js:75:13)
      at TestingInjector.loadProvider (node_modules/@nestjs/core/injector/injector.js:103:9)
      at node_modules/@nestjs/core/injector/instance-loader.js:56:13
          at async Promise.all (index 4)
      at TestingInstanceLoader.createInstancesOfProviders (node_modules/@nestjs/core/injector/instance-loader.js:55:9)
      at node_modules/@nestjs/core/injector/instance-loader.js:40:13
          at async Promise.all (index 3)
      at TestingInstanceLoader.createInstances (node_modules/@nestjs/core/injector/instance-loader.js:39:9)
      at TestingInstanceLoader.createInstancesOfDependencies (node_modules/@nestjs/core/injector/instance-loader.js:22:13)
      at TestingInstanceLoader.createInstancesOfDependencies (node_modules/@nestjs/testing/testing-instance-loader.js:9:9)
      at TestingModuleBuilder.createInstancesOfDependencies (node_modules/@nestjs/testing/testing-module.builder.js:118:9)
      at TestingModuleBuilder.compile (node_modules/@nestjs/testing/testing-module.builder.js:74:9)
      at Object.<anonymous> (test/integration/game-news.e2e-spec.ts:23:42)

  ● GameNewsService (e2e) › update › should handle empty update

    DATABASE_URL_TEST must be set in environment variables

    [0m [90m 12 |[39m   getTestURL()[33m:[39m string {
     [90m 13 |[39m     [36mif[39m ([33m![39mprocess[33m.[39menv[33m.[39m[33mDATABASE_URL_TEST[39m) {
    [31m[1m>[22m[39m[90m 14 |[39m       [36mthrow[39m [36mnew[39m [33mError[39m([32m'DATABASE_URL_TEST must be set in environment variables'[39m)[33m;[39m
     [90m    |[39m             [31m[1m^[22m[39m
     [90m 15 |[39m     }
     [90m 16 |[39m     [36mreturn[39m process[33m.[39menv[33m.[39m[33mDATABASE_URL_TEST[39m[33m;[39m
     [90m 17 |[39m   }[0m

      at DatabaseConfigService.getTestURL (src/config/database-config.service.ts:14:13)
      at new PrismaService (src/prisma/prisma.service.ts:18:24)
      at TestingInjector.instantiateClass (node_modules/@nestjs/core/injector/injector.js:422:19)
      at callback (node_modules/@nestjs/core/injector/injector.js:70:45)
      at TestingInjector.resolveConstructorParams (node_modules/@nestjs/core/injector/injector.js:170:24)
      at TestingInjector.loadInstance (node_modules/@nestjs/core/injector/injector.js:75:13)
      at TestingInjector.loadProvider (node_modules/@nestjs/core/injector/injector.js:103:9)
      at node_modules/@nestjs/core/injector/instance-loader.js:56:13
          at async Promise.all (index 4)
      at TestingInstanceLoader.createInstancesOfProviders (node_modules/@nestjs/core/injector/instance-loader.js:55:9)
      at node_modules/@nestjs/core/injector/instance-loader.js:40:13
          at async Promise.all (index 3)
      at TestingInstanceLoader.createInstances (node_modules/@nestjs/core/injector/instance-loader.js:39:9)
      at TestingInstanceLoader.createInstancesOfDependencies (node_modules/@nestjs/core/injector/instance-loader.js:22:13)
      at TestingInstanceLoader.createInstancesOfDependencies (node_modules/@nestjs/testing/testing-instance-loader.js:9:9)
      at TestingModuleBuilder.createInstancesOfDependencies (node_modules/@nestjs/testing/testing-module.builder.js:118:9)
      at TestingModuleBuilder.compile (node_modules/@nestjs/testing/testing-module.builder.js:74:9)
      at Object.<anonymous> (test/integration/game-news.e2e-spec.ts:23:42)

  ● GameNewsService (e2e) › update › should fail when updating non-existent game news

    DATABASE_URL_TEST must be set in environment variables

    [0m [90m 12 |[39m   getTestURL()[33m:[39m string {
     [90m 13 |[39m     [36mif[39m ([33m![39mprocess[33m.[39menv[33m.[39m[33mDATABASE_URL_TEST[39m) {
    [31m[1m>[22m[39m[90m 14 |[39m       [36mthrow[39m [36mnew[39m [33mError[39m([32m'DATABASE_URL_TEST must be set in environment variables'[39m)[33m;[39m
     [90m    |[39m             [31m[1m^[22m[39m
     [90m 15 |[39m     }
     [90m 16 |[39m     [36mreturn[39m process[33m.[39menv[33m.[39m[33mDATABASE_URL_TEST[39m[33m;[39m
     [90m 17 |[39m   }[0m

      at DatabaseConfigService.getTestURL (src/config/database-config.service.ts:14:13)
      at new PrismaService (src/prisma/prisma.service.ts:18:24)
      at TestingInjector.instantiateClass (node_modules/@nestjs/core/injector/injector.js:422:19)
      at callback (node_modules/@nestjs/core/injector/injector.js:70:45)
      at TestingInjector.resolveConstructorParams (node_modules/@nestjs/core/injector/injector.js:170:24)
      at TestingInjector.loadInstance (node_modules/@nestjs/core/injector/injector.js:75:13)
      at TestingInjector.loadProvider (node_modules/@nestjs/core/injector/injector.js:103:9)
      at node_modules/@nestjs/core/injector/instance-loader.js:56:13
          at async Promise.all (index 4)
      at TestingInstanceLoader.createInstancesOfProviders (node_modules/@nestjs/core/injector/instance-loader.js:55:9)
      at node_modules/@nestjs/core/injector/instance-loader.js:40:13
          at async Promise.all (index 3)
      at TestingInstanceLoader.createInstances (node_modules/@nestjs/core/injector/instance-loader.js:39:9)
      at TestingInstanceLoader.createInstancesOfDependencies (node_modules/@nestjs/core/injector/instance-loader.js:22:13)
      at TestingInstanceLoader.createInstancesOfDependencies (node_modules/@nestjs/testing/testing-instance-loader.js:9:9)
      at TestingModuleBuilder.createInstancesOfDependencies (node_modules/@nestjs/testing/testing-module.builder.js:118:9)
      at TestingModuleBuilder.compile (node_modules/@nestjs/testing/testing-module.builder.js:74:9)
      at Object.<anonymous> (test/integration/game-news.e2e-spec.ts:23:42)

  ● GameNewsService (e2e) › update › should fail when updating game_id to deleted game

    DATABASE_URL_TEST must be set in environment variables

    [0m [90m 12 |[39m   getTestURL()[33m:[39m string {
     [90m 13 |[39m     [36mif[39m ([33m![39mprocess[33m.[39menv[33m.[39m[33mDATABASE_URL_TEST[39m) {
    [31m[1m>[22m[39m[90m 14 |[39m       [36mthrow[39m [36mnew[39m [33mError[39m([32m'DATABASE_URL_TEST must be set in environment variables'[39m)[33m;[39m
     [90m    |[39m             [31m[1m^[22m[39m
     [90m 15 |[39m     }
     [90m 16 |[39m     [36mreturn[39m process[33m.[39menv[33m.[39m[33mDATABASE_URL_TEST[39m[33m;[39m
     [90m 17 |[39m   }[0m

      at DatabaseConfigService.getTestURL (src/config/database-config.service.ts:14:13)
      at new PrismaService (src/prisma/prisma.service.ts:18:24)
      at TestingInjector.instantiateClass (node_modules/@nestjs/core/injector/injector.js:422:19)
      at callback (node_modules/@nestjs/core/injector/injector.js:70:45)
      at TestingInjector.resolveConstructorParams (node_modules/@nestjs/core/injector/injector.js:170:24)
      at TestingInjector.loadInstance (node_modules/@nestjs/core/injector/injector.js:75:13)
      at TestingInjector.loadProvider (node_modules/@nestjs/core/injector/injector.js:103:9)
      at node_modules/@nestjs/core/injector/instance-loader.js:56:13
          at async Promise.all (index 4)
      at TestingInstanceLoader.createInstancesOfProviders (node_modules/@nestjs/core/injector/instance-loader.js:55:9)
      at node_modules/@nestjs/core/injector/instance-loader.js:40:13
          at async Promise.all (index 3)
      at TestingInstanceLoader.createInstances (node_modules/@nestjs/core/injector/instance-loader.js:39:9)
      at TestingInstanceLoader.createInstancesOfDependencies (node_modules/@nestjs/core/injector/instance-loader.js:22:13)
      at TestingInstanceLoader.createInstancesOfDependencies (node_modules/@nestjs/testing/testing-instance-loader.js:9:9)
      at TestingModuleBuilder.createInstancesOfDependencies (node_modules/@nestjs/testing/testing-module.builder.js:118:9)
      at TestingModuleBuilder.compile (node_modules/@nestjs/testing/testing-module.builder.js:74:9)
      at Object.<anonymous> (test/integration/game-news.e2e-spec.ts:23:42)

  ● GameNewsService (e2e) › remove › should delete game news successfully

    DATABASE_URL_TEST must be set in environment variables

    [0m [90m 12 |[39m   getTestURL()[33m:[39m string {
     [90m 13 |[39m     [36mif[39m ([33m![39mprocess[33m.[39menv[33m.[39m[33mDATABASE_URL_TEST[39m) {
    [31m[1m>[22m[39m[90m 14 |[39m       [36mthrow[39m [36mnew[39m [33mError[39m([32m'DATABASE_URL_TEST must be set in environment variables'[39m)[33m;[39m
     [90m    |[39m             [31m[1m^[22m[39m
     [90m 15 |[39m     }
     [90m 16 |[39m     [36mreturn[39m process[33m.[39menv[33m.[39m[33mDATABASE_URL_TEST[39m[33m;[39m
     [90m 17 |[39m   }[0m

      at DatabaseConfigService.getTestURL (src/config/database-config.service.ts:14:13)
      at new PrismaService (src/prisma/prisma.service.ts:18:24)
      at TestingInjector.instantiateClass (node_modules/@nestjs/core/injector/injector.js:422:19)
      at callback (node_modules/@nestjs/core/injector/injector.js:70:45)
      at TestingInjector.resolveConstructorParams (node_modules/@nestjs/core/injector/injector.js:170:24)
      at TestingInjector.loadInstance (node_modules/@nestjs/core/injector/injector.js:75:13)
      at TestingInjector.loadProvider (node_modules/@nestjs/core/injector/injector.js:103:9)
      at node_modules/@nestjs/core/injector/instance-loader.js:56:13
          at async Promise.all (index 4)
      at TestingInstanceLoader.createInstancesOfProviders (node_modules/@nestjs/core/injector/instance-loader.js:55:9)
      at node_modules/@nestjs/core/injector/instance-loader.js:40:13
          at async Promise.all (index 3)
      at TestingInstanceLoader.createInstances (node_modules/@nestjs/core/injector/instance-loader.js:39:9)
      at TestingInstanceLoader.createInstancesOfDependencies (node_modules/@nestjs/core/injector/instance-loader.js:22:13)
      at TestingInstanceLoader.createInstancesOfDependencies (node_modules/@nestjs/testing/testing-instance-loader.js:9:9)
      at TestingModuleBuilder.createInstancesOfDependencies (node_modules/@nestjs/testing/testing-module.builder.js:118:9)
      at TestingModuleBuilder.compile (node_modules/@nestjs/testing/testing-module.builder.js:74:9)
      at Object.<anonymous> (test/integration/game-news.e2e-spec.ts:23:42)

  ● GameNewsService (e2e) › remove › should throw NotFoundException when game news does not exist

    DATABASE_URL_TEST must be set in environment variables

    [0m [90m 12 |[39m   getTestURL()[33m:[39m string {
     [90m 13 |[39m     [36mif[39m ([33m![39mprocess[33m.[39menv[33m.[39m[33mDATABASE_URL_TEST[39m) {
    [31m[1m>[22m[39m[90m 14 |[39m       [36mthrow[39m [36mnew[39m [33mError[39m([32m'DATABASE_URL_TEST must be set in environment variables'[39m)[33m;[39m
     [90m    |[39m             [31m[1m^[22m[39m
     [90m 15 |[39m     }
     [90m 16 |[39m     [36mreturn[39m process[33m.[39menv[33m.[39m[33mDATABASE_URL_TEST[39m[33m;[39m
     [90m 17 |[39m   }[0m

      at DatabaseConfigService.getTestURL (src/config/database-config.service.ts:14:13)
      at new PrismaService (src/prisma/prisma.service.ts:18:24)
      at TestingInjector.instantiateClass (node_modules/@nestjs/core/injector/injector.js:422:19)
      at callback (node_modules/@nestjs/core/injector/injector.js:70:45)
      at TestingInjector.resolveConstructorParams (node_modules/@nestjs/core/injector/injector.js:170:24)
      at TestingInjector.loadInstance (node_modules/@nestjs/core/injector/injector.js:75:13)
      at TestingInjector.loadProvider (node_modules/@nestjs/core/injector/injector.js:103:9)
      at node_modules/@nestjs/core/injector/instance-loader.js:56:13
          at async Promise.all (index 4)
      at TestingInstanceLoader.createInstancesOfProviders (node_modules/@nestjs/core/injector/instance-loader.js:55:9)
      at node_modules/@nestjs/core/injector/instance-loader.js:40:13
          at async Promise.all (index 3)
      at TestingInstanceLoader.createInstances (node_modules/@nestjs/core/injector/instance-loader.js:39:9)
      at TestingInstanceLoader.createInstancesOfDependencies (node_modules/@nestjs/core/injector/instance-loader.js:22:13)
      at TestingInstanceLoader.createInstancesOfDependencies (node_modules/@nestjs/testing/testing-instance-loader.js:9:9)
      at TestingModuleBuilder.createInstancesOfDependencies (node_modules/@nestjs/testing/testing-module.builder.js:118:9)
      at TestingModuleBuilder.compile (node_modules/@nestjs/testing/testing-module.builder.js:74:9)
      at Object.<anonymous> (test/integration/game-news.e2e-spec.ts:23:42)

  ● GameNewsService (e2e) › remove › should handle cascade delete when game is deleted

    DATABASE_URL_TEST must be set in environment variables

    [0m [90m 12 |[39m   getTestURL()[33m:[39m string {
     [90m 13 |[39m     [36mif[39m ([33m![39mprocess[33m.[39menv[33m.[39m[33mDATABASE_URL_TEST[39m) {
    [31m[1m>[22m[39m[90m 14 |[39m       [36mthrow[39m [36mnew[39m [33mError[39m([32m'DATABASE_URL_TEST must be set in environment variables'[39m)[33m;[39m
     [90m    |[39m             [31m[1m^[22m[39m
     [90m 15 |[39m     }
     [90m 16 |[39m     [36mreturn[39m process[33m.[39menv[33m.[39m[33mDATABASE_URL_TEST[39m[33m;[39m
     [90m 17 |[39m   }[0m

      at DatabaseConfigService.getTestURL (src/config/database-config.service.ts:14:13)
      at new PrismaService (src/prisma/prisma.service.ts:18:24)
      at TestingInjector.instantiateClass (node_modules/@nestjs/core/injector/injector.js:422:19)
      at callback (node_modules/@nestjs/core/injector/injector.js:70:45)
      at TestingInjector.resolveConstructorParams (node_modules/@nestjs/core/injector/injector.js:170:24)
      at TestingInjector.loadInstance (node_modules/@nestjs/core/injector/injector.js:75:13)
      at TestingInjector.loadProvider (node_modules/@nestjs/core/injector/injector.js:103:9)
      at node_modules/@nestjs/core/injector/instance-loader.js:56:13
          at async Promise.all (index 4)
      at TestingInstanceLoader.createInstancesOfProviders (node_modules/@nestjs/core/injector/instance-loader.js:55:9)
      at node_modules/@nestjs/core/injector/instance-loader.js:40:13
          at async Promise.all (index 3)
      at TestingInstanceLoader.createInstances (node_modules/@nestjs/core/injector/instance-loader.js:39:9)
      at TestingInstanceLoader.createInstancesOfDependencies (node_modules/@nestjs/core/injector/instance-loader.js:22:13)
      at TestingInstanceLoader.createInstancesOfDependencies (node_modules/@nestjs/testing/testing-instance-loader.js:9:9)
      at TestingModuleBuilder.createInstancesOfDependencies (node_modules/@nestjs/testing/testing-module.builder.js:118:9)
      at TestingModuleBuilder.compile (node_modules/@nestjs/testing/testing-module.builder.js:74:9)
      at Object.<anonymous> (test/integration/game-news.e2e-spec.ts:23:42)


  ● Test suite failed to run

    TypeError: Cannot read properties of undefined (reading 'close')

    [0m [90m 92 |[39m
     [90m 93 |[39m   afterAll([36masync[39m () [33m=>[39m {
    [31m[1m>[22m[39m[90m 94 |[39m     [36mawait[39m app[33m.[39mclose()[33m;[39m
     [90m    |[39m               [31m[1m^[22m[39m
     [90m 95 |[39m   })[33m;[39m
     [90m 96 |[39m
     [90m 97 |[39m   [36masync[39m [36mfunction[39m createTestGame(title[33m:[39m string) {[0m

      at Object.<anonymous> (test/integration/game-news.e2e-spec.ts:94:15)

FAIL test/integration/save.e2e-spec.ts (45.2 s)
  ● Console

    console.log
      ◇ injected env (0) from ..\.env // tip: ⌘ custom filepath { path: '/custom/path/.env' }

      at _log (node_modules/dotenv/lib/main.js:131:11)

  ● SaveService (e2e) › create › should create a save successfully

    DATABASE_URL_TEST must be set in environment variables

    [0m [90m 12 |[39m   getTestURL()[33m:[39m string {
     [90m 13 |[39m     [36mif[39m ([33m![39mprocess[33m.[39menv[33m.[39m[33mDATABASE_URL_TEST[39m) {
    [31m[1m>[22m[39m[90m 14 |[39m       [36mthrow[39m [36mnew[39m [33mError[39m([32m'DATABASE_URL_TEST must be set in environment variables'[39m)[33m;[39m
     [90m    |[39m             [31m[1m^[22m[39m
     [90m 15 |[39m     }
     [90m 16 |[39m     [36mreturn[39m process[33m.[39menv[33m.[39m[33mDATABASE_URL_TEST[39m[33m;[39m
     [90m 17 |[39m   }[0m

      at DatabaseConfigService.getTestURL (src/config/database-config.service.ts:14:13)
      at new PrismaService (src/prisma/prisma.service.ts:18:24)
      at TestingInjector.instantiateClass (node_modules/@nestjs/core/injector/injector.js:422:19)
      at callback (node_modules/@nestjs/core/injector/injector.js:70:45)
      at TestingInjector.resolveConstructorParams (node_modules/@nestjs/core/injector/injector.js:170:24)
      at TestingInjector.loadInstance (node_modules/@nestjs/core/injector/injector.js:75:13)
      at TestingInjector.loadProvider (node_modules/@nestjs/core/injector/injector.js:103:9)
      at node_modules/@nestjs/core/injector/instance-loader.js:56:13
          at async Promise.all (index 4)
      at TestingInstanceLoader.createInstancesOfProviders (node_modules/@nestjs/core/injector/instance-loader.js:55:9)
      at node_modules/@nestjs/core/injector/instance-loader.js:40:13
          at async Promise.all (index 3)
      at TestingInstanceLoader.createInstances (node_modules/@nestjs/core/injector/instance-loader.js:39:9)
      at TestingInstanceLoader.createInstancesOfDependencies (node_modules/@nestjs/core/injector/instance-loader.js:22:13)
      at TestingInstanceLoader.createInstancesOfDependencies (node_modules/@nestjs/testing/testing-instance-loader.js:9:9)
      at TestingModuleBuilder.createInstancesOfDependencies (node_modules/@nestjs/testing/testing-module.builder.js:118:9)
      at TestingModuleBuilder.compile (node_modules/@nestjs/testing/testing-module.builder.js:74:9)
      at Object.<anonymous> (test/integration/save.e2e-spec.ts:25:42)

  ● SaveService (e2e) › create › should create a save with complex JSON data

    DATABASE_URL_TEST must be set in environment variables

    [0m [90m 12 |[39m   getTestURL()[33m:[39m string {
     [90m 13 |[39m     [36mif[39m ([33m![39mprocess[33m.[39menv[33m.[39m[33mDATABASE_URL_TEST[39m) {
    [31m[1m>[22m[39m[90m 14 |[39m       [36mthrow[39m [36mnew[39m [33mError[39m([32m'DATABASE_URL_TEST must be set in environment variables'[39m)[33m;[39m
     [90m    |[39m             [31m[1m^[22m[39m
     [90m 15 |[39m     }
     [90m 16 |[39m     [36mreturn[39m process[33m.[39menv[33m.[39m[33mDATABASE_URL_TEST[39m[33m;[39m
     [90m 17 |[39m   }[0m

      at DatabaseConfigService.getTestURL (src/config/database-config.service.ts:14:13)
      at new PrismaService (src/prisma/prisma.service.ts:18:24)
      at TestingInjector.instantiateClass (node_modules/@nestjs/core/injector/injector.js:422:19)
      at callback (node_modules/@nestjs/core/injector/injector.js:70:45)
      at TestingInjector.resolveConstructorParams (node_modules/@nestjs/core/injector/injector.js:170:24)
      at TestingInjector.loadInstance (node_modules/@nestjs/core/injector/injector.js:75:13)
      at TestingInjector.loadProvider (node_modules/@nestjs/core/injector/injector.js:103:9)
      at node_modules/@nestjs/core/injector/instance-loader.js:56:13
          at async Promise.all (index 4)
      at TestingInstanceLoader.createInstancesOfProviders (node_modules/@nestjs/core/injector/instance-loader.js:55:9)
      at node_modules/@nestjs/core/injector/instance-loader.js:40:13
          at async Promise.all (index 3)
      at TestingInstanceLoader.createInstances (node_modules/@nestjs/core/injector/instance-loader.js:39:9)
      at TestingInstanceLoader.createInstancesOfDependencies (node_modules/@nestjs/core/injector/instance-loader.js:22:13)
      at TestingInstanceLoader.createInstancesOfDependencies (node_modules/@nestjs/testing/testing-instance-loader.js:9:9)
      at TestingModuleBuilder.createInstancesOfDependencies (node_modules/@nestjs/testing/testing-module.builder.js:118:9)
      at TestingModuleBuilder.compile (node_modules/@nestjs/testing/testing-module.builder.js:74:9)
      at Object.<anonymous> (test/integration/save.e2e-spec.ts:25:42)

  ● SaveService (e2e) › create › should throw ConflictException when save already exists

    DATABASE_URL_TEST must be set in environment variables

    [0m [90m 12 |[39m   getTestURL()[33m:[39m string {
     [90m 13 |[39m     [36mif[39m ([33m![39mprocess[33m.[39menv[33m.[39m[33mDATABASE_URL_TEST[39m) {
    [31m[1m>[22m[39m[90m 14 |[39m       [36mthrow[39m [36mnew[39m [33mError[39m([32m'DATABASE_URL_TEST must be set in environment variables'[39m)[33m;[39m
     [90m    |[39m             [31m[1m^[22m[39m
     [90m 15 |[39m     }
     [90m 16 |[39m     [36mreturn[39m process[33m.[39menv[33m.[39m[33mDATABASE_URL_TEST[39m[33m;[39m
     [90m 17 |[39m   }[0m

      at DatabaseConfigService.getTestURL (src/config/database-config.service.ts:14:13)
      at new PrismaService (src/prisma/prisma.service.ts:18:24)
      at TestingInjector.instantiateClass (node_modules/@nestjs/core/injector/injector.js:422:19)
      at callback (node_modules/@nestjs/core/injector/injector.js:70:45)
      at TestingInjector.resolveConstructorParams (node_modules/@nestjs/core/injector/injector.js:170:24)
      at TestingInjector.loadInstance (node_modules/@nestjs/core/injector/injector.js:75:13)
      at TestingInjector.loadProvider (node_modules/@nestjs/core/injector/injector.js:103:9)
      at node_modules/@nestjs/core/injector/instance-loader.js:56:13
          at async Promise.all (index 4)
      at TestingInstanceLoader.createInstancesOfProviders (node_modules/@nestjs/core/injector/instance-loader.js:55:9)
      at node_modules/@nestjs/core/injector/instance-loader.js:40:13
          at async Promise.all (index 3)
      at TestingInstanceLoader.createInstances (node_modules/@nestjs/core/injector/instance-loader.js:39:9)
      at TestingInstanceLoader.createInstancesOfDependencies (node_modules/@nestjs/core/injector/instance-loader.js:22:13)
      at TestingInstanceLoader.createInstancesOfDependencies (node_modules/@nestjs/testing/testing-instance-loader.js:9:9)
      at TestingModuleBuilder.createInstancesOfDependencies (node_modules/@nestjs/testing/testing-module.builder.js:118:9)
      at TestingModuleBuilder.compile (node_modules/@nestjs/testing/testing-module.builder.js:74:9)
      at Object.<anonymous> (test/integration/save.e2e-spec.ts:25:42)

  ● SaveService (e2e) › create › should throw NotFoundException when user does not exist

    DATABASE_URL_TEST must be set in environment variables

    [0m [90m 12 |[39m   getTestURL()[33m:[39m string {
     [90m 13 |[39m     [36mif[39m ([33m![39mprocess[33m.[39menv[33m.[39m[33mDATABASE_URL_TEST[39m) {
    [31m[1m>[22m[39m[90m 14 |[39m       [36mthrow[39m [36mnew[39m [33mError[39m([32m'DATABASE_URL_TEST must be set in environment variables'[39m)[33m;[39m
     [90m    |[39m             [31m[1m^[22m[39m
     [90m 15 |[39m     }
     [90m 16 |[39m     [36mreturn[39m process[33m.[39menv[33m.[39m[33mDATABASE_URL_TEST[39m[33m;[39m
     [90m 17 |[39m   }[0m

      at DatabaseConfigService.getTestURL (src/config/database-config.service.ts:14:13)
      at new PrismaService (src/prisma/prisma.service.ts:18:24)
      at TestingInjector.instantiateClass (node_modules/@nestjs/core/injector/injector.js:422:19)
      at callback (node_modules/@nestjs/core/injector/injector.js:70:45)
      at TestingInjector.resolveConstructorParams (node_modules/@nestjs/core/injector/injector.js:170:24)
      at TestingInjector.loadInstance (node_modules/@nestjs/core/injector/injector.js:75:13)
      at TestingInjector.loadProvider (node_modules/@nestjs/core/injector/injector.js:103:9)
      at node_modules/@nestjs/core/injector/instance-loader.js:56:13
          at async Promise.all (index 4)
      at TestingInstanceLoader.createInstancesOfProviders (node_modules/@nestjs/core/injector/instance-loader.js:55:9)
      at node_modules/@nestjs/core/injector/instance-loader.js:40:13
          at async Promise.all (index 3)
      at TestingInstanceLoader.createInstances (node_modules/@nestjs/core/injector/instance-loader.js:39:9)
      at TestingInstanceLoader.createInstancesOfDependencies (node_modules/@nestjs/core/injector/instance-loader.js:22:13)
      at TestingInstanceLoader.createInstancesOfDependencies (node_modules/@nestjs/testing/testing-instance-loader.js:9:9)
      at TestingModuleBuilder.createInstancesOfDependencies (node_modules/@nestjs/testing/testing-module.builder.js:118:9)
      at TestingModuleBuilder.compile (node_modules/@nestjs/testing/testing-module.builder.js:74:9)
      at Object.<anonymous> (test/integration/save.e2e-spec.ts:25:42)

  ● SaveService (e2e) › create › should throw NotFoundException when game does not exist

    DATABASE_URL_TEST must be set in environment variables

    [0m [90m 12 |[39m   getTestURL()[33m:[39m string {
     [90m 13 |[39m     [36mif[39m ([33m![39mprocess[33m.[39menv[33m.[39m[33mDATABASE_URL_TEST[39m) {
    [31m[1m>[22m[39m[90m 14 |[39m       [36mthrow[39m [36mnew[39m [33mError[39m([32m'DATABASE_URL_TEST must be set in environment variables'[39m)[33m;[39m
     [90m    |[39m             [31m[1m^[22m[39m
     [90m 15 |[39m     }
     [90m 16 |[39m     [36mreturn[39m process[33m.[39menv[33m.[39m[33mDATABASE_URL_TEST[39m[33m;[39m
     [90m 17 |[39m   }[0m

      at DatabaseConfigService.getTestURL (src/config/database-config.service.ts:14:13)
      at new PrismaService (src/prisma/prisma.service.ts:18:24)
      at TestingInjector.instantiateClass (node_modules/@nestjs/core/injector/injector.js:422:19)
      at callback (node_modules/@nestjs/core/injector/injector.js:70:45)
      at TestingInjector.resolveConstructorParams (node_modules/@nestjs/core/injector/injector.js:170:24)
      at TestingInjector.loadInstance (node_modules/@nestjs/core/injector/injector.js:75:13)
      at TestingInjector.loadProvider (node_modules/@nestjs/core/injector/injector.js:103:9)
      at node_modules/@nestjs/core/injector/instance-loader.js:56:13
          at async Promise.all (index 4)
      at TestingInstanceLoader.createInstancesOfProviders (node_modules/@nestjs/core/injector/instance-loader.js:55:9)
      at node_modules/@nestjs/core/injector/instance-loader.js:40:13
          at async Promise.all (index 3)
      at TestingInstanceLoader.createInstances (node_modules/@nestjs/core/injector/instance-loader.js:39:9)
      at TestingInstanceLoader.createInstancesOfDependencies (node_modules/@nestjs/core/injector/instance-loader.js:22:13)
      at TestingInstanceLoader.createInstancesOfDependencies (node_modules/@nestjs/testing/testing-instance-loader.js:9:9)
      at TestingModuleBuilder.createInstancesOfDependencies (node_modules/@nestjs/testing/testing-module.builder.js:118:9)
      at TestingModuleBuilder.compile (node_modules/@nestjs/testing/testing-module.builder.js:74:9)
      at Object.<anonymous> (test/integration/save.e2e-spec.ts:25:42)

  ● SaveService (e2e) › create › should handle transaction rollback on error

    DATABASE_URL_TEST must be set in environment variables

    [0m [90m 12 |[39m   getTestURL()[33m:[39m string {
     [90m 13 |[39m     [36mif[39m ([33m![39mprocess[33m.[39menv[33m.[39m[33mDATABASE_URL_TEST[39m) {
    [31m[1m>[22m[39m[90m 14 |[39m       [36mthrow[39m [36mnew[39m [33mError[39m([32m'DATABASE_URL_TEST must be set in environment variables'[39m)[33m;[39m
     [90m    |[39m             [31m[1m^[22m[39m
     [90m 15 |[39m     }
     [90m 16 |[39m     [36mreturn[39m process[33m.[39menv[33m.[39m[33mDATABASE_URL_TEST[39m[33m;[39m
     [90m 17 |[39m   }[0m

      at DatabaseConfigService.getTestURL (src/config/database-config.service.ts:14:13)
      at new PrismaService (src/prisma/prisma.service.ts:18:24)
      at TestingInjector.instantiateClass (node_modules/@nestjs/core/injector/injector.js:422:19)
      at callback (node_modules/@nestjs/core/injector/injector.js:70:45)
      at TestingInjector.resolveConstructorParams (node_modules/@nestjs/core/injector/injector.js:170:24)
      at TestingInjector.loadInstance (node_modules/@nestjs/core/injector/injector.js:75:13)
      at TestingInjector.loadProvider (node_modules/@nestjs/core/injector/injector.js:103:9)
      at node_modules/@nestjs/core/injector/instance-loader.js:56:13
          at async Promise.all (index 4)
      at TestingInstanceLoader.createInstancesOfProviders (node_modules/@nestjs/core/injector/instance-loader.js:55:9)
      at node_modules/@nestjs/core/injector/instance-loader.js:40:13
          at async Promise.all (index 3)
      at TestingInstanceLoader.createInstances (node_modules/@nestjs/core/injector/instance-loader.js:39:9)
      at TestingInstanceLoader.createInstancesOfDependencies (node_modules/@nestjs/core/injector/instance-loader.js:22:13)
      at TestingInstanceLoader.createInstancesOfDependencies (node_modules/@nestjs/testing/testing-instance-loader.js:9:9)
      at TestingModuleBuilder.createInstancesOfDependencies (node_modules/@nestjs/testing/testing-module.builder.js:118:9)
      at TestingModuleBuilder.compile (node_modules/@nestjs/testing/testing-module.builder.js:74:9)
      at Object.<anonymous> (test/integration/save.e2e-spec.ts:25:42)

  ● SaveService (e2e) › findAll › should return all saves

    DATABASE_URL_TEST must be set in environment variables

    [0m [90m 12 |[39m   getTestURL()[33m:[39m string {
     [90m 13 |[39m     [36mif[39m ([33m![39mprocess[33m.[39menv[33m.[39m[33mDATABASE_URL_TEST[39m) {
    [31m[1m>[22m[39m[90m 14 |[39m       [36mthrow[39m [36mnew[39m [33mError[39m([32m'DATABASE_URL_TEST must be set in environment variables'[39m)[33m;[39m
     [90m    |[39m             [31m[1m^[22m[39m
     [90m 15 |[39m     }
     [90m 16 |[39m     [36mreturn[39m process[33m.[39menv[33m.[39m[33mDATABASE_URL_TEST[39m[33m;[39m
     [90m 17 |[39m   }[0m

      at DatabaseConfigService.getTestURL (src/config/database-config.service.ts:14:13)
      at new PrismaService (src/prisma/prisma.service.ts:18:24)
      at TestingInjector.instantiateClass (node_modules/@nestjs/core/injector/injector.js:422:19)
      at callback (node_modules/@nestjs/core/injector/injector.js:70:45)
      at TestingInjector.resolveConstructorParams (node_modules/@nestjs/core/injector/injector.js:170:24)
      at TestingInjector.loadInstance (node_modules/@nestjs/core/injector/injector.js:75:13)
      at TestingInjector.loadProvider (node_modules/@nestjs/core/injector/injector.js:103:9)
      at node_modules/@nestjs/core/injector/instance-loader.js:56:13
          at async Promise.all (index 4)
      at TestingInstanceLoader.createInstancesOfProviders (node_modules/@nestjs/core/injector/instance-loader.js:55:9)
      at node_modules/@nestjs/core/injector/instance-loader.js:40:13
          at async Promise.all (index 3)
      at TestingInstanceLoader.createInstances (node_modules/@nestjs/core/injector/instance-loader.js:39:9)
      at TestingInstanceLoader.createInstancesOfDependencies (node_modules/@nestjs/core/injector/instance-loader.js:22:13)
      at TestingInstanceLoader.createInstancesOfDependencies (node_modules/@nestjs/testing/testing-instance-loader.js:9:9)
      at TestingModuleBuilder.createInstancesOfDependencies (node_modules/@nestjs/testing/testing-module.builder.js:118:9)
      at TestingModuleBuilder.compile (node_modules/@nestjs/testing/testing-module.builder.js:74:9)
      at Object.<anonymous> (test/integration/save.e2e-spec.ts:25:42)

  ● SaveService (e2e) › findAll › should return saves ordered by last_updated desc

    DATABASE_URL_TEST must be set in environment variables

    [0m [90m 12 |[39m   getTestURL()[33m:[39m string {
     [90m 13 |[39m     [36mif[39m ([33m![39mprocess[33m.[39menv[33m.[39m[33mDATABASE_URL_TEST[39m) {
    [31m[1m>[22m[39m[90m 14 |[39m       [36mthrow[39m [36mnew[39m [33mError[39m([32m'DATABASE_URL_TEST must be set in environment variables'[39m)[33m;[39m
     [90m    |[39m             [31m[1m^[22m[39m
     [90m 15 |[39m     }
     [90m 16 |[39m     [36mreturn[39m process[33m.[39menv[33m.[39m[33mDATABASE_URL_TEST[39m[33m;[39m
     [90m 17 |[39m   }[0m

      at DatabaseConfigService.getTestURL (src/config/database-config.service.ts:14:13)
      at new PrismaService (src/prisma/prisma.service.ts:18:24)
      at TestingInjector.instantiateClass (node_modules/@nestjs/core/injector/injector.js:422:19)
      at callback (node_modules/@nestjs/core/injector/injector.js:70:45)
      at TestingInjector.resolveConstructorParams (node_modules/@nestjs/core/injector/injector.js:170:24)
      at TestingInjector.loadInstance (node_modules/@nestjs/core/injector/injector.js:75:13)
      at TestingInjector.loadProvider (node_modules/@nestjs/core/injector/injector.js:103:9)
      at node_modules/@nestjs/core/injector/instance-loader.js:56:13
          at async Promise.all (index 4)
      at TestingInstanceLoader.createInstancesOfProviders (node_modules/@nestjs/core/injector/instance-loader.js:55:9)
      at node_modules/@nestjs/core/injector/instance-loader.js:40:13
          at async Promise.all (index 3)
      at TestingInstanceLoader.createInstances (node_modules/@nestjs/core/injector/instance-loader.js:39:9)
      at TestingInstanceLoader.createInstancesOfDependencies (node_modules/@nestjs/core/injector/instance-loader.js:22:13)
      at TestingInstanceLoader.createInstancesOfDependencies (node_modules/@nestjs/testing/testing-instance-loader.js:9:9)
      at TestingModuleBuilder.createInstancesOfDependencies (node_modules/@nestjs/testing/testing-module.builder.js:118:9)
      at TestingModuleBuilder.compile (node_modules/@nestjs/testing/testing-module.builder.js:74:9)
      at Object.<anonymous> (test/integration/save.e2e-spec.ts:25:42)

  ● SaveService (e2e) › findAll › should return saves with pagination

    DATABASE_URL_TEST must be set in environment variables

    [0m [90m 12 |[39m   getTestURL()[33m:[39m string {
     [90m 13 |[39m     [36mif[39m ([33m![39mprocess[33m.[39menv[33m.[39m[33mDATABASE_URL_TEST[39m) {
    [31m[1m>[22m[39m[90m 14 |[39m       [36mthrow[39m [36mnew[39m [33mError[39m([32m'DATABASE_URL_TEST must be set in environment variables'[39m)[33m;[39m
     [90m    |[39m             [31m[1m^[22m[39m
     [90m 15 |[39m     }
     [90m 16 |[39m     [36mreturn[39m process[33m.[39menv[33m.[39m[33mDATABASE_URL_TEST[39m[33m;[39m
     [90m 17 |[39m   }[0m

      at DatabaseConfigService.getTestURL (src/config/database-config.service.ts:14:13)
      at new PrismaService (src/prisma/prisma.service.ts:18:24)
      at TestingInjector.instantiateClass (node_modules/@nestjs/core/injector/injector.js:422:19)
      at callback (node_modules/@nestjs/core/injector/injector.js:70:45)
      at TestingInjector.resolveConstructorParams (node_modules/@nestjs/core/injector/injector.js:170:24)
      at TestingInjector.loadInstance (node_modules/@nestjs/core/injector/injector.js:75:13)
      at TestingInjector.loadProvider (node_modules/@nestjs/core/injector/injector.js:103:9)
      at node_modules/@nestjs/core/injector/instance-loader.js:56:13
          at async Promise.all (index 4)
      at TestingInstanceLoader.createInstancesOfProviders (node_modules/@nestjs/core/injector/instance-loader.js:55:9)
      at node_modules/@nestjs/core/injector/instance-loader.js:40:13
          at async Promise.all (index 3)
      at TestingInstanceLoader.createInstances (node_modules/@nestjs/core/injector/instance-loader.js:39:9)
      at TestingInstanceLoader.createInstancesOfDependencies (node_modules/@nestjs/core/injector/instance-loader.js:22:13)
      at TestingInstanceLoader.createInstancesOfDependencies (node_modules/@nestjs/testing/testing-instance-loader.js:9:9)
      at TestingModuleBuilder.createInstancesOfDependencies (node_modules/@nestjs/testing/testing-module.builder.js:118:9)
      at TestingModuleBuilder.compile (node_modules/@nestjs/testing/testing-module.builder.js:74:9)
      at Object.<anonymous> (test/integration/save.e2e-spec.ts:25:42)

  ● SaveService (e2e) › findAll › should include user and game information

    DATABASE_URL_TEST must be set in environment variables

    [0m [90m 12 |[39m   getTestURL()[33m:[39m string {
     [90m 13 |[39m     [36mif[39m ([33m![39mprocess[33m.[39menv[33m.[39m[33mDATABASE_URL_TEST[39m) {
    [31m[1m>[22m[39m[90m 14 |[39m       [36mthrow[39m [36mnew[39m [33mError[39m([32m'DATABASE_URL_TEST must be set in environment variables'[39m)[33m;[39m
     [90m    |[39m             [31m[1m^[22m[39m
     [90m 15 |[39m     }
     [90m 16 |[39m     [36mreturn[39m process[33m.[39menv[33m.[39m[33mDATABASE_URL_TEST[39m[33m;[39m
     [90m 17 |[39m   }[0m

      at DatabaseConfigService.getTestURL (src/config/database-config.service.ts:14:13)
      at new PrismaService (src/prisma/prisma.service.ts:18:24)
      at TestingInjector.instantiateClass (node_modules/@nestjs/core/injector/injector.js:422:19)
      at callback (node_modules/@nestjs/core/injector/injector.js:70:45)
      at TestingInjector.resolveConstructorParams (node_modules/@nestjs/core/injector/injector.js:170:24)
      at TestingInjector.loadInstance (node_modules/@nestjs/core/injector/injector.js:75:13)
      at TestingInjector.loadProvider (node_modules/@nestjs/core/injector/injector.js:103:9)
      at node_modules/@nestjs/core/injector/instance-loader.js:56:13
          at async Promise.all (index 4)
      at TestingInstanceLoader.createInstancesOfProviders (node_modules/@nestjs/core/injector/instance-loader.js:55:9)
      at node_modules/@nestjs/core/injector/instance-loader.js:40:13
          at async Promise.all (index 3)
      at TestingInstanceLoader.createInstances (node_modules/@nestjs/core/injector/instance-loader.js:39:9)
      at TestingInstanceLoader.createInstancesOfDependencies (node_modules/@nestjs/core/injector/instance-loader.js:22:13)
      at TestingInstanceLoader.createInstancesOfDependencies (node_modules/@nestjs/testing/testing-instance-loader.js:9:9)
      at TestingModuleBuilder.createInstancesOfDependencies (node_modules/@nestjs/testing/testing-module.builder.js:118:9)
      at TestingModuleBuilder.compile (node_modules/@nestjs/testing/testing-module.builder.js:74:9)
      at Object.<anonymous> (test/integration/save.e2e-spec.ts:25:42)

  ● SaveService (e2e) › findOne › should return a save by id

    DATABASE_URL_TEST must be set in environment variables

    [0m [90m 12 |[39m   getTestURL()[33m:[39m string {
     [90m 13 |[39m     [36mif[39m ([33m![39mprocess[33m.[39menv[33m.[39m[33mDATABASE_URL_TEST[39m) {
    [31m[1m>[22m[39m[90m 14 |[39m       [36mthrow[39m [36mnew[39m [33mError[39m([32m'DATABASE_URL_TEST must be set in environment variables'[39m)[33m;[39m
     [90m    |[39m             [31m[1m^[22m[39m
     [90m 15 |[39m     }
     [90m 16 |[39m     [36mreturn[39m process[33m.[39menv[33m.[39m[33mDATABASE_URL_TEST[39m[33m;[39m
     [90m 17 |[39m   }[0m

      at DatabaseConfigService.getTestURL (src/config/database-config.service.ts:14:13)
      at new PrismaService (src/prisma/prisma.service.ts:18:24)
      at TestingInjector.instantiateClass (node_modules/@nestjs/core/injector/injector.js:422:19)
      at callback (node_modules/@nestjs/core/injector/injector.js:70:45)
      at TestingInjector.resolveConstructorParams (node_modules/@nestjs/core/injector/injector.js:170:24)
      at TestingInjector.loadInstance (node_modules/@nestjs/core/injector/injector.js:75:13)
      at TestingInjector.loadProvider (node_modules/@nestjs/core/injector/injector.js:103:9)
      at node_modules/@nestjs/core/injector/instance-loader.js:56:13
          at async Promise.all (index 4)
      at TestingInstanceLoader.createInstancesOfProviders (node_modules/@nestjs/core/injector/instance-loader.js:55:9)
      at node_modules/@nestjs/core/injector/instance-loader.js:40:13
          at async Promise.all (index 3)
      at TestingInstanceLoader.createInstances (node_modules/@nestjs/core/injector/instance-loader.js:39:9)
      at TestingInstanceLoader.createInstancesOfDependencies (node_modules/@nestjs/core/injector/instance-loader.js:22:13)
      at TestingInstanceLoader.createInstancesOfDependencies (node_modules/@nestjs/testing/testing-instance-loader.js:9:9)
      at TestingModuleBuilder.createInstancesOfDependencies (node_modules/@nestjs/testing/testing-module.builder.js:118:9)
      at TestingModuleBuilder.compile (node_modules/@nestjs/testing/testing-module.builder.js:74:9)
      at Object.<anonymous> (test/integration/save.e2e-spec.ts:25:42)

  ● SaveService (e2e) › findOne › should throw NotFoundException when save does not exist

    DATABASE_URL_TEST must be set in environment variables

    [0m [90m 12 |[39m   getTestURL()[33m:[39m string {
     [90m 13 |[39m     [36mif[39m ([33m![39mprocess[33m.[39menv[33m.[39m[33mDATABASE_URL_TEST[39m) {
    [31m[1m>[22m[39m[90m 14 |[39m       [36mthrow[39m [36mnew[39m [33mError[39m([32m'DATABASE_URL_TEST must be set in environment variables'[39m)[33m;[39m
     [90m    |[39m             [31m[1m^[22m[39m
     [90m 15 |[39m     }
     [90m 16 |[39m     [36mreturn[39m process[33m.[39menv[33m.[39m[33mDATABASE_URL_TEST[39m[33m;[39m
     [90m 17 |[39m   }[0m

      at DatabaseConfigService.getTestURL (src/config/database-config.service.ts:14:13)
      at new PrismaService (src/prisma/prisma.service.ts:18:24)
      at TestingInjector.instantiateClass (node_modules/@nestjs/core/injector/injector.js:422:19)
      at callback (node_modules/@nestjs/core/injector/injector.js:70:45)
      at TestingInjector.resolveConstructorParams (node_modules/@nestjs/core/injector/injector.js:170:24)
      at TestingInjector.loadInstance (node_modules/@nestjs/core/injector/injector.js:75:13)
      at TestingInjector.loadProvider (node_modules/@nestjs/core/injector/injector.js:103:9)
      at node_modules/@nestjs/core/injector/instance-loader.js:56:13
          at async Promise.all (index 4)
      at TestingInstanceLoader.createInstancesOfProviders (node_modules/@nestjs/core/injector/instance-loader.js:55:9)
      at node_modules/@nestjs/core/injector/instance-loader.js:40:13
          at async Promise.all (index 3)
      at TestingInstanceLoader.createInstances (node_modules/@nestjs/core/injector/instance-loader.js:39:9)
      at TestingInstanceLoader.createInstancesOfDependencies (node_modules/@nestjs/core/injector/instance-loader.js:22:13)
      at TestingInstanceLoader.createInstancesOfDependencies (node_modules/@nestjs/testing/testing-instance-loader.js:9:9)
      at TestingModuleBuilder.createInstancesOfDependencies (node_modules/@nestjs/testing/testing-module.builder.js:118:9)
      at TestingModuleBuilder.compile (node_modules/@nestjs/testing/testing-module.builder.js:74:9)
      at Object.<anonymous> (test/integration/save.e2e-spec.ts:25:42)

  ● SaveService (e2e) › findByUser › should return saves for a specific user

    DATABASE_URL_TEST must be set in environment variables

    [0m [90m 12 |[39m   getTestURL()[33m:[39m string {
     [90m 13 |[39m     [36mif[39m ([33m![39mprocess[33m.[39menv[33m.[39m[33mDATABASE_URL_TEST[39m) {
    [31m[1m>[22m[39m[90m 14 |[39m       [36mthrow[39m [36mnew[39m [33mError[39m([32m'DATABASE_URL_TEST must be set in environment variables'[39m)[33m;[39m
     [90m    |[39m             [31m[1m^[22m[39m
     [90m 15 |[39m     }
     [90m 16 |[39m     [36mreturn[39m process[33m.[39menv[33m.[39m[33mDATABASE_URL_TEST[39m[33m;[39m
     [90m 17 |[39m   }[0m

      at DatabaseConfigService.getTestURL (src/config/database-config.service.ts:14:13)
      at new PrismaService (src/prisma/prisma.service.ts:18:24)
      at TestingInjector.instantiateClass (node_modules/@nestjs/core/injector/injector.js:422:19)
      at callback (node_modules/@nestjs/core/injector/injector.js:70:45)
      at TestingInjector.resolveConstructorParams (node_modules/@nestjs/core/injector/injector.js:170:24)
      at TestingInjector.loadInstance (node_modules/@nestjs/core/injector/injector.js:75:13)
      at TestingInjector.loadProvider (node_modules/@nestjs/core/injector/injector.js:103:9)
      at node_modules/@nestjs/core/injector/instance-loader.js:56:13
          at async Promise.all (index 4)
      at TestingInstanceLoader.createInstancesOfProviders (node_modules/@nestjs/core/injector/instance-loader.js:55:9)
      at node_modules/@nestjs/core/injector/instance-loader.js:40:13
          at async Promise.all (index 3)
      at TestingInstanceLoader.createInstances (node_modules/@nestjs/core/injector/instance-loader.js:39:9)
      at TestingInstanceLoader.createInstancesOfDependencies (node_modules/@nestjs/core/injector/instance-loader.js:22:13)
      at TestingInstanceLoader.createInstancesOfDependencies (node_modules/@nestjs/testing/testing-instance-loader.js:9:9)
      at TestingModuleBuilder.createInstancesOfDependencies (node_modules/@nestjs/testing/testing-module.builder.js:118:9)
      at TestingModuleBuilder.compile (node_modules/@nestjs/testing/testing-module.builder.js:74:9)
      at Object.<anonymous> (test/integration/save.e2e-spec.ts:25:42)

  ● SaveService (e2e) › findByUser › should return saves ordered by last_updated desc

    DATABASE_URL_TEST must be set in environment variables

    [0m [90m 12 |[39m   getTestURL()[33m:[39m string {
     [90m 13 |[39m     [36mif[39m ([33m![39mprocess[33m.[39menv[33m.[39m[33mDATABASE_URL_TEST[39m) {
    [31m[1m>[22m[39m[90m 14 |[39m       [36mthrow[39m [36mnew[39m [33mError[39m([32m'DATABASE_URL_TEST must be set in environment variables'[39m)[33m;[39m
     [90m    |[39m             [31m[1m^[22m[39m
     [90m 15 |[39m     }
     [90m 16 |[39m     [36mreturn[39m process[33m.[39menv[33m.[39m[33mDATABASE_URL_TEST[39m[33m;[39m
     [90m 17 |[39m   }[0m

      at DatabaseConfigService.getTestURL (src/config/database-config.service.ts:14:13)
      at new PrismaService (src/prisma/prisma.service.ts:18:24)
      at TestingInjector.instantiateClass (node_modules/@nestjs/core/injector/injector.js:422:19)
      at callback (node_modules/@nestjs/core/injector/injector.js:70:45)
      at TestingInjector.resolveConstructorParams (node_modules/@nestjs/core/injector/injector.js:170:24)
      at TestingInjector.loadInstance (node_modules/@nestjs/core/injector/injector.js:75:13)
      at TestingInjector.loadProvider (node_modules/@nestjs/core/injector/injector.js:103:9)
      at node_modules/@nestjs/core/injector/instance-loader.js:56:13
          at async Promise.all (index 4)
      at TestingInstanceLoader.createInstancesOfProviders (node_modules/@nestjs/core/injector/instance-loader.js:55:9)
      at node_modules/@nestjs/core/injector/instance-loader.js:40:13
          at async Promise.all (index 3)
      at TestingInstanceLoader.createInstances (node_modules/@nestjs/core/injector/instance-loader.js:39:9)
      at TestingInstanceLoader.createInstancesOfDependencies (node_modules/@nestjs/core/injector/instance-loader.js:22:13)
      at TestingInstanceLoader.createInstancesOfDependencies (node_modules/@nestjs/testing/testing-instance-loader.js:9:9)
      at TestingModuleBuilder.createInstancesOfDependencies (node_modules/@nestjs/testing/testing-module.builder.js:118:9)
      at TestingModuleBuilder.compile (node_modules/@nestjs/testing/testing-module.builder.js:74:9)
      at Object.<anonymous> (test/integration/save.e2e-spec.ts:25:42)

  ● SaveService (e2e) › findByUser › should return saves with pagination

    DATABASE_URL_TEST must be set in environment variables

    [0m [90m 12 |[39m   getTestURL()[33m:[39m string {
     [90m 13 |[39m     [36mif[39m ([33m![39mprocess[33m.[39menv[33m.[39m[33mDATABASE_URL_TEST[39m) {
    [31m[1m>[22m[39m[90m 14 |[39m       [36mthrow[39m [36mnew[39m [33mError[39m([32m'DATABASE_URL_TEST must be set in environment variables'[39m)[33m;[39m
     [90m    |[39m             [31m[1m^[22m[39m
     [90m 15 |[39m     }
     [90m 16 |[39m     [36mreturn[39m process[33m.[39menv[33m.[39m[33mDATABASE_URL_TEST[39m[33m;[39m
     [90m 17 |[39m   }[0m

      at DatabaseConfigService.getTestURL (src/config/database-config.service.ts:14:13)
      at new PrismaService (src/prisma/prisma.service.ts:18:24)
      at TestingInjector.instantiateClass (node_modules/@nestjs/core/injector/injector.js:422:19)
      at callback (node_modules/@nestjs/core/injector/injector.js:70:45)
      at TestingInjector.resolveConstructorParams (node_modules/@nestjs/core/injector/injector.js:170:24)
      at TestingInjector.loadInstance (node_modules/@nestjs/core/injector/injector.js:75:13)
      at TestingInjector.loadProvider (node_modules/@nestjs/core/injector/injector.js:103:9)
      at node_modules/@nestjs/core/injector/instance-loader.js:56:13
          at async Promise.all (index 4)
      at TestingInstanceLoader.createInstancesOfProviders (node_modules/@nestjs/core/injector/instance-loader.js:55:9)
      at node_modules/@nestjs/core/injector/instance-loader.js:40:13
          at async Promise.all (index 3)
      at TestingInstanceLoader.createInstances (node_modules/@nestjs/core/injector/instance-loader.js:39:9)
      at TestingInstanceLoader.createInstancesOfDependencies (node_modules/@nestjs/core/injector/instance-loader.js:22:13)
      at TestingInstanceLoader.createInstancesOfDependencies (node_modules/@nestjs/testing/testing-instance-loader.js:9:9)
      at TestingModuleBuilder.createInstancesOfDependencies (node_modules/@nestjs/testing/testing-module.builder.js:118:9)
      at TestingModuleBuilder.compile (node_modules/@nestjs/testing/testing-module.builder.js:74:9)
      at Object.<anonymous> (test/integration/save.e2e-spec.ts:25:42)

  ● SaveService (e2e) › findByUser › should return empty array when user has no saves

    DATABASE_URL_TEST must be set in environment variables

    [0m [90m 12 |[39m   getTestURL()[33m:[39m string {
     [90m 13 |[39m     [36mif[39m ([33m![39mprocess[33m.[39menv[33m.[39m[33mDATABASE_URL_TEST[39m) {
    [31m[1m>[22m[39m[90m 14 |[39m       [36mthrow[39m [36mnew[39m [33mError[39m([32m'DATABASE_URL_TEST must be set in environment variables'[39m)[33m;[39m
     [90m    |[39m             [31m[1m^[22m[39m
     [90m 15 |[39m     }
     [90m 16 |[39m     [36mreturn[39m process[33m.[39menv[33m.[39m[33mDATABASE_URL_TEST[39m[33m;[39m
     [90m 17 |[39m   }[0m

      at DatabaseConfigService.getTestURL (src/config/database-config.service.ts:14:13)
      at new PrismaService (src/prisma/prisma.service.ts:18:24)
      at TestingInjector.instantiateClass (node_modules/@nestjs/core/injector/injector.js:422:19)
      at callback (node_modules/@nestjs/core/injector/injector.js:70:45)
      at TestingInjector.resolveConstructorParams (node_modules/@nestjs/core/injector/injector.js:170:24)
      at TestingInjector.loadInstance (node_modules/@nestjs/core/injector/injector.js:75:13)
      at TestingInjector.loadProvider (node_modules/@nestjs/core/injector/injector.js:103:9)
      at node_modules/@nestjs/core/injector/instance-loader.js:56:13
          at async Promise.all (index 4)
      at TestingInstanceLoader.createInstancesOfProviders (node_modules/@nestjs/core/injector/instance-loader.js:55:9)
      at node_modules/@nestjs/core/injector/instance-loader.js:40:13
          at async Promise.all (index 3)
      at TestingInstanceLoader.createInstances (node_modules/@nestjs/core/injector/instance-loader.js:39:9)
      at TestingInstanceLoader.createInstancesOfDependencies (node_modules/@nestjs/core/injector/instance-loader.js:22:13)
      at TestingInstanceLoader.createInstancesOfDependencies (node_modules/@nestjs/testing/testing-instance-loader.js:9:9)
      at TestingModuleBuilder.createInstancesOfDependencies (node_modules/@nestjs/testing/testing-module.builder.js:118:9)
      at TestingModuleBuilder.compile (node_modules/@nestjs/testing/testing-module.builder.js:74:9)
      at Object.<anonymous> (test/integration/save.e2e-spec.ts:25:42)

  ● SaveService (e2e) › findByUser › should throw NotFoundException when user does not exist

    DATABASE_URL_TEST must be set in environment variables

    [0m [90m 12 |[39m   getTestURL()[33m:[39m string {
     [90m 13 |[39m     [36mif[39m ([33m![39mprocess[33m.[39menv[33m.[39m[33mDATABASE_URL_TEST[39m) {
    [31m[1m>[22m[39m[90m 14 |[39m       [36mthrow[39m [36mnew[39m [33mError[39m([32m'DATABASE_URL_TEST must be set in environment variables'[39m)[33m;[39m
     [90m    |[39m             [31m[1m^[22m[39m
     [90m 15 |[39m     }
     [90m 16 |[39m     [36mreturn[39m process[33m.[39menv[33m.[39m[33mDATABASE_URL_TEST[39m[33m;[39m
     [90m 17 |[39m   }[0m

      at DatabaseConfigService.getTestURL (src/config/database-config.service.ts:14:13)
      at new PrismaService (src/prisma/prisma.service.ts:18:24)
      at TestingInjector.instantiateClass (node_modules/@nestjs/core/injector/injector.js:422:19)
      at callback (node_modules/@nestjs/core/injector/injector.js:70:45)
      at TestingInjector.resolveConstructorParams (node_modules/@nestjs/core/injector/injector.js:170:24)
      at TestingInjector.loadInstance (node_modules/@nestjs/core/injector/injector.js:75:13)
      at TestingInjector.loadProvider (node_modules/@nestjs/core/injector/injector.js:103:9)
      at node_modules/@nestjs/core/injector/instance-loader.js:56:13
          at async Promise.all (index 4)
      at TestingInstanceLoader.createInstancesOfProviders (node_modules/@nestjs/core/injector/instance-loader.js:55:9)
      at node_modules/@nestjs/core/injector/instance-loader.js:40:13
          at async Promise.all (index 3)
      at TestingInstanceLoader.createInstances (node_modules/@nestjs/core/injector/instance-loader.js:39:9)
      at TestingInstanceLoader.createInstancesOfDependencies (node_modules/@nestjs/core/injector/instance-loader.js:22:13)
      at TestingInstanceLoader.createInstancesOfDependencies (node_modules/@nestjs/testing/testing-instance-loader.js:9:9)
      at TestingModuleBuilder.createInstancesOfDependencies (node_modules/@nestjs/testing/testing-module.builder.js:118:9)
      at TestingModuleBuilder.compile (node_modules/@nestjs/testing/testing-module.builder.js:74:9)
      at Object.<anonymous> (test/integration/save.e2e-spec.ts:25:42)

  ● SaveService (e2e) › findByGame › should return saves for a specific game

    DATABASE_URL_TEST must be set in environment variables

    [0m [90m 12 |[39m   getTestURL()[33m:[39m string {
     [90m 13 |[39m     [36mif[39m ([33m![39mprocess[33m.[39menv[33m.[39m[33mDATABASE_URL_TEST[39m) {
    [31m[1m>[22m[39m[90m 14 |[39m       [36mthrow[39m [36mnew[39m [33mError[39m([32m'DATABASE_URL_TEST must be set in environment variables'[39m)[33m;[39m
     [90m    |[39m             [31m[1m^[22m[39m
     [90m 15 |[39m     }
     [90m 16 |[39m     [36mreturn[39m process[33m.[39menv[33m.[39m[33mDATABASE_URL_TEST[39m[33m;[39m
     [90m 17 |[39m   }[0m

      at DatabaseConfigService.getTestURL (src/config/database-config.service.ts:14:13)
      at new PrismaService (src/prisma/prisma.service.ts:18:24)
      at TestingInjector.instantiateClass (node_modules/@nestjs/core/injector/injector.js:422:19)
      at callback (node_modules/@nestjs/core/injector/injector.js:70:45)
      at TestingInjector.resolveConstructorParams (node_modules/@nestjs/core/injector/injector.js:170:24)
      at TestingInjector.loadInstance (node_modules/@nestjs/core/injector/injector.js:75:13)
      at TestingInjector.loadProvider (node_modules/@nestjs/core/injector/injector.js:103:9)
      at node_modules/@nestjs/core/injector/instance-loader.js:56:13
          at async Promise.all (index 4)
      at TestingInstanceLoader.createInstancesOfProviders (node_modules/@nestjs/core/injector/instance-loader.js:55:9)
      at node_modules/@nestjs/core/injector/instance-loader.js:40:13
          at async Promise.all (index 3)
      at TestingInstanceLoader.createInstances (node_modules/@nestjs/core/injector/instance-loader.js:39:9)
      at TestingInstanceLoader.createInstancesOfDependencies (node_modules/@nestjs/core/injector/instance-loader.js:22:13)
      at TestingInstanceLoader.createInstancesOfDependencies (node_modules/@nestjs/testing/testing-instance-loader.js:9:9)
      at TestingModuleBuilder.createInstancesOfDependencies (node_modules/@nestjs/testing/testing-module.builder.js:118:9)
      at TestingModuleBuilder.compile (node_modules/@nestjs/testing/testing-module.builder.js:74:9)
      at Object.<anonymous> (test/integration/save.e2e-spec.ts:25:42)

  ● SaveService (e2e) › findByGame › should return saves with pagination

    DATABASE_URL_TEST must be set in environment variables

    [0m [90m 12 |[39m   getTestURL()[33m:[39m string {
     [90m 13 |[39m     [36mif[39m ([33m![39mprocess[33m.[39menv[33m.[39m[33mDATABASE_URL_TEST[39m) {
    [31m[1m>[22m[39m[90m 14 |[39m       [36mthrow[39m [36mnew[39m [33mError[39m([32m'DATABASE_URL_TEST must be set in environment variables'[39m)[33m;[39m
     [90m    |[39m             [31m[1m^[22m[39m
     [90m 15 |[39m     }
     [90m 16 |[39m     [36mreturn[39m process[33m.[39menv[33m.[39m[33mDATABASE_URL_TEST[39m[33m;[39m
     [90m 17 |[39m   }[0m

      at DatabaseConfigService.getTestURL (src/config/database-config.service.ts:14:13)
      at new PrismaService (src/prisma/prisma.service.ts:18:24)
      at TestingInjector.instantiateClass (node_modules/@nestjs/core/injector/injector.js:422:19)
      at callback (node_modules/@nestjs/core/injector/injector.js:70:45)
      at TestingInjector.resolveConstructorParams (node_modules/@nestjs/core/injector/injector.js:170:24)
      at TestingInjector.loadInstance (node_modules/@nestjs/core/injector/injector.js:75:13)
      at TestingInjector.loadProvider (node_modules/@nestjs/core/injector/injector.js:103:9)
      at node_modules/@nestjs/core/injector/instance-loader.js:56:13
          at async Promise.all (index 4)
      at TestingInstanceLoader.createInstancesOfProviders (node_modules/@nestjs/core/injector/instance-loader.js:55:9)
      at node_modules/@nestjs/core/injector/instance-loader.js:40:13
          at async Promise.all (index 3)
      at TestingInstanceLoader.createInstances (node_modules/@nestjs/core/injector/instance-loader.js:39:9)
      at TestingInstanceLoader.createInstancesOfDependencies (node_modules/@nestjs/core/injector/instance-loader.js:22:13)
      at TestingInstanceLoader.createInstancesOfDependencies (node_modules/@nestjs/testing/testing-instance-loader.js:9:9)
      at TestingModuleBuilder.createInstancesOfDependencies (node_modules/@nestjs/testing/testing-module.builder.js:118:9)
      at TestingModuleBuilder.compile (node_modules/@nestjs/testing/testing-module.builder.js:74:9)
      at Object.<anonymous> (test/integration/save.e2e-spec.ts:25:42)

  ● SaveService (e2e) › findByGame › should return empty array when game has no saves

    DATABASE_URL_TEST must be set in environment variables

    [0m [90m 12 |[39m   getTestURL()[33m:[39m string {
     [90m 13 |[39m     [36mif[39m ([33m![39mprocess[33m.[39menv[33m.[39m[33mDATABASE_URL_TEST[39m) {
    [31m[1m>[22m[39m[90m 14 |[39m       [36mthrow[39m [36mnew[39m [33mError[39m([32m'DATABASE_URL_TEST must be set in environment variables'[39m)[33m;[39m
     [90m    |[39m             [31m[1m^[22m[39m
     [90m 15 |[39m     }
     [90m 16 |[39m     [36mreturn[39m process[33m.[39menv[33m.[39m[33mDATABASE_URL_TEST[39m[33m;[39m
     [90m 17 |[39m   }[0m

      at DatabaseConfigService.getTestURL (src/config/database-config.service.ts:14:13)
      at new PrismaService (src/prisma/prisma.service.ts:18:24)
      at TestingInjector.instantiateClass (node_modules/@nestjs/core/injector/injector.js:422:19)
      at callback (node_modules/@nestjs/core/injector/injector.js:70:45)
      at TestingInjector.resolveConstructorParams (node_modules/@nestjs/core/injector/injector.js:170:24)
      at TestingInjector.loadInstance (node_modules/@nestjs/core/injector/injector.js:75:13)
      at TestingInjector.loadProvider (node_modules/@nestjs/core/injector/injector.js:103:9)
      at node_modules/@nestjs/core/injector/instance-loader.js:56:13
          at async Promise.all (index 4)
      at TestingInstanceLoader.createInstancesOfProviders (node_modules/@nestjs/core/injector/instance-loader.js:55:9)
      at node_modules/@nestjs/core/injector/instance-loader.js:40:13
          at async Promise.all (index 3)
      at TestingInstanceLoader.createInstances (node_modules/@nestjs/core/injector/instance-loader.js:39:9)
      at TestingInstanceLoader.createInstancesOfDependencies (node_modules/@nestjs/core/injector/instance-loader.js:22:13)
      at TestingInstanceLoader.createInstancesOfDependencies (node_modules/@nestjs/testing/testing-instance-loader.js:9:9)
      at TestingModuleBuilder.createInstancesOfDependencies (node_modules/@nestjs/testing/testing-module.builder.js:118:9)
      at TestingModuleBuilder.compile (node_modules/@nestjs/testing/testing-module.builder.js:74:9)
      at Object.<anonymous> (test/integration/save.e2e-spec.ts:25:42)

  ● SaveService (e2e) › findByGame › should throw NotFoundException when game does not exist

    DATABASE_URL_TEST must be set in environment variables

    [0m [90m 12 |[39m   getTestURL()[33m:[39m string {
     [90m 13 |[39m     [36mif[39m ([33m![39mprocess[33m.[39menv[33m.[39m[33mDATABASE_URL_TEST[39m) {
    [31m[1m>[22m[39m[90m 14 |[39m       [36mthrow[39m [36mnew[39m [33mError[39m([32m'DATABASE_URL_TEST must be set in environment variables'[39m)[33m;[39m
     [90m    |[39m             [31m[1m^[22m[39m
     [90m 15 |[39m     }
     [90m 16 |[39m     [36mreturn[39m process[33m.[39menv[33m.[39m[33mDATABASE_URL_TEST[39m[33m;[39m
     [90m 17 |[39m   }[0m

      at DatabaseConfigService.getTestURL (src/config/database-config.service.ts:14:13)
      at new PrismaService (src/prisma/prisma.service.ts:18:24)
      at TestingInjector.instantiateClass (node_modules/@nestjs/core/injector/injector.js:422:19)
      at callback (node_modules/@nestjs/core/injector/injector.js:70:45)
      at TestingInjector.resolveConstructorParams (node_modules/@nestjs/core/injector/injector.js:170:24)
      at TestingInjector.loadInstance (node_modules/@nestjs/core/injector/injector.js:75:13)
      at TestingInjector.loadProvider (node_modules/@nestjs/core/injector/injector.js:103:9)
      at node_modules/@nestjs/core/injector/instance-loader.js:56:13
          at async Promise.all (index 4)
      at TestingInstanceLoader.createInstancesOfProviders (node_modules/@nestjs/core/injector/instance-loader.js:55:9)
      at node_modules/@nestjs/core/injector/instance-loader.js:40:13
          at async Promise.all (index 3)
      at TestingInstanceLoader.createInstances (node_modules/@nestjs/core/injector/instance-loader.js:39:9)
      at TestingInstanceLoader.createInstancesOfDependencies (node_modules/@nestjs/core/injector/instance-loader.js:22:13)
      at TestingInstanceLoader.createInstancesOfDependencies (node_modules/@nestjs/testing/testing-instance-loader.js:9:9)
      at TestingModuleBuilder.createInstancesOfDependencies (node_modules/@nestjs/testing/testing-module.builder.js:118:9)
      at TestingModuleBuilder.compile (node_modules/@nestjs/testing/testing-module.builder.js:74:9)
      at Object.<anonymous> (test/integration/save.e2e-spec.ts:25:42)

  ● SaveService (e2e) › findByUserAndGame › should return save for specific user and game

    DATABASE_URL_TEST must be set in environment variables

    [0m [90m 12 |[39m   getTestURL()[33m:[39m string {
     [90m 13 |[39m     [36mif[39m ([33m![39mprocess[33m.[39menv[33m.[39m[33mDATABASE_URL_TEST[39m) {
    [31m[1m>[22m[39m[90m 14 |[39m       [36mthrow[39m [36mnew[39m [33mError[39m([32m'DATABASE_URL_TEST must be set in environment variables'[39m)[33m;[39m
     [90m    |[39m             [31m[1m^[22m[39m
     [90m 15 |[39m     }
     [90m 16 |[39m     [36mreturn[39m process[33m.[39menv[33m.[39m[33mDATABASE_URL_TEST[39m[33m;[39m
     [90m 17 |[39m   }[0m

      at DatabaseConfigService.getTestURL (src/config/database-config.service.ts:14:13)
      at new PrismaService (src/prisma/prisma.service.ts:18:24)
      at TestingInjector.instantiateClass (node_modules/@nestjs/core/injector/injector.js:422:19)
      at callback (node_modules/@nestjs/core/injector/injector.js:70:45)
      at TestingInjector.resolveConstructorParams (node_modules/@nestjs/core/injector/injector.js:170:24)
      at TestingInjector.loadInstance (node_modules/@nestjs/core/injector/injector.js:75:13)
      at TestingInjector.loadProvider (node_modules/@nestjs/core/injector/injector.js:103:9)
      at node_modules/@nestjs/core/injector/instance-loader.js:56:13
          at async Promise.all (index 4)
      at TestingInstanceLoader.createInstancesOfProviders (node_modules/@nestjs/core/injector/instance-loader.js:55:9)
      at node_modules/@nestjs/core/injector/instance-loader.js:40:13
          at async Promise.all (index 3)
      at TestingInstanceLoader.createInstances (node_modules/@nestjs/core/injector/instance-loader.js:39:9)
      at TestingInstanceLoader.createInstancesOfDependencies (node_modules/@nestjs/core/injector/instance-loader.js:22:13)
      at TestingInstanceLoader.createInstancesOfDependencies (node_modules/@nestjs/testing/testing-instance-loader.js:9:9)
      at TestingModuleBuilder.createInstancesOfDependencies (node_modules/@nestjs/testing/testing-module.builder.js:118:9)
      at TestingModuleBuilder.compile (node_modules/@nestjs/testing/testing-module.builder.js:74:9)
      at Object.<anonymous> (test/integration/save.e2e-spec.ts:25:42)

  ● SaveService (e2e) › findByUserAndGame › should throw NotFoundException when save does not exist

    DATABASE_URL_TEST must be set in environment variables

    [0m [90m 12 |[39m   getTestURL()[33m:[39m string {
     [90m 13 |[39m     [36mif[39m ([33m![39mprocess[33m.[39menv[33m.[39m[33mDATABASE_URL_TEST[39m) {
    [31m[1m>[22m[39m[90m 14 |[39m       [36mthrow[39m [36mnew[39m [33mError[39m([32m'DATABASE_URL_TEST must be set in environment variables'[39m)[33m;[39m
     [90m    |[39m             [31m[1m^[22m[39m
     [90m 15 |[39m     }
     [90m 16 |[39m     [36mreturn[39m process[33m.[39menv[33m.[39m[33mDATABASE_URL_TEST[39m[33m;[39m
     [90m 17 |[39m   }[0m

      at DatabaseConfigService.getTestURL (src/config/database-config.service.ts:14:13)
      at new PrismaService (src/prisma/prisma.service.ts:18:24)
      at TestingInjector.instantiateClass (node_modules/@nestjs/core/injector/injector.js:422:19)
      at callback (node_modules/@nestjs/core/injector/injector.js:70:45)
      at TestingInjector.resolveConstructorParams (node_modules/@nestjs/core/injector/injector.js:170:24)
      at TestingInjector.loadInstance (node_modules/@nestjs/core/injector/injector.js:75:13)
      at TestingInjector.loadProvider (node_modules/@nestjs/core/injector/injector.js:103:9)
      at node_modules/@nestjs/core/injector/instance-loader.js:56:13
          at async Promise.all (index 4)
      at TestingInstanceLoader.createInstancesOfProviders (node_modules/@nestjs/core/injector/instance-loader.js:55:9)
      at node_modules/@nestjs/core/injector/instance-loader.js:40:13
          at async Promise.all (index 3)
      at TestingInstanceLoader.createInstances (node_modules/@nestjs/core/injector/instance-loader.js:39:9)
      at TestingInstanceLoader.createInstancesOfDependencies (node_modules/@nestjs/core/injector/instance-loader.js:22:13)
      at TestingInstanceLoader.createInstancesOfDependencies (node_modules/@nestjs/testing/testing-instance-loader.js:9:9)
      at TestingModuleBuilder.createInstancesOfDependencies (node_modules/@nestjs/testing/testing-module.builder.js:118:9)
      at TestingModuleBuilder.compile (node_modules/@nestjs/testing/testing-module.builder.js:74:9)
      at Object.<anonymous> (test/integration/save.e2e-spec.ts:25:42)

  ● SaveService (e2e) › update › should update save data successfully

    DATABASE_URL_TEST must be set in environment variables

    [0m [90m 12 |[39m   getTestURL()[33m:[39m string {
     [90m 13 |[39m     [36mif[39m ([33m![39mprocess[33m.[39menv[33m.[39m[33mDATABASE_URL_TEST[39m) {
    [31m[1m>[22m[39m[90m 14 |[39m       [36mthrow[39m [36mnew[39m [33mError[39m([32m'DATABASE_URL_TEST must be set in environment variables'[39m)[33m;[39m
     [90m    |[39m             [31m[1m^[22m[39m
     [90m 15 |[39m     }
     [90m 16 |[39m     [36mreturn[39m process[33m.[39menv[33m.[39m[33mDATABASE_URL_TEST[39m[33m;[39m
     [90m 17 |[39m   }[0m

      at DatabaseConfigService.getTestURL (src/config/database-config.service.ts:14:13)
      at new PrismaService (src/prisma/prisma.service.ts:18:24)
      at TestingInjector.instantiateClass (node_modules/@nestjs/core/injector/injector.js:422:19)
      at callback (node_modules/@nestjs/core/injector/injector.js:70:45)
      at TestingInjector.resolveConstructorParams (node_modules/@nestjs/core/injector/injector.js:170:24)
      at TestingInjector.loadInstance (node_modules/@nestjs/core/injector/injector.js:75:13)
      at TestingInjector.loadProvider (node_modules/@nestjs/core/injector/injector.js:103:9)
      at node_modules/@nestjs/core/injector/instance-loader.js:56:13
          at async Promise.all (index 4)
      at TestingInstanceLoader.createInstancesOfProviders (node_modules/@nestjs/core/injector/instance-loader.js:55:9)
      at node_modules/@nestjs/core/injector/instance-loader.js:40:13
          at async Promise.all (index 3)
      at TestingInstanceLoader.createInstances (node_modules/@nestjs/core/injector/instance-loader.js:39:9)
      at TestingInstanceLoader.createInstancesOfDependencies (node_modules/@nestjs/core/injector/instance-loader.js:22:13)
      at TestingInstanceLoader.createInstancesOfDependencies (node_modules/@nestjs/testing/testing-instance-loader.js:9:9)
      at TestingModuleBuilder.createInstancesOfDependencies (node_modules/@nestjs/testing/testing-module.builder.js:118:9)
      at TestingModuleBuilder.compile (node_modules/@nestjs/testing/testing-module.builder.js:74:9)
      at Object.<anonymous> (test/integration/save.e2e-spec.ts:25:42)

  ● SaveService (e2e) › update › should update save data with complex JSON

    DATABASE_URL_TEST must be set in environment variables

    [0m [90m 12 |[39m   getTestURL()[33m:[39m string {
     [90m 13 |[39m     [36mif[39m ([33m![39mprocess[33m.[39menv[33m.[39m[33mDATABASE_URL_TEST[39m) {
    [31m[1m>[22m[39m[90m 14 |[39m       [36mthrow[39m [36mnew[39m [33mError[39m([32m'DATABASE_URL_TEST must be set in environment variables'[39m)[33m;[39m
     [90m    |[39m             [31m[1m^[22m[39m
     [90m 15 |[39m     }
     [90m 16 |[39m     [36mreturn[39m process[33m.[39menv[33m.[39m[33mDATABASE_URL_TEST[39m[33m;[39m
     [90m 17 |[39m   }[0m

      at DatabaseConfigService.getTestURL (src/config/database-config.service.ts:14:13)
      at new PrismaService (src/prisma/prisma.service.ts:18:24)
      at TestingInjector.instantiateClass (node_modules/@nestjs/core/injector/injector.js:422:19)
      at callback (node_modules/@nestjs/core/injector/injector.js:70:45)
      at TestingInjector.resolveConstructorParams (node_modules/@nestjs/core/injector/injector.js:170:24)
      at TestingInjector.loadInstance (node_modules/@nestjs/core/injector/injector.js:75:13)
      at TestingInjector.loadProvider (node_modules/@nestjs/core/injector/injector.js:103:9)
      at node_modules/@nestjs/core/injector/instance-loader.js:56:13
          at async Promise.all (index 4)
      at TestingInstanceLoader.createInstancesOfProviders (node_modules/@nestjs/core/injector/instance-loader.js:55:9)
      at node_modules/@nestjs/core/injector/instance-loader.js:40:13
          at async Promise.all (index 3)
      at TestingInstanceLoader.createInstances (node_modules/@nestjs/core/injector/instance-loader.js:39:9)
      at TestingInstanceLoader.createInstancesOfDependencies (node_modules/@nestjs/core/injector/instance-loader.js:22:13)
      at TestingInstanceLoader.createInstancesOfDependencies (node_modules/@nestjs/testing/testing-instance-loader.js:9:9)
      at TestingModuleBuilder.createInstancesOfDependencies (node_modules/@nestjs/testing/testing-module.builder.js:118:9)
      at TestingModuleBuilder.compile (node_modules/@nestjs/testing/testing-module.builder.js:74:9)
      at Object.<anonymous> (test/integration/save.e2e-spec.ts:25:42)

  ● SaveService (e2e) › update › should throw NotFoundException when save does not exist

    DATABASE_URL_TEST must be set in environment variables

    [0m [90m 12 |[39m   getTestURL()[33m:[39m string {
     [90m 13 |[39m     [36mif[39m ([33m![39mprocess[33m.[39menv[33m.[39m[33mDATABASE_URL_TEST[39m) {
    [31m[1m>[22m[39m[90m 14 |[39m       [36mthrow[39m [36mnew[39m [33mError[39m([32m'DATABASE_URL_TEST must be set in environment variables'[39m)[33m;[39m
     [90m    |[39m             [31m[1m^[22m[39m
     [90m 15 |[39m     }
     [90m 16 |[39m     [36mreturn[39m process[33m.[39menv[33m.[39m[33mDATABASE_URL_TEST[39m[33m;[39m
     [90m 17 |[39m   }[0m

      at DatabaseConfigService.getTestURL (src/config/database-config.service.ts:14:13)
      at new PrismaService (src/prisma/prisma.service.ts:18:24)
      at TestingInjector.instantiateClass (node_modules/@nestjs/core/injector/injector.js:422:19)
      at callback (node_modules/@nestjs/core/injector/injector.js:70:45)
      at TestingInjector.resolveConstructorParams (node_modules/@nestjs/core/injector/injector.js:170:24)
      at TestingInjector.loadInstance (node_modules/@nestjs/core/injector/injector.js:75:13)
      at TestingInjector.loadProvider (node_modules/@nestjs/core/injector/injector.js:103:9)
      at node_modules/@nestjs/core/injector/instance-loader.js:56:13
          at async Promise.all (index 4)
      at TestingInstanceLoader.createInstancesOfProviders (node_modules/@nestjs/core/injector/instance-loader.js:55:9)
      at node_modules/@nestjs/core/injector/instance-loader.js:40:13
          at async Promise.all (index 3)
      at TestingInstanceLoader.createInstances (node_modules/@nestjs/core/injector/instance-loader.js:39:9)
      at TestingInstanceLoader.createInstancesOfDependencies (node_modules/@nestjs/core/injector/instance-loader.js:22:13)
      at TestingInstanceLoader.createInstancesOfDependencies (node_modules/@nestjs/testing/testing-instance-loader.js:9:9)
      at TestingModuleBuilder.createInstancesOfDependencies (node_modules/@nestjs/testing/testing-module.builder.js:118:9)
      at TestingModuleBuilder.compile (node_modules/@nestjs/testing/testing-module.builder.js:74:9)
      at Object.<anonymous> (test/integration/save.e2e-spec.ts:25:42)

  ● SaveService (e2e) › update › should handle empty update

    DATABASE_URL_TEST must be set in environment variables

    [0m [90m 12 |[39m   getTestURL()[33m:[39m string {
     [90m 13 |[39m     [36mif[39m ([33m![39mprocess[33m.[39menv[33m.[39m[33mDATABASE_URL_TEST[39m) {
    [31m[1m>[22m[39m[90m 14 |[39m       [36mthrow[39m [36mnew[39m [33mError[39m([32m'DATABASE_URL_TEST must be set in environment variables'[39m)[33m;[39m
     [90m    |[39m             [31m[1m^[22m[39m
     [90m 15 |[39m     }
     [90m 16 |[39m     [36mreturn[39m process[33m.[39menv[33m.[39m[33mDATABASE_URL_TEST[39m[33m;[39m
     [90m 17 |[39m   }[0m

      at DatabaseConfigService.getTestURL (src/config/database-config.service.ts:14:13)
      at new PrismaService (src/prisma/prisma.service.ts:18:24)
      at TestingInjector.instantiateClass (node_modules/@nestjs/core/injector/injector.js:422:19)
      at callback (node_modules/@nestjs/core/injector/injector.js:70:45)
      at TestingInjector.resolveConstructorParams (node_modules/@nestjs/core/injector/injector.js:170:24)
      at TestingInjector.loadInstance (node_modules/@nestjs/core/injector/injector.js:75:13)
      at TestingInjector.loadProvider (node_modules/@nestjs/core/injector/injector.js:103:9)
      at node_modules/@nestjs/core/injector/instance-loader.js:56:13
          at async Promise.all (index 4)
      at TestingInstanceLoader.createInstancesOfProviders (node_modules/@nestjs/core/injector/instance-loader.js:55:9)
      at node_modules/@nestjs/core/injector/instance-loader.js:40:13
          at async Promise.all (index 3)
      at TestingInstanceLoader.createInstances (node_modules/@nestjs/core/injector/instance-loader.js:39:9)
      at TestingInstanceLoader.createInstancesOfDependencies (node_modules/@nestjs/core/injector/instance-loader.js:22:13)
      at TestingInstanceLoader.createInstancesOfDependencies (node_modules/@nestjs/testing/testing-instance-loader.js:9:9)
      at TestingModuleBuilder.createInstancesOfDependencies (node_modules/@nestjs/testing/testing-module.builder.js:118:9)
      at TestingModuleBuilder.compile (node_modules/@nestjs/testing/testing-module.builder.js:74:9)
      at Object.<anonymous> (test/integration/save.e2e-spec.ts:25:42)

  ● SaveService (e2e) › remove › should delete save successfully

    DATABASE_URL_TEST must be set in environment variables

    [0m [90m 12 |[39m   getTestURL()[33m:[39m string {
     [90m 13 |[39m     [36mif[39m ([33m![39mprocess[33m.[39menv[33m.[39m[33mDATABASE_URL_TEST[39m) {
    [31m[1m>[22m[39m[90m 14 |[39m       [36mthrow[39m [36mnew[39m [33mError[39m([32m'DATABASE_URL_TEST must be set in environment variables'[39m)[33m;[39m
     [90m    |[39m             [31m[1m^[22m[39m
     [90m 15 |[39m     }
     [90m 16 |[39m     [36mreturn[39m process[33m.[39menv[33m.[39m[33mDATABASE_URL_TEST[39m[33m;[39m
     [90m 17 |[39m   }[0m

      at DatabaseConfigService.getTestURL (src/config/database-config.service.ts:14:13)
      at new PrismaService (src/prisma/prisma.service.ts:18:24)
      at TestingInjector.instantiateClass (node_modules/@nestjs/core/injector/injector.js:422:19)
      at callback (node_modules/@nestjs/core/injector/injector.js:70:45)
      at TestingInjector.resolveConstructorParams (node_modules/@nestjs/core/injector/injector.js:170:24)
      at TestingInjector.loadInstance (node_modules/@nestjs/core/injector/injector.js:75:13)
      at TestingInjector.loadProvider (node_modules/@nestjs/core/injector/injector.js:103:9)
      at node_modules/@nestjs/core/injector/instance-loader.js:56:13
          at async Promise.all (index 4)
      at TestingInstanceLoader.createInstancesOfProviders (node_modules/@nestjs/core/injector/instance-loader.js:55:9)
      at node_modules/@nestjs/core/injector/instance-loader.js:40:13
          at async Promise.all (index 3)
      at TestingInstanceLoader.createInstances (node_modules/@nestjs/core/injector/instance-loader.js:39:9)
      at TestingInstanceLoader.createInstancesOfDependencies (node_modules/@nestjs/core/injector/instance-loader.js:22:13)
      at TestingInstanceLoader.createInstancesOfDependencies (node_modules/@nestjs/testing/testing-instance-loader.js:9:9)
      at TestingModuleBuilder.createInstancesOfDependencies (node_modules/@nestjs/testing/testing-module.builder.js:118:9)
      at TestingModuleBuilder.compile (node_modules/@nestjs/testing/testing-module.builder.js:74:9)
      at Object.<anonymous> (test/integration/save.e2e-spec.ts:25:42)

  ● SaveService (e2e) › remove › should throw NotFoundException when save does not exist

    DATABASE_URL_TEST must be set in environment variables

    [0m [90m 12 |[39m   getTestURL()[33m:[39m string {
     [90m 13 |[39m     [36mif[39m ([33m![39mprocess[33m.[39menv[33m.[39m[33mDATABASE_URL_TEST[39m) {
    [31m[1m>[22m[39m[90m 14 |[39m       [36mthrow[39m [36mnew[39m [33mError[39m([32m'DATABASE_URL_TEST must be set in environment variables'[39m)[33m;[39m
     [90m    |[39m             [31m[1m^[22m[39m
     [90m 15 |[39m     }
     [90m 16 |[39m     [36mreturn[39m process[33m.[39menv[33m.[39m[33mDATABASE_URL_TEST[39m[33m;[39m
     [90m 17 |[39m   }[0m

      at DatabaseConfigService.getTestURL (src/config/database-config.service.ts:14:13)
      at new PrismaService (src/prisma/prisma.service.ts:18:24)
      at TestingInjector.instantiateClass (node_modules/@nestjs/core/injector/injector.js:422:19)
      at callback (node_modules/@nestjs/core/injector/injector.js:70:45)
      at TestingInjector.resolveConstructorParams (node_modules/@nestjs/core/injector/injector.js:170:24)
      at TestingInjector.loadInstance (node_modules/@nestjs/core/injector/injector.js:75:13)
      at TestingInjector.loadProvider (node_modules/@nestjs/core/injector/injector.js:103:9)
      at node_modules/@nestjs/core/injector/instance-loader.js:56:13
          at async Promise.all (index 4)
      at TestingInstanceLoader.createInstancesOfProviders (node_modules/@nestjs/core/injector/instance-loader.js:55:9)
      at node_modules/@nestjs/core/injector/instance-loader.js:40:13
          at async Promise.all (index 3)
      at TestingInstanceLoader.createInstances (node_modules/@nestjs/core/injector/instance-loader.js:39:9)
      at TestingInstanceLoader.createInstancesOfDependencies (node_modules/@nestjs/core/injector/instance-loader.js:22:13)
      at TestingInstanceLoader.createInstancesOfDependencies (node_modules/@nestjs/testing/testing-instance-loader.js:9:9)
      at TestingModuleBuilder.createInstancesOfDependencies (node_modules/@nestjs/testing/testing-module.builder.js:118:9)
      at TestingModuleBuilder.compile (node_modules/@nestjs/testing/testing-module.builder.js:74:9)
      at Object.<anonymous> (test/integration/save.e2e-spec.ts:25:42)

FAIL test/integration/game.e2e-spec.ts (45.605 s)
  ● Console

    console.log
      ◇ injected env (0) from ..\.env // tip: ⌁ auth for agents [www.vestauth.com]

      at _log (node_modules/dotenv/lib/main.js:131:11)

  ● GameService (e2e) › create › should create a game successfully

    DATABASE_URL_TEST must be set in environment variables

    [0m [90m 12 |[39m   getTestURL()[33m:[39m string {
     [90m 13 |[39m     [36mif[39m ([33m![39mprocess[33m.[39menv[33m.[39m[33mDATABASE_URL_TEST[39m) {
    [31m[1m>[22m[39m[90m 14 |[39m       [36mthrow[39m [36mnew[39m [33mError[39m([32m'DATABASE_URL_TEST must be set in environment variables'[39m)[33m;[39m
     [90m    |[39m             [31m[1m^[22m[39m
     [90m 15 |[39m     }
     [90m 16 |[39m     [36mreturn[39m process[33m.[39menv[33m.[39m[33mDATABASE_URL_TEST[39m[33m;[39m
     [90m 17 |[39m   }[0m

      at DatabaseConfigService.getTestURL (src/config/database-config.service.ts:14:13)
      at new PrismaService (src/prisma/prisma.service.ts:18:24)
      at TestingInjector.instantiateClass (node_modules/@nestjs/core/injector/injector.js:422:19)
      at callback (node_modules/@nestjs/core/injector/injector.js:70:45)
      at TestingInjector.resolveConstructorParams (node_modules/@nestjs/core/injector/injector.js:170:24)
      at TestingInjector.loadInstance (node_modules/@nestjs/core/injector/injector.js:75:13)
      at TestingInjector.loadProvider (node_modules/@nestjs/core/injector/injector.js:103:9)
      at node_modules/@nestjs/core/injector/instance-loader.js:56:13
          at async Promise.all (index 4)
      at TestingInstanceLoader.createInstancesOfProviders (node_modules/@nestjs/core/injector/instance-loader.js:55:9)
      at node_modules/@nestjs/core/injector/instance-loader.js:40:13
          at async Promise.all (index 3)
      at TestingInstanceLoader.createInstances (node_modules/@nestjs/core/injector/instance-loader.js:39:9)
      at TestingInstanceLoader.createInstancesOfDependencies (node_modules/@nestjs/core/injector/instance-loader.js:22:13)
      at TestingInstanceLoader.createInstancesOfDependencies (node_modules/@nestjs/testing/testing-instance-loader.js:9:9)
      at TestingModuleBuilder.createInstancesOfDependencies (node_modules/@nestjs/testing/testing-module.builder.js:118:9)
      at TestingModuleBuilder.compile (node_modules/@nestjs/testing/testing-module.builder.js:74:9)
      at Object.<anonymous> (test/integration/game.e2e-spec.ts:28:42)

  ● GameService (e2e) › create › should create a game with base_game_id

    DATABASE_URL_TEST must be set in environment variables

    [0m [90m 12 |[39m   getTestURL()[33m:[39m string {
     [90m 13 |[39m     [36mif[39m ([33m![39mprocess[33m.[39menv[33m.[39m[33mDATABASE_URL_TEST[39m) {
    [31m[1m>[22m[39m[90m 14 |[39m       [36mthrow[39m [36mnew[39m [33mError[39m([32m'DATABASE_URL_TEST must be set in environment variables'[39m)[33m;[39m
     [90m    |[39m             [31m[1m^[22m[39m
     [90m 15 |[39m     }
     [90m 16 |[39m     [36mreturn[39m process[33m.[39menv[33m.[39m[33mDATABASE_URL_TEST[39m[33m;[39m
     [90m 17 |[39m   }[0m

      at DatabaseConfigService.getTestURL (src/config/database-config.service.ts:14:13)
      at new PrismaService (src/prisma/prisma.service.ts:18:24)
      at TestingInjector.instantiateClass (node_modules/@nestjs/core/injector/injector.js:422:19)
      at callback (node_modules/@nestjs/core/injector/injector.js:70:45)
      at TestingInjector.resolveConstructorParams (node_modules/@nestjs/core/injector/injector.js:170:24)
      at TestingInjector.loadInstance (node_modules/@nestjs/core/injector/injector.js:75:13)
      at TestingInjector.loadProvider (node_modules/@nestjs/core/injector/injector.js:103:9)
      at node_modules/@nestjs/core/injector/instance-loader.js:56:13
          at async Promise.all (index 4)
      at TestingInstanceLoader.createInstancesOfProviders (node_modules/@nestjs/core/injector/instance-loader.js:55:9)
      at node_modules/@nestjs/core/injector/instance-loader.js:40:13
          at async Promise.all (index 3)
      at TestingInstanceLoader.createInstances (node_modules/@nestjs/core/injector/instance-loader.js:39:9)
      at TestingInstanceLoader.createInstancesOfDependencies (node_modules/@nestjs/core/injector/instance-loader.js:22:13)
      at TestingInstanceLoader.createInstancesOfDependencies (node_modules/@nestjs/testing/testing-instance-loader.js:9:9)
      at TestingModuleBuilder.createInstancesOfDependencies (node_modules/@nestjs/testing/testing-module.builder.js:118:9)
      at TestingModuleBuilder.compile (node_modules/@nestjs/testing/testing-module.builder.js:74:9)
      at Object.<anonymous> (test/integration/game.e2e-spec.ts:28:42)

  ● GameService (e2e) › create › should create a game with is_multiplayer true

    DATABASE_URL_TEST must be set in environment variables

    [0m [90m 12 |[39m   getTestURL()[33m:[39m string {
     [90m 13 |[39m     [36mif[39m ([33m![39mprocess[33m.[39menv[33m.[39m[33mDATABASE_URL_TEST[39m) {
    [31m[1m>[22m[39m[90m 14 |[39m       [36mthrow[39m [36mnew[39m [33mError[39m([32m'DATABASE_URL_TEST must be set in environment variables'[39m)[33m;[39m
     [90m    |[39m             [31m[1m^[22m[39m
     [90m 15 |[39m     }
     [90m 16 |[39m     [36mreturn[39m process[33m.[39menv[33m.[39m[33mDATABASE_URL_TEST[39m[33m;[39m
     [90m 17 |[39m   }[0m

      at DatabaseConfigService.getTestURL (src/config/database-config.service.ts:14:13)
      at new PrismaService (src/prisma/prisma.service.ts:18:24)
      at TestingInjector.instantiateClass (node_modules/@nestjs/core/injector/injector.js:422:19)
      at callback (node_modules/@nestjs/core/injector/injector.js:70:45)
      at TestingInjector.resolveConstructorParams (node_modules/@nestjs/core/injector/injector.js:170:24)
      at TestingInjector.loadInstance (node_modules/@nestjs/core/injector/injector.js:75:13)
      at TestingInjector.loadProvider (node_modules/@nestjs/core/injector/injector.js:103:9)
      at node_modules/@nestjs/core/injector/instance-loader.js:56:13
          at async Promise.all (index 4)
      at TestingInstanceLoader.createInstancesOfProviders (node_modules/@nestjs/core/injector/instance-loader.js:55:9)
      at node_modules/@nestjs/core/injector/instance-loader.js:40:13
          at async Promise.all (index 3)
      at TestingInstanceLoader.createInstances (node_modules/@nestjs/core/injector/instance-loader.js:39:9)
      at TestingInstanceLoader.createInstancesOfDependencies (node_modules/@nestjs/core/injector/instance-loader.js:22:13)
      at TestingInstanceLoader.createInstancesOfDependencies (node_modules/@nestjs/testing/testing-instance-loader.js:9:9)
      at TestingModuleBuilder.createInstancesOfDependencies (node_modules/@nestjs/testing/testing-module.builder.js:118:9)
      at TestingModuleBuilder.compile (node_modules/@nestjs/testing/testing-module.builder.js:74:9)
      at Object.<anonymous> (test/integration/game.e2e-spec.ts:28:42)

  ● GameService (e2e) › create › should create a game without optional fields

    DATABASE_URL_TEST must be set in environment variables

    [0m [90m 12 |[39m   getTestURL()[33m:[39m string {
     [90m 13 |[39m     [36mif[39m ([33m![39mprocess[33m.[39menv[33m.[39m[33mDATABASE_URL_TEST[39m) {
    [31m[1m>[22m[39m[90m 14 |[39m       [36mthrow[39m [36mnew[39m [33mError[39m([32m'DATABASE_URL_TEST must be set in environment variables'[39m)[33m;[39m
     [90m    |[39m             [31m[1m^[22m[39m
     [90m 15 |[39m     }
     [90m 16 |[39m     [36mreturn[39m process[33m.[39menv[33m.[39m[33mDATABASE_URL_TEST[39m[33m;[39m
     [90m 17 |[39m   }[0m

      at DatabaseConfigService.getTestURL (src/config/database-config.service.ts:14:13)
      at new PrismaService (src/prisma/prisma.service.ts:18:24)
      at TestingInjector.instantiateClass (node_modules/@nestjs/core/injector/injector.js:422:19)
      at callback (node_modules/@nestjs/core/injector/injector.js:70:45)
      at TestingInjector.resolveConstructorParams (node_modules/@nestjs/core/injector/injector.js:170:24)
      at TestingInjector.loadInstance (node_modules/@nestjs/core/injector/injector.js:75:13)
      at TestingInjector.loadProvider (node_modules/@nestjs/core/injector/injector.js:103:9)
      at node_modules/@nestjs/core/injector/instance-loader.js:56:13
          at async Promise.all (index 4)
      at TestingInstanceLoader.createInstancesOfProviders (node_modules/@nestjs/core/injector/instance-loader.js:55:9)
      at node_modules/@nestjs/core/injector/instance-loader.js:40:13
          at async Promise.all (index 3)
      at TestingInstanceLoader.createInstances (node_modules/@nestjs/core/injector/instance-loader.js:39:9)
      at TestingInstanceLoader.createInstancesOfDependencies (node_modules/@nestjs/core/injector/instance-loader.js:22:13)
      at TestingInstanceLoader.createInstancesOfDependencies (node_modules/@nestjs/testing/testing-instance-loader.js:9:9)
      at TestingModuleBuilder.createInstancesOfDependencies (node_modules/@nestjs/testing/testing-module.builder.js:118:9)
      at TestingModuleBuilder.compile (node_modules/@nestjs/testing/testing-module.builder.js:74:9)
      at Object.<anonymous> (test/integration/game.e2e-spec.ts:28:42)

  ● GameService (e2e) › create › should throw ConflictException when title already exists

    DATABASE_URL_TEST must be set in environment variables

    [0m [90m 12 |[39m   getTestURL()[33m:[39m string {
     [90m 13 |[39m     [36mif[39m ([33m![39mprocess[33m.[39menv[33m.[39m[33mDATABASE_URL_TEST[39m) {
    [31m[1m>[22m[39m[90m 14 |[39m       [36mthrow[39m [36mnew[39m [33mError[39m([32m'DATABASE_URL_TEST must be set in environment variables'[39m)[33m;[39m
     [90m    |[39m             [31m[1m^[22m[39m
     [90m 15 |[39m     }
     [90m 16 |[39m     [36mreturn[39m process[33m.[39menv[33m.[39m[33mDATABASE_URL_TEST[39m[33m;[39m
     [90m 17 |[39m   }[0m

      at DatabaseConfigService.getTestURL (src/config/database-config.service.ts:14:13)
      at new PrismaService (src/prisma/prisma.service.ts:18:24)
      at TestingInjector.instantiateClass (node_modules/@nestjs/core/injector/injector.js:422:19)
      at callback (node_modules/@nestjs/core/injector/injector.js:70:45)
      at TestingInjector.resolveConstructorParams (node_modules/@nestjs/core/injector/injector.js:170:24)
      at TestingInjector.loadInstance (node_modules/@nestjs/core/injector/injector.js:75:13)
      at TestingInjector.loadProvider (node_modules/@nestjs/core/injector/injector.js:103:9)
      at node_modules/@nestjs/core/injector/instance-loader.js:56:13
          at async Promise.all (index 4)
      at TestingInstanceLoader.createInstancesOfProviders (node_modules/@nestjs/core/injector/instance-loader.js:55:9)
      at node_modules/@nestjs/core/injector/instance-loader.js:40:13
          at async Promise.all (index 3)
      at TestingInstanceLoader.createInstances (node_modules/@nestjs/core/injector/instance-loader.js:39:9)
      at TestingInstanceLoader.createInstancesOfDependencies (node_modules/@nestjs/core/injector/instance-loader.js:22:13)
      at TestingInstanceLoader.createInstancesOfDependencies (node_modules/@nestjs/testing/testing-instance-loader.js:9:9)
      at TestingModuleBuilder.createInstancesOfDependencies (node_modules/@nestjs/testing/testing-module.builder.js:118:9)
      at TestingModuleBuilder.compile (node_modules/@nestjs/testing/testing-module.builder.js:74:9)
      at Object.<anonymous> (test/integration/game.e2e-spec.ts:28:42)

  ● GameService (e2e) › create › should throw BadRequestException when base_game_id does not exist

    DATABASE_URL_TEST must be set in environment variables

    [0m [90m 12 |[39m   getTestURL()[33m:[39m string {
     [90m 13 |[39m     [36mif[39m ([33m![39mprocess[33m.[39menv[33m.[39m[33mDATABASE_URL_TEST[39m) {
    [31m[1m>[22m[39m[90m 14 |[39m       [36mthrow[39m [36mnew[39m [33mError[39m([32m'DATABASE_URL_TEST must be set in environment variables'[39m)[33m;[39m
     [90m    |[39m             [31m[1m^[22m[39m
     [90m 15 |[39m     }
     [90m 16 |[39m     [36mreturn[39m process[33m.[39menv[33m.[39m[33mDATABASE_URL_TEST[39m[33m;[39m
     [90m 17 |[39m   }[0m

      at DatabaseConfigService.getTestURL (src/config/database-config.service.ts:14:13)
      at new PrismaService (src/prisma/prisma.service.ts:18:24)
      at TestingInjector.instantiateClass (node_modules/@nestjs/core/injector/injector.js:422:19)
      at callback (node_modules/@nestjs/core/injector/injector.js:70:45)
      at TestingInjector.resolveConstructorParams (node_modules/@nestjs/core/injector/injector.js:170:24)
      at TestingInjector.loadInstance (node_modules/@nestjs/core/injector/injector.js:75:13)
      at TestingInjector.loadProvider (node_modules/@nestjs/core/injector/injector.js:103:9)
      at node_modules/@nestjs/core/injector/instance-loader.js:56:13
          at async Promise.all (index 4)
      at TestingInstanceLoader.createInstancesOfProviders (node_modules/@nestjs/core/injector/instance-loader.js:55:9)
      at node_modules/@nestjs/core/injector/instance-loader.js:40:13
          at async Promise.all (index 3)
      at TestingInstanceLoader.createInstances (node_modules/@nestjs/core/injector/instance-loader.js:39:9)
      at TestingInstanceLoader.createInstancesOfDependencies (node_modules/@nestjs/core/injector/instance-loader.js:22:13)
      at TestingInstanceLoader.createInstancesOfDependencies (node_modules/@nestjs/testing/testing-instance-loader.js:9:9)
      at TestingModuleBuilder.createInstancesOfDependencies (node_modules/@nestjs/testing/testing-module.builder.js:118:9)
      at TestingModuleBuilder.compile (node_modules/@nestjs/testing/testing-module.builder.js:74:9)
      at Object.<anonymous> (test/integration/game.e2e-spec.ts:28:42)

  ● GameService (e2e) › create › should handle transaction rollback on error

    DATABASE_URL_TEST must be set in environment variables

    [0m [90m 12 |[39m   getTestURL()[33m:[39m string {
     [90m 13 |[39m     [36mif[39m ([33m![39mprocess[33m.[39menv[33m.[39m[33mDATABASE_URL_TEST[39m) {
    [31m[1m>[22m[39m[90m 14 |[39m       [36mthrow[39m [36mnew[39m [33mError[39m([32m'DATABASE_URL_TEST must be set in environment variables'[39m)[33m;[39m
     [90m    |[39m             [31m[1m^[22m[39m
     [90m 15 |[39m     }
     [90m 16 |[39m     [36mreturn[39m process[33m.[39menv[33m.[39m[33mDATABASE_URL_TEST[39m[33m;[39m
     [90m 17 |[39m   }[0m

      at DatabaseConfigService.getTestURL (src/config/database-config.service.ts:14:13)
      at new PrismaService (src/prisma/prisma.service.ts:18:24)
      at TestingInjector.instantiateClass (node_modules/@nestjs/core/injector/injector.js:422:19)
      at callback (node_modules/@nestjs/core/injector/injector.js:70:45)
      at TestingInjector.resolveConstructorParams (node_modules/@nestjs/core/injector/injector.js:170:24)
      at TestingInjector.loadInstance (node_modules/@nestjs/core/injector/injector.js:75:13)
      at TestingInjector.loadProvider (node_modules/@nestjs/core/injector/injector.js:103:9)
      at node_modules/@nestjs/core/injector/instance-loader.js:56:13
          at async Promise.all (index 4)
      at TestingInstanceLoader.createInstancesOfProviders (node_modules/@nestjs/core/injector/instance-loader.js:55:9)
      at node_modules/@nestjs/core/injector/instance-loader.js:40:13
          at async Promise.all (index 3)
      at TestingInstanceLoader.createInstances (node_modules/@nestjs/core/injector/instance-loader.js:39:9)
      at TestingInstanceLoader.createInstancesOfDependencies (node_modules/@nestjs/core/injector/instance-loader.js:22:13)
      at TestingInstanceLoader.createInstancesOfDependencies (node_modules/@nestjs/testing/testing-instance-loader.js:9:9)
      at TestingModuleBuilder.createInstancesOfDependencies (node_modules/@nestjs/testing/testing-module.builder.js:118:9)
      at TestingModuleBuilder.compile (node_modules/@nestjs/testing/testing-module.builder.js:74:9)
      at Object.<anonymous> (test/integration/game.e2e-spec.ts:28:42)

  ● GameService (e2e) › findAll › should return all games

    DATABASE_URL_TEST must be set in environment variables

    [0m [90m 12 |[39m   getTestURL()[33m:[39m string {
     [90m 13 |[39m     [36mif[39m ([33m![39mprocess[33m.[39menv[33m.[39m[33mDATABASE_URL_TEST[39m) {
    [31m[1m>[22m[39m[90m 14 |[39m       [36mthrow[39m [36mnew[39m [33mError[39m([32m'DATABASE_URL_TEST must be set in environment variables'[39m)[33m;[39m
     [90m    |[39m             [31m[1m^[22m[39m
     [90m 15 |[39m     }
     [90m 16 |[39m     [36mreturn[39m process[33m.[39menv[33m.[39m[33mDATABASE_URL_TEST[39m[33m;[39m
     [90m 17 |[39m   }[0m

      at DatabaseConfigService.getTestURL (src/config/database-config.service.ts:14:13)
      at new PrismaService (src/prisma/prisma.service.ts:18:24)
      at TestingInjector.instantiateClass (node_modules/@nestjs/core/injector/injector.js:422:19)
      at callback (node_modules/@nestjs/core/injector/injector.js:70:45)
      at TestingInjector.resolveConstructorParams (node_modules/@nestjs/core/injector/injector.js:170:24)
      at TestingInjector.loadInstance (node_modules/@nestjs/core/injector/injector.js:75:13)
      at TestingInjector.loadProvider (node_modules/@nestjs/core/injector/injector.js:103:9)
      at node_modules/@nestjs/core/injector/instance-loader.js:56:13
          at async Promise.all (index 4)
      at TestingInstanceLoader.createInstancesOfProviders (node_modules/@nestjs/core/injector/instance-loader.js:55:9)
      at node_modules/@nestjs/core/injector/instance-loader.js:40:13
          at async Promise.all (index 3)
      at TestingInstanceLoader.createInstances (node_modules/@nestjs/core/injector/instance-loader.js:39:9)
      at TestingInstanceLoader.createInstancesOfDependencies (node_modules/@nestjs/core/injector/instance-loader.js:22:13)
      at TestingInstanceLoader.createInstancesOfDependencies (node_modules/@nestjs/testing/testing-instance-loader.js:9:9)
      at TestingModuleBuilder.createInstancesOfDependencies (node_modules/@nestjs/testing/testing-module.builder.js:118:9)
      at TestingModuleBuilder.compile (node_modules/@nestjs/testing/testing-module.builder.js:74:9)
      at Object.<anonymous> (test/integration/game.e2e-spec.ts:28:42)

  ● GameService (e2e) › findAll › should return games ordered by release_date desc

    DATABASE_URL_TEST must be set in environment variables

    [0m [90m 12 |[39m   getTestURL()[33m:[39m string {
     [90m 13 |[39m     [36mif[39m ([33m![39mprocess[33m.[39menv[33m.[39m[33mDATABASE_URL_TEST[39m) {
    [31m[1m>[22m[39m[90m 14 |[39m       [36mthrow[39m [36mnew[39m [33mError[39m([32m'DATABASE_URL_TEST must be set in environment variables'[39m)[33m;[39m
     [90m    |[39m             [31m[1m^[22m[39m
     [90m 15 |[39m     }
     [90m 16 |[39m     [36mreturn[39m process[33m.[39menv[33m.[39m[33mDATABASE_URL_TEST[39m[33m;[39m
     [90m 17 |[39m   }[0m

      at DatabaseConfigService.getTestURL (src/config/database-config.service.ts:14:13)
      at new PrismaService (src/prisma/prisma.service.ts:18:24)
      at TestingInjector.instantiateClass (node_modules/@nestjs/core/injector/injector.js:422:19)
      at callback (node_modules/@nestjs/core/injector/injector.js:70:45)
      at TestingInjector.resolveConstructorParams (node_modules/@nestjs/core/injector/injector.js:170:24)
      at TestingInjector.loadInstance (node_modules/@nestjs/core/injector/injector.js:75:13)
      at TestingInjector.loadProvider (node_modules/@nestjs/core/injector/injector.js:103:9)
      at node_modules/@nestjs/core/injector/instance-loader.js:56:13
          at async Promise.all (index 4)
      at TestingInstanceLoader.createInstancesOfProviders (node_modules/@nestjs/core/injector/instance-loader.js:55:9)
      at node_modules/@nestjs/core/injector/instance-loader.js:40:13
          at async Promise.all (index 3)
      at TestingInstanceLoader.createInstances (node_modules/@nestjs/core/injector/instance-loader.js:39:9)
      at TestingInstanceLoader.createInstancesOfDependencies (node_modules/@nestjs/core/injector/instance-loader.js:22:13)
      at TestingInstanceLoader.createInstancesOfDependencies (node_modules/@nestjs/testing/testing-instance-loader.js:9:9)
      at TestingModuleBuilder.createInstancesOfDependencies (node_modules/@nestjs/testing/testing-module.builder.js:118:9)
      at TestingModuleBuilder.compile (node_modules/@nestjs/testing/testing-module.builder.js:74:9)
      at Object.<anonymous> (test/integration/game.e2e-spec.ts:28:42)

  ● GameService (e2e) › findAll › should return games with pagination

    DATABASE_URL_TEST must be set in environment variables

    [0m [90m 12 |[39m   getTestURL()[33m:[39m string {
     [90m 13 |[39m     [36mif[39m ([33m![39mprocess[33m.[39menv[33m.[39m[33mDATABASE_URL_TEST[39m) {
    [31m[1m>[22m[39m[90m 14 |[39m       [36mthrow[39m [36mnew[39m [33mError[39m([32m'DATABASE_URL_TEST must be set in environment variables'[39m)[33m;[39m
     [90m    |[39m             [31m[1m^[22m[39m
     [90m 15 |[39m     }
     [90m 16 |[39m     [36mreturn[39m process[33m.[39menv[33m.[39m[33mDATABASE_URL_TEST[39m[33m;[39m
     [90m 17 |[39m   }[0m

      at DatabaseConfigService.getTestURL (src/config/database-config.service.ts:14:13)
      at new PrismaService (src/prisma/prisma.service.ts:18:24)
      at TestingInjector.instantiateClass (node_modules/@nestjs/core/injector/injector.js:422:19)
      at callback (node_modules/@nestjs/core/injector/injector.js:70:45)
      at TestingInjector.resolveConstructorParams (node_modules/@nestjs/core/injector/injector.js:170:24)
      at TestingInjector.loadInstance (node_modules/@nestjs/core/injector/injector.js:75:13)
      at TestingInjector.loadProvider (node_modules/@nestjs/core/injector/injector.js:103:9)
      at node_modules/@nestjs/core/injector/instance-loader.js:56:13
          at async Promise.all (index 4)
      at TestingInstanceLoader.createInstancesOfProviders (node_modules/@nestjs/core/injector/instance-loader.js:55:9)
      at node_modules/@nestjs/core/injector/instance-loader.js:40:13
          at async Promise.all (index 3)
      at TestingInstanceLoader.createInstances (node_modules/@nestjs/core/injector/instance-loader.js:39:9)
      at TestingInstanceLoader.createInstancesOfDependencies (node_modules/@nestjs/core/injector/instance-loader.js:22:13)
      at TestingInstanceLoader.createInstancesOfDependencies (node_modules/@nestjs/testing/testing-instance-loader.js:9:9)
      at TestingModuleBuilder.createInstancesOfDependencies (node_modules/@nestjs/testing/testing-module.builder.js:118:9)
      at TestingModuleBuilder.compile (node_modules/@nestjs/testing/testing-module.builder.js:74:9)
      at Object.<anonymous> (test/integration/game.e2e-spec.ts:28:42)

  ● GameService (e2e) › findOne › should return a game by id

    DATABASE_URL_TEST must be set in environment variables

    [0m [90m 12 |[39m   getTestURL()[33m:[39m string {
     [90m 13 |[39m     [36mif[39m ([33m![39mprocess[33m.[39menv[33m.[39m[33mDATABASE_URL_TEST[39m) {
    [31m[1m>[22m[39m[90m 14 |[39m       [36mthrow[39m [36mnew[39m [33mError[39m([32m'DATABASE_URL_TEST must be set in environment variables'[39m)[33m;[39m
     [90m    |[39m             [31m[1m^[22m[39m
     [90m 15 |[39m     }
     [90m 16 |[39m     [36mreturn[39m process[33m.[39menv[33m.[39m[33mDATABASE_URL_TEST[39m[33m;[39m
     [90m 17 |[39m   }[0m

      at DatabaseConfigService.getTestURL (src/config/database-config.service.ts:14:13)
      at new PrismaService (src/prisma/prisma.service.ts:18:24)
      at TestingInjector.instantiateClass (node_modules/@nestjs/core/injector/injector.js:422:19)
      at callback (node_modules/@nestjs/core/injector/injector.js:70:45)
      at TestingInjector.resolveConstructorParams (node_modules/@nestjs/core/injector/injector.js:170:24)
      at TestingInjector.loadInstance (node_modules/@nestjs/core/injector/injector.js:75:13)
      at TestingInjector.loadProvider (node_modules/@nestjs/core/injector/injector.js:103:9)
      at node_modules/@nestjs/core/injector/instance-loader.js:56:13
          at async Promise.all (index 4)
      at TestingInstanceLoader.createInstancesOfProviders (node_modules/@nestjs/core/injector/instance-loader.js:55:9)
      at node_modules/@nestjs/core/injector/instance-loader.js:40:13
          at async Promise.all (index 3)
      at TestingInstanceLoader.createInstances (node_modules/@nestjs/core/injector/instance-loader.js:39:9)
      at TestingInstanceLoader.createInstancesOfDependencies (node_modules/@nestjs/core/injector/instance-loader.js:22:13)
      at TestingInstanceLoader.createInstancesOfDependencies (node_modules/@nestjs/testing/testing-instance-loader.js:9:9)
      at TestingModuleBuilder.createInstancesOfDependencies (node_modules/@nestjs/testing/testing-module.builder.js:118:9)
      at TestingModuleBuilder.compile (node_modules/@nestjs/testing/testing-module.builder.js:74:9)
      at Object.<anonymous> (test/integration/game.e2e-spec.ts:28:42)

  ● GameService (e2e) › findOne › should throw NotFoundException when game does not exist

    DATABASE_URL_TEST must be set in environment variables

    [0m [90m 12 |[39m   getTestURL()[33m:[39m string {
     [90m 13 |[39m     [36mif[39m ([33m![39mprocess[33m.[39menv[33m.[39m[33mDATABASE_URL_TEST[39m) {
    [31m[1m>[22m[39m[90m 14 |[39m       [36mthrow[39m [36mnew[39m [33mError[39m([32m'DATABASE_URL_TEST must be set in environment variables'[39m)[33m;[39m
     [90m    |[39m             [31m[1m^[22m[39m
     [90m 15 |[39m     }
     [90m 16 |[39m     [36mreturn[39m process[33m.[39menv[33m.[39m[33mDATABASE_URL_TEST[39m[33m;[39m
     [90m 17 |[39m   }[0m

      at DatabaseConfigService.getTestURL (src/config/database-config.service.ts:14:13)
      at new PrismaService (src/prisma/prisma.service.ts:18:24)
      at TestingInjector.instantiateClass (node_modules/@nestjs/core/injector/injector.js:422:19)
      at callback (node_modules/@nestjs/core/injector/injector.js:70:45)
      at TestingInjector.resolveConstructorParams (node_modules/@nestjs/core/injector/injector.js:170:24)
      at TestingInjector.loadInstance (node_modules/@nestjs/core/injector/injector.js:75:13)
      at TestingInjector.loadProvider (node_modules/@nestjs/core/injector/injector.js:103:9)
      at node_modules/@nestjs/core/injector/instance-loader.js:56:13
          at async Promise.all (index 4)
      at TestingInstanceLoader.createInstancesOfProviders (node_modules/@nestjs/core/injector/instance-loader.js:55:9)
      at node_modules/@nestjs/core/injector/instance-loader.js:40:13
          at async Promise.all (index 3)
      at TestingInstanceLoader.createInstances (node_modules/@nestjs/core/injector/instance-loader.js:39:9)
      at TestingInstanceLoader.createInstancesOfDependencies (node_modules/@nestjs/core/injector/instance-loader.js:22:13)
      at TestingInstanceLoader.createInstancesOfDependencies (node_modules/@nestjs/testing/testing-instance-loader.js:9:9)
      at TestingModuleBuilder.createInstancesOfDependencies (node_modules/@nestjs/testing/testing-module.builder.js:118:9)
      at TestingModuleBuilder.compile (node_modules/@nestjs/testing/testing-module.builder.js:74:9)
      at Object.<anonymous> (test/integration/game.e2e-spec.ts:28:42)

  ● GameService (e2e) › findByTitle › should return a game by title

    DATABASE_URL_TEST must be set in environment variables

    [0m [90m 12 |[39m   getTestURL()[33m:[39m string {
     [90m 13 |[39m     [36mif[39m ([33m![39mprocess[33m.[39menv[33m.[39m[33mDATABASE_URL_TEST[39m) {
    [31m[1m>[22m[39m[90m 14 |[39m       [36mthrow[39m [36mnew[39m [33mError[39m([32m'DATABASE_URL_TEST must be set in environment variables'[39m)[33m;[39m
     [90m    |[39m             [31m[1m^[22m[39m
     [90m 15 |[39m     }
     [90m 16 |[39m     [36mreturn[39m process[33m.[39menv[33m.[39m[33mDATABASE_URL_TEST[39m[33m;[39m
     [90m 17 |[39m   }[0m

      at DatabaseConfigService.getTestURL (src/config/database-config.service.ts:14:13)
      at new PrismaService (src/prisma/prisma.service.ts:18:24)
      at TestingInjector.instantiateClass (node_modules/@nestjs/core/injector/injector.js:422:19)
      at callback (node_modules/@nestjs/core/injector/injector.js:70:45)
      at TestingInjector.resolveConstructorParams (node_modules/@nestjs/core/injector/injector.js:170:24)
      at TestingInjector.loadInstance (node_modules/@nestjs/core/injector/injector.js:75:13)
      at TestingInjector.loadProvider (node_modules/@nestjs/core/injector/injector.js:103:9)
      at node_modules/@nestjs/core/injector/instance-loader.js:56:13
          at async Promise.all (index 4)
      at TestingInstanceLoader.createInstancesOfProviders (node_modules/@nestjs/core/injector/instance-loader.js:55:9)
      at node_modules/@nestjs/core/injector/instance-loader.js:40:13
          at async Promise.all (index 3)
      at TestingInstanceLoader.createInstances (node_modules/@nestjs/core/injector/instance-loader.js:39:9)
      at TestingInstanceLoader.createInstancesOfDependencies (node_modules/@nestjs/core/injector/instance-loader.js:22:13)
      at TestingInstanceLoader.createInstancesOfDependencies (node_modules/@nestjs/testing/testing-instance-loader.js:9:9)
      at TestingModuleBuilder.createInstancesOfDependencies (node_modules/@nestjs/testing/testing-module.builder.js:118:9)
      at TestingModuleBuilder.compile (node_modules/@nestjs/testing/testing-module.builder.js:74:9)
      at Object.<anonymous> (test/integration/game.e2e-spec.ts:28:42)

  ● GameService (e2e) › findByTitle › should throw NotFoundException when title does not exist

    DATABASE_URL_TEST must be set in environment variables

    [0m [90m 12 |[39m   getTestURL()[33m:[39m string {
     [90m 13 |[39m     [36mif[39m ([33m![39mprocess[33m.[39menv[33m.[39m[33mDATABASE_URL_TEST[39m) {
    [31m[1m>[22m[39m[90m 14 |[39m       [36mthrow[39m [36mnew[39m [33mError[39m([32m'DATABASE_URL_TEST must be set in environment variables'[39m)[33m;[39m
     [90m    |[39m             [31m[1m^[22m[39m
     [90m 15 |[39m     }
     [90m 16 |[39m     [36mreturn[39m process[33m.[39menv[33m.[39m[33mDATABASE_URL_TEST[39m[33m;[39m
     [90m 17 |[39m   }[0m

      at DatabaseConfigService.getTestURL (src/config/database-config.service.ts:14:13)
      at new PrismaService (src/prisma/prisma.service.ts:18:24)
      at TestingInjector.instantiateClass (node_modules/@nestjs/core/injector/injector.js:422:19)
      at callback (node_modules/@nestjs/core/injector/injector.js:70:45)
      at TestingInjector.resolveConstructorParams (node_modules/@nestjs/core/injector/injector.js:170:24)
      at TestingInjector.loadInstance (node_modules/@nestjs/core/injector/injector.js:75:13)
      at TestingInjector.loadProvider (node_modules/@nestjs/core/injector/injector.js:103:9)
      at node_modules/@nestjs/core/injector/instance-loader.js:56:13
          at async Promise.all (index 4)
      at TestingInstanceLoader.createInstancesOfProviders (node_modules/@nestjs/core/injector/instance-loader.js:55:9)
      at node_modules/@nestjs/core/injector/instance-loader.js:40:13
          at async Promise.all (index 3)
      at TestingInstanceLoader.createInstances (node_modules/@nestjs/core/injector/instance-loader.js:39:9)
      at TestingInstanceLoader.createInstancesOfDependencies (node_modules/@nestjs/core/injector/instance-loader.js:22:13)
      at TestingInstanceLoader.createInstancesOfDependencies (node_modules/@nestjs/testing/testing-instance-loader.js:9:9)
      at TestingModuleBuilder.createInstancesOfDependencies (node_modules/@nestjs/testing/testing-module.builder.js:118:9)
      at TestingModuleBuilder.compile (node_modules/@nestjs/testing/testing-module.builder.js:74:9)
      at Object.<anonymous> (test/integration/game.e2e-spec.ts:28:42)

  ● GameService (e2e) › update › should update game title successfully

    DATABASE_URL_TEST must be set in environment variables

    [0m [90m 12 |[39m   getTestURL()[33m:[39m string {
     [90m 13 |[39m     [36mif[39m ([33m![39mprocess[33m.[39menv[33m.[39m[33mDATABASE_URL_TEST[39m) {
    [31m[1m>[22m[39m[90m 14 |[39m       [36mthrow[39m [36mnew[39m [33mError[39m([32m'DATABASE_URL_TEST must be set in environment variables'[39m)[33m;[39m
     [90m    |[39m             [31m[1m^[22m[39m
     [90m 15 |[39m     }
     [90m 16 |[39m     [36mreturn[39m process[33m.[39menv[33m.[39m[33mDATABASE_URL_TEST[39m[33m;[39m
     [90m 17 |[39m   }[0m

      at DatabaseConfigService.getTestURL (src/config/database-config.service.ts:14:13)
      at new PrismaService (src/prisma/prisma.service.ts:18:24)
      at TestingInjector.instantiateClass (node_modules/@nestjs/core/injector/injector.js:422:19)
      at callback (node_modules/@nestjs/core/injector/injector.js:70:45)
      at TestingInjector.resolveConstructorParams (node_modules/@nestjs/core/injector/injector.js:170:24)
      at TestingInjector.loadInstance (node_modules/@nestjs/core/injector/injector.js:75:13)
      at TestingInjector.loadProvider (node_modules/@nestjs/core/injector/injector.js:103:9)
      at node_modules/@nestjs/core/injector/instance-loader.js:56:13
          at async Promise.all (index 4)
      at TestingInstanceLoader.createInstancesOfProviders (node_modules/@nestjs/core/injector/instance-loader.js:55:9)
      at node_modules/@nestjs/core/injector/instance-loader.js:40:13
          at async Promise.all (index 3)
      at TestingInstanceLoader.createInstances (node_modules/@nestjs/core/injector/instance-loader.js:39:9)
      at TestingInstanceLoader.createInstancesOfDependencies (node_modules/@nestjs/core/injector/instance-loader.js:22:13)
      at TestingInstanceLoader.createInstancesOfDependencies (node_modules/@nestjs/testing/testing-instance-loader.js:9:9)
      at TestingModuleBuilder.createInstancesOfDependencies (node_modules/@nestjs/testing/testing-module.builder.js:118:9)
      at TestingModuleBuilder.compile (node_modules/@nestjs/testing/testing-module.builder.js:74:9)
      at Object.<anonymous> (test/integration/game.e2e-spec.ts:28:42)

  ● GameService (e2e) › update › should update game price successfully

    DATABASE_URL_TEST must be set in environment variables

    [0m [90m 12 |[39m   getTestURL()[33m:[39m string {
     [90m 13 |[39m     [36mif[39m ([33m![39mprocess[33m.[39menv[33m.[39m[33mDATABASE_URL_TEST[39m) {
    [31m[1m>[22m[39m[90m 14 |[39m       [36mthrow[39m [36mnew[39m [33mError[39m([32m'DATABASE_URL_TEST must be set in environment variables'[39m)[33m;[39m
     [90m    |[39m             [31m[1m^[22m[39m
     [90m 15 |[39m     }
     [90m 16 |[39m     [36mreturn[39m process[33m.[39menv[33m.[39m[33mDATABASE_URL_TEST[39m[33m;[39m
     [90m 17 |[39m   }[0m

      at DatabaseConfigService.getTestURL (src/config/database-config.service.ts:14:13)
      at new PrismaService (src/prisma/prisma.service.ts:18:24)
      at TestingInjector.instantiateClass (node_modules/@nestjs/core/injector/injector.js:422:19)
      at callback (node_modules/@nestjs/core/injector/injector.js:70:45)
      at TestingInjector.resolveConstructorParams (node_modules/@nestjs/core/injector/injector.js:170:24)
      at TestingInjector.loadInstance (node_modules/@nestjs/core/injector/injector.js:75:13)
      at TestingInjector.loadProvider (node_modules/@nestjs/core/injector/injector.js:103:9)
      at node_modules/@nestjs/core/injector/instance-loader.js:56:13
          at async Promise.all (index 4)
      at TestingInstanceLoader.createInstancesOfProviders (node_modules/@nestjs/core/injector/instance-loader.js:55:9)
      at node_modules/@nestjs/core/injector/instance-loader.js:40:13
          at async Promise.all (index 3)
      at TestingInstanceLoader.createInstances (node_modules/@nestjs/core/injector/instance-loader.js:39:9)
      at TestingInstanceLoader.createInstancesOfDependencies (node_modules/@nestjs/core/injector/instance-loader.js:22:13)
      at TestingInstanceLoader.createInstancesOfDependencies (node_modules/@nestjs/testing/testing-instance-loader.js:9:9)
      at TestingModuleBuilder.createInstancesOfDependencies (node_modules/@nestjs/testing/testing-module.builder.js:118:9)
      at TestingModuleBuilder.compile (node_modules/@nestjs/testing/testing-module.builder.js:74:9)
      at Object.<anonymous> (test/integration/game.e2e-spec.ts:28:42)

  ● GameService (e2e) › update › should update base_game_id successfully

    DATABASE_URL_TEST must be set in environment variables

    [0m [90m 12 |[39m   getTestURL()[33m:[39m string {
     [90m 13 |[39m     [36mif[39m ([33m![39mprocess[33m.[39menv[33m.[39m[33mDATABASE_URL_TEST[39m) {
    [31m[1m>[22m[39m[90m 14 |[39m       [36mthrow[39m [36mnew[39m [33mError[39m([32m'DATABASE_URL_TEST must be set in environment variables'[39m)[33m;[39m
     [90m    |[39m             [31m[1m^[22m[39m
     [90m 15 |[39m     }
     [90m 16 |[39m     [36mreturn[39m process[33m.[39menv[33m.[39m[33mDATABASE_URL_TEST[39m[33m;[39m
     [90m 17 |[39m   }[0m

      at DatabaseConfigService.getTestURL (src/config/database-config.service.ts:14:13)
      at new PrismaService (src/prisma/prisma.service.ts:18:24)
      at TestingInjector.instantiateClass (node_modules/@nestjs/core/injector/injector.js:422:19)
      at callback (node_modules/@nestjs/core/injector/injector.js:70:45)
      at TestingInjector.resolveConstructorParams (node_modules/@nestjs/core/injector/injector.js:170:24)
      at TestingInjector.loadInstance (node_modules/@nestjs/core/injector/injector.js:75:13)
      at TestingInjector.loadProvider (node_modules/@nestjs/core/injector/injector.js:103:9)
      at node_modules/@nestjs/core/injector/instance-loader.js:56:13
          at async Promise.all (index 4)
      at TestingInstanceLoader.createInstancesOfProviders (node_modules/@nestjs/core/injector/instance-loader.js:55:9)
      at node_modules/@nestjs/core/injector/instance-loader.js:40:13
          at async Promise.all (index 3)
      at TestingInstanceLoader.createInstances (node_modules/@nestjs/core/injector/instance-loader.js:39:9)
      at TestingInstanceLoader.createInstancesOfDependencies (node_modules/@nestjs/core/injector/instance-loader.js:22:13)
      at TestingInstanceLoader.createInstancesOfDependencies (node_modules/@nestjs/testing/testing-instance-loader.js:9:9)
      at TestingModuleBuilder.createInstancesOfDependencies (node_modules/@nestjs/testing/testing-module.builder.js:118:9)
      at TestingModuleBuilder.compile (node_modules/@nestjs/testing/testing-module.builder.js:74:9)
      at Object.<anonymous> (test/integration/game.e2e-spec.ts:28:42)

  ● GameService (e2e) › update › should throw NotFoundException when game does not exist

    DATABASE_URL_TEST must be set in environment variables

    [0m [90m 12 |[39m   getTestURL()[33m:[39m string {
     [90m 13 |[39m     [36mif[39m ([33m![39mprocess[33m.[39menv[33m.[39m[33mDATABASE_URL_TEST[39m) {
    [31m[1m>[22m[39m[90m 14 |[39m       [36mthrow[39m [36mnew[39m [33mError[39m([32m'DATABASE_URL_TEST must be set in environment variables'[39m)[33m;[39m
     [90m    |[39m             [31m[1m^[22m[39m
     [90m 15 |[39m     }
     [90m 16 |[39m     [36mreturn[39m process[33m.[39menv[33m.[39m[33mDATABASE_URL_TEST[39m[33m;[39m
     [90m 17 |[39m   }[0m

      at DatabaseConfigService.getTestURL (src/config/database-config.service.ts:14:13)
      at new PrismaService (src/prisma/prisma.service.ts:18:24)
      at TestingInjector.instantiateClass (node_modules/@nestjs/core/injector/injector.js:422:19)
      at callback (node_modules/@nestjs/core/injector/injector.js:70:45)
      at TestingInjector.resolveConstructorParams (node_modules/@nestjs/core/injector/injector.js:170:24)
      at TestingInjector.loadInstance (node_modules/@nestjs/core/injector/injector.js:75:13)
      at TestingInjector.loadProvider (node_modules/@nestjs/core/injector/injector.js:103:9)
      at node_modules/@nestjs/core/injector/instance-loader.js:56:13
          at async Promise.all (index 4)
      at TestingInstanceLoader.createInstancesOfProviders (node_modules/@nestjs/core/injector/instance-loader.js:55:9)
      at node_modules/@nestjs/core/injector/instance-loader.js:40:13
          at async Promise.all (index 3)
      at TestingInstanceLoader.createInstances (node_modules/@nestjs/core/injector/instance-loader.js:39:9)
      at TestingInstanceLoader.createInstancesOfDependencies (node_modules/@nestjs/core/injector/instance-loader.js:22:13)
      at TestingInstanceLoader.createInstancesOfDependencies (node_modules/@nestjs/testing/testing-instance-loader.js:9:9)
      at TestingModuleBuilder.createInstancesOfDependencies (node_modules/@nestjs/testing/testing-module.builder.js:118:9)
      at TestingModuleBuilder.compile (node_modules/@nestjs/testing/testing-module.builder.js:74:9)
      at Object.<anonymous> (test/integration/game.e2e-spec.ts:28:42)

  ● GameService (e2e) › update › should throw ConflictException when title is taken

    DATABASE_URL_TEST must be set in environment variables

    [0m [90m 12 |[39m   getTestURL()[33m:[39m string {
     [90m 13 |[39m     [36mif[39m ([33m![39mprocess[33m.[39menv[33m.[39m[33mDATABASE_URL_TEST[39m) {
    [31m[1m>[22m[39m[90m 14 |[39m       [36mthrow[39m [36mnew[39m [33mError[39m([32m'DATABASE_URL_TEST must be set in environment variables'[39m)[33m;[39m
     [90m    |[39m             [31m[1m^[22m[39m
     [90m 15 |[39m     }
     [90m 16 |[39m     [36mreturn[39m process[33m.[39menv[33m.[39m[33mDATABASE_URL_TEST[39m[33m;[39m
     [90m 17 |[39m   }[0m

      at DatabaseConfigService.getTestURL (src/config/database-config.service.ts:14:13)
      at new PrismaService (src/prisma/prisma.service.ts:18:24)
      at TestingInjector.instantiateClass (node_modules/@nestjs/core/injector/injector.js:422:19)
      at callback (node_modules/@nestjs/core/injector/injector.js:70:45)
      at TestingInjector.resolveConstructorParams (node_modules/@nestjs/core/injector/injector.js:170:24)
      at TestingInjector.loadInstance (node_modules/@nestjs/core/injector/injector.js:75:13)
      at TestingInjector.loadProvider (node_modules/@nestjs/core/injector/injector.js:103:9)
      at node_modules/@nestjs/core/injector/instance-loader.js:56:13
          at async Promise.all (index 4)
      at TestingInstanceLoader.createInstancesOfProviders (node_modules/@nestjs/core/injector/instance-loader.js:55:9)
      at node_modules/@nestjs/core/injector/instance-loader.js:40:13
          at async Promise.all (index 3)
      at TestingInstanceLoader.createInstances (node_modules/@nestjs/core/injector/instance-loader.js:39:9)
      at TestingInstanceLoader.createInstancesOfDependencies (node_modules/@nestjs/core/injector/instance-loader.js:22:13)
      at TestingInstanceLoader.createInstancesOfDependencies (node_modules/@nestjs/testing/testing-instance-loader.js:9:9)
      at TestingModuleBuilder.createInstancesOfDependencies (node_modules/@nestjs/testing/testing-module.builder.js:118:9)
      at TestingModuleBuilder.compile (node_modules/@nestjs/testing/testing-module.builder.js:74:9)
      at Object.<anonymous> (test/integration/game.e2e-spec.ts:28:42)

  ● GameService (e2e) › update › should throw BadRequestException when base_game_id does not exist

    DATABASE_URL_TEST must be set in environment variables

    [0m [90m 12 |[39m   getTestURL()[33m:[39m string {
     [90m 13 |[39m     [36mif[39m ([33m![39mprocess[33m.[39menv[33m.[39m[33mDATABASE_URL_TEST[39m) {
    [31m[1m>[22m[39m[90m 14 |[39m       [36mthrow[39m [36mnew[39m [33mError[39m([32m'DATABASE_URL_TEST must be set in environment variables'[39m)[33m;[39m
     [90m    |[39m             [31m[1m^[22m[39m
     [90m 15 |[39m     }
     [90m 16 |[39m     [36mreturn[39m process[33m.[39menv[33m.[39m[33mDATABASE_URL_TEST[39m[33m;[39m
     [90m 17 |[39m   }[0m

      at DatabaseConfigService.getTestURL (src/config/database-config.service.ts:14:13)
      at new PrismaService (src/prisma/prisma.service.ts:18:24)
      at TestingInjector.instantiateClass (node_modules/@nestjs/core/injector/injector.js:422:19)
      at callback (node_modules/@nestjs/core/injector/injector.js:70:45)
      at TestingInjector.resolveConstructorParams (node_modules/@nestjs/core/injector/injector.js:170:24)
      at TestingInjector.loadInstance (node_modules/@nestjs/core/injector/injector.js:75:13)
      at TestingInjector.loadProvider (node_modules/@nestjs/core/injector/injector.js:103:9)
      at node_modules/@nestjs/core/injector/instance-loader.js:56:13
          at async Promise.all (index 4)
      at TestingInstanceLoader.createInstancesOfProviders (node_modules/@nestjs/core/injector/instance-loader.js:55:9)
      at node_modules/@nestjs/core/injector/instance-loader.js:40:13
          at async Promise.all (index 3)
      at TestingInstanceLoader.createInstances (node_modules/@nestjs/core/injector/instance-loader.js:39:9)
      at TestingInstanceLoader.createInstancesOfDependencies (node_modules/@nestjs/core/injector/instance-loader.js:22:13)
      at TestingInstanceLoader.createInstancesOfDependencies (node_modules/@nestjs/testing/testing-instance-loader.js:9:9)
      at TestingModuleBuilder.createInstancesOfDependencies (node_modules/@nestjs/testing/testing-module.builder.js:118:9)
      at TestingModuleBuilder.compile (node_modules/@nestjs/testing/testing-module.builder.js:74:9)
      at Object.<anonymous> (test/integration/game.e2e-spec.ts:28:42)

  ● GameService (e2e) › update › should throw BadRequestException when game is its own base game

    DATABASE_URL_TEST must be set in environment variables

    [0m [90m 12 |[39m   getTestURL()[33m:[39m string {
     [90m 13 |[39m     [36mif[39m ([33m![39mprocess[33m.[39menv[33m.[39m[33mDATABASE_URL_TEST[39m) {
    [31m[1m>[22m[39m[90m 14 |[39m       [36mthrow[39m [36mnew[39m [33mError[39m([32m'DATABASE_URL_TEST must be set in environment variables'[39m)[33m;[39m
     [90m    |[39m             [31m[1m^[22m[39m
     [90m 15 |[39m     }
     [90m 16 |[39m     [36mreturn[39m process[33m.[39menv[33m.[39m[33mDATABASE_URL_TEST[39m[33m;[39m
     [90m 17 |[39m   }[0m

      at DatabaseConfigService.getTestURL (src/config/database-config.service.ts:14:13)
      at new PrismaService (src/prisma/prisma.service.ts:18:24)
      at TestingInjector.instantiateClass (node_modules/@nestjs/core/injector/injector.js:422:19)
      at callback (node_modules/@nestjs/core/injector/injector.js:70:45)
      at TestingInjector.resolveConstructorParams (node_modules/@nestjs/core/injector/injector.js:170:24)
      at TestingInjector.loadInstance (node_modules/@nestjs/core/injector/injector.js:75:13)
      at TestingInjector.loadProvider (node_modules/@nestjs/core/injector/injector.js:103:9)
      at node_modules/@nestjs/core/injector/instance-loader.js:56:13
          at async Promise.all (index 4)
      at TestingInstanceLoader.createInstancesOfProviders (node_modules/@nestjs/core/injector/instance-loader.js:55:9)
      at node_modules/@nestjs/core/injector/instance-loader.js:40:13
          at async Promise.all (index 3)
      at TestingInstanceLoader.createInstances (node_modules/@nestjs/core/injector/instance-loader.js:39:9)
      at TestingInstanceLoader.createInstancesOfDependencies (node_modules/@nestjs/core/injector/instance-loader.js:22:13)
      at TestingInstanceLoader.createInstancesOfDependencies (node_modules/@nestjs/testing/testing-instance-loader.js:9:9)
      at TestingModuleBuilder.createInstancesOfDependencies (node_modules/@nestjs/testing/testing-module.builder.js:118:9)
      at TestingModuleBuilder.compile (node_modules/@nestjs/testing/testing-module.builder.js:74:9)
      at Object.<anonymous> (test/integration/game.e2e-spec.ts:28:42)

  ● GameService (e2e) › update › should handle empty update

    DATABASE_URL_TEST must be set in environment variables

    [0m [90m 12 |[39m   getTestURL()[33m:[39m string {
     [90m 13 |[39m     [36mif[39m ([33m![39mprocess[33m.[39menv[33m.[39m[33mDATABASE_URL_TEST[39m) {
    [31m[1m>[22m[39m[90m 14 |[39m       [36mthrow[39m [36mnew[39m [33mError[39m([32m'DATABASE_URL_TEST must be set in environment variables'[39m)[33m;[39m
     [90m    |[39m             [31m[1m^[22m[39m
     [90m 15 |[39m     }
     [90m 16 |[39m     [36mreturn[39m process[33m.[39menv[33m.[39m[33mDATABASE_URL_TEST[39m[33m;[39m
     [90m 17 |[39m   }[0m

      at DatabaseConfigService.getTestURL (src/config/database-config.service.ts:14:13)
      at new PrismaService (src/prisma/prisma.service.ts:18:24)
      at TestingInjector.instantiateClass (node_modules/@nestjs/core/injector/injector.js:422:19)
      at callback (node_modules/@nestjs/core/injector/injector.js:70:45)
      at TestingInjector.resolveConstructorParams (node_modules/@nestjs/core/injector/injector.js:170:24)
      at TestingInjector.loadInstance (node_modules/@nestjs/core/injector/injector.js:75:13)
      at TestingInjector.loadProvider (node_modules/@nestjs/core/injector/injector.js:103:9)
      at node_modules/@nestjs/core/injector/instance-loader.js:56:13
          at async Promise.all (index 4)
      at TestingInstanceLoader.createInstancesOfProviders (node_modules/@nestjs/core/injector/instance-loader.js:55:9)
      at node_modules/@nestjs/core/injector/instance-loader.js:40:13
          at async Promise.all (index 3)
      at TestingInstanceLoader.createInstances (node_modules/@nestjs/core/injector/instance-loader.js:39:9)
      at TestingInstanceLoader.createInstancesOfDependencies (node_modules/@nestjs/core/injector/instance-loader.js:22:13)
      at TestingInstanceLoader.createInstancesOfDependencies (node_modules/@nestjs/testing/testing-instance-loader.js:9:9)
      at TestingModuleBuilder.createInstancesOfDependencies (node_modules/@nestjs/testing/testing-module.builder.js:118:9)
      at TestingModuleBuilder.compile (node_modules/@nestjs/testing/testing-module.builder.js:74:9)
      at Object.<anonymous> (test/integration/game.e2e-spec.ts:28:42)

  ● GameService (e2e) › update › should fail when updating non-existent game

    DATABASE_URL_TEST must be set in environment variables

    [0m [90m 12 |[39m   getTestURL()[33m:[39m string {
     [90m 13 |[39m     [36mif[39m ([33m![39mprocess[33m.[39menv[33m.[39m[33mDATABASE_URL_TEST[39m) {
    [31m[1m>[22m[39m[90m 14 |[39m       [36mthrow[39m [36mnew[39m [33mError[39m([32m'DATABASE_URL_TEST must be set in environment variables'[39m)[33m;[39m
     [90m    |[39m             [31m[1m^[22m[39m
     [90m 15 |[39m     }
     [90m 16 |[39m     [36mreturn[39m process[33m.[39menv[33m.[39m[33mDATABASE_URL_TEST[39m[33m;[39m
     [90m 17 |[39m   }[0m

      at DatabaseConfigService.getTestURL (src/config/database-config.service.ts:14:13)
      at new PrismaService (src/prisma/prisma.service.ts:18:24)
      at TestingInjector.instantiateClass (node_modules/@nestjs/core/injector/injector.js:422:19)
      at callback (node_modules/@nestjs/core/injector/injector.js:70:45)
      at TestingInjector.resolveConstructorParams (node_modules/@nestjs/core/injector/injector.js:170:24)
      at TestingInjector.loadInstance (node_modules/@nestjs/core/injector/injector.js:75:13)
      at TestingInjector.loadProvider (node_modules/@nestjs/core/injector/injector.js:103:9)
      at node_modules/@nestjs/core/injector/instance-loader.js:56:13
          at async Promise.all (index 4)
      at TestingInstanceLoader.createInstancesOfProviders (node_modules/@nestjs/core/injector/instance-loader.js:55:9)
      at node_modules/@nestjs/core/injector/instance-loader.js:40:13
          at async Promise.all (index 3)
      at TestingInstanceLoader.createInstances (node_modules/@nestjs/core/injector/instance-loader.js:39:9)
      at TestingInstanceLoader.createInstancesOfDependencies (node_modules/@nestjs/core/injector/instance-loader.js:22:13)
      at TestingInstanceLoader.createInstancesOfDependencies (node_modules/@nestjs/testing/testing-instance-loader.js:9:9)
      at TestingModuleBuilder.createInstancesOfDependencies (node_modules/@nestjs/testing/testing-module.builder.js:118:9)
      at TestingModuleBuilder.compile (node_modules/@nestjs/testing/testing-module.builder.js:74:9)
      at Object.<anonymous> (test/integration/game.e2e-spec.ts:28:42)

  ● GameService (e2e) › remove › should delete game successfully

    DATABASE_URL_TEST must be set in environment variables

    [0m [90m 12 |[39m   getTestURL()[33m:[39m string {
     [90m 13 |[39m     [36mif[39m ([33m![39mprocess[33m.[39menv[33m.[39m[33mDATABASE_URL_TEST[39m) {
    [31m[1m>[22m[39m[90m 14 |[39m       [36mthrow[39m [36mnew[39m [33mError[39m([32m'DATABASE_URL_TEST must be set in environment variables'[39m)[33m;[39m
     [90m    |[39m             [31m[1m^[22m[39m
     [90m 15 |[39m     }
     [90m 16 |[39m     [36mreturn[39m process[33m.[39menv[33m.[39m[33mDATABASE_URL_TEST[39m[33m;[39m
     [90m 17 |[39m   }[0m

      at DatabaseConfigService.getTestURL (src/config/database-config.service.ts:14:13)
      at new PrismaService (src/prisma/prisma.service.ts:18:24)
      at TestingInjector.instantiateClass (node_modules/@nestjs/core/injector/injector.js:422:19)
      at callback (node_modules/@nestjs/core/injector/injector.js:70:45)
      at TestingInjector.resolveConstructorParams (node_modules/@nestjs/core/injector/injector.js:170:24)
      at TestingInjector.loadInstance (node_modules/@nestjs/core/injector/injector.js:75:13)
      at TestingInjector.loadProvider (node_modules/@nestjs/core/injector/injector.js:103:9)
      at node_modules/@nestjs/core/injector/instance-loader.js:56:13
          at async Promise.all (index 4)
      at TestingInstanceLoader.createInstancesOfProviders (node_modules/@nestjs/core/injector/instance-loader.js:55:9)
      at node_modules/@nestjs/core/injector/instance-loader.js:40:13
          at async Promise.all (index 3)
      at TestingInstanceLoader.createInstances (node_modules/@nestjs/core/injector/instance-loader.js:39:9)
      at TestingInstanceLoader.createInstancesOfDependencies (node_modules/@nestjs/core/injector/instance-loader.js:22:13)
      at TestingInstanceLoader.createInstancesOfDependencies (node_modules/@nestjs/testing/testing-instance-loader.js:9:9)
      at TestingModuleBuilder.createInstancesOfDependencies (node_modules/@nestjs/testing/testing-module.builder.js:118:9)
      at TestingModuleBuilder.compile (node_modules/@nestjs/testing/testing-module.builder.js:74:9)
      at Object.<anonymous> (test/integration/game.e2e-spec.ts:28:42)

  ● GameService (e2e) › remove › should throw NotFoundException when game does not exist

    DATABASE_URL_TEST must be set in environment variables

    [0m [90m 12 |[39m   getTestURL()[33m:[39m string {
     [90m 13 |[39m     [36mif[39m ([33m![39mprocess[33m.[39menv[33m.[39m[33mDATABASE_URL_TEST[39m) {
    [31m[1m>[22m[39m[90m 14 |[39m       [36mthrow[39m [36mnew[39m [33mError[39m([32m'DATABASE_URL_TEST must be set in environment variables'[39m)[33m;[39m
     [90m    |[39m             [31m[1m^[22m[39m
     [90m 15 |[39m     }
     [90m 16 |[39m     [36mreturn[39m process[33m.[39menv[33m.[39m[33mDATABASE_URL_TEST[39m[33m;[39m
     [90m 17 |[39m   }[0m

      at DatabaseConfigService.getTestURL (src/config/database-config.service.ts:14:13)
      at new PrismaService (src/prisma/prisma.service.ts:18:24)
      at TestingInjector.instantiateClass (node_modules/@nestjs/core/injector/injector.js:422:19)
      at callback (node_modules/@nestjs/core/injector/injector.js:70:45)
      at TestingInjector.resolveConstructorParams (node_modules/@nestjs/core/injector/injector.js:170:24)
      at TestingInjector.loadInstance (node_modules/@nestjs/core/injector/injector.js:75:13)
      at TestingInjector.loadProvider (node_modules/@nestjs/core/injector/injector.js:103:9)
      at node_modules/@nestjs/core/injector/instance-loader.js:56:13
          at async Promise.all (index 4)
      at TestingInstanceLoader.createInstancesOfProviders (node_modules/@nestjs/core/injector/instance-loader.js:55:9)
      at node_modules/@nestjs/core/injector/instance-loader.js:40:13
          at async Promise.all (index 3)
      at TestingInstanceLoader.createInstances (node_modules/@nestjs/core/injector/instance-loader.js:39:9)
      at TestingInstanceLoader.createInstancesOfDependencies (node_modules/@nestjs/core/injector/instance-loader.js:22:13)
      at TestingInstanceLoader.createInstancesOfDependencies (node_modules/@nestjs/testing/testing-instance-loader.js:9:9)
      at TestingModuleBuilder.createInstancesOfDependencies (node_modules/@nestjs/testing/testing-module.builder.js:118:9)
      at TestingModuleBuilder.compile (node_modules/@nestjs/testing/testing-module.builder.js:74:9)
      at Object.<anonymous> (test/integration/game.e2e-spec.ts:28:42)

  ● GameService (e2e) › addTagToGame › should add tag to game successfully

    DATABASE_URL_TEST must be set in environment variables

    [0m [90m 12 |[39m   getTestURL()[33m:[39m string {
     [90m 13 |[39m     [36mif[39m ([33m![39mprocess[33m.[39menv[33m.[39m[33mDATABASE_URL_TEST[39m) {
    [31m[1m>[22m[39m[90m 14 |[39m       [36mthrow[39m [36mnew[39m [33mError[39m([32m'DATABASE_URL_TEST must be set in environment variables'[39m)[33m;[39m
     [90m    |[39m             [31m[1m^[22m[39m
     [90m 15 |[39m     }
     [90m 16 |[39m     [36mreturn[39m process[33m.[39menv[33m.[39m[33mDATABASE_URL_TEST[39m[33m;[39m
     [90m 17 |[39m   }[0m

      at DatabaseConfigService.getTestURL (src/config/database-config.service.ts:14:13)
      at new PrismaService (src/prisma/prisma.service.ts:18:24)
      at TestingInjector.instantiateClass (node_modules/@nestjs/core/injector/injector.js:422:19)
      at callback (node_modules/@nestjs/core/injector/injector.js:70:45)
      at TestingInjector.resolveConstructorParams (node_modules/@nestjs/core/injector/injector.js:170:24)
      at TestingInjector.loadInstance (node_modules/@nestjs/core/injector/injector.js:75:13)
      at TestingInjector.loadProvider (node_modules/@nestjs/core/injector/injector.js:103:9)
      at node_modules/@nestjs/core/injector/instance-loader.js:56:13
          at async Promise.all (index 4)
      at TestingInstanceLoader.createInstancesOfProviders (node_modules/@nestjs/core/injector/instance-loader.js:55:9)
      at node_modules/@nestjs/core/injector/instance-loader.js:40:13
          at async Promise.all (index 3)
      at TestingInstanceLoader.createInstances (node_modules/@nestjs/core/injector/instance-loader.js:39:9)
      at TestingInstanceLoader.createInstancesOfDependencies (node_modules/@nestjs/core/injector/instance-loader.js:22:13)
      at TestingInstanceLoader.createInstancesOfDependencies (node_modules/@nestjs/testing/testing-instance-loader.js:9:9)
      at TestingModuleBuilder.createInstancesOfDependencies (node_modules/@nestjs/testing/testing-module.builder.js:118:9)
      at TestingModuleBuilder.compile (node_modules/@nestjs/testing/testing-module.builder.js:74:9)
      at Object.<anonymous> (test/integration/game.e2e-spec.ts:28:42)

  ● GameService (e2e) › addTagToGame › should throw NotFoundException when game does not exist

    DATABASE_URL_TEST must be set in environment variables

    [0m [90m 12 |[39m   getTestURL()[33m:[39m string {
     [90m 13 |[39m     [36mif[39m ([33m![39mprocess[33m.[39menv[33m.[39m[33mDATABASE_URL_TEST[39m) {
    [31m[1m>[22m[39m[90m 14 |[39m       [36mthrow[39m [36mnew[39m [33mError[39m([32m'DATABASE_URL_TEST must be set in environment variables'[39m)[33m;[39m
     [90m    |[39m             [31m[1m^[22m[39m
     [90m 15 |[39m     }
     [90m 16 |[39m     [36mreturn[39m process[33m.[39menv[33m.[39m[33mDATABASE_URL_TEST[39m[33m;[39m
     [90m 17 |[39m   }[0m

      at DatabaseConfigService.getTestURL (src/config/database-config.service.ts:14:13)
      at new PrismaService (src/prisma/prisma.service.ts:18:24)
      at TestingInjector.instantiateClass (node_modules/@nestjs/core/injector/injector.js:422:19)
      at callback (node_modules/@nestjs/core/injector/injector.js:70:45)
      at TestingInjector.resolveConstructorParams (node_modules/@nestjs/core/injector/injector.js:170:24)
      at TestingInjector.loadInstance (node_modules/@nestjs/core/injector/injector.js:75:13)
      at TestingInjector.loadProvider (node_modules/@nestjs/core/injector/injector.js:103:9)
      at node_modules/@nestjs/core/injector/instance-loader.js:56:13
          at async Promise.all (index 4)
      at TestingInstanceLoader.createInstancesOfProviders (node_modules/@nestjs/core/injector/instance-loader.js:55:9)
      at node_modules/@nestjs/core/injector/instance-loader.js:40:13
          at async Promise.all (index 3)
      at TestingInstanceLoader.createInstances (node_modules/@nestjs/core/injector/instance-loader.js:39:9)
      at TestingInstanceLoader.createInstancesOfDependencies (node_modules/@nestjs/core/injector/instance-loader.js:22:13)
      at TestingInstanceLoader.createInstancesOfDependencies (node_modules/@nestjs/testing/testing-instance-loader.js:9:9)
      at TestingModuleBuilder.createInstancesOfDependencies (node_modules/@nestjs/testing/testing-module.builder.js:118:9)
      at TestingModuleBuilder.compile (node_modules/@nestjs/testing/testing-module.builder.js:74:9)
      at Object.<anonymous> (test/integration/game.e2e-spec.ts:28:42)

  ● GameService (e2e) › addTagToGame › should throw NotFoundException when tag does not exist

    DATABASE_URL_TEST must be set in environment variables

    [0m [90m 12 |[39m   getTestURL()[33m:[39m string {
     [90m 13 |[39m     [36mif[39m ([33m![39mprocess[33m.[39menv[33m.[39m[33mDATABASE_URL_TEST[39m) {
    [31m[1m>[22m[39m[90m 14 |[39m       [36mthrow[39m [36mnew[39m [33mError[39m([32m'DATABASE_URL_TEST must be set in environment variables'[39m)[33m;[39m
     [90m    |[39m             [31m[1m^[22m[39m
     [90m 15 |[39m     }
     [90m 16 |[39m     [36mreturn[39m process[33m.[39menv[33m.[39m[33mDATABASE_URL_TEST[39m[33m;[39m
     [90m 17 |[39m   }[0m

      at DatabaseConfigService.getTestURL (src/config/database-config.service.ts:14:13)
      at new PrismaService (src/prisma/prisma.service.ts:18:24)
      at TestingInjector.instantiateClass (node_modules/@nestjs/core/injector/injector.js:422:19)
      at callback (node_modules/@nestjs/core/injector/injector.js:70:45)
      at TestingInjector.resolveConstructorParams (node_modules/@nestjs/core/injector/injector.js:170:24)
      at TestingInjector.loadInstance (node_modules/@nestjs/core/injector/injector.js:75:13)
      at TestingInjector.loadProvider (node_modules/@nestjs/core/injector/injector.js:103:9)
      at node_modules/@nestjs/core/injector/instance-loader.js:56:13
          at async Promise.all (index 4)
      at TestingInstanceLoader.createInstancesOfProviders (node_modules/@nestjs/core/injector/instance-loader.js:55:9)
      at node_modules/@nestjs/core/injector/instance-loader.js:40:13
          at async Promise.all (index 3)
      at TestingInstanceLoader.createInstances (node_modules/@nestjs/core/injector/instance-loader.js:39:9)
      at TestingInstanceLoader.createInstancesOfDependencies (node_modules/@nestjs/core/injector/instance-loader.js:22:13)
      at TestingInstanceLoader.createInstancesOfDependencies (node_modules/@nestjs/testing/testing-instance-loader.js:9:9)
      at TestingModuleBuilder.createInstancesOfDependencies (node_modules/@nestjs/testing/testing-module.builder.js:118:9)
      at TestingModuleBuilder.compile (node_modules/@nestjs/testing/testing-module.builder.js:74:9)
      at Object.<anonymous> (test/integration/game.e2e-spec.ts:28:42)

  ● GameService (e2e) › addTagToGame › should throw ConflictException when tag already associated

    DATABASE_URL_TEST must be set in environment variables

    [0m [90m 12 |[39m   getTestURL()[33m:[39m string {
     [90m 13 |[39m     [36mif[39m ([33m![39mprocess[33m.[39menv[33m.[39m[33mDATABASE_URL_TEST[39m) {
    [31m[1m>[22m[39m[90m 14 |[39m       [36mthrow[39m [36mnew[39m [33mError[39m([32m'DATABASE_URL_TEST must be set in environment variables'[39m)[33m;[39m
     [90m    |[39m             [31m[1m^[22m[39m
     [90m 15 |[39m     }
     [90m 16 |[39m     [36mreturn[39m process[33m.[39menv[33m.[39m[33mDATABASE_URL_TEST[39m[33m;[39m
     [90m 17 |[39m   }[0m

      at DatabaseConfigService.getTestURL (src/config/database-config.service.ts:14:13)
      at new PrismaService (src/prisma/prisma.service.ts:18:24)
      at TestingInjector.instantiateClass (node_modules/@nestjs/core/injector/injector.js:422:19)
      at callback (node_modules/@nestjs/core/injector/injector.js:70:45)
      at TestingInjector.resolveConstructorParams (node_modules/@nestjs/core/injector/injector.js:170:24)
      at TestingInjector.loadInstance (node_modules/@nestjs/core/injector/injector.js:75:13)
      at TestingInjector.loadProvider (node_modules/@nestjs/core/injector/injector.js:103:9)
      at node_modules/@nestjs/core/injector/instance-loader.js:56:13
          at async Promise.all (index 4)
      at TestingInstanceLoader.createInstancesOfProviders (node_modules/@nestjs/core/injector/instance-loader.js:55:9)
      at node_modules/@nestjs/core/injector/instance-loader.js:40:13
          at async Promise.all (index 3)
      at TestingInstanceLoader.createInstances (node_modules/@nestjs/core/injector/instance-loader.js:39:9)
      at TestingInstanceLoader.createInstancesOfDependencies (node_modules/@nestjs/core/injector/instance-loader.js:22:13)
      at TestingInstanceLoader.createInstancesOfDependencies (node_modules/@nestjs/testing/testing-instance-loader.js:9:9)
      at TestingModuleBuilder.createInstancesOfDependencies (node_modules/@nestjs/testing/testing-module.builder.js:118:9)
      at TestingModuleBuilder.compile (node_modules/@nestjs/testing/testing-module.builder.js:74:9)
      at Object.<anonymous> (test/integration/game.e2e-spec.ts:28:42)

  ● GameService (e2e) › addTagToGame › should fail with invalid foreign key constraint for game

    DATABASE_URL_TEST must be set in environment variables

    [0m [90m 12 |[39m   getTestURL()[33m:[39m string {
     [90m 13 |[39m     [36mif[39m ([33m![39mprocess[33m.[39menv[33m.[39m[33mDATABASE_URL_TEST[39m) {
    [31m[1m>[22m[39m[90m 14 |[39m       [36mthrow[39m [36mnew[39m [33mError[39m([32m'DATABASE_URL_TEST must be set in environment variables'[39m)[33m;[39m
     [90m    |[39m             [31m[1m^[22m[39m
     [90m 15 |[39m     }
     [90m 16 |[39m     [36mreturn[39m process[33m.[39menv[33m.[39m[33mDATABASE_URL_TEST[39m[33m;[39m
     [90m 17 |[39m   }[0m

      at DatabaseConfigService.getTestURL (src/config/database-config.service.ts:14:13)
      at new PrismaService (src/prisma/prisma.service.ts:18:24)
      at TestingInjector.instantiateClass (node_modules/@nestjs/core/injector/injector.js:422:19)
      at callback (node_modules/@nestjs/core/injector/injector.js:70:45)
      at TestingInjector.resolveConstructorParams (node_modules/@nestjs/core/injector/injector.js:170:24)
      at TestingInjector.loadInstance (node_modules/@nestjs/core/injector/injector.js:75:13)
      at TestingInjector.loadProvider (node_modules/@nestjs/core/injector/injector.js:103:9)
      at node_modules/@nestjs/core/injector/instance-loader.js:56:13
          at async Promise.all (index 4)
      at TestingInstanceLoader.createInstancesOfProviders (node_modules/@nestjs/core/injector/instance-loader.js:55:9)
      at node_modules/@nestjs/core/injector/instance-loader.js:40:13
          at async Promise.all (index 3)
      at TestingInstanceLoader.createInstances (node_modules/@nestjs/core/injector/instance-loader.js:39:9)
      at TestingInstanceLoader.createInstancesOfDependencies (node_modules/@nestjs/core/injector/instance-loader.js:22:13)
      at TestingInstanceLoader.createInstancesOfDependencies (node_modules/@nestjs/testing/testing-instance-loader.js:9:9)
      at TestingModuleBuilder.createInstancesOfDependencies (node_modules/@nestjs/testing/testing-module.builder.js:118:9)
      at TestingModuleBuilder.compile (node_modules/@nestjs/testing/testing-module.builder.js:74:9)
      at Object.<anonymous> (test/integration/game.e2e-spec.ts:28:42)

  ● GameService (e2e) › addTagToGame › should fail with invalid foreign key constraint for tag

    DATABASE_URL_TEST must be set in environment variables

    [0m [90m 12 |[39m   getTestURL()[33m:[39m string {
     [90m 13 |[39m     [36mif[39m ([33m![39mprocess[33m.[39menv[33m.[39m[33mDATABASE_URL_TEST[39m) {
    [31m[1m>[22m[39m[90m 14 |[39m       [36mthrow[39m [36mnew[39m [33mError[39m([32m'DATABASE_URL_TEST must be set in environment variables'[39m)[33m;[39m
     [90m    |[39m             [31m[1m^[22m[39m
     [90m 15 |[39m     }
     [90m 16 |[39m     [36mreturn[39m process[33m.[39menv[33m.[39m[33mDATABASE_URL_TEST[39m[33m;[39m
     [90m 17 |[39m   }[0m

      at DatabaseConfigService.getTestURL (src/config/database-config.service.ts:14:13)
      at new PrismaService (src/prisma/prisma.service.ts:18:24)
      at TestingInjector.instantiateClass (node_modules/@nestjs/core/injector/injector.js:422:19)
      at callback (node_modules/@nestjs/core/injector/injector.js:70:45)
      at TestingInjector.resolveConstructorParams (node_modules/@nestjs/core/injector/injector.js:170:24)
      at TestingInjector.loadInstance (node_modules/@nestjs/core/injector/injector.js:75:13)
      at TestingInjector.loadProvider (node_modules/@nestjs/core/injector/injector.js:103:9)
      at node_modules/@nestjs/core/injector/instance-loader.js:56:13
          at async Promise.all (index 4)
      at TestingInstanceLoader.createInstancesOfProviders (node_modules/@nestjs/core/injector/instance-loader.js:55:9)
      at node_modules/@nestjs/core/injector/instance-loader.js:40:13
          at async Promise.all (index 3)
      at TestingInstanceLoader.createInstances (node_modules/@nestjs/core/injector/instance-loader.js:39:9)
      at TestingInstanceLoader.createInstancesOfDependencies (node_modules/@nestjs/core/injector/instance-loader.js:22:13)
      at TestingInstanceLoader.createInstancesOfDependencies (node_modules/@nestjs/testing/testing-instance-loader.js:9:9)
      at TestingModuleBuilder.createInstancesOfDependencies (node_modules/@nestjs/testing/testing-module.builder.js:118:9)
      at TestingModuleBuilder.compile (node_modules/@nestjs/testing/testing-module.builder.js:74:9)
      at Object.<anonymous> (test/integration/game.e2e-spec.ts:28:42)

  ● GameService (e2e) › removeTagFromGame › should remove tag from game successfully

    DATABASE_URL_TEST must be set in environment variables

    [0m [90m 12 |[39m   getTestURL()[33m:[39m string {
     [90m 13 |[39m     [36mif[39m ([33m![39mprocess[33m.[39menv[33m.[39m[33mDATABASE_URL_TEST[39m) {
    [31m[1m>[22m[39m[90m 14 |[39m       [36mthrow[39m [36mnew[39m [33mError[39m([32m'DATABASE_URL_TEST must be set in environment variables'[39m)[33m;[39m
     [90m    |[39m             [31m[1m^[22m[39m
     [90m 15 |[39m     }
     [90m 16 |[39m     [36mreturn[39m process[33m.[39menv[33m.[39m[33mDATABASE_URL_TEST[39m[33m;[39m
     [90m 17 |[39m   }[0m

      at DatabaseConfigService.getTestURL (src/config/database-config.service.ts:14:13)
      at new PrismaService (src/prisma/prisma.service.ts:18:24)
      at TestingInjector.instantiateClass (node_modules/@nestjs/core/injector/injector.js:422:19)
      at callback (node_modules/@nestjs/core/injector/injector.js:70:45)
      at TestingInjector.resolveConstructorParams (node_modules/@nestjs/core/injector/injector.js:170:24)
      at TestingInjector.loadInstance (node_modules/@nestjs/core/injector/injector.js:75:13)
      at TestingInjector.loadProvider (node_modules/@nestjs/core/injector/injector.js:103:9)
      at node_modules/@nestjs/core/injector/instance-loader.js:56:13
          at async Promise.all (index 4)
      at TestingInstanceLoader.createInstancesOfProviders (node_modules/@nestjs/core/injector/instance-loader.js:55:9)
      at node_modules/@nestjs/core/injector/instance-loader.js:40:13
          at async Promise.all (index 3)
      at TestingInstanceLoader.createInstances (node_modules/@nestjs/core/injector/instance-loader.js:39:9)
      at TestingInstanceLoader.createInstancesOfDependencies (node_modules/@nestjs/core/injector/instance-loader.js:22:13)
      at TestingInstanceLoader.createInstancesOfDependencies (node_modules/@nestjs/testing/testing-instance-loader.js:9:9)
      at TestingModuleBuilder.createInstancesOfDependencies (node_modules/@nestjs/testing/testing-module.builder.js:118:9)
      at TestingModuleBuilder.compile (node_modules/@nestjs/testing/testing-module.builder.js:74:9)
      at Object.<anonymous> (test/integration/game.e2e-spec.ts:28:42)

  ● GameService (e2e) › removeTagFromGame › should throw NotFoundException when connection does not exist

    DATABASE_URL_TEST must be set in environment variables

    [0m [90m 12 |[39m   getTestURL()[33m:[39m string {
     [90m 13 |[39m     [36mif[39m ([33m![39mprocess[33m.[39menv[33m.[39m[33mDATABASE_URL_TEST[39m) {
    [31m[1m>[22m[39m[90m 14 |[39m       [36mthrow[39m [36mnew[39m [33mError[39m([32m'DATABASE_URL_TEST must be set in environment variables'[39m)[33m;[39m
     [90m    |[39m             [31m[1m^[22m[39m
     [90m 15 |[39m     }
     [90m 16 |[39m     [36mreturn[39m process[33m.[39menv[33m.[39m[33mDATABASE_URL_TEST[39m[33m;[39m
     [90m 17 |[39m   }[0m

      at DatabaseConfigService.getTestURL (src/config/database-config.service.ts:14:13)
      at new PrismaService (src/prisma/prisma.service.ts:18:24)
      at TestingInjector.instantiateClass (node_modules/@nestjs/core/injector/injector.js:422:19)
      at callback (node_modules/@nestjs/core/injector/injector.js:70:45)
      at TestingInjector.resolveConstructorParams (node_modules/@nestjs/core/injector/injector.js:170:24)
      at TestingInjector.loadInstance (node_modules/@nestjs/core/injector/injector.js:75:13)
      at TestingInjector.loadProvider (node_modules/@nestjs/core/injector/injector.js:103:9)
      at node_modules/@nestjs/core/injector/instance-loader.js:56:13
          at async Promise.all (index 4)
      at TestingInstanceLoader.createInstancesOfProviders (node_modules/@nestjs/core/injector/instance-loader.js:55:9)
      at node_modules/@nestjs/core/injector/instance-loader.js:40:13
          at async Promise.all (index 3)
      at TestingInstanceLoader.createInstances (node_modules/@nestjs/core/injector/instance-loader.js:39:9)
      at TestingInstanceLoader.createInstancesOfDependencies (node_modules/@nestjs/core/injector/instance-loader.js:22:13)
      at TestingInstanceLoader.createInstancesOfDependencies (node_modules/@nestjs/testing/testing-instance-loader.js:9:9)
      at TestingModuleBuilder.createInstancesOfDependencies (node_modules/@nestjs/testing/testing-module.builder.js:118:9)
      at TestingModuleBuilder.compile (node_modules/@nestjs/testing/testing-module.builder.js:74:9)
      at Object.<anonymous> (test/integration/game.e2e-spec.ts:28:42)

  ● GameService (e2e) › getGameTags › should return tags for a game

    DATABASE_URL_TEST must be set in environment variables

    [0m [90m 12 |[39m   getTestURL()[33m:[39m string {
     [90m 13 |[39m     [36mif[39m ([33m![39mprocess[33m.[39menv[33m.[39m[33mDATABASE_URL_TEST[39m) {
    [31m[1m>[22m[39m[90m 14 |[39m       [36mthrow[39m [36mnew[39m [33mError[39m([32m'DATABASE_URL_TEST must be set in environment variables'[39m)[33m;[39m
     [90m    |[39m             [31m[1m^[22m[39m
     [90m 15 |[39m     }
     [90m 16 |[39m     [36mreturn[39m process[33m.[39menv[33m.[39m[33mDATABASE_URL_TEST[39m[33m;[39m
     [90m 17 |[39m   }[0m

      at DatabaseConfigService.getTestURL (src/config/database-config.service.ts:14:13)
      at new PrismaService (src/prisma/prisma.service.ts:18:24)
      at TestingInjector.instantiateClass (node_modules/@nestjs/core/injector/injector.js:422:19)
      at callback (node_modules/@nestjs/core/injector/injector.js:70:45)
      at TestingInjector.resolveConstructorParams (node_modules/@nestjs/core/injector/injector.js:170:24)
      at TestingInjector.loadInstance (node_modules/@nestjs/core/injector/injector.js:75:13)
      at TestingInjector.loadProvider (node_modules/@nestjs/core/injector/injector.js:103:9)
      at node_modules/@nestjs/core/injector/instance-loader.js:56:13
          at async Promise.all (index 4)
      at TestingInstanceLoader.createInstancesOfProviders (node_modules/@nestjs/core/injector/instance-loader.js:55:9)
      at node_modules/@nestjs/core/injector/instance-loader.js:40:13
          at async Promise.all (index 3)
      at TestingInstanceLoader.createInstances (node_modules/@nestjs/core/injector/instance-loader.js:39:9)
      at TestingInstanceLoader.createInstancesOfDependencies (node_modules/@nestjs/core/injector/instance-loader.js:22:13)
      at TestingInstanceLoader.createInstancesOfDependencies (node_modules/@nestjs/testing/testing-instance-loader.js:9:9)
      at TestingModuleBuilder.createInstancesOfDependencies (node_modules/@nestjs/testing/testing-module.builder.js:118:9)
      at TestingModuleBuilder.compile (node_modules/@nestjs/testing/testing-module.builder.js:74:9)
      at Object.<anonymous> (test/integration/game.e2e-spec.ts:28:42)

  ● GameService (e2e) › getGameTags › should return empty array when game has no tags

    DATABASE_URL_TEST must be set in environment variables

    [0m [90m 12 |[39m   getTestURL()[33m:[39m string {
     [90m 13 |[39m     [36mif[39m ([33m![39mprocess[33m.[39menv[33m.[39m[33mDATABASE_URL_TEST[39m) {
    [31m[1m>[22m[39m[90m 14 |[39m       [36mthrow[39m [36mnew[39m [33mError[39m([32m'DATABASE_URL_TEST must be set in environment variables'[39m)[33m;[39m
     [90m    |[39m             [31m[1m^[22m[39m
     [90m 15 |[39m     }
     [90m 16 |[39m     [36mreturn[39m process[33m.[39menv[33m.[39m[33mDATABASE_URL_TEST[39m[33m;[39m
     [90m 17 |[39m   }[0m

      at DatabaseConfigService.getTestURL (src/config/database-config.service.ts:14:13)
      at new PrismaService (src/prisma/prisma.service.ts:18:24)
      at TestingInjector.instantiateClass (node_modules/@nestjs/core/injector/injector.js:422:19)
      at callback (node_modules/@nestjs/core/injector/injector.js:70:45)
      at TestingInjector.resolveConstructorParams (node_modules/@nestjs/core/injector/injector.js:170:24)
      at TestingInjector.loadInstance (node_modules/@nestjs/core/injector/injector.js:75:13)
      at TestingInjector.loadProvider (node_modules/@nestjs/core/injector/injector.js:103:9)
      at node_modules/@nestjs/core/injector/instance-loader.js:56:13
          at async Promise.all (index 4)
      at TestingInstanceLoader.createInstancesOfProviders (node_modules/@nestjs/core/injector/instance-loader.js:55:9)
      at node_modules/@nestjs/core/injector/instance-loader.js:40:13
          at async Promise.all (index 3)
      at TestingInstanceLoader.createInstances (node_modules/@nestjs/core/injector/instance-loader.js:39:9)
      at TestingInstanceLoader.createInstancesOfDependencies (node_modules/@nestjs/core/injector/instance-loader.js:22:13)
      at TestingInstanceLoader.createInstancesOfDependencies (node_modules/@nestjs/testing/testing-instance-loader.js:9:9)
      at TestingModuleBuilder.createInstancesOfDependencies (node_modules/@nestjs/testing/testing-module.builder.js:118:9)
      at TestingModuleBuilder.compile (node_modules/@nestjs/testing/testing-module.builder.js:74:9)
      at Object.<anonymous> (test/integration/game.e2e-spec.ts:28:42)

  ● GameService (e2e) › getGameTags › should throw NotFoundException when game does not exist

    DATABASE_URL_TEST must be set in environment variables

    [0m [90m 12 |[39m   getTestURL()[33m:[39m string {
     [90m 13 |[39m     [36mif[39m ([33m![39mprocess[33m.[39menv[33m.[39m[33mDATABASE_URL_TEST[39m) {
    [31m[1m>[22m[39m[90m 14 |[39m       [36mthrow[39m [36mnew[39m [33mError[39m([32m'DATABASE_URL_TEST must be set in environment variables'[39m)[33m;[39m
     [90m    |[39m             [31m[1m^[22m[39m
     [90m 15 |[39m     }
     [90m 16 |[39m     [36mreturn[39m process[33m.[39menv[33m.[39m[33mDATABASE_URL_TEST[39m[33m;[39m
     [90m 17 |[39m   }[0m

      at DatabaseConfigService.getTestURL (src/config/database-config.service.ts:14:13)
      at new PrismaService (src/prisma/prisma.service.ts:18:24)
      at TestingInjector.instantiateClass (node_modules/@nestjs/core/injector/injector.js:422:19)
      at callback (node_modules/@nestjs/core/injector/injector.js:70:45)
      at TestingInjector.resolveConstructorParams (node_modules/@nestjs/core/injector/injector.js:170:24)
      at TestingInjector.loadInstance (node_modules/@nestjs/core/injector/injector.js:75:13)
      at TestingInjector.loadProvider (node_modules/@nestjs/core/injector/injector.js:103:9)
      at node_modules/@nestjs/core/injector/instance-loader.js:56:13
          at async Promise.all (index 4)
      at TestingInstanceLoader.createInstancesOfProviders (node_modules/@nestjs/core/injector/instance-loader.js:55:9)
      at node_modules/@nestjs/core/injector/instance-loader.js:40:13
          at async Promise.all (index 3)
      at TestingInstanceLoader.createInstances (node_modules/@nestjs/core/injector/instance-loader.js:39:9)
      at TestingInstanceLoader.createInstancesOfDependencies (node_modules/@nestjs/core/injector/instance-loader.js:22:13)
      at TestingInstanceLoader.createInstancesOfDependencies (node_modules/@nestjs/testing/testing-instance-loader.js:9:9)
      at TestingModuleBuilder.createInstancesOfDependencies (node_modules/@nestjs/testing/testing-module.builder.js:118:9)
      at TestingModuleBuilder.compile (node_modules/@nestjs/testing/testing-module.builder.js:74:9)
      at Object.<anonymous> (test/integration/game.e2e-spec.ts:28:42)

  ● GameService (e2e) › addDeveloperToGame › should add developer to game successfully

    DATABASE_URL_TEST must be set in environment variables

    [0m [90m 12 |[39m   getTestURL()[33m:[39m string {
     [90m 13 |[39m     [36mif[39m ([33m![39mprocess[33m.[39menv[33m.[39m[33mDATABASE_URL_TEST[39m) {
    [31m[1m>[22m[39m[90m 14 |[39m       [36mthrow[39m [36mnew[39m [33mError[39m([32m'DATABASE_URL_TEST must be set in environment variables'[39m)[33m;[39m
     [90m    |[39m             [31m[1m^[22m[39m
     [90m 15 |[39m     }
     [90m 16 |[39m     [36mreturn[39m process[33m.[39menv[33m.[39m[33mDATABASE_URL_TEST[39m[33m;[39m
     [90m 17 |[39m   }[0m

      at DatabaseConfigService.getTestURL (src/config/database-config.service.ts:14:13)
      at new PrismaService (src/prisma/prisma.service.ts:18:24)
      at TestingInjector.instantiateClass (node_modules/@nestjs/core/injector/injector.js:422:19)
      at callback (node_modules/@nestjs/core/injector/injector.js:70:45)
      at TestingInjector.resolveConstructorParams (node_modules/@nestjs/core/injector/injector.js:170:24)
      at TestingInjector.loadInstance (node_modules/@nestjs/core/injector/injector.js:75:13)
      at TestingInjector.loadProvider (node_modules/@nestjs/core/injector/injector.js:103:9)
      at node_modules/@nestjs/core/injector/instance-loader.js:56:13
          at async Promise.all (index 4)
      at TestingInstanceLoader.createInstancesOfProviders (node_modules/@nestjs/core/injector/instance-loader.js:55:9)
      at node_modules/@nestjs/core/injector/instance-loader.js:40:13
          at async Promise.all (index 3)
      at TestingInstanceLoader.createInstances (node_modules/@nestjs/core/injector/instance-loader.js:39:9)
      at TestingInstanceLoader.createInstancesOfDependencies (node_modules/@nestjs/core/injector/instance-loader.js:22:13)
      at TestingInstanceLoader.createInstancesOfDependencies (node_modules/@nestjs/testing/testing-instance-loader.js:9:9)
      at TestingModuleBuilder.createInstancesOfDependencies (node_modules/@nestjs/testing/testing-module.builder.js:118:9)
      at TestingModuleBuilder.compile (node_modules/@nestjs/testing/testing-module.builder.js:74:9)
      at Object.<anonymous> (test/integration/game.e2e-spec.ts:28:42)

  ● GameService (e2e) › addDeveloperToGame › should throw NotFoundException when game does not exist

    DATABASE_URL_TEST must be set in environment variables

    [0m [90m 12 |[39m   getTestURL()[33m:[39m string {
     [90m 13 |[39m     [36mif[39m ([33m![39mprocess[33m.[39menv[33m.[39m[33mDATABASE_URL_TEST[39m) {
    [31m[1m>[22m[39m[90m 14 |[39m       [36mthrow[39m [36mnew[39m [33mError[39m([32m'DATABASE_URL_TEST must be set in environment variables'[39m)[33m;[39m
     [90m    |[39m             [31m[1m^[22m[39m
     [90m 15 |[39m     }
     [90m 16 |[39m     [36mreturn[39m process[33m.[39menv[33m.[39m[33mDATABASE_URL_TEST[39m[33m;[39m
     [90m 17 |[39m   }[0m

      at DatabaseConfigService.getTestURL (src/config/database-config.service.ts:14:13)
      at new PrismaService (src/prisma/prisma.service.ts:18:24)
      at TestingInjector.instantiateClass (node_modules/@nestjs/core/injector/injector.js:422:19)
      at callback (node_modules/@nestjs/core/injector/injector.js:70:45)
      at TestingInjector.resolveConstructorParams (node_modules/@nestjs/core/injector/injector.js:170:24)
      at TestingInjector.loadInstance (node_modules/@nestjs/core/injector/injector.js:75:13)
      at TestingInjector.loadProvider (node_modules/@nestjs/core/injector/injector.js:103:9)
      at node_modules/@nestjs/core/injector/instance-loader.js:56:13
          at async Promise.all (index 4)
      at TestingInstanceLoader.createInstancesOfProviders (node_modules/@nestjs/core/injector/instance-loader.js:55:9)
      at node_modules/@nestjs/core/injector/instance-loader.js:40:13
          at async Promise.all (index 3)
      at TestingInstanceLoader.createInstances (node_modules/@nestjs/core/injector/instance-loader.js:39:9)
      at TestingInstanceLoader.createInstancesOfDependencies (node_modules/@nestjs/core/injector/instance-loader.js:22:13)
      at TestingInstanceLoader.createInstancesOfDependencies (node_modules/@nestjs/testing/testing-instance-loader.js:9:9)
      at TestingModuleBuilder.createInstancesOfDependencies (node_modules/@nestjs/testing/testing-module.builder.js:118:9)
      at TestingModuleBuilder.compile (node_modules/@nestjs/testing/testing-module.builder.js:74:9)
      at Object.<anonymous> (test/integration/game.e2e-spec.ts:28:42)

  ● GameService (e2e) › addDeveloperToGame › should throw NotFoundException when developer does not exist

    DATABASE_URL_TEST must be set in environment variables

    [0m [90m 12 |[39m   getTestURL()[33m:[39m string {
     [90m 13 |[39m     [36mif[39m ([33m![39mprocess[33m.[39menv[33m.[39m[33mDATABASE_URL_TEST[39m) {
    [31m[1m>[22m[39m[90m 14 |[39m       [36mthrow[39m [36mnew[39m [33mError[39m([32m'DATABASE_URL_TEST must be set in environment variables'[39m)[33m;[39m
     [90m    |[39m             [31m[1m^[22m[39m
     [90m 15 |[39m     }
     [90m 16 |[39m     [36mreturn[39m process[33m.[39menv[33m.[39m[33mDATABASE_URL_TEST[39m[33m;[39m
     [90m 17 |[39m   }[0m

      at DatabaseConfigService.getTestURL (src/config/database-config.service.ts:14:13)
      at new PrismaService (src/prisma/prisma.service.ts:18:24)
      at TestingInjector.instantiateClass (node_modules/@nestjs/core/injector/injector.js:422:19)
      at callback (node_modules/@nestjs/core/injector/injector.js:70:45)
      at TestingInjector.resolveConstructorParams (node_modules/@nestjs/core/injector/injector.js:170:24)
      at TestingInjector.loadInstance (node_modules/@nestjs/core/injector/injector.js:75:13)
      at TestingInjector.loadProvider (node_modules/@nestjs/core/injector/injector.js:103:9)
      at node_modules/@nestjs/core/injector/instance-loader.js:56:13
          at async Promise.all (index 4)
      at TestingInstanceLoader.createInstancesOfProviders (node_modules/@nestjs/core/injector/instance-loader.js:55:9)
      at node_modules/@nestjs/core/injector/instance-loader.js:40:13
          at async Promise.all (index 3)
      at TestingInstanceLoader.createInstances (node_modules/@nestjs/core/injector/instance-loader.js:39:9)
      at TestingInstanceLoader.createInstancesOfDependencies (node_modules/@nestjs/core/injector/instance-loader.js:22:13)
      at TestingInstanceLoader.createInstancesOfDependencies (node_modules/@nestjs/testing/testing-instance-loader.js:9:9)
      at TestingModuleBuilder.createInstancesOfDependencies (node_modules/@nestjs/testing/testing-module.builder.js:118:9)
      at TestingModuleBuilder.compile (node_modules/@nestjs/testing/testing-module.builder.js:74:9)
      at Object.<anonymous> (test/integration/game.e2e-spec.ts:28:42)

  ● GameService (e2e) › addDeveloperToGame › should throw ConflictException when developer already associated

    DATABASE_URL_TEST must be set in environment variables

    [0m [90m 12 |[39m   getTestURL()[33m:[39m string {
     [90m 13 |[39m     [36mif[39m ([33m![39mprocess[33m.[39menv[33m.[39m[33mDATABASE_URL_TEST[39m) {
    [31m[1m>[22m[39m[90m 14 |[39m       [36mthrow[39m [36mnew[39m [33mError[39m([32m'DATABASE_URL_TEST must be set in environment variables'[39m)[33m;[39m
     [90m    |[39m             [31m[1m^[22m[39m
     [90m 15 |[39m     }
     [90m 16 |[39m     [36mreturn[39m process[33m.[39menv[33m.[39m[33mDATABASE_URL_TEST[39m[33m;[39m
     [90m 17 |[39m   }[0m

      at DatabaseConfigService.getTestURL (src/config/database-config.service.ts:14:13)
      at new PrismaService (src/prisma/prisma.service.ts:18:24)
      at TestingInjector.instantiateClass (node_modules/@nestjs/core/injector/injector.js:422:19)
      at callback (node_modules/@nestjs/core/injector/injector.js:70:45)
      at TestingInjector.resolveConstructorParams (node_modules/@nestjs/core/injector/injector.js:170:24)
      at TestingInjector.loadInstance (node_modules/@nestjs/core/injector/injector.js:75:13)
      at TestingInjector.loadProvider (node_modules/@nestjs/core/injector/injector.js:103:9)
      at node_modules/@nestjs/core/injector/instance-loader.js:56:13
          at async Promise.all (index 4)
      at TestingInstanceLoader.createInstancesOfProviders (node_modules/@nestjs/core/injector/instance-loader.js:55:9)
      at node_modules/@nestjs/core/injector/instance-loader.js:40:13
          at async Promise.all (index 3)
      at TestingInstanceLoader.createInstances (node_modules/@nestjs/core/injector/instance-loader.js:39:9)
      at TestingInstanceLoader.createInstancesOfDependencies (node_modules/@nestjs/core/injector/instance-loader.js:22:13)
      at TestingInstanceLoader.createInstancesOfDependencies (node_modules/@nestjs/testing/testing-instance-loader.js:9:9)
      at TestingModuleBuilder.createInstancesOfDependencies (node_modules/@nestjs/testing/testing-module.builder.js:118:9)
      at TestingModuleBuilder.compile (node_modules/@nestjs/testing/testing-module.builder.js:74:9)
      at Object.<anonymous> (test/integration/game.e2e-spec.ts:28:42)

  ● GameService (e2e) › addDeveloperToGame › should fail with invalid foreign key constraint for game

    DATABASE_URL_TEST must be set in environment variables

    [0m [90m 12 |[39m   getTestURL()[33m:[39m string {
     [90m 13 |[39m     [36mif[39m ([33m![39mprocess[33m.[39menv[33m.[39m[33mDATABASE_URL_TEST[39m) {
    [31m[1m>[22m[39m[90m 14 |[39m       [36mthrow[39m [36mnew[39m [33mError[39m([32m'DATABASE_URL_TEST must be set in environment variables'[39m)[33m;[39m
     [90m    |[39m             [31m[1m^[22m[39m
     [90m 15 |[39m     }
     [90m 16 |[39m     [36mreturn[39m process[33m.[39menv[33m.[39m[33mDATABASE_URL_TEST[39m[33m;[39m
     [90m 17 |[39m   }[0m

      at DatabaseConfigService.getTestURL (src/config/database-config.service.ts:14:13)
      at new PrismaService (src/prisma/prisma.service.ts:18:24)
      at TestingInjector.instantiateClass (node_modules/@nestjs/core/injector/injector.js:422:19)
      at callback (node_modules/@nestjs/core/injector/injector.js:70:45)
      at TestingInjector.resolveConstructorParams (node_modules/@nestjs/core/injector/injector.js:170:24)
      at TestingInjector.loadInstance (node_modules/@nestjs/core/injector/injector.js:75:13)
      at TestingInjector.loadProvider (node_modules/@nestjs/core/injector/injector.js:103:9)
      at node_modules/@nestjs/core/injector/instance-loader.js:56:13
          at async Promise.all (index 4)
      at TestingInstanceLoader.createInstancesOfProviders (node_modules/@nestjs/core/injector/instance-loader.js:55:9)
      at node_modules/@nestjs/core/injector/instance-loader.js:40:13
          at async Promise.all (index 3)
      at TestingInstanceLoader.createInstances (node_modules/@nestjs/core/injector/instance-loader.js:39:9)
      at TestingInstanceLoader.createInstancesOfDependencies (node_modules/@nestjs/core/injector/instance-loader.js:22:13)
      at TestingInstanceLoader.createInstancesOfDependencies (node_modules/@nestjs/testing/testing-instance-loader.js:9:9)
      at TestingModuleBuilder.createInstancesOfDependencies (node_modules/@nestjs/testing/testing-module.builder.js:118:9)
      at TestingModuleBuilder.compile (node_modules/@nestjs/testing/testing-module.builder.js:74:9)
      at Object.<anonymous> (test/integration/game.e2e-spec.ts:28:42)

  ● GameService (e2e) › addDeveloperToGame › should fail with invalid foreign key constraint for developer

    DATABASE_URL_TEST must be set in environment variables

    [0m [90m 12 |[39m   getTestURL()[33m:[39m string {
     [90m 13 |[39m     [36mif[39m ([33m![39mprocess[33m.[39menv[33m.[39m[33mDATABASE_URL_TEST[39m) {
    [31m[1m>[22m[39m[90m 14 |[39m       [36mthrow[39m [36mnew[39m [33mError[39m([32m'DATABASE_URL_TEST must be set in environment variables'[39m)[33m;[39m
     [90m    |[39m             [31m[1m^[22m[39m
     [90m 15 |[39m     }
     [90m 16 |[39m     [36mreturn[39m process[33m.[39menv[33m.[39m[33mDATABASE_URL_TEST[39m[33m;[39m
     [90m 17 |[39m   }[0m

      at DatabaseConfigService.getTestURL (src/config/database-config.service.ts:14:13)
      at new PrismaService (src/prisma/prisma.service.ts:18:24)
      at TestingInjector.instantiateClass (node_modules/@nestjs/core/injector/injector.js:422:19)
      at callback (node_modules/@nestjs/core/injector/injector.js:70:45)
      at TestingInjector.resolveConstructorParams (node_modules/@nestjs/core/injector/injector.js:170:24)
      at TestingInjector.loadInstance (node_modules/@nestjs/core/injector/injector.js:75:13)
      at TestingInjector.loadProvider (node_modules/@nestjs/core/injector/injector.js:103:9)
      at node_modules/@nestjs/core/injector/instance-loader.js:56:13
          at async Promise.all (index 4)
      at TestingInstanceLoader.createInstancesOfProviders (node_modules/@nestjs/core/injector/instance-loader.js:55:9)
      at node_modules/@nestjs/core/injector/instance-loader.js:40:13
          at async Promise.all (index 3)
      at TestingInstanceLoader.createInstances (node_modules/@nestjs/core/injector/instance-loader.js:39:9)
      at TestingInstanceLoader.createInstancesOfDependencies (node_modules/@nestjs/core/injector/instance-loader.js:22:13)
      at TestingInstanceLoader.createInstancesOfDependencies (node_modules/@nestjs/testing/testing-instance-loader.js:9:9)
      at TestingModuleBuilder.createInstancesOfDependencies (node_modules/@nestjs/testing/testing-module.builder.js:118:9)
      at TestingModuleBuilder.compile (node_modules/@nestjs/testing/testing-module.builder.js:74:9)
      at Object.<anonymous> (test/integration/game.e2e-spec.ts:28:42)

  ● GameService (e2e) › removeDeveloperFromGame › should remove developer from game successfully

    DATABASE_URL_TEST must be set in environment variables

    [0m [90m 12 |[39m   getTestURL()[33m:[39m string {
     [90m 13 |[39m     [36mif[39m ([33m![39mprocess[33m.[39menv[33m.[39m[33mDATABASE_URL_TEST[39m) {
    [31m[1m>[22m[39m[90m 14 |[39m       [36mthrow[39m [36mnew[39m [33mError[39m([32m'DATABASE_URL_TEST must be set in environment variables'[39m)[33m;[39m
     [90m    |[39m             [31m[1m^[22m[39m
     [90m 15 |[39m     }
     [90m 16 |[39m     [36mreturn[39m process[33m.[39menv[33m.[39m[33mDATABASE_URL_TEST[39m[33m;[39m
     [90m 17 |[39m   }[0m

      at DatabaseConfigService.getTestURL (src/config/database-config.service.ts:14:13)
      at new PrismaService (src/prisma/prisma.service.ts:18:24)
      at TestingInjector.instantiateClass (node_modules/@nestjs/core/injector/injector.js:422:19)
      at callback (node_modules/@nestjs/core/injector/injector.js:70:45)
      at TestingInjector.resolveConstructorParams (node_modules/@nestjs/core/injector/injector.js:170:24)
      at TestingInjector.loadInstance (node_modules/@nestjs/core/injector/injector.js:75:13)
      at TestingInjector.loadProvider (node_modules/@nestjs/core/injector/injector.js:103:9)
      at node_modules/@nestjs/core/injector/instance-loader.js:56:13
          at async Promise.all (index 4)
      at TestingInstanceLoader.createInstancesOfProviders (node_modules/@nestjs/core/injector/instance-loader.js:55:9)
      at node_modules/@nestjs/core/injector/instance-loader.js:40:13
          at async Promise.all (index 3)
      at TestingInstanceLoader.createInstances (node_modules/@nestjs/core/injector/instance-loader.js:39:9)
      at TestingInstanceLoader.createInstancesOfDependencies (node_modules/@nestjs/core/injector/instance-loader.js:22:13)
      at TestingInstanceLoader.createInstancesOfDependencies (node_modules/@nestjs/testing/testing-instance-loader.js:9:9)
      at TestingModuleBuilder.createInstancesOfDependencies (node_modules/@nestjs/testing/testing-module.builder.js:118:9)
      at TestingModuleBuilder.compile (node_modules/@nestjs/testing/testing-module.builder.js:74:9)
      at Object.<anonymous> (test/integration/game.e2e-spec.ts:28:42)

  ● GameService (e2e) › removeDeveloperFromGame › should throw NotFoundException when connection does not exist

    DATABASE_URL_TEST must be set in environment variables

    [0m [90m 12 |[39m   getTestURL()[33m:[39m string {
     [90m 13 |[39m     [36mif[39m ([33m![39mprocess[33m.[39menv[33m.[39m[33mDATABASE_URL_TEST[39m) {
    [31m[1m>[22m[39m[90m 14 |[39m       [36mthrow[39m [36mnew[39m [33mError[39m([32m'DATABASE_URL_TEST must be set in environment variables'[39m)[33m;[39m
     [90m    |[39m             [31m[1m^[22m[39m
     [90m 15 |[39m     }
     [90m 16 |[39m     [36mreturn[39m process[33m.[39menv[33m.[39m[33mDATABASE_URL_TEST[39m[33m;[39m
     [90m 17 |[39m   }[0m

      at DatabaseConfigService.getTestURL (src/config/database-config.service.ts:14:13)
      at new PrismaService (src/prisma/prisma.service.ts:18:24)
      at TestingInjector.instantiateClass (node_modules/@nestjs/core/injector/injector.js:422:19)
      at callback (node_modules/@nestjs/core/injector/injector.js:70:45)
      at TestingInjector.resolveConstructorParams (node_modules/@nestjs/core/injector/injector.js:170:24)
      at TestingInjector.loadInstance (node_modules/@nestjs/core/injector/injector.js:75:13)
      at TestingInjector.loadProvider (node_modules/@nestjs/core/injector/injector.js:103:9)
      at node_modules/@nestjs/core/injector/instance-loader.js:56:13
          at async Promise.all (index 4)
      at TestingInstanceLoader.createInstancesOfProviders (node_modules/@nestjs/core/injector/instance-loader.js:55:9)
      at node_modules/@nestjs/core/injector/instance-loader.js:40:13
          at async Promise.all (index 3)
      at TestingInstanceLoader.createInstances (node_modules/@nestjs/core/injector/instance-loader.js:39:9)
      at TestingInstanceLoader.createInstancesOfDependencies (node_modules/@nestjs/core/injector/instance-loader.js:22:13)
      at TestingInstanceLoader.createInstancesOfDependencies (node_modules/@nestjs/testing/testing-instance-loader.js:9:9)
      at TestingModuleBuilder.createInstancesOfDependencies (node_modules/@nestjs/testing/testing-module.builder.js:118:9)
      at TestingModuleBuilder.compile (node_modules/@nestjs/testing/testing-module.builder.js:74:9)
      at Object.<anonymous> (test/integration/game.e2e-spec.ts:28:42)

  ● GameService (e2e) › getGameDevelopers › should return developers for a game

    DATABASE_URL_TEST must be set in environment variables

    [0m [90m 12 |[39m   getTestURL()[33m:[39m string {
     [90m 13 |[39m     [36mif[39m ([33m![39mprocess[33m.[39menv[33m.[39m[33mDATABASE_URL_TEST[39m) {
    [31m[1m>[22m[39m[90m 14 |[39m       [36mthrow[39m [36mnew[39m [33mError[39m([32m'DATABASE_URL_TEST must be set in environment variables'[39m)[33m;[39m
     [90m    |[39m             [31m[1m^[22m[39m
     [90m 15 |[39m     }
     [90m 16 |[39m     [36mreturn[39m process[33m.[39menv[33m.[39m[33mDATABASE_URL_TEST[39m[33m;[39m
     [90m 17 |[39m   }[0m

      at DatabaseConfigService.getTestURL (src/config/database-config.service.ts:14:13)
      at new PrismaService (src/prisma/prisma.service.ts:18:24)
      at TestingInjector.instantiateClass (node_modules/@nestjs/core/injector/injector.js:422:19)
      at callback (node_modules/@nestjs/core/injector/injector.js:70:45)
      at TestingInjector.resolveConstructorParams (node_modules/@nestjs/core/injector/injector.js:170:24)
      at TestingInjector.loadInstance (node_modules/@nestjs/core/injector/injector.js:75:13)
      at TestingInjector.loadProvider (node_modules/@nestjs/core/injector/injector.js:103:9)
      at node_modules/@nestjs/core/injector/instance-loader.js:56:13
          at async Promise.all (index 4)
      at TestingInstanceLoader.createInstancesOfProviders (node_modules/@nestjs/core/injector/instance-loader.js:55:9)
      at node_modules/@nestjs/core/injector/instance-loader.js:40:13
          at async Promise.all (index 3)
      at TestingInstanceLoader.createInstances (node_modules/@nestjs/core/injector/instance-loader.js:39:9)
      at TestingInstanceLoader.createInstancesOfDependencies (node_modules/@nestjs/core/injector/instance-loader.js:22:13)
      at TestingInstanceLoader.createInstancesOfDependencies (node_modules/@nestjs/testing/testing-instance-loader.js:9:9)
      at TestingModuleBuilder.createInstancesOfDependencies (node_modules/@nestjs/testing/testing-module.builder.js:118:9)
      at TestingModuleBuilder.compile (node_modules/@nestjs/testing/testing-module.builder.js:74:9)
      at Object.<anonymous> (test/integration/game.e2e-spec.ts:28:42)

  ● GameService (e2e) › getGameDevelopers › should return empty array when game has no developers

    DATABASE_URL_TEST must be set in environment variables

    [0m [90m 12 |[39m   getTestURL()[33m:[39m string {
     [90m 13 |[39m     [36mif[39m ([33m![39mprocess[33m.[39menv[33m.[39m[33mDATABASE_URL_TEST[39m) {
    [31m[1m>[22m[39m[90m 14 |[39m       [36mthrow[39m [36mnew[39m [33mError[39m([32m'DATABASE_URL_TEST must be set in environment variables'[39m)[33m;[39m
     [90m    |[39m             [31m[1m^[22m[39m
     [90m 15 |[39m     }
     [90m 16 |[39m     [36mreturn[39m process[33m.[39menv[33m.[39m[33mDATABASE_URL_TEST[39m[33m;[39m
     [90m 17 |[39m   }[0m

      at DatabaseConfigService.getTestURL (src/config/database-config.service.ts:14:13)
      at new PrismaService (src/prisma/prisma.service.ts:18:24)
      at TestingInjector.instantiateClass (node_modules/@nestjs/core/injector/injector.js:422:19)
      at callback (node_modules/@nestjs/core/injector/injector.js:70:45)
      at TestingInjector.resolveConstructorParams (node_modules/@nestjs/core/injector/injector.js:170:24)
      at TestingInjector.loadInstance (node_modules/@nestjs/core/injector/injector.js:75:13)
      at TestingInjector.loadProvider (node_modules/@nestjs/core/injector/injector.js:103:9)
      at node_modules/@nestjs/core/injector/instance-loader.js:56:13
          at async Promise.all (index 4)
      at TestingInstanceLoader.createInstancesOfProviders (node_modules/@nestjs/core/injector/instance-loader.js:55:9)
      at node_modules/@nestjs/core/injector/instance-loader.js:40:13
          at async Promise.all (index 3)
      at TestingInstanceLoader.createInstances (node_modules/@nestjs/core/injector/instance-loader.js:39:9)
      at TestingInstanceLoader.createInstancesOfDependencies (node_modules/@nestjs/core/injector/instance-loader.js:22:13)
      at TestingInstanceLoader.createInstancesOfDependencies (node_modules/@nestjs/testing/testing-instance-loader.js:9:9)
      at TestingModuleBuilder.createInstancesOfDependencies (node_modules/@nestjs/testing/testing-module.builder.js:118:9)
      at TestingModuleBuilder.compile (node_modules/@nestjs/testing/testing-module.builder.js:74:9)
      at Object.<anonymous> (test/integration/game.e2e-spec.ts:28:42)

  ● GameService (e2e) › getGameDevelopers › should throw NotFoundException when game does not exist

    DATABASE_URL_TEST must be set in environment variables

    [0m [90m 12 |[39m   getTestURL()[33m:[39m string {
     [90m 13 |[39m     [36mif[39m ([33m![39mprocess[33m.[39menv[33m.[39m[33mDATABASE_URL_TEST[39m) {
    [31m[1m>[22m[39m[90m 14 |[39m       [36mthrow[39m [36mnew[39m [33mError[39m([32m'DATABASE_URL_TEST must be set in environment variables'[39m)[33m;[39m
     [90m    |[39m             [31m[1m^[22m[39m
     [90m 15 |[39m     }
     [90m 16 |[39m     [36mreturn[39m process[33m.[39menv[33m.[39m[33mDATABASE_URL_TEST[39m[33m;[39m
     [90m 17 |[39m   }[0m

      at DatabaseConfigService.getTestURL (src/config/database-config.service.ts:14:13)
      at new PrismaService (src/prisma/prisma.service.ts:18:24)
      at TestingInjector.instantiateClass (node_modules/@nestjs/core/injector/injector.js:422:19)
      at callback (node_modules/@nestjs/core/injector/injector.js:70:45)
      at TestingInjector.resolveConstructorParams (node_modules/@nestjs/core/injector/injector.js:170:24)
      at TestingInjector.loadInstance (node_modules/@nestjs/core/injector/injector.js:75:13)
      at TestingInjector.loadProvider (node_modules/@nestjs/core/injector/injector.js:103:9)
      at node_modules/@nestjs/core/injector/instance-loader.js:56:13
          at async Promise.all (index 4)
      at TestingInstanceLoader.createInstancesOfProviders (node_modules/@nestjs/core/injector/instance-loader.js:55:9)
      at node_modules/@nestjs/core/injector/instance-loader.js:40:13
          at async Promise.all (index 3)
      at TestingInstanceLoader.createInstances (node_modules/@nestjs/core/injector/instance-loader.js:39:9)
      at TestingInstanceLoader.createInstancesOfDependencies (node_modules/@nestjs/core/injector/instance-loader.js:22:13)
      at TestingInstanceLoader.createInstancesOfDependencies (node_modules/@nestjs/testing/testing-instance-loader.js:9:9)
      at TestingModuleBuilder.createInstancesOfDependencies (node_modules/@nestjs/testing/testing-module.builder.js:118:9)
      at TestingModuleBuilder.compile (node_modules/@nestjs/testing/testing-module.builder.js:74:9)
      at Object.<anonymous> (test/integration/game.e2e-spec.ts:28:42)


  ● Test suite failed to run

    TypeError: Cannot read properties of undefined (reading 'close')

    [0m [90m 110 |[39m
     [90m 111 |[39m   afterAll([36masync[39m () [33m=>[39m {
    [31m[1m>[22m[39m[90m 112 |[39m     [36mawait[39m app[33m.[39mclose()[33m;[39m
     [90m     |[39m               [31m[1m^[22m[39m
     [90m 113 |[39m   })[33m;[39m
     [90m 114 |[39m
     [90m 115 |[39m   [36masync[39m [36mfunction[39m createTestGame(title[33m:[39m string[33m,[39m baseGameId[33m?[39m[33m:[39m number) {[0m

      at Object.<anonymous> (test/integration/game.e2e-spec.ts:112:15)

FAIL test/integration/dev.e2e-spec.ts (45.787 s)
  ● Console

    console.log
      ◇ injected env (0) from ..\.env // tip: ⌘ custom filepath { path: '/custom/path/.env' }

      at _log (node_modules/dotenv/lib/main.js:131:11)

  ● DevService (e2e) › create › should create a developer successfully

    DATABASE_URL_TEST must be set in environment variables

    [0m [90m 12 |[39m   getTestURL()[33m:[39m string {
     [90m 13 |[39m     [36mif[39m ([33m![39mprocess[33m.[39menv[33m.[39m[33mDATABASE_URL_TEST[39m) {
    [31m[1m>[22m[39m[90m 14 |[39m       [36mthrow[39m [36mnew[39m [33mError[39m([32m'DATABASE_URL_TEST must be set in environment variables'[39m)[33m;[39m
     [90m    |[39m             [31m[1m^[22m[39m
     [90m 15 |[39m     }
     [90m 16 |[39m     [36mreturn[39m process[33m.[39menv[33m.[39m[33mDATABASE_URL_TEST[39m[33m;[39m
     [90m 17 |[39m   }[0m

      at DatabaseConfigService.getTestURL (src/config/database-config.service.ts:14:13)
      at new PrismaService (src/prisma/prisma.service.ts:18:24)
      at TestingInjector.instantiateClass (node_modules/@nestjs/core/injector/injector.js:422:19)
      at callback (node_modules/@nestjs/core/injector/injector.js:70:45)
      at TestingInjector.resolveConstructorParams (node_modules/@nestjs/core/injector/injector.js:170:24)
      at TestingInjector.loadInstance (node_modules/@nestjs/core/injector/injector.js:75:13)
      at TestingInjector.loadProvider (node_modules/@nestjs/core/injector/injector.js:103:9)
      at node_modules/@nestjs/core/injector/instance-loader.js:56:13
          at async Promise.all (index 4)
      at TestingInstanceLoader.createInstancesOfProviders (node_modules/@nestjs/core/injector/instance-loader.js:55:9)
      at node_modules/@nestjs/core/injector/instance-loader.js:40:13
          at async Promise.all (index 3)
      at TestingInstanceLoader.createInstances (node_modules/@nestjs/core/injector/instance-loader.js:39:9)
      at TestingInstanceLoader.createInstancesOfDependencies (node_modules/@nestjs/core/injector/instance-loader.js:22:13)
      at TestingInstanceLoader.createInstancesOfDependencies (node_modules/@nestjs/testing/testing-instance-loader.js:9:9)
      at TestingModuleBuilder.createInstancesOfDependencies (node_modules/@nestjs/testing/testing-module.builder.js:118:9)
      at TestingModuleBuilder.compile (node_modules/@nestjs/testing/testing-module.builder.js:74:9)
      at Object.<anonymous> (test/integration/dev.e2e-spec.ts:27:42)

  ● DevService (e2e) › create › should create a publisher successfully

    DATABASE_URL_TEST must be set in environment variables

    [0m [90m 12 |[39m   getTestURL()[33m:[39m string {
     [90m 13 |[39m     [36mif[39m ([33m![39mprocess[33m.[39menv[33m.[39m[33mDATABASE_URL_TEST[39m) {
    [31m[1m>[22m[39m[90m 14 |[39m       [36mthrow[39m [36mnew[39m [33mError[39m([32m'DATABASE_URL_TEST must be set in environment variables'[39m)[33m;[39m
     [90m    |[39m             [31m[1m^[22m[39m
     [90m 15 |[39m     }
     [90m 16 |[39m     [36mreturn[39m process[33m.[39menv[33m.[39m[33mDATABASE_URL_TEST[39m[33m;[39m
     [90m 17 |[39m   }[0m

      at DatabaseConfigService.getTestURL (src/config/database-config.service.ts:14:13)
      at new PrismaService (src/prisma/prisma.service.ts:18:24)
      at TestingInjector.instantiateClass (node_modules/@nestjs/core/injector/injector.js:422:19)
      at callback (node_modules/@nestjs/core/injector/injector.js:70:45)
      at TestingInjector.resolveConstructorParams (node_modules/@nestjs/core/injector/injector.js:170:24)
      at TestingInjector.loadInstance (node_modules/@nestjs/core/injector/injector.js:75:13)
      at TestingInjector.loadProvider (node_modules/@nestjs/core/injector/injector.js:103:9)
      at node_modules/@nestjs/core/injector/instance-loader.js:56:13
          at async Promise.all (index 4)
      at TestingInstanceLoader.createInstancesOfProviders (node_modules/@nestjs/core/injector/instance-loader.js:55:9)
      at node_modules/@nestjs/core/injector/instance-loader.js:40:13
          at async Promise.all (index 3)
      at TestingInstanceLoader.createInstances (node_modules/@nestjs/core/injector/instance-loader.js:39:9)
      at TestingInstanceLoader.createInstancesOfDependencies (node_modules/@nestjs/core/injector/instance-loader.js:22:13)
      at TestingInstanceLoader.createInstancesOfDependencies (node_modules/@nestjs/testing/testing-instance-loader.js:9:9)
      at TestingModuleBuilder.createInstancesOfDependencies (node_modules/@nestjs/testing/testing-module.builder.js:118:9)
      at TestingModuleBuilder.compile (node_modules/@nestjs/testing/testing-module.builder.js:74:9)
      at Object.<anonymous> (test/integration/dev.e2e-spec.ts:27:42)

  ● DevService (e2e) › create › should create a developer/publisher with both type

    DATABASE_URL_TEST must be set in environment variables

    [0m [90m 12 |[39m   getTestURL()[33m:[39m string {
     [90m 13 |[39m     [36mif[39m ([33m![39mprocess[33m.[39menv[33m.[39m[33mDATABASE_URL_TEST[39m) {
    [31m[1m>[22m[39m[90m 14 |[39m       [36mthrow[39m [36mnew[39m [33mError[39m([32m'DATABASE_URL_TEST must be set in environment variables'[39m)[33m;[39m
     [90m    |[39m             [31m[1m^[22m[39m
     [90m 15 |[39m     }
     [90m 16 |[39m     [36mreturn[39m process[33m.[39menv[33m.[39m[33mDATABASE_URL_TEST[39m[33m;[39m
     [90m 17 |[39m   }[0m

      at DatabaseConfigService.getTestURL (src/config/database-config.service.ts:14:13)
      at new PrismaService (src/prisma/prisma.service.ts:18:24)
      at TestingInjector.instantiateClass (node_modules/@nestjs/core/injector/injector.js:422:19)
      at callback (node_modules/@nestjs/core/injector/injector.js:70:45)
      at TestingInjector.resolveConstructorParams (node_modules/@nestjs/core/injector/injector.js:170:24)
      at TestingInjector.loadInstance (node_modules/@nestjs/core/injector/injector.js:75:13)
      at TestingInjector.loadProvider (node_modules/@nestjs/core/injector/injector.js:103:9)
      at node_modules/@nestjs/core/injector/instance-loader.js:56:13
          at async Promise.all (index 4)
      at TestingInstanceLoader.createInstancesOfProviders (node_modules/@nestjs/core/injector/instance-loader.js:55:9)
      at node_modules/@nestjs/core/injector/instance-loader.js:40:13
          at async Promise.all (index 3)
      at TestingInstanceLoader.createInstances (node_modules/@nestjs/core/injector/instance-loader.js:39:9)
      at TestingInstanceLoader.createInstancesOfDependencies (node_modules/@nestjs/core/injector/instance-loader.js:22:13)
      at TestingInstanceLoader.createInstancesOfDependencies (node_modules/@nestjs/testing/testing-instance-loader.js:9:9)
      at TestingModuleBuilder.createInstancesOfDependencies (node_modules/@nestjs/testing/testing-module.builder.js:118:9)
      at TestingModuleBuilder.compile (node_modules/@nestjs/testing/testing-module.builder.js:74:9)
      at Object.<anonymous> (test/integration/dev.e2e-spec.ts:27:42)

  ● DevService (e2e) › create › should create a developer without logo

    DATABASE_URL_TEST must be set in environment variables

    [0m [90m 12 |[39m   getTestURL()[33m:[39m string {
     [90m 13 |[39m     [36mif[39m ([33m![39mprocess[33m.[39menv[33m.[39m[33mDATABASE_URL_TEST[39m) {
    [31m[1m>[22m[39m[90m 14 |[39m       [36mthrow[39m [36mnew[39m [33mError[39m([32m'DATABASE_URL_TEST must be set in environment variables'[39m)[33m;[39m
     [90m    |[39m             [31m[1m^[22m[39m
     [90m 15 |[39m     }
     [90m 16 |[39m     [36mreturn[39m process[33m.[39menv[33m.[39m[33mDATABASE_URL_TEST[39m[33m;[39m
     [90m 17 |[39m   }[0m

      at DatabaseConfigService.getTestURL (src/config/database-config.service.ts:14:13)
      at new PrismaService (src/prisma/prisma.service.ts:18:24)
      at TestingInjector.instantiateClass (node_modules/@nestjs/core/injector/injector.js:422:19)
      at callback (node_modules/@nestjs/core/injector/injector.js:70:45)
      at TestingInjector.resolveConstructorParams (node_modules/@nestjs/core/injector/injector.js:170:24)
      at TestingInjector.loadInstance (node_modules/@nestjs/core/injector/injector.js:75:13)
      at TestingInjector.loadProvider (node_modules/@nestjs/core/injector/injector.js:103:9)
      at node_modules/@nestjs/core/injector/instance-loader.js:56:13
          at async Promise.all (index 4)
      at TestingInstanceLoader.createInstancesOfProviders (node_modules/@nestjs/core/injector/instance-loader.js:55:9)
      at node_modules/@nestjs/core/injector/instance-loader.js:40:13
          at async Promise.all (index 3)
      at TestingInstanceLoader.createInstances (node_modules/@nestjs/core/injector/instance-loader.js:39:9)
      at TestingInstanceLoader.createInstancesOfDependencies (node_modules/@nestjs/core/injector/instance-loader.js:22:13)
      at TestingInstanceLoader.createInstancesOfDependencies (node_modules/@nestjs/testing/testing-instance-loader.js:9:9)
      at TestingModuleBuilder.createInstancesOfDependencies (node_modules/@nestjs/testing/testing-module.builder.js:118:9)
      at TestingModuleBuilder.compile (node_modules/@nestjs/testing/testing-module.builder.js:74:9)
      at Object.<anonymous> (test/integration/dev.e2e-spec.ts:27:42)

  ● DevService (e2e) › create › should create a developer with maximum length name

    DATABASE_URL_TEST must be set in environment variables

    [0m [90m 12 |[39m   getTestURL()[33m:[39m string {
     [90m 13 |[39m     [36mif[39m ([33m![39mprocess[33m.[39menv[33m.[39m[33mDATABASE_URL_TEST[39m) {
    [31m[1m>[22m[39m[90m 14 |[39m       [36mthrow[39m [36mnew[39m [33mError[39m([32m'DATABASE_URL_TEST must be set in environment variables'[39m)[33m;[39m
     [90m    |[39m             [31m[1m^[22m[39m
     [90m 15 |[39m     }
     [90m 16 |[39m     [36mreturn[39m process[33m.[39menv[33m.[39m[33mDATABASE_URL_TEST[39m[33m;[39m
     [90m 17 |[39m   }[0m

      at DatabaseConfigService.getTestURL (src/config/database-config.service.ts:14:13)
      at new PrismaService (src/prisma/prisma.service.ts:18:24)
      at TestingInjector.instantiateClass (node_modules/@nestjs/core/injector/injector.js:422:19)
      at callback (node_modules/@nestjs/core/injector/injector.js:70:45)
      at TestingInjector.resolveConstructorParams (node_modules/@nestjs/core/injector/injector.js:170:24)
      at TestingInjector.loadInstance (node_modules/@nestjs/core/injector/injector.js:75:13)
      at TestingInjector.loadProvider (node_modules/@nestjs/core/injector/injector.js:103:9)
      at node_modules/@nestjs/core/injector/instance-loader.js:56:13
          at async Promise.all (index 4)
      at TestingInstanceLoader.createInstancesOfProviders (node_modules/@nestjs/core/injector/instance-loader.js:55:9)
      at node_modules/@nestjs/core/injector/instance-loader.js:40:13
          at async Promise.all (index 3)
      at TestingInstanceLoader.createInstances (node_modules/@nestjs/core/injector/instance-loader.js:39:9)
      at TestingInstanceLoader.createInstancesOfDependencies (node_modules/@nestjs/core/injector/instance-loader.js:22:13)
      at TestingInstanceLoader.createInstancesOfDependencies (node_modules/@nestjs/testing/testing-instance-loader.js:9:9)
      at TestingModuleBuilder.createInstancesOfDependencies (node_modules/@nestjs/testing/testing-module.builder.js:118:9)
      at TestingModuleBuilder.compile (node_modules/@nestjs/testing/testing-module.builder.js:74:9)
      at Object.<anonymous> (test/integration/dev.e2e-spec.ts:27:42)

  ● DevService (e2e) › create › should create a developer with complex contacts object

    DATABASE_URL_TEST must be set in environment variables

    [0m [90m 12 |[39m   getTestURL()[33m:[39m string {
     [90m 13 |[39m     [36mif[39m ([33m![39mprocess[33m.[39menv[33m.[39m[33mDATABASE_URL_TEST[39m) {
    [31m[1m>[22m[39m[90m 14 |[39m       [36mthrow[39m [36mnew[39m [33mError[39m([32m'DATABASE_URL_TEST must be set in environment variables'[39m)[33m;[39m
     [90m    |[39m             [31m[1m^[22m[39m
     [90m 15 |[39m     }
     [90m 16 |[39m     [36mreturn[39m process[33m.[39menv[33m.[39m[33mDATABASE_URL_TEST[39m[33m;[39m
     [90m 17 |[39m   }[0m

      at DatabaseConfigService.getTestURL (src/config/database-config.service.ts:14:13)
      at new PrismaService (src/prisma/prisma.service.ts:18:24)
      at TestingInjector.instantiateClass (node_modules/@nestjs/core/injector/injector.js:422:19)
      at callback (node_modules/@nestjs/core/injector/injector.js:70:45)
      at TestingInjector.resolveConstructorParams (node_modules/@nestjs/core/injector/injector.js:170:24)
      at TestingInjector.loadInstance (node_modules/@nestjs/core/injector/injector.js:75:13)
      at TestingInjector.loadProvider (node_modules/@nestjs/core/injector/injector.js:103:9)
      at node_modules/@nestjs/core/injector/instance-loader.js:56:13
          at async Promise.all (index 4)
      at TestingInstanceLoader.createInstancesOfProviders (node_modules/@nestjs/core/injector/instance-loader.js:55:9)
      at node_modules/@nestjs/core/injector/instance-loader.js:40:13
          at async Promise.all (index 3)
      at TestingInstanceLoader.createInstances (node_modules/@nestjs/core/injector/instance-loader.js:39:9)
      at TestingInstanceLoader.createInstancesOfDependencies (node_modules/@nestjs/core/injector/instance-loader.js:22:13)
      at TestingInstanceLoader.createInstancesOfDependencies (node_modules/@nestjs/testing/testing-instance-loader.js:9:9)
      at TestingModuleBuilder.createInstancesOfDependencies (node_modules/@nestjs/testing/testing-module.builder.js:118:9)
      at TestingModuleBuilder.compile (node_modules/@nestjs/testing/testing-module.builder.js:74:9)
      at Object.<anonymous> (test/integration/dev.e2e-spec.ts:27:42)

  ● DevService (e2e) › create › should throw ConflictException when dev_name already exists

    DATABASE_URL_TEST must be set in environment variables

    [0m [90m 12 |[39m   getTestURL()[33m:[39m string {
     [90m 13 |[39m     [36mif[39m ([33m![39mprocess[33m.[39menv[33m.[39m[33mDATABASE_URL_TEST[39m) {
    [31m[1m>[22m[39m[90m 14 |[39m       [36mthrow[39m [36mnew[39m [33mError[39m([32m'DATABASE_URL_TEST must be set in environment variables'[39m)[33m;[39m
     [90m    |[39m             [31m[1m^[22m[39m
     [90m 15 |[39m     }
     [90m 16 |[39m     [36mreturn[39m process[33m.[39menv[33m.[39m[33mDATABASE_URL_TEST[39m[33m;[39m
     [90m 17 |[39m   }[0m

      at DatabaseConfigService.getTestURL (src/config/database-config.service.ts:14:13)
      at new PrismaService (src/prisma/prisma.service.ts:18:24)
      at TestingInjector.instantiateClass (node_modules/@nestjs/core/injector/injector.js:422:19)
      at callback (node_modules/@nestjs/core/injector/injector.js:70:45)
      at TestingInjector.resolveConstructorParams (node_modules/@nestjs/core/injector/injector.js:170:24)
      at TestingInjector.loadInstance (node_modules/@nestjs/core/injector/injector.js:75:13)
      at TestingInjector.loadProvider (node_modules/@nestjs/core/injector/injector.js:103:9)
      at node_modules/@nestjs/core/injector/instance-loader.js:56:13
          at async Promise.all (index 4)
      at TestingInstanceLoader.createInstancesOfProviders (node_modules/@nestjs/core/injector/instance-loader.js:55:9)
      at node_modules/@nestjs/core/injector/instance-loader.js:40:13
          at async Promise.all (index 3)
      at TestingInstanceLoader.createInstances (node_modules/@nestjs/core/injector/instance-loader.js:39:9)
      at TestingInstanceLoader.createInstancesOfDependencies (node_modules/@nestjs/core/injector/instance-loader.js:22:13)
      at TestingInstanceLoader.createInstancesOfDependencies (node_modules/@nestjs/testing/testing-instance-loader.js:9:9)
      at TestingModuleBuilder.createInstancesOfDependencies (node_modules/@nestjs/testing/testing-module.builder.js:118:9)
      at TestingModuleBuilder.compile (node_modules/@nestjs/testing/testing-module.builder.js:74:9)
      at Object.<anonymous> (test/integration/dev.e2e-spec.ts:27:42)

  ● DevService (e2e) › create › should handle database unique constraint violation for dev_name

    DATABASE_URL_TEST must be set in environment variables

    [0m [90m 12 |[39m   getTestURL()[33m:[39m string {
     [90m 13 |[39m     [36mif[39m ([33m![39mprocess[33m.[39menv[33m.[39m[33mDATABASE_URL_TEST[39m) {
    [31m[1m>[22m[39m[90m 14 |[39m       [36mthrow[39m [36mnew[39m [33mError[39m([32m'DATABASE_URL_TEST must be set in environment variables'[39m)[33m;[39m
     [90m    |[39m             [31m[1m^[22m[39m
     [90m 15 |[39m     }
     [90m 16 |[39m     [36mreturn[39m process[33m.[39menv[33m.[39m[33mDATABASE_URL_TEST[39m[33m;[39m
     [90m 17 |[39m   }[0m

      at DatabaseConfigService.getTestURL (src/config/database-config.service.ts:14:13)
      at new PrismaService (src/prisma/prisma.service.ts:18:24)
      at TestingInjector.instantiateClass (node_modules/@nestjs/core/injector/injector.js:422:19)
      at callback (node_modules/@nestjs/core/injector/injector.js:70:45)
      at TestingInjector.resolveConstructorParams (node_modules/@nestjs/core/injector/injector.js:170:24)
      at TestingInjector.loadInstance (node_modules/@nestjs/core/injector/injector.js:75:13)
      at TestingInjector.loadProvider (node_modules/@nestjs/core/injector/injector.js:103:9)
      at node_modules/@nestjs/core/injector/instance-loader.js:56:13
          at async Promise.all (index 4)
      at TestingInstanceLoader.createInstancesOfProviders (node_modules/@nestjs/core/injector/instance-loader.js:55:9)
      at node_modules/@nestjs/core/injector/instance-loader.js:40:13
          at async Promise.all (index 3)
      at TestingInstanceLoader.createInstances (node_modules/@nestjs/core/injector/instance-loader.js:39:9)
      at TestingInstanceLoader.createInstancesOfDependencies (node_modules/@nestjs/core/injector/instance-loader.js:22:13)
      at TestingInstanceLoader.createInstancesOfDependencies (node_modules/@nestjs/testing/testing-instance-loader.js:9:9)
      at TestingModuleBuilder.createInstancesOfDependencies (node_modules/@nestjs/testing/testing-module.builder.js:118:9)
      at TestingModuleBuilder.compile (node_modules/@nestjs/testing/testing-module.builder.js:74:9)
      at Object.<anonymous> (test/integration/dev.e2e-spec.ts:27:42)

  ● DevService (e2e) › create › should handle invalid dev_type enum value in database

    DATABASE_URL_TEST must be set in environment variables

    [0m [90m 12 |[39m   getTestURL()[33m:[39m string {
     [90m 13 |[39m     [36mif[39m ([33m![39mprocess[33m.[39menv[33m.[39m[33mDATABASE_URL_TEST[39m) {
    [31m[1m>[22m[39m[90m 14 |[39m       [36mthrow[39m [36mnew[39m [33mError[39m([32m'DATABASE_URL_TEST must be set in environment variables'[39m)[33m;[39m
     [90m    |[39m             [31m[1m^[22m[39m
     [90m 15 |[39m     }
     [90m 16 |[39m     [36mreturn[39m process[33m.[39menv[33m.[39m[33mDATABASE_URL_TEST[39m[33m;[39m
     [90m 17 |[39m   }[0m

      at DatabaseConfigService.getTestURL (src/config/database-config.service.ts:14:13)
      at new PrismaService (src/prisma/prisma.service.ts:18:24)
      at TestingInjector.instantiateClass (node_modules/@nestjs/core/injector/injector.js:422:19)
      at callback (node_modules/@nestjs/core/injector/injector.js:70:45)
      at TestingInjector.resolveConstructorParams (node_modules/@nestjs/core/injector/injector.js:170:24)
      at TestingInjector.loadInstance (node_modules/@nestjs/core/injector/injector.js:75:13)
      at TestingInjector.loadProvider (node_modules/@nestjs/core/injector/injector.js:103:9)
      at node_modules/@nestjs/core/injector/instance-loader.js:56:13
          at async Promise.all (index 4)
      at TestingInstanceLoader.createInstancesOfProviders (node_modules/@nestjs/core/injector/instance-loader.js:55:9)
      at node_modules/@nestjs/core/injector/instance-loader.js:40:13
          at async Promise.all (index 3)
      at TestingInstanceLoader.createInstances (node_modules/@nestjs/core/injector/instance-loader.js:39:9)
      at TestingInstanceLoader.createInstancesOfDependencies (node_modules/@nestjs/core/injector/instance-loader.js:22:13)
      at TestingInstanceLoader.createInstancesOfDependencies (node_modules/@nestjs/testing/testing-instance-loader.js:9:9)
      at TestingModuleBuilder.createInstancesOfDependencies (node_modules/@nestjs/testing/testing-module.builder.js:118:9)
      at TestingModuleBuilder.compile (node_modules/@nestjs/testing/testing-module.builder.js:74:9)
      at Object.<anonymous> (test/integration/dev.e2e-spec.ts:27:42)

  ● DevService (e2e) › create › should handle dev_name exceeding maximum length in database

    DATABASE_URL_TEST must be set in environment variables

    [0m [90m 12 |[39m   getTestURL()[33m:[39m string {
     [90m 13 |[39m     [36mif[39m ([33m![39mprocess[33m.[39menv[33m.[39m[33mDATABASE_URL_TEST[39m) {
    [31m[1m>[22m[39m[90m 14 |[39m       [36mthrow[39m [36mnew[39m [33mError[39m([32m'DATABASE_URL_TEST must be set in environment variables'[39m)[33m;[39m
     [90m    |[39m             [31m[1m^[22m[39m
     [90m 15 |[39m     }
     [90m 16 |[39m     [36mreturn[39m process[33m.[39menv[33m.[39m[33mDATABASE_URL_TEST[39m[33m;[39m
     [90m 17 |[39m   }[0m

      at DatabaseConfigService.getTestURL (src/config/database-config.service.ts:14:13)
      at new PrismaService (src/prisma/prisma.service.ts:18:24)
      at TestingInjector.instantiateClass (node_modules/@nestjs/core/injector/injector.js:422:19)
      at callback (node_modules/@nestjs/core/injector/injector.js:70:45)
      at TestingInjector.resolveConstructorParams (node_modules/@nestjs/core/injector/injector.js:170:24)
      at TestingInjector.loadInstance (node_modules/@nestjs/core/injector/injector.js:75:13)
      at TestingInjector.loadProvider (node_modules/@nestjs/core/injector/injector.js:103:9)
      at node_modules/@nestjs/core/injector/instance-loader.js:56:13
          at async Promise.all (index 4)
      at TestingInstanceLoader.createInstancesOfProviders (node_modules/@nestjs/core/injector/instance-loader.js:55:9)
      at node_modules/@nestjs/core/injector/instance-loader.js:40:13
          at async Promise.all (index 3)
      at TestingInstanceLoader.createInstances (node_modules/@nestjs/core/injector/instance-loader.js:39:9)
      at TestingInstanceLoader.createInstancesOfDependencies (node_modules/@nestjs/core/injector/instance-loader.js:22:13)
      at TestingInstanceLoader.createInstancesOfDependencies (node_modules/@nestjs/testing/testing-instance-loader.js:9:9)
      at TestingModuleBuilder.createInstancesOfDependencies (node_modules/@nestjs/testing/testing-module.builder.js:118:9)
      at TestingModuleBuilder.compile (node_modules/@nestjs/testing/testing-module.builder.js:74:9)
      at Object.<anonymous> (test/integration/dev.e2e-spec.ts:27:42)

  ● DevService (e2e) › create › should handle transaction rollback on error

    DATABASE_URL_TEST must be set in environment variables

    [0m [90m 12 |[39m   getTestURL()[33m:[39m string {
     [90m 13 |[39m     [36mif[39m ([33m![39mprocess[33m.[39menv[33m.[39m[33mDATABASE_URL_TEST[39m) {
    [31m[1m>[22m[39m[90m 14 |[39m       [36mthrow[39m [36mnew[39m [33mError[39m([32m'DATABASE_URL_TEST must be set in environment variables'[39m)[33m;[39m
     [90m    |[39m             [31m[1m^[22m[39m
     [90m 15 |[39m     }
     [90m 16 |[39m     [36mreturn[39m process[33m.[39menv[33m.[39m[33mDATABASE_URL_TEST[39m[33m;[39m
     [90m 17 |[39m   }[0m

      at DatabaseConfigService.getTestURL (src/config/database-config.service.ts:14:13)
      at new PrismaService (src/prisma/prisma.service.ts:18:24)
      at TestingInjector.instantiateClass (node_modules/@nestjs/core/injector/injector.js:422:19)
      at callback (node_modules/@nestjs/core/injector/injector.js:70:45)
      at TestingInjector.resolveConstructorParams (node_modules/@nestjs/core/injector/injector.js:170:24)
      at TestingInjector.loadInstance (node_modules/@nestjs/core/injector/injector.js:75:13)
      at TestingInjector.loadProvider (node_modules/@nestjs/core/injector/injector.js:103:9)
      at node_modules/@nestjs/core/injector/instance-loader.js:56:13
          at async Promise.all (index 4)
      at TestingInstanceLoader.createInstancesOfProviders (node_modules/@nestjs/core/injector/instance-loader.js:55:9)
      at node_modules/@nestjs/core/injector/instance-loader.js:40:13
          at async Promise.all (index 3)
      at TestingInstanceLoader.createInstances (node_modules/@nestjs/core/injector/instance-loader.js:39:9)
      at TestingInstanceLoader.createInstancesOfDependencies (node_modules/@nestjs/core/injector/instance-loader.js:22:13)
      at TestingInstanceLoader.createInstancesOfDependencies (node_modules/@nestjs/testing/testing-instance-loader.js:9:9)
      at TestingModuleBuilder.createInstancesOfDependencies (node_modules/@nestjs/testing/testing-module.builder.js:118:9)
      at TestingModuleBuilder.compile (node_modules/@nestjs/testing/testing-module.builder.js:74:9)
      at Object.<anonymous> (test/integration/dev.e2e-spec.ts:27:42)

  ● DevService (e2e) › findAll › should return all developers

    DATABASE_URL_TEST must be set in environment variables

    [0m [90m 12 |[39m   getTestURL()[33m:[39m string {
     [90m 13 |[39m     [36mif[39m ([33m![39mprocess[33m.[39menv[33m.[39m[33mDATABASE_URL_TEST[39m) {
    [31m[1m>[22m[39m[90m 14 |[39m       [36mthrow[39m [36mnew[39m [33mError[39m([32m'DATABASE_URL_TEST must be set in environment variables'[39m)[33m;[39m
     [90m    |[39m             [31m[1m^[22m[39m
     [90m 15 |[39m     }
     [90m 16 |[39m     [36mreturn[39m process[33m.[39menv[33m.[39m[33mDATABASE_URL_TEST[39m[33m;[39m
     [90m 17 |[39m   }[0m

      at DatabaseConfigService.getTestURL (src/config/database-config.service.ts:14:13)
      at new PrismaService (src/prisma/prisma.service.ts:18:24)
      at TestingInjector.instantiateClass (node_modules/@nestjs/core/injector/injector.js:422:19)
      at callback (node_modules/@nestjs/core/injector/injector.js:70:45)
      at TestingInjector.resolveConstructorParams (node_modules/@nestjs/core/injector/injector.js:170:24)
      at TestingInjector.loadInstance (node_modules/@nestjs/core/injector/injector.js:75:13)
      at TestingInjector.loadProvider (node_modules/@nestjs/core/injector/injector.js:103:9)
      at node_modules/@nestjs/core/injector/instance-loader.js:56:13
          at async Promise.all (index 4)
      at TestingInstanceLoader.createInstancesOfProviders (node_modules/@nestjs/core/injector/instance-loader.js:55:9)
      at node_modules/@nestjs/core/injector/instance-loader.js:40:13
          at async Promise.all (index 3)
      at TestingInstanceLoader.createInstances (node_modules/@nestjs/core/injector/instance-loader.js:39:9)
      at TestingInstanceLoader.createInstancesOfDependencies (node_modules/@nestjs/core/injector/instance-loader.js:22:13)
      at TestingInstanceLoader.createInstancesOfDependencies (node_modules/@nestjs/testing/testing-instance-loader.js:9:9)
      at TestingModuleBuilder.createInstancesOfDependencies (node_modules/@nestjs/testing/testing-module.builder.js:118:9)
      at TestingModuleBuilder.compile (node_modules/@nestjs/testing/testing-module.builder.js:74:9)
      at Object.<anonymous> (test/integration/dev.e2e-spec.ts:27:42)

  ● DevService (e2e) › findAll › should return developers with pagination

    DATABASE_URL_TEST must be set in environment variables

    [0m [90m 12 |[39m   getTestURL()[33m:[39m string {
     [90m 13 |[39m     [36mif[39m ([33m![39mprocess[33m.[39menv[33m.[39m[33mDATABASE_URL_TEST[39m) {
    [31m[1m>[22m[39m[90m 14 |[39m       [36mthrow[39m [36mnew[39m [33mError[39m([32m'DATABASE_URL_TEST must be set in environment variables'[39m)[33m;[39m
     [90m    |[39m             [31m[1m^[22m[39m
     [90m 15 |[39m     }
     [90m 16 |[39m     [36mreturn[39m process[33m.[39menv[33m.[39m[33mDATABASE_URL_TEST[39m[33m;[39m
     [90m 17 |[39m   }[0m

      at DatabaseConfigService.getTestURL (src/config/database-config.service.ts:14:13)
      at new PrismaService (src/prisma/prisma.service.ts:18:24)
      at TestingInjector.instantiateClass (node_modules/@nestjs/core/injector/injector.js:422:19)
      at callback (node_modules/@nestjs/core/injector/injector.js:70:45)
      at TestingInjector.resolveConstructorParams (node_modules/@nestjs/core/injector/injector.js:170:24)
      at TestingInjector.loadInstance (node_modules/@nestjs/core/injector/injector.js:75:13)
      at TestingInjector.loadProvider (node_modules/@nestjs/core/injector/injector.js:103:9)
      at node_modules/@nestjs/core/injector/instance-loader.js:56:13
          at async Promise.all (index 4)
      at TestingInstanceLoader.createInstancesOfProviders (node_modules/@nestjs/core/injector/instance-loader.js:55:9)
      at node_modules/@nestjs/core/injector/instance-loader.js:40:13
          at async Promise.all (index 3)
      at TestingInstanceLoader.createInstances (node_modules/@nestjs/core/injector/instance-loader.js:39:9)
      at TestingInstanceLoader.createInstancesOfDependencies (node_modules/@nestjs/core/injector/instance-loader.js:22:13)
      at TestingInstanceLoader.createInstancesOfDependencies (node_modules/@nestjs/testing/testing-instance-loader.js:9:9)
      at TestingModuleBuilder.createInstancesOfDependencies (node_modules/@nestjs/testing/testing-module.builder.js:118:9)
      at TestingModuleBuilder.compile (node_modules/@nestjs/testing/testing-module.builder.js:74:9)
      at Object.<anonymous> (test/integration/dev.e2e-spec.ts:27:42)

  ● DevService (e2e) › findAll › should return developers ordered by dev_name ascending

    DATABASE_URL_TEST must be set in environment variables

    [0m [90m 12 |[39m   getTestURL()[33m:[39m string {
     [90m 13 |[39m     [36mif[39m ([33m![39mprocess[33m.[39menv[33m.[39m[33mDATABASE_URL_TEST[39m) {
    [31m[1m>[22m[39m[90m 14 |[39m       [36mthrow[39m [36mnew[39m [33mError[39m([32m'DATABASE_URL_TEST must be set in environment variables'[39m)[33m;[39m
     [90m    |[39m             [31m[1m^[22m[39m
     [90m 15 |[39m     }
     [90m 16 |[39m     [36mreturn[39m process[33m.[39menv[33m.[39m[33mDATABASE_URL_TEST[39m[33m;[39m
     [90m 17 |[39m   }[0m

      at DatabaseConfigService.getTestURL (src/config/database-config.service.ts:14:13)
      at new PrismaService (src/prisma/prisma.service.ts:18:24)
      at TestingInjector.instantiateClass (node_modules/@nestjs/core/injector/injector.js:422:19)
      at callback (node_modules/@nestjs/core/injector/injector.js:70:45)
      at TestingInjector.resolveConstructorParams (node_modules/@nestjs/core/injector/injector.js:170:24)
      at TestingInjector.loadInstance (node_modules/@nestjs/core/injector/injector.js:75:13)
      at TestingInjector.loadProvider (node_modules/@nestjs/core/injector/injector.js:103:9)
      at node_modules/@nestjs/core/injector/instance-loader.js:56:13
          at async Promise.all (index 4)
      at TestingInstanceLoader.createInstancesOfProviders (node_modules/@nestjs/core/injector/instance-loader.js:55:9)
      at node_modules/@nestjs/core/injector/instance-loader.js:40:13
          at async Promise.all (index 3)
      at TestingInstanceLoader.createInstances (node_modules/@nestjs/core/injector/instance-loader.js:39:9)
      at TestingInstanceLoader.createInstancesOfDependencies (node_modules/@nestjs/core/injector/instance-loader.js:22:13)
      at TestingInstanceLoader.createInstancesOfDependencies (node_modules/@nestjs/testing/testing-instance-loader.js:9:9)
      at TestingModuleBuilder.createInstancesOfDependencies (node_modules/@nestjs/testing/testing-module.builder.js:118:9)
      at TestingModuleBuilder.compile (node_modules/@nestjs/testing/testing-module.builder.js:74:9)
      at Object.<anonymous> (test/integration/dev.e2e-spec.ts:27:42)

  ● DevService (e2e) › findOne › should return a specific developer

    DATABASE_URL_TEST must be set in environment variables

    [0m [90m 12 |[39m   getTestURL()[33m:[39m string {
     [90m 13 |[39m     [36mif[39m ([33m![39mprocess[33m.[39menv[33m.[39m[33mDATABASE_URL_TEST[39m) {
    [31m[1m>[22m[39m[90m 14 |[39m       [36mthrow[39m [36mnew[39m [33mError[39m([32m'DATABASE_URL_TEST must be set in environment variables'[39m)[33m;[39m
     [90m    |[39m             [31m[1m^[22m[39m
     [90m 15 |[39m     }
     [90m 16 |[39m     [36mreturn[39m process[33m.[39menv[33m.[39m[33mDATABASE_URL_TEST[39m[33m;[39m
     [90m 17 |[39m   }[0m

      at DatabaseConfigService.getTestURL (src/config/database-config.service.ts:14:13)
      at new PrismaService (src/prisma/prisma.service.ts:18:24)
      at TestingInjector.instantiateClass (node_modules/@nestjs/core/injector/injector.js:422:19)
      at callback (node_modules/@nestjs/core/injector/injector.js:70:45)
      at TestingInjector.resolveConstructorParams (node_modules/@nestjs/core/injector/injector.js:170:24)
      at TestingInjector.loadInstance (node_modules/@nestjs/core/injector/injector.js:75:13)
      at TestingInjector.loadProvider (node_modules/@nestjs/core/injector/injector.js:103:9)
      at node_modules/@nestjs/core/injector/instance-loader.js:56:13
          at async Promise.all (index 4)
      at TestingInstanceLoader.createInstancesOfProviders (node_modules/@nestjs/core/injector/instance-loader.js:55:9)
      at node_modules/@nestjs/core/injector/instance-loader.js:40:13
          at async Promise.all (index 3)
      at TestingInstanceLoader.createInstances (node_modules/@nestjs/core/injector/instance-loader.js:39:9)
      at TestingInstanceLoader.createInstancesOfDependencies (node_modules/@nestjs/core/injector/instance-loader.js:22:13)
      at TestingInstanceLoader.createInstancesOfDependencies (node_modules/@nestjs/testing/testing-instance-loader.js:9:9)
      at TestingModuleBuilder.createInstancesOfDependencies (node_modules/@nestjs/testing/testing-module.builder.js:118:9)
      at TestingModuleBuilder.compile (node_modules/@nestjs/testing/testing-module.builder.js:74:9)
      at Object.<anonymous> (test/integration/dev.e2e-spec.ts:27:42)

  ● DevService (e2e) › findOne › should throw NotFoundException when developer does not exist

    DATABASE_URL_TEST must be set in environment variables

    [0m [90m 12 |[39m   getTestURL()[33m:[39m string {
     [90m 13 |[39m     [36mif[39m ([33m![39mprocess[33m.[39menv[33m.[39m[33mDATABASE_URL_TEST[39m) {
    [31m[1m>[22m[39m[90m 14 |[39m       [36mthrow[39m [36mnew[39m [33mError[39m([32m'DATABASE_URL_TEST must be set in environment variables'[39m)[33m;[39m
     [90m    |[39m             [31m[1m^[22m[39m
     [90m 15 |[39m     }
     [90m 16 |[39m     [36mreturn[39m process[33m.[39menv[33m.[39m[33mDATABASE_URL_TEST[39m[33m;[39m
     [90m 17 |[39m   }[0m

      at DatabaseConfigService.getTestURL (src/config/database-config.service.ts:14:13)
      at new PrismaService (src/prisma/prisma.service.ts:18:24)
      at TestingInjector.instantiateClass (node_modules/@nestjs/core/injector/injector.js:422:19)
      at callback (node_modules/@nestjs/core/injector/injector.js:70:45)
      at TestingInjector.resolveConstructorParams (node_modules/@nestjs/core/injector/injector.js:170:24)
      at TestingInjector.loadInstance (node_modules/@nestjs/core/injector/injector.js:75:13)
      at TestingInjector.loadProvider (node_modules/@nestjs/core/injector/injector.js:103:9)
      at node_modules/@nestjs/core/injector/instance-loader.js:56:13
          at async Promise.all (index 4)
      at TestingInstanceLoader.createInstancesOfProviders (node_modules/@nestjs/core/injector/instance-loader.js:55:9)
      at node_modules/@nestjs/core/injector/instance-loader.js:40:13
          at async Promise.all (index 3)
      at TestingInstanceLoader.createInstances (node_modules/@nestjs/core/injector/instance-loader.js:39:9)
      at TestingInstanceLoader.createInstancesOfDependencies (node_modules/@nestjs/core/injector/instance-loader.js:22:13)
      at TestingInstanceLoader.createInstancesOfDependencies (node_modules/@nestjs/testing/testing-instance-loader.js:9:9)
      at TestingModuleBuilder.createInstancesOfDependencies (node_modules/@nestjs/testing/testing-module.builder.js:118:9)
      at TestingModuleBuilder.compile (node_modules/@nestjs/testing/testing-module.builder.js:74:9)
      at Object.<anonymous> (test/integration/dev.e2e-spec.ts:27:42)

  ● DevService (e2e) › findByName › should return a developer by name

    DATABASE_URL_TEST must be set in environment variables

    [0m [90m 12 |[39m   getTestURL()[33m:[39m string {
     [90m 13 |[39m     [36mif[39m ([33m![39mprocess[33m.[39menv[33m.[39m[33mDATABASE_URL_TEST[39m) {
    [31m[1m>[22m[39m[90m 14 |[39m       [36mthrow[39m [36mnew[39m [33mError[39m([32m'DATABASE_URL_TEST must be set in environment variables'[39m)[33m;[39m
     [90m    |[39m             [31m[1m^[22m[39m
     [90m 15 |[39m     }
     [90m 16 |[39m     [36mreturn[39m process[33m.[39menv[33m.[39m[33mDATABASE_URL_TEST[39m[33m;[39m
     [90m 17 |[39m   }[0m

      at DatabaseConfigService.getTestURL (src/config/database-config.service.ts:14:13)
      at new PrismaService (src/prisma/prisma.service.ts:18:24)
      at TestingInjector.instantiateClass (node_modules/@nestjs/core/injector/injector.js:422:19)
      at callback (node_modules/@nestjs/core/injector/injector.js:70:45)
      at TestingInjector.resolveConstructorParams (node_modules/@nestjs/core/injector/injector.js:170:24)
      at TestingInjector.loadInstance (node_modules/@nestjs/core/injector/injector.js:75:13)
      at TestingInjector.loadProvider (node_modules/@nestjs/core/injector/injector.js:103:9)
      at node_modules/@nestjs/core/injector/instance-loader.js:56:13
          at async Promise.all (index 4)
      at TestingInstanceLoader.createInstancesOfProviders (node_modules/@nestjs/core/injector/instance-loader.js:55:9)
      at node_modules/@nestjs/core/injector/instance-loader.js:40:13
          at async Promise.all (index 3)
      at TestingInstanceLoader.createInstances (node_modules/@nestjs/core/injector/instance-loader.js:39:9)
      at TestingInstanceLoader.createInstancesOfDependencies (node_modules/@nestjs/core/injector/instance-loader.js:22:13)
      at TestingInstanceLoader.createInstancesOfDependencies (node_modules/@nestjs/testing/testing-instance-loader.js:9:9)
      at TestingModuleBuilder.createInstancesOfDependencies (node_modules/@nestjs/testing/testing-module.builder.js:118:9)
      at TestingModuleBuilder.compile (node_modules/@nestjs/testing/testing-module.builder.js:74:9)
      at Object.<anonymous> (test/integration/dev.e2e-spec.ts:27:42)

  ● DevService (e2e) › findByName › should throw NotFoundException when developer name does not exist

    DATABASE_URL_TEST must be set in environment variables

    [0m [90m 12 |[39m   getTestURL()[33m:[39m string {
     [90m 13 |[39m     [36mif[39m ([33m![39mprocess[33m.[39menv[33m.[39m[33mDATABASE_URL_TEST[39m) {
    [31m[1m>[22m[39m[90m 14 |[39m       [36mthrow[39m [36mnew[39m [33mError[39m([32m'DATABASE_URL_TEST must be set in environment variables'[39m)[33m;[39m
     [90m    |[39m             [31m[1m^[22m[39m
     [90m 15 |[39m     }
     [90m 16 |[39m     [36mreturn[39m process[33m.[39menv[33m.[39m[33mDATABASE_URL_TEST[39m[33m;[39m
     [90m 17 |[39m   }[0m

      at DatabaseConfigService.getTestURL (src/config/database-config.service.ts:14:13)
      at new PrismaService (src/prisma/prisma.service.ts:18:24)
      at TestingInjector.instantiateClass (node_modules/@nestjs/core/injector/injector.js:422:19)
      at callback (node_modules/@nestjs/core/injector/injector.js:70:45)
      at TestingInjector.resolveConstructorParams (node_modules/@nestjs/core/injector/injector.js:170:24)
      at TestingInjector.loadInstance (node_modules/@nestjs/core/injector/injector.js:75:13)
      at TestingInjector.loadProvider (node_modules/@nestjs/core/injector/injector.js:103:9)
      at node_modules/@nestjs/core/injector/instance-loader.js:56:13
          at async Promise.all (index 4)
      at TestingInstanceLoader.createInstancesOfProviders (node_modules/@nestjs/core/injector/instance-loader.js:55:9)
      at node_modules/@nestjs/core/injector/instance-loader.js:40:13
          at async Promise.all (index 3)
      at TestingInstanceLoader.createInstances (node_modules/@nestjs/core/injector/instance-loader.js:39:9)
      at TestingInstanceLoader.createInstancesOfDependencies (node_modules/@nestjs/core/injector/instance-loader.js:22:13)
      at TestingInstanceLoader.createInstancesOfDependencies (node_modules/@nestjs/testing/testing-instance-loader.js:9:9)
      at TestingModuleBuilder.createInstancesOfDependencies (node_modules/@nestjs/testing/testing-module.builder.js:118:9)
      at TestingModuleBuilder.compile (node_modules/@nestjs/testing/testing-module.builder.js:74:9)
      at Object.<anonymous> (test/integration/dev.e2e-spec.ts:27:42)

  ● DevService (e2e) › getDeveloperGames › should return games for a developer

    DATABASE_URL_TEST must be set in environment variables

    [0m [90m 12 |[39m   getTestURL()[33m:[39m string {
     [90m 13 |[39m     [36mif[39m ([33m![39mprocess[33m.[39menv[33m.[39m[33mDATABASE_URL_TEST[39m) {
    [31m[1m>[22m[39m[90m 14 |[39m       [36mthrow[39m [36mnew[39m [33mError[39m([32m'DATABASE_URL_TEST must be set in environment variables'[39m)[33m;[39m
     [90m    |[39m             [31m[1m^[22m[39m
     [90m 15 |[39m     }
     [90m 16 |[39m     [36mreturn[39m process[33m.[39menv[33m.[39m[33mDATABASE_URL_TEST[39m[33m;[39m
     [90m 17 |[39m   }[0m

      at DatabaseConfigService.getTestURL (src/config/database-config.service.ts:14:13)
      at new PrismaService (src/prisma/prisma.service.ts:18:24)
      at TestingInjector.instantiateClass (node_modules/@nestjs/core/injector/injector.js:422:19)
      at callback (node_modules/@nestjs/core/injector/injector.js:70:45)
      at TestingInjector.resolveConstructorParams (node_modules/@nestjs/core/injector/injector.js:170:24)
      at TestingInjector.loadInstance (node_modules/@nestjs/core/injector/injector.js:75:13)
      at TestingInjector.loadProvider (node_modules/@nestjs/core/injector/injector.js:103:9)
      at node_modules/@nestjs/core/injector/instance-loader.js:56:13
          at async Promise.all (index 4)
      at TestingInstanceLoader.createInstancesOfProviders (node_modules/@nestjs/core/injector/instance-loader.js:55:9)
      at node_modules/@nestjs/core/injector/instance-loader.js:40:13
          at async Promise.all (index 3)
      at TestingInstanceLoader.createInstances (node_modules/@nestjs/core/injector/instance-loader.js:39:9)
      at TestingInstanceLoader.createInstancesOfDependencies (node_modules/@nestjs/core/injector/instance-loader.js:22:13)
      at TestingInstanceLoader.createInstancesOfDependencies (node_modules/@nestjs/testing/testing-instance-loader.js:9:9)
      at TestingModuleBuilder.createInstancesOfDependencies (node_modules/@nestjs/testing/testing-module.builder.js:118:9)
      at TestingModuleBuilder.compile (node_modules/@nestjs/testing/testing-module.builder.js:74:9)
      at Object.<anonymous> (test/integration/dev.e2e-spec.ts:27:42)

  ● DevService (e2e) › getDeveloperGames › should return games with pagination

    DATABASE_URL_TEST must be set in environment variables

    [0m [90m 12 |[39m   getTestURL()[33m:[39m string {
     [90m 13 |[39m     [36mif[39m ([33m![39mprocess[33m.[39menv[33m.[39m[33mDATABASE_URL_TEST[39m) {
    [31m[1m>[22m[39m[90m 14 |[39m       [36mthrow[39m [36mnew[39m [33mError[39m([32m'DATABASE_URL_TEST must be set in environment variables'[39m)[33m;[39m
     [90m    |[39m             [31m[1m^[22m[39m
     [90m 15 |[39m     }
     [90m 16 |[39m     [36mreturn[39m process[33m.[39menv[33m.[39m[33mDATABASE_URL_TEST[39m[33m;[39m
     [90m 17 |[39m   }[0m

      at DatabaseConfigService.getTestURL (src/config/database-config.service.ts:14:13)
      at new PrismaService (src/prisma/prisma.service.ts:18:24)
      at TestingInjector.instantiateClass (node_modules/@nestjs/core/injector/injector.js:422:19)
      at callback (node_modules/@nestjs/core/injector/injector.js:70:45)
      at TestingInjector.resolveConstructorParams (node_modules/@nestjs/core/injector/injector.js:170:24)
      at TestingInjector.loadInstance (node_modules/@nestjs/core/injector/injector.js:75:13)
      at TestingInjector.loadProvider (node_modules/@nestjs/core/injector/injector.js:103:9)
      at node_modules/@nestjs/core/injector/instance-loader.js:56:13
          at async Promise.all (index 4)
      at TestingInstanceLoader.createInstancesOfProviders (node_modules/@nestjs/core/injector/instance-loader.js:55:9)
      at node_modules/@nestjs/core/injector/instance-loader.js:40:13
          at async Promise.all (index 3)
      at TestingInstanceLoader.createInstances (node_modules/@nestjs/core/injector/instance-loader.js:39:9)
      at TestingInstanceLoader.createInstancesOfDependencies (node_modules/@nestjs/core/injector/instance-loader.js:22:13)
      at TestingInstanceLoader.createInstancesOfDependencies (node_modules/@nestjs/testing/testing-instance-loader.js:9:9)
      at TestingModuleBuilder.createInstancesOfDependencies (node_modules/@nestjs/testing/testing-module.builder.js:118:9)
      at TestingModuleBuilder.compile (node_modules/@nestjs/testing/testing-module.builder.js:74:9)
      at Object.<anonymous> (test/integration/dev.e2e-spec.ts:27:42)

  ● DevService (e2e) › getDeveloperGames › should throw NotFoundException when developer does not exist

    DATABASE_URL_TEST must be set in environment variables

    [0m [90m 12 |[39m   getTestURL()[33m:[39m string {
     [90m 13 |[39m     [36mif[39m ([33m![39mprocess[33m.[39menv[33m.[39m[33mDATABASE_URL_TEST[39m) {
    [31m[1m>[22m[39m[90m 14 |[39m       [36mthrow[39m [36mnew[39m [33mError[39m([32m'DATABASE_URL_TEST must be set in environment variables'[39m)[33m;[39m
     [90m    |[39m             [31m[1m^[22m[39m
     [90m 15 |[39m     }
     [90m 16 |[39m     [36mreturn[39m process[33m.[39menv[33m.[39m[33mDATABASE_URL_TEST[39m[33m;[39m
     [90m 17 |[39m   }[0m

      at DatabaseConfigService.getTestURL (src/config/database-config.service.ts:14:13)
      at new PrismaService (src/prisma/prisma.service.ts:18:24)
      at TestingInjector.instantiateClass (node_modules/@nestjs/core/injector/injector.js:422:19)
      at callback (node_modules/@nestjs/core/injector/injector.js:70:45)
      at TestingInjector.resolveConstructorParams (node_modules/@nestjs/core/injector/injector.js:170:24)
      at TestingInjector.loadInstance (node_modules/@nestjs/core/injector/injector.js:75:13)
      at TestingInjector.loadProvider (node_modules/@nestjs/core/injector/injector.js:103:9)
      at node_modules/@nestjs/core/injector/instance-loader.js:56:13
          at async Promise.all (index 4)
      at TestingInstanceLoader.createInstancesOfProviders (node_modules/@nestjs/core/injector/instance-loader.js:55:9)
      at node_modules/@nestjs/core/injector/instance-loader.js:40:13
          at async Promise.all (index 3)
      at TestingInstanceLoader.createInstances (node_modules/@nestjs/core/injector/instance-loader.js:39:9)
      at TestingInstanceLoader.createInstancesOfDependencies (node_modules/@nestjs/core/injector/instance-loader.js:22:13)
      at TestingInstanceLoader.createInstancesOfDependencies (node_modules/@nestjs/testing/testing-instance-loader.js:9:9)
      at TestingModuleBuilder.createInstancesOfDependencies (node_modules/@nestjs/testing/testing-module.builder.js:118:9)
      at TestingModuleBuilder.compile (node_modules/@nestjs/testing/testing-module.builder.js:74:9)
      at Object.<anonymous> (test/integration/dev.e2e-spec.ts:27:42)

  ● DevService (e2e) › getDeveloperGames › should return empty array when developer has no games

    DATABASE_URL_TEST must be set in environment variables

    [0m [90m 12 |[39m   getTestURL()[33m:[39m string {
     [90m 13 |[39m     [36mif[39m ([33m![39mprocess[33m.[39menv[33m.[39m[33mDATABASE_URL_TEST[39m) {
    [31m[1m>[22m[39m[90m 14 |[39m       [36mthrow[39m [36mnew[39m [33mError[39m([32m'DATABASE_URL_TEST must be set in environment variables'[39m)[33m;[39m
     [90m    |[39m             [31m[1m^[22m[39m
     [90m 15 |[39m     }
     [90m 16 |[39m     [36mreturn[39m process[33m.[39menv[33m.[39m[33mDATABASE_URL_TEST[39m[33m;[39m
     [90m 17 |[39m   }[0m

      at DatabaseConfigService.getTestURL (src/config/database-config.service.ts:14:13)
      at new PrismaService (src/prisma/prisma.service.ts:18:24)
      at TestingInjector.instantiateClass (node_modules/@nestjs/core/injector/injector.js:422:19)
      at callback (node_modules/@nestjs/core/injector/injector.js:70:45)
      at TestingInjector.resolveConstructorParams (node_modules/@nestjs/core/injector/injector.js:170:24)
      at TestingInjector.loadInstance (node_modules/@nestjs/core/injector/injector.js:75:13)
      at TestingInjector.loadProvider (node_modules/@nestjs/core/injector/injector.js:103:9)
      at node_modules/@nestjs/core/injector/instance-loader.js:56:13
          at async Promise.all (index 4)
      at TestingInstanceLoader.createInstancesOfProviders (node_modules/@nestjs/core/injector/instance-loader.js:55:9)
      at node_modules/@nestjs/core/injector/instance-loader.js:40:13
          at async Promise.all (index 3)
      at TestingInstanceLoader.createInstances (node_modules/@nestjs/core/injector/instance-loader.js:39:9)
      at TestingInstanceLoader.createInstancesOfDependencies (node_modules/@nestjs/core/injector/instance-loader.js:22:13)
      at TestingInstanceLoader.createInstancesOfDependencies (node_modules/@nestjs/testing/testing-instance-loader.js:9:9)
      at TestingModuleBuilder.createInstancesOfDependencies (node_modules/@nestjs/testing/testing-module.builder.js:118:9)
      at TestingModuleBuilder.compile (node_modules/@nestjs/testing/testing-module.builder.js:74:9)
      at Object.<anonymous> (test/integration/dev.e2e-spec.ts:27:42)

  ● DevService (e2e) › update › should update developer name

    DATABASE_URL_TEST must be set in environment variables

    [0m [90m 12 |[39m   getTestURL()[33m:[39m string {
     [90m 13 |[39m     [36mif[39m ([33m![39mprocess[33m.[39menv[33m.[39m[33mDATABASE_URL_TEST[39m) {
    [31m[1m>[22m[39m[90m 14 |[39m       [36mthrow[39m [36mnew[39m [33mError[39m([32m'DATABASE_URL_TEST must be set in environment variables'[39m)[33m;[39m
     [90m    |[39m             [31m[1m^[22m[39m
     [90m 15 |[39m     }
     [90m 16 |[39m     [36mreturn[39m process[33m.[39menv[33m.[39m[33mDATABASE_URL_TEST[39m[33m;[39m
     [90m 17 |[39m   }[0m

      at DatabaseConfigService.getTestURL (src/config/database-config.service.ts:14:13)
      at new PrismaService (src/prisma/prisma.service.ts:18:24)
      at TestingInjector.instantiateClass (node_modules/@nestjs/core/injector/injector.js:422:19)
      at callback (node_modules/@nestjs/core/injector/injector.js:70:45)
      at TestingInjector.resolveConstructorParams (node_modules/@nestjs/core/injector/injector.js:170:24)
      at TestingInjector.loadInstance (node_modules/@nestjs/core/injector/injector.js:75:13)
      at TestingInjector.loadProvider (node_modules/@nestjs/core/injector/injector.js:103:9)
      at node_modules/@nestjs/core/injector/instance-loader.js:56:13
          at async Promise.all (index 4)
      at TestingInstanceLoader.createInstancesOfProviders (node_modules/@nestjs/core/injector/instance-loader.js:55:9)
      at node_modules/@nestjs/core/injector/instance-loader.js:40:13
          at async Promise.all (index 3)
      at TestingInstanceLoader.createInstances (node_modules/@nestjs/core/injector/instance-loader.js:39:9)
      at TestingInstanceLoader.createInstancesOfDependencies (node_modules/@nestjs/core/injector/instance-loader.js:22:13)
      at TestingInstanceLoader.createInstancesOfDependencies (node_modules/@nestjs/testing/testing-instance-loader.js:9:9)
      at TestingModuleBuilder.createInstancesOfDependencies (node_modules/@nestjs/testing/testing-module.builder.js:118:9)
      at TestingModuleBuilder.compile (node_modules/@nestjs/testing/testing-module.builder.js:74:9)
      at Object.<anonymous> (test/integration/dev.e2e-spec.ts:27:42)

  ● DevService (e2e) › update › should update developer contacts

    DATABASE_URL_TEST must be set in environment variables

    [0m [90m 12 |[39m   getTestURL()[33m:[39m string {
     [90m 13 |[39m     [36mif[39m ([33m![39mprocess[33m.[39menv[33m.[39m[33mDATABASE_URL_TEST[39m) {
    [31m[1m>[22m[39m[90m 14 |[39m       [36mthrow[39m [36mnew[39m [33mError[39m([32m'DATABASE_URL_TEST must be set in environment variables'[39m)[33m;[39m
     [90m    |[39m             [31m[1m^[22m[39m
     [90m 15 |[39m     }
     [90m 16 |[39m     [36mreturn[39m process[33m.[39menv[33m.[39m[33mDATABASE_URL_TEST[39m[33m;[39m
     [90m 17 |[39m   }[0m

      at DatabaseConfigService.getTestURL (src/config/database-config.service.ts:14:13)
      at new PrismaService (src/prisma/prisma.service.ts:18:24)
      at TestingInjector.instantiateClass (node_modules/@nestjs/core/injector/injector.js:422:19)
      at callback (node_modules/@nestjs/core/injector/injector.js:70:45)
      at TestingInjector.resolveConstructorParams (node_modules/@nestjs/core/injector/injector.js:170:24)
      at TestingInjector.loadInstance (node_modules/@nestjs/core/injector/injector.js:75:13)
      at TestingInjector.loadProvider (node_modules/@nestjs/core/injector/injector.js:103:9)
      at node_modules/@nestjs/core/injector/instance-loader.js:56:13
          at async Promise.all (index 4)
      at TestingInstanceLoader.createInstancesOfProviders (node_modules/@nestjs/core/injector/instance-loader.js:55:9)
      at node_modules/@nestjs/core/injector/instance-loader.js:40:13
          at async Promise.all (index 3)
      at TestingInstanceLoader.createInstances (node_modules/@nestjs/core/injector/instance-loader.js:39:9)
      at TestingInstanceLoader.createInstancesOfDependencies (node_modules/@nestjs/core/injector/instance-loader.js:22:13)
      at TestingInstanceLoader.createInstancesOfDependencies (node_modules/@nestjs/testing/testing-instance-loader.js:9:9)
      at TestingModuleBuilder.createInstancesOfDependencies (node_modules/@nestjs/testing/testing-module.builder.js:118:9)
      at TestingModuleBuilder.compile (node_modules/@nestjs/testing/testing-module.builder.js:74:9)
      at Object.<anonymous> (test/integration/dev.e2e-spec.ts:27:42)

  ● DevService (e2e) › update › should update developer logo

    DATABASE_URL_TEST must be set in environment variables

    [0m [90m 12 |[39m   getTestURL()[33m:[39m string {
     [90m 13 |[39m     [36mif[39m ([33m![39mprocess[33m.[39menv[33m.[39m[33mDATABASE_URL_TEST[39m) {
    [31m[1m>[22m[39m[90m 14 |[39m       [36mthrow[39m [36mnew[39m [33mError[39m([32m'DATABASE_URL_TEST must be set in environment variables'[39m)[33m;[39m
     [90m    |[39m             [31m[1m^[22m[39m
     [90m 15 |[39m     }
     [90m 16 |[39m     [36mreturn[39m process[33m.[39menv[33m.[39m[33mDATABASE_URL_TEST[39m[33m;[39m
     [90m 17 |[39m   }[0m

      at DatabaseConfigService.getTestURL (src/config/database-config.service.ts:14:13)
      at new PrismaService (src/prisma/prisma.service.ts:18:24)
      at TestingInjector.instantiateClass (node_modules/@nestjs/core/injector/injector.js:422:19)
      at callback (node_modules/@nestjs/core/injector/injector.js:70:45)
      at TestingInjector.resolveConstructorParams (node_modules/@nestjs/core/injector/injector.js:170:24)
      at TestingInjector.loadInstance (node_modules/@nestjs/core/injector/injector.js:75:13)
      at TestingInjector.loadProvider (node_modules/@nestjs/core/injector/injector.js:103:9)
      at node_modules/@nestjs/core/injector/instance-loader.js:56:13
          at async Promise.all (index 4)
      at TestingInstanceLoader.createInstancesOfProviders (node_modules/@nestjs/core/injector/instance-loader.js:55:9)
      at node_modules/@nestjs/core/injector/instance-loader.js:40:13
          at async Promise.all (index 3)
      at TestingInstanceLoader.createInstances (node_modules/@nestjs/core/injector/instance-loader.js:39:9)
      at TestingInstanceLoader.createInstancesOfDependencies (node_modules/@nestjs/core/injector/instance-loader.js:22:13)
      at TestingInstanceLoader.createInstancesOfDependencies (node_modules/@nestjs/testing/testing-instance-loader.js:9:9)
      at TestingModuleBuilder.createInstancesOfDependencies (node_modules/@nestjs/testing/testing-module.builder.js:118:9)
      at TestingModuleBuilder.compile (node_modules/@nestjs/testing/testing-module.builder.js:74:9)
      at Object.<anonymous> (test/integration/dev.e2e-spec.ts:27:42)

  ● DevService (e2e) › update › should update developer type

    DATABASE_URL_TEST must be set in environment variables

    [0m [90m 12 |[39m   getTestURL()[33m:[39m string {
     [90m 13 |[39m     [36mif[39m ([33m![39mprocess[33m.[39menv[33m.[39m[33mDATABASE_URL_TEST[39m) {
    [31m[1m>[22m[39m[90m 14 |[39m       [36mthrow[39m [36mnew[39m [33mError[39m([32m'DATABASE_URL_TEST must be set in environment variables'[39m)[33m;[39m
     [90m    |[39m             [31m[1m^[22m[39m
     [90m 15 |[39m     }
     [90m 16 |[39m     [36mreturn[39m process[33m.[39menv[33m.[39m[33mDATABASE_URL_TEST[39m[33m;[39m
     [90m 17 |[39m   }[0m

      at DatabaseConfigService.getTestURL (src/config/database-config.service.ts:14:13)
      at new PrismaService (src/prisma/prisma.service.ts:18:24)
      at TestingInjector.instantiateClass (node_modules/@nestjs/core/injector/injector.js:422:19)
      at callback (node_modules/@nestjs/core/injector/injector.js:70:45)
      at TestingInjector.resolveConstructorParams (node_modules/@nestjs/core/injector/injector.js:170:24)
      at TestingInjector.loadInstance (node_modules/@nestjs/core/injector/injector.js:75:13)
      at TestingInjector.loadProvider (node_modules/@nestjs/core/injector/injector.js:103:9)
      at node_modules/@nestjs/core/injector/instance-loader.js:56:13
          at async Promise.all (index 4)
      at TestingInstanceLoader.createInstancesOfProviders (node_modules/@nestjs/core/injector/instance-loader.js:55:9)
      at node_modules/@nestjs/core/injector/instance-loader.js:40:13
          at async Promise.all (index 3)
      at TestingInstanceLoader.createInstances (node_modules/@nestjs/core/injector/instance-loader.js:39:9)
      at TestingInstanceLoader.createInstancesOfDependencies (node_modules/@nestjs/core/injector/instance-loader.js:22:13)
      at TestingInstanceLoader.createInstancesOfDependencies (node_modules/@nestjs/testing/testing-instance-loader.js:9:9)
      at TestingModuleBuilder.createInstancesOfDependencies (node_modules/@nestjs/testing/testing-module.builder.js:118:9)
      at TestingModuleBuilder.compile (node_modules/@nestjs/testing/testing-module.builder.js:74:9)
      at Object.<anonymous> (test/integration/dev.e2e-spec.ts:27:42)

  ● DevService (e2e) › update › should update developer logo to null

    DATABASE_URL_TEST must be set in environment variables

    [0m [90m 12 |[39m   getTestURL()[33m:[39m string {
     [90m 13 |[39m     [36mif[39m ([33m![39mprocess[33m.[39menv[33m.[39m[33mDATABASE_URL_TEST[39m) {
    [31m[1m>[22m[39m[90m 14 |[39m       [36mthrow[39m [36mnew[39m [33mError[39m([32m'DATABASE_URL_TEST must be set in environment variables'[39m)[33m;[39m
     [90m    |[39m             [31m[1m^[22m[39m
     [90m 15 |[39m     }
     [90m 16 |[39m     [36mreturn[39m process[33m.[39menv[33m.[39m[33mDATABASE_URL_TEST[39m[33m;[39m
     [90m 17 |[39m   }[0m

      at DatabaseConfigService.getTestURL (src/config/database-config.service.ts:14:13)
      at new PrismaService (src/prisma/prisma.service.ts:18:24)
      at TestingInjector.instantiateClass (node_modules/@nestjs/core/injector/injector.js:422:19)
      at callback (node_modules/@nestjs/core/injector/injector.js:70:45)
      at TestingInjector.resolveConstructorParams (node_modules/@nestjs/core/injector/injector.js:170:24)
      at TestingInjector.loadInstance (node_modules/@nestjs/core/injector/injector.js:75:13)
      at TestingInjector.loadProvider (node_modules/@nestjs/core/injector/injector.js:103:9)
      at node_modules/@nestjs/core/injector/instance-loader.js:56:13
          at async Promise.all (index 4)
      at TestingInstanceLoader.createInstancesOfProviders (node_modules/@nestjs/core/injector/instance-loader.js:55:9)
      at node_modules/@nestjs/core/injector/instance-loader.js:40:13
          at async Promise.all (index 3)
      at TestingInstanceLoader.createInstances (node_modules/@nestjs/core/injector/instance-loader.js:39:9)
      at TestingInstanceLoader.createInstancesOfDependencies (node_modules/@nestjs/core/injector/instance-loader.js:22:13)
      at TestingInstanceLoader.createInstancesOfDependencies (node_modules/@nestjs/testing/testing-instance-loader.js:9:9)
      at TestingModuleBuilder.createInstancesOfDependencies (node_modules/@nestjs/testing/testing-module.builder.js:118:9)
      at TestingModuleBuilder.compile (node_modules/@nestjs/testing/testing-module.builder.js:74:9)
      at Object.<anonymous> (test/integration/dev.e2e-spec.ts:27:42)

  ● DevService (e2e) › update › should update multiple fields at once

    DATABASE_URL_TEST must be set in environment variables

    [0m [90m 12 |[39m   getTestURL()[33m:[39m string {
     [90m 13 |[39m     [36mif[39m ([33m![39mprocess[33m.[39menv[33m.[39m[33mDATABASE_URL_TEST[39m) {
    [31m[1m>[22m[39m[90m 14 |[39m       [36mthrow[39m [36mnew[39m [33mError[39m([32m'DATABASE_URL_TEST must be set in environment variables'[39m)[33m;[39m
     [90m    |[39m             [31m[1m^[22m[39m
     [90m 15 |[39m     }
     [90m 16 |[39m     [36mreturn[39m process[33m.[39menv[33m.[39m[33mDATABASE_URL_TEST[39m[33m;[39m
     [90m 17 |[39m   }[0m

      at DatabaseConfigService.getTestURL (src/config/database-config.service.ts:14:13)
      at new PrismaService (src/prisma/prisma.service.ts:18:24)
      at TestingInjector.instantiateClass (node_modules/@nestjs/core/injector/injector.js:422:19)
      at callback (node_modules/@nestjs/core/injector/injector.js:70:45)
      at TestingInjector.resolveConstructorParams (node_modules/@nestjs/core/injector/injector.js:170:24)
      at TestingInjector.loadInstance (node_modules/@nestjs/core/injector/injector.js:75:13)
      at TestingInjector.loadProvider (node_modules/@nestjs/core/injector/injector.js:103:9)
      at node_modules/@nestjs/core/injector/instance-loader.js:56:13
          at async Promise.all (index 4)
      at TestingInstanceLoader.createInstancesOfProviders (node_modules/@nestjs/core/injector/instance-loader.js:55:9)
      at node_modules/@nestjs/core/injector/instance-loader.js:40:13
          at async Promise.all (index 3)
      at TestingInstanceLoader.createInstances (node_modules/@nestjs/core/injector/instance-loader.js:39:9)
      at TestingInstanceLoader.createInstancesOfDependencies (node_modules/@nestjs/core/injector/instance-loader.js:22:13)
      at TestingInstanceLoader.createInstancesOfDependencies (node_modules/@nestjs/testing/testing-instance-loader.js:9:9)
      at TestingModuleBuilder.createInstancesOfDependencies (node_modules/@nestjs/testing/testing-module.builder.js:118:9)
      at TestingModuleBuilder.compile (node_modules/@nestjs/testing/testing-module.builder.js:74:9)
      at Object.<anonymous> (test/integration/dev.e2e-spec.ts:27:42)

  ● DevService (e2e) › update › should throw NotFoundException when developer does not exist

    DATABASE_URL_TEST must be set in environment variables

    [0m [90m 12 |[39m   getTestURL()[33m:[39m string {
     [90m 13 |[39m     [36mif[39m ([33m![39mprocess[33m.[39menv[33m.[39m[33mDATABASE_URL_TEST[39m) {
    [31m[1m>[22m[39m[90m 14 |[39m       [36mthrow[39m [36mnew[39m [33mError[39m([32m'DATABASE_URL_TEST must be set in environment variables'[39m)[33m;[39m
     [90m    |[39m             [31m[1m^[22m[39m
     [90m 15 |[39m     }
     [90m 16 |[39m     [36mreturn[39m process[33m.[39menv[33m.[39m[33mDATABASE_URL_TEST[39m[33m;[39m
     [90m 17 |[39m   }[0m

      at DatabaseConfigService.getTestURL (src/config/database-config.service.ts:14:13)
      at new PrismaService (src/prisma/prisma.service.ts:18:24)
      at TestingInjector.instantiateClass (node_modules/@nestjs/core/injector/injector.js:422:19)
      at callback (node_modules/@nestjs/core/injector/injector.js:70:45)
      at TestingInjector.resolveConstructorParams (node_modules/@nestjs/core/injector/injector.js:170:24)
      at TestingInjector.loadInstance (node_modules/@nestjs/core/injector/injector.js:75:13)
      at TestingInjector.loadProvider (node_modules/@nestjs/core/injector/injector.js:103:9)
      at node_modules/@nestjs/core/injector/instance-loader.js:56:13
          at async Promise.all (index 4)
      at TestingInstanceLoader.createInstancesOfProviders (node_modules/@nestjs/core/injector/instance-loader.js:55:9)
      at node_modules/@nestjs/core/injector/instance-loader.js:40:13
          at async Promise.all (index 3)
      at TestingInstanceLoader.createInstances (node_modules/@nestjs/core/injector/instance-loader.js:39:9)
      at TestingInstanceLoader.createInstancesOfDependencies (node_modules/@nestjs/core/injector/instance-loader.js:22:13)
      at TestingInstanceLoader.createInstancesOfDependencies (node_modules/@nestjs/testing/testing-instance-loader.js:9:9)
      at TestingModuleBuilder.createInstancesOfDependencies (node_modules/@nestjs/testing/testing-module.builder.js:118:9)
      at TestingModuleBuilder.compile (node_modules/@nestjs/testing/testing-module.builder.js:74:9)
      at Object.<anonymous> (test/integration/dev.e2e-spec.ts:27:42)

  ● DevService (e2e) › update › should throw ConflictException when updating to existing dev_name

    DATABASE_URL_TEST must be set in environment variables

    [0m [90m 12 |[39m   getTestURL()[33m:[39m string {
     [90m 13 |[39m     [36mif[39m ([33m![39mprocess[33m.[39menv[33m.[39m[33mDATABASE_URL_TEST[39m) {
    [31m[1m>[22m[39m[90m 14 |[39m       [36mthrow[39m [36mnew[39m [33mError[39m([32m'DATABASE_URL_TEST must be set in environment variables'[39m)[33m;[39m
     [90m    |[39m             [31m[1m^[22m[39m
     [90m 15 |[39m     }
     [90m 16 |[39m     [36mreturn[39m process[33m.[39menv[33m.[39m[33mDATABASE_URL_TEST[39m[33m;[39m
     [90m 17 |[39m   }[0m

      at DatabaseConfigService.getTestURL (src/config/database-config.service.ts:14:13)
      at new PrismaService (src/prisma/prisma.service.ts:18:24)
      at TestingInjector.instantiateClass (node_modules/@nestjs/core/injector/injector.js:422:19)
      at callback (node_modules/@nestjs/core/injector/injector.js:70:45)
      at TestingInjector.resolveConstructorParams (node_modules/@nestjs/core/injector/injector.js:170:24)
      at TestingInjector.loadInstance (node_modules/@nestjs/core/injector/injector.js:75:13)
      at TestingInjector.loadProvider (node_modules/@nestjs/core/injector/injector.js:103:9)
      at node_modules/@nestjs/core/injector/instance-loader.js:56:13
          at async Promise.all (index 4)
      at TestingInstanceLoader.createInstancesOfProviders (node_modules/@nestjs/core/injector/instance-loader.js:55:9)
      at node_modules/@nestjs/core/injector/instance-loader.js:40:13
          at async Promise.all (index 3)
      at TestingInstanceLoader.createInstances (node_modules/@nestjs/core/injector/instance-loader.js:39:9)
      at TestingInstanceLoader.createInstancesOfDependencies (node_modules/@nestjs/core/injector/instance-loader.js:22:13)
      at TestingInstanceLoader.createInstancesOfDependencies (node_modules/@nestjs/testing/testing-instance-loader.js:9:9)
      at TestingModuleBuilder.createInstancesOfDependencies (node_modules/@nestjs/testing/testing-module.builder.js:118:9)
      at TestingModuleBuilder.compile (node_modules/@nestjs/testing/testing-module.builder.js:74:9)
      at Object.<anonymous> (test/integration/dev.e2e-spec.ts:27:42)

  ● DevService (e2e) › update › should handle empty update data

    DATABASE_URL_TEST must be set in environment variables

    [0m [90m 12 |[39m   getTestURL()[33m:[39m string {
     [90m 13 |[39m     [36mif[39m ([33m![39mprocess[33m.[39menv[33m.[39m[33mDATABASE_URL_TEST[39m) {
    [31m[1m>[22m[39m[90m 14 |[39m       [36mthrow[39m [36mnew[39m [33mError[39m([32m'DATABASE_URL_TEST must be set in environment variables'[39m)[33m;[39m
     [90m    |[39m             [31m[1m^[22m[39m
     [90m 15 |[39m     }
     [90m 16 |[39m     [36mreturn[39m process[33m.[39menv[33m.[39m[33mDATABASE_URL_TEST[39m[33m;[39m
     [90m 17 |[39m   }[0m

      at DatabaseConfigService.getTestURL (src/config/database-config.service.ts:14:13)
      at new PrismaService (src/prisma/prisma.service.ts:18:24)
      at TestingInjector.instantiateClass (node_modules/@nestjs/core/injector/injector.js:422:19)
      at callback (node_modules/@nestjs/core/injector/injector.js:70:45)
      at TestingInjector.resolveConstructorParams (node_modules/@nestjs/core/injector/injector.js:170:24)
      at TestingInjector.loadInstance (node_modules/@nestjs/core/injector/injector.js:75:13)
      at TestingInjector.loadProvider (node_modules/@nestjs/core/injector/injector.js:103:9)
      at node_modules/@nestjs/core/injector/instance-loader.js:56:13
          at async Promise.all (index 4)
      at TestingInstanceLoader.createInstancesOfProviders (node_modules/@nestjs/core/injector/instance-loader.js:55:9)
      at node_modules/@nestjs/core/injector/instance-loader.js:40:13
          at async Promise.all (index 3)
      at TestingInstanceLoader.createInstances (node_modules/@nestjs/core/injector/instance-loader.js:39:9)
      at TestingInstanceLoader.createInstancesOfDependencies (node_modules/@nestjs/core/injector/instance-loader.js:22:13)
      at TestingInstanceLoader.createInstancesOfDependencies (node_modules/@nestjs/testing/testing-instance-loader.js:9:9)
      at TestingModuleBuilder.createInstancesOfDependencies (node_modules/@nestjs/testing/testing-module.builder.js:118:9)
      at TestingModuleBuilder.compile (node_modules/@nestjs/testing/testing-module.builder.js:74:9)
      at Object.<anonymous> (test/integration/dev.e2e-spec.ts:27:42)

  ● DevService (e2e) › update › should handle database unique constraint violation for dev_name

    DATABASE_URL_TEST must be set in environment variables

    [0m [90m 12 |[39m   getTestURL()[33m:[39m string {
     [90m 13 |[39m     [36mif[39m ([33m![39mprocess[33m.[39menv[33m.[39m[33mDATABASE_URL_TEST[39m) {
    [31m[1m>[22m[39m[90m 14 |[39m       [36mthrow[39m [36mnew[39m [33mError[39m([32m'DATABASE_URL_TEST must be set in environment variables'[39m)[33m;[39m
     [90m    |[39m             [31m[1m^[22m[39m
     [90m 15 |[39m     }
     [90m 16 |[39m     [36mreturn[39m process[33m.[39menv[33m.[39m[33mDATABASE_URL_TEST[39m[33m;[39m
     [90m 17 |[39m   }[0m

      at DatabaseConfigService.getTestURL (src/config/database-config.service.ts:14:13)
      at new PrismaService (src/prisma/prisma.service.ts:18:24)
      at TestingInjector.instantiateClass (node_modules/@nestjs/core/injector/injector.js:422:19)
      at callback (node_modules/@nestjs/core/injector/injector.js:70:45)
      at TestingInjector.resolveConstructorParams (node_modules/@nestjs/core/injector/injector.js:170:24)
      at TestingInjector.loadInstance (node_modules/@nestjs/core/injector/injector.js:75:13)
      at TestingInjector.loadProvider (node_modules/@nestjs/core/injector/injector.js:103:9)
      at node_modules/@nestjs/core/injector/instance-loader.js:56:13
          at async Promise.all (index 4)
      at TestingInstanceLoader.createInstancesOfProviders (node_modules/@nestjs/core/injector/instance-loader.js:55:9)
      at node_modules/@nestjs/core/injector/instance-loader.js:40:13
          at async Promise.all (index 3)
      at TestingInstanceLoader.createInstances (node_modules/@nestjs/core/injector/instance-loader.js:39:9)
      at TestingInstanceLoader.createInstancesOfDependencies (node_modules/@nestjs/core/injector/instance-loader.js:22:13)
      at TestingInstanceLoader.createInstancesOfDependencies (node_modules/@nestjs/testing/testing-instance-loader.js:9:9)
      at TestingModuleBuilder.createInstancesOfDependencies (node_modules/@nestjs/testing/testing-module.builder.js:118:9)
      at TestingModuleBuilder.compile (node_modules/@nestjs/testing/testing-module.builder.js:74:9)
      at Object.<anonymous> (test/integration/dev.e2e-spec.ts:27:42)

  ● DevService (e2e) › update › should handle invalid dev_type enum value in database

    DATABASE_URL_TEST must be set in environment variables

    [0m [90m 12 |[39m   getTestURL()[33m:[39m string {
     [90m 13 |[39m     [36mif[39m ([33m![39mprocess[33m.[39menv[33m.[39m[33mDATABASE_URL_TEST[39m) {
    [31m[1m>[22m[39m[90m 14 |[39m       [36mthrow[39m [36mnew[39m [33mError[39m([32m'DATABASE_URL_TEST must be set in environment variables'[39m)[33m;[39m
     [90m    |[39m             [31m[1m^[22m[39m
     [90m 15 |[39m     }
     [90m 16 |[39m     [36mreturn[39m process[33m.[39menv[33m.[39m[33mDATABASE_URL_TEST[39m[33m;[39m
     [90m 17 |[39m   }[0m

      at DatabaseConfigService.getTestURL (src/config/database-config.service.ts:14:13)
      at new PrismaService (src/prisma/prisma.service.ts:18:24)
      at TestingInjector.instantiateClass (node_modules/@nestjs/core/injector/injector.js:422:19)
      at callback (node_modules/@nestjs/core/injector/injector.js:70:45)
      at TestingInjector.resolveConstructorParams (node_modules/@nestjs/core/injector/injector.js:170:24)
      at TestingInjector.loadInstance (node_modules/@nestjs/core/injector/injector.js:75:13)
      at TestingInjector.loadProvider (node_modules/@nestjs/core/injector/injector.js:103:9)
      at node_modules/@nestjs/core/injector/instance-loader.js:56:13
          at async Promise.all (index 4)
      at TestingInstanceLoader.createInstancesOfProviders (node_modules/@nestjs/core/injector/instance-loader.js:55:9)
      at node_modules/@nestjs/core/injector/instance-loader.js:40:13
          at async Promise.all (index 3)
      at TestingInstanceLoader.createInstances (node_modules/@nestjs/core/injector/instance-loader.js:39:9)
      at TestingInstanceLoader.createInstancesOfDependencies (node_modules/@nestjs/core/injector/instance-loader.js:22:13)
      at TestingInstanceLoader.createInstancesOfDependencies (node_modules/@nestjs/testing/testing-instance-loader.js:9:9)
      at TestingModuleBuilder.createInstancesOfDependencies (node_modules/@nestjs/testing/testing-module.builder.js:118:9)
      at TestingModuleBuilder.compile (node_modules/@nestjs/testing/testing-module.builder.js:74:9)
      at Object.<anonymous> (test/integration/dev.e2e-spec.ts:27:42)

  ● DevService (e2e) › update › should handle transaction rollback on error

    DATABASE_URL_TEST must be set in environment variables

    [0m [90m 12 |[39m   getTestURL()[33m:[39m string {
     [90m 13 |[39m     [36mif[39m ([33m![39mprocess[33m.[39menv[33m.[39m[33mDATABASE_URL_TEST[39m) {
    [31m[1m>[22m[39m[90m 14 |[39m       [36mthrow[39m [36mnew[39m [33mError[39m([32m'DATABASE_URL_TEST must be set in environment variables'[39m)[33m;[39m
     [90m    |[39m             [31m[1m^[22m[39m
     [90m 15 |[39m     }
     [90m 16 |[39m     [36mreturn[39m process[33m.[39menv[33m.[39m[33mDATABASE_URL_TEST[39m[33m;[39m
     [90m 17 |[39m   }[0m

      at DatabaseConfigService.getTestURL (src/config/database-config.service.ts:14:13)
      at new PrismaService (src/prisma/prisma.service.ts:18:24)
      at TestingInjector.instantiateClass (node_modules/@nestjs/core/injector/injector.js:422:19)
      at callback (node_modules/@nestjs/core/injector/injector.js:70:45)
      at TestingInjector.resolveConstructorParams (node_modules/@nestjs/core/injector/injector.js:170:24)
      at TestingInjector.loadInstance (node_modules/@nestjs/core/injector/injector.js:75:13)
      at TestingInjector.loadProvider (node_modules/@nestjs/core/injector/injector.js:103:9)
      at node_modules/@nestjs/core/injector/instance-loader.js:56:13
          at async Promise.all (index 4)
      at TestingInstanceLoader.createInstancesOfProviders (node_modules/@nestjs/core/injector/instance-loader.js:55:9)
      at node_modules/@nestjs/core/injector/instance-loader.js:40:13
          at async Promise.all (index 3)
      at TestingInstanceLoader.createInstances (node_modules/@nestjs/core/injector/instance-loader.js:39:9)
      at TestingInstanceLoader.createInstancesOfDependencies (node_modules/@nestjs/core/injector/instance-loader.js:22:13)
      at TestingInstanceLoader.createInstancesOfDependencies (node_modules/@nestjs/testing/testing-instance-loader.js:9:9)
      at TestingModuleBuilder.createInstancesOfDependencies (node_modules/@nestjs/testing/testing-module.builder.js:118:9)
      at TestingModuleBuilder.compile (node_modules/@nestjs/testing/testing-module.builder.js:74:9)
      at Object.<anonymous> (test/integration/dev.e2e-spec.ts:27:42)

  ● DevService (e2e) › remove › should delete a developer

    DATABASE_URL_TEST must be set in environment variables

    [0m [90m 12 |[39m   getTestURL()[33m:[39m string {
     [90m 13 |[39m     [36mif[39m ([33m![39mprocess[33m.[39menv[33m.[39m[33mDATABASE_URL_TEST[39m) {
    [31m[1m>[22m[39m[90m 14 |[39m       [36mthrow[39m [36mnew[39m [33mError[39m([32m'DATABASE_URL_TEST must be set in environment variables'[39m)[33m;[39m
     [90m    |[39m             [31m[1m^[22m[39m
     [90m 15 |[39m     }
     [90m 16 |[39m     [36mreturn[39m process[33m.[39menv[33m.[39m[33mDATABASE_URL_TEST[39m[33m;[39m
     [90m 17 |[39m   }[0m

      at DatabaseConfigService.getTestURL (src/config/database-config.service.ts:14:13)
      at new PrismaService (src/prisma/prisma.service.ts:18:24)
      at TestingInjector.instantiateClass (node_modules/@nestjs/core/injector/injector.js:422:19)
      at callback (node_modules/@nestjs/core/injector/injector.js:70:45)
      at TestingInjector.resolveConstructorParams (node_modules/@nestjs/core/injector/injector.js:170:24)
      at TestingInjector.loadInstance (node_modules/@nestjs/core/injector/injector.js:75:13)
      at TestingInjector.loadProvider (node_modules/@nestjs/core/injector/injector.js:103:9)
      at node_modules/@nestjs/core/injector/instance-loader.js:56:13
          at async Promise.all (index 4)
      at TestingInstanceLoader.createInstancesOfProviders (node_modules/@nestjs/core/injector/instance-loader.js:55:9)
      at node_modules/@nestjs/core/injector/instance-loader.js:40:13
          at async Promise.all (index 3)
      at TestingInstanceLoader.createInstances (node_modules/@nestjs/core/injector/instance-loader.js:39:9)
      at TestingInstanceLoader.createInstancesOfDependencies (node_modules/@nestjs/core/injector/instance-loader.js:22:13)
      at TestingInstanceLoader.createInstancesOfDependencies (node_modules/@nestjs/testing/testing-instance-loader.js:9:9)
      at TestingModuleBuilder.createInstancesOfDependencies (node_modules/@nestjs/testing/testing-module.builder.js:118:9)
      at TestingModuleBuilder.compile (node_modules/@nestjs/testing/testing-module.builder.js:74:9)
      at Object.<anonymous> (test/integration/dev.e2e-spec.ts:27:42)

  ● DevService (e2e) › remove › should throw NotFoundException when developer does not exist

    DATABASE_URL_TEST must be set in environment variables

    [0m [90m 12 |[39m   getTestURL()[33m:[39m string {
     [90m 13 |[39m     [36mif[39m ([33m![39mprocess[33m.[39menv[33m.[39m[33mDATABASE_URL_TEST[39m) {
    [31m[1m>[22m[39m[90m 14 |[39m       [36mthrow[39m [36mnew[39m [33mError[39m([32m'DATABASE_URL_TEST must be set in environment variables'[39m)[33m;[39m
     [90m    |[39m             [31m[1m^[22m[39m
     [90m 15 |[39m     }
     [90m 16 |[39m     [36mreturn[39m process[33m.[39menv[33m.[39m[33mDATABASE_URL_TEST[39m[33m;[39m
     [90m 17 |[39m   }[0m

      at DatabaseConfigService.getTestURL (src/config/database-config.service.ts:14:13)
      at new PrismaService (src/prisma/prisma.service.ts:18:24)
      at TestingInjector.instantiateClass (node_modules/@nestjs/core/injector/injector.js:422:19)
      at callback (node_modules/@nestjs/core/injector/injector.js:70:45)
      at TestingInjector.resolveConstructorParams (node_modules/@nestjs/core/injector/injector.js:170:24)
      at TestingInjector.loadInstance (node_modules/@nestjs/core/injector/injector.js:75:13)
      at TestingInjector.loadProvider (node_modules/@nestjs/core/injector/injector.js:103:9)
      at node_modules/@nestjs/core/injector/instance-loader.js:56:13
          at async Promise.all (index 4)
      at TestingInstanceLoader.createInstancesOfProviders (node_modules/@nestjs/core/injector/instance-loader.js:55:9)
      at node_modules/@nestjs/core/injector/instance-loader.js:40:13
          at async Promise.all (index 3)
      at TestingInstanceLoader.createInstances (node_modules/@nestjs/core/injector/instance-loader.js:39:9)
      at TestingInstanceLoader.createInstancesOfDependencies (node_modules/@nestjs/core/injector/instance-loader.js:22:13)
      at TestingInstanceLoader.createInstancesOfDependencies (node_modules/@nestjs/testing/testing-instance-loader.js:9:9)
      at TestingModuleBuilder.createInstancesOfDependencies (node_modules/@nestjs/testing/testing-module.builder.js:118:9)
      at TestingModuleBuilder.compile (node_modules/@nestjs/testing/testing-module.builder.js:74:9)
      at Object.<anonymous> (test/integration/dev.e2e-spec.ts:27:42)

  ● DevService (e2e) › remove › should handle database constraint violation when deleting non-existent developer

    DATABASE_URL_TEST must be set in environment variables

    [0m [90m 12 |[39m   getTestURL()[33m:[39m string {
     [90m 13 |[39m     [36mif[39m ([33m![39mprocess[33m.[39menv[33m.[39m[33mDATABASE_URL_TEST[39m) {
    [31m[1m>[22m[39m[90m 14 |[39m       [36mthrow[39m [36mnew[39m [33mError[39m([32m'DATABASE_URL_TEST must be set in environment variables'[39m)[33m;[39m
     [90m    |[39m             [31m[1m^[22m[39m
     [90m 15 |[39m     }
     [90m 16 |[39m     [36mreturn[39m process[33m.[39menv[33m.[39m[33mDATABASE_URL_TEST[39m[33m;[39m
     [90m 17 |[39m   }[0m

      at DatabaseConfigService.getTestURL (src/config/database-config.service.ts:14:13)
      at new PrismaService (src/prisma/prisma.service.ts:18:24)
      at TestingInjector.instantiateClass (node_modules/@nestjs/core/injector/injector.js:422:19)
      at callback (node_modules/@nestjs/core/injector/injector.js:70:45)
      at TestingInjector.resolveConstructorParams (node_modules/@nestjs/core/injector/injector.js:170:24)
      at TestingInjector.loadInstance (node_modules/@nestjs/core/injector/injector.js:75:13)
      at TestingInjector.loadProvider (node_modules/@nestjs/core/injector/injector.js:103:9)
      at node_modules/@nestjs/core/injector/instance-loader.js:56:13
          at async Promise.all (index 4)
      at TestingInstanceLoader.createInstancesOfProviders (node_modules/@nestjs/core/injector/instance-loader.js:55:9)
      at node_modules/@nestjs/core/injector/instance-loader.js:40:13
          at async Promise.all (index 3)
      at TestingInstanceLoader.createInstances (node_modules/@nestjs/core/injector/instance-loader.js:39:9)
      at TestingInstanceLoader.createInstancesOfDependencies (node_modules/@nestjs/core/injector/instance-loader.js:22:13)
      at TestingInstanceLoader.createInstancesOfDependencies (node_modules/@nestjs/testing/testing-instance-loader.js:9:9)
      at TestingModuleBuilder.createInstancesOfDependencies (node_modules/@nestjs/testing/testing-module.builder.js:118:9)
      at TestingModuleBuilder.compile (node_modules/@nestjs/testing/testing-module.builder.js:74:9)
      at Object.<anonymous> (test/integration/dev.e2e-spec.ts:27:42)

  ● DevService (e2e) › remove › should handle transaction rollback on error

    DATABASE_URL_TEST must be set in environment variables

    [0m [90m 12 |[39m   getTestURL()[33m:[39m string {
     [90m 13 |[39m     [36mif[39m ([33m![39mprocess[33m.[39menv[33m.[39m[33mDATABASE_URL_TEST[39m) {
    [31m[1m>[22m[39m[90m 14 |[39m       [36mthrow[39m [36mnew[39m [33mError[39m([32m'DATABASE_URL_TEST must be set in environment variables'[39m)[33m;[39m
     [90m    |[39m             [31m[1m^[22m[39m
     [90m 15 |[39m     }
     [90m 16 |[39m     [36mreturn[39m process[33m.[39menv[33m.[39m[33mDATABASE_URL_TEST[39m[33m;[39m
     [90m 17 |[39m   }[0m

      at DatabaseConfigService.getTestURL (src/config/database-config.service.ts:14:13)
      at new PrismaService (src/prisma/prisma.service.ts:18:24)
      at TestingInjector.instantiateClass (node_modules/@nestjs/core/injector/injector.js:422:19)
      at callback (node_modules/@nestjs/core/injector/injector.js:70:45)
      at TestingInjector.resolveConstructorParams (node_modules/@nestjs/core/injector/injector.js:170:24)
      at TestingInjector.loadInstance (node_modules/@nestjs/core/injector/injector.js:75:13)
      at TestingInjector.loadProvider (node_modules/@nestjs/core/injector/injector.js:103:9)
      at node_modules/@nestjs/core/injector/instance-loader.js:56:13
          at async Promise.all (index 4)
      at TestingInstanceLoader.createInstancesOfProviders (node_modules/@nestjs/core/injector/instance-loader.js:55:9)
      at node_modules/@nestjs/core/injector/instance-loader.js:40:13
          at async Promise.all (index 3)
      at TestingInstanceLoader.createInstances (node_modules/@nestjs/core/injector/instance-loader.js:39:9)
      at TestingInstanceLoader.createInstancesOfDependencies (node_modules/@nestjs/core/injector/instance-loader.js:22:13)
      at TestingInstanceLoader.createInstancesOfDependencies (node_modules/@nestjs/testing/testing-instance-loader.js:9:9)
      at TestingModuleBuilder.createInstancesOfDependencies (node_modules/@nestjs/testing/testing-module.builder.js:118:9)
      at TestingModuleBuilder.compile (node_modules/@nestjs/testing/testing-module.builder.js:74:9)
      at Object.<anonymous> (test/integration/dev.e2e-spec.ts:27:42)


  ● Test suite failed to run

    TypeError: Cannot read properties of undefined (reading 'close')

    [0m [90m  99 |[39m
     [90m 100 |[39m   afterAll([36masync[39m () [33m=>[39m {
    [31m[1m>[22m[39m[90m 101 |[39m     [36mawait[39m app[33m.[39mclose()[33m;[39m
     [90m     |[39m               [31m[1m^[22m[39m
     [90m 102 |[39m   })[33m;[39m
     [90m 103 |[39m
     [90m 104 |[39m   [36masync[39m [36mfunction[39m createTestGame(title[33m:[39m string) {[0m

      at Object.<anonymous> (test/integration/dev.e2e-spec.ts:101:15)

FAIL test/integration/friend.e2e-spec.ts (45.535 s)
  ● Console

    console.log
      ◇ injected env (0) from ..\.env // tip: ⌘ override existing { override: true }

      at _log (node_modules/dotenv/lib/main.js:131:11)

  ● FriendService (e2e) › create › should create a friendship successfully

    DATABASE_URL_TEST must be set in environment variables

    [0m [90m 12 |[39m   getTestURL()[33m:[39m string {
     [90m 13 |[39m     [36mif[39m ([33m![39mprocess[33m.[39menv[33m.[39m[33mDATABASE_URL_TEST[39m) {
    [31m[1m>[22m[39m[90m 14 |[39m       [36mthrow[39m [36mnew[39m [33mError[39m([32m'DATABASE_URL_TEST must be set in environment variables'[39m)[33m;[39m
     [90m    |[39m             [31m[1m^[22m[39m
     [90m 15 |[39m     }
     [90m 16 |[39m     [36mreturn[39m process[33m.[39menv[33m.[39m[33mDATABASE_URL_TEST[39m[33m;[39m
     [90m 17 |[39m   }[0m

      at DatabaseConfigService.getTestURL (src/config/database-config.service.ts:14:13)
      at new PrismaService (src/prisma/prisma.service.ts:18:24)
      at TestingInjector.instantiateClass (node_modules/@nestjs/core/injector/injector.js:422:19)
      at callback (node_modules/@nestjs/core/injector/injector.js:70:45)
      at TestingInjector.resolveConstructorParams (node_modules/@nestjs/core/injector/injector.js:170:24)
      at TestingInjector.loadInstance (node_modules/@nestjs/core/injector/injector.js:75:13)
      at TestingInjector.loadProvider (node_modules/@nestjs/core/injector/injector.js:103:9)
      at node_modules/@nestjs/core/injector/instance-loader.js:56:13
          at async Promise.all (index 4)
      at TestingInstanceLoader.createInstancesOfProviders (node_modules/@nestjs/core/injector/instance-loader.js:55:9)
      at node_modules/@nestjs/core/injector/instance-loader.js:40:13
          at async Promise.all (index 3)
      at TestingInstanceLoader.createInstances (node_modules/@nestjs/core/injector/instance-loader.js:39:9)
      at TestingInstanceLoader.createInstancesOfDependencies (node_modules/@nestjs/core/injector/instance-loader.js:22:13)
      at TestingInstanceLoader.createInstancesOfDependencies (node_modules/@nestjs/testing/testing-instance-loader.js:9:9)
      at TestingModuleBuilder.createInstancesOfDependencies (node_modules/@nestjs/testing/testing-module.builder.js:118:9)
      at TestingModuleBuilder.compile (node_modules/@nestjs/testing/testing-module.builder.js:74:9)
      at Object.<anonymous> (test/integration/friend.e2e-spec.ts:31:42)

  ● FriendService (e2e) › create › should create a friendship with accepted status

    DATABASE_URL_TEST must be set in environment variables

    [0m [90m 12 |[39m   getTestURL()[33m:[39m string {
     [90m 13 |[39m     [36mif[39m ([33m![39mprocess[33m.[39menv[33m.[39m[33mDATABASE_URL_TEST[39m) {
    [31m[1m>[22m[39m[90m 14 |[39m       [36mthrow[39m [36mnew[39m [33mError[39m([32m'DATABASE_URL_TEST must be set in environment variables'[39m)[33m;[39m
     [90m    |[39m             [31m[1m^[22m[39m
     [90m 15 |[39m     }
     [90m 16 |[39m     [36mreturn[39m process[33m.[39menv[33m.[39m[33mDATABASE_URL_TEST[39m[33m;[39m
     [90m 17 |[39m   }[0m

      at DatabaseConfigService.getTestURL (src/config/database-config.service.ts:14:13)
      at new PrismaService (src/prisma/prisma.service.ts:18:24)
      at TestingInjector.instantiateClass (node_modules/@nestjs/core/injector/injector.js:422:19)
      at callback (node_modules/@nestjs/core/injector/injector.js:70:45)
      at TestingInjector.resolveConstructorParams (node_modules/@nestjs/core/injector/injector.js:170:24)
      at TestingInjector.loadInstance (node_modules/@nestjs/core/injector/injector.js:75:13)
      at TestingInjector.loadProvider (node_modules/@nestjs/core/injector/injector.js:103:9)
      at node_modules/@nestjs/core/injector/instance-loader.js:56:13
          at async Promise.all (index 4)
      at TestingInstanceLoader.createInstancesOfProviders (node_modules/@nestjs/core/injector/instance-loader.js:55:9)
      at node_modules/@nestjs/core/injector/instance-loader.js:40:13
          at async Promise.all (index 3)
      at TestingInstanceLoader.createInstances (node_modules/@nestjs/core/injector/instance-loader.js:39:9)
      at TestingInstanceLoader.createInstancesOfDependencies (node_modules/@nestjs/core/injector/instance-loader.js:22:13)
      at TestingInstanceLoader.createInstancesOfDependencies (node_modules/@nestjs/testing/testing-instance-loader.js:9:9)
      at TestingModuleBuilder.createInstancesOfDependencies (node_modules/@nestjs/testing/testing-module.builder.js:118:9)
      at TestingModuleBuilder.compile (node_modules/@nestjs/testing/testing-module.builder.js:74:9)
      at Object.<anonymous> (test/integration/friend.e2e-spec.ts:31:42)

  ● FriendService (e2e) › create › should create a friendship with blocked status

    DATABASE_URL_TEST must be set in environment variables

    [0m [90m 12 |[39m   getTestURL()[33m:[39m string {
     [90m 13 |[39m     [36mif[39m ([33m![39mprocess[33m.[39menv[33m.[39m[33mDATABASE_URL_TEST[39m) {
    [31m[1m>[22m[39m[90m 14 |[39m       [36mthrow[39m [36mnew[39m [33mError[39m([32m'DATABASE_URL_TEST must be set in environment variables'[39m)[33m;[39m
     [90m    |[39m             [31m[1m^[22m[39m
     [90m 15 |[39m     }
     [90m 16 |[39m     [36mreturn[39m process[33m.[39menv[33m.[39m[33mDATABASE_URL_TEST[39m[33m;[39m
     [90m 17 |[39m   }[0m

      at DatabaseConfigService.getTestURL (src/config/database-config.service.ts:14:13)
      at new PrismaService (src/prisma/prisma.service.ts:18:24)
      at TestingInjector.instantiateClass (node_modules/@nestjs/core/injector/injector.js:422:19)
      at callback (node_modules/@nestjs/core/injector/injector.js:70:45)
      at TestingInjector.resolveConstructorParams (node_modules/@nestjs/core/injector/injector.js:170:24)
      at TestingInjector.loadInstance (node_modules/@nestjs/core/injector/injector.js:75:13)
      at TestingInjector.loadProvider (node_modules/@nestjs/core/injector/injector.js:103:9)
      at node_modules/@nestjs/core/injector/instance-loader.js:56:13
          at async Promise.all (index 4)
      at TestingInstanceLoader.createInstancesOfProviders (node_modules/@nestjs/core/injector/instance-loader.js:55:9)
      at node_modules/@nestjs/core/injector/instance-loader.js:40:13
          at async Promise.all (index 3)
      at TestingInstanceLoader.createInstances (node_modules/@nestjs/core/injector/instance-loader.js:39:9)
      at TestingInstanceLoader.createInstancesOfDependencies (node_modules/@nestjs/core/injector/instance-loader.js:22:13)
      at TestingInstanceLoader.createInstancesOfDependencies (node_modules/@nestjs/testing/testing-instance-loader.js:9:9)
      at TestingModuleBuilder.createInstancesOfDependencies (node_modules/@nestjs/testing/testing-module.builder.js:118:9)
      at TestingModuleBuilder.compile (node_modules/@nestjs/testing/testing-module.builder.js:74:9)
      at Object.<anonymous> (test/integration/friend.e2e-spec.ts:31:42)

  ● FriendService (e2e) › create › should create a friendship with default pending status when status is not provided

    DATABASE_URL_TEST must be set in environment variables

    [0m [90m 12 |[39m   getTestURL()[33m:[39m string {
     [90m 13 |[39m     [36mif[39m ([33m![39mprocess[33m.[39menv[33m.[39m[33mDATABASE_URL_TEST[39m) {
    [31m[1m>[22m[39m[90m 14 |[39m       [36mthrow[39m [36mnew[39m [33mError[39m([32m'DATABASE_URL_TEST must be set in environment variables'[39m)[33m;[39m
     [90m    |[39m             [31m[1m^[22m[39m
     [90m 15 |[39m     }
     [90m 16 |[39m     [36mreturn[39m process[33m.[39menv[33m.[39m[33mDATABASE_URL_TEST[39m[33m;[39m
     [90m 17 |[39m   }[0m

      at DatabaseConfigService.getTestURL (src/config/database-config.service.ts:14:13)
      at new PrismaService (src/prisma/prisma.service.ts:18:24)
      at TestingInjector.instantiateClass (node_modules/@nestjs/core/injector/injector.js:422:19)
      at callback (node_modules/@nestjs/core/injector/injector.js:70:45)
      at TestingInjector.resolveConstructorParams (node_modules/@nestjs/core/injector/injector.js:170:24)
      at TestingInjector.loadInstance (node_modules/@nestjs/core/injector/injector.js:75:13)
      at TestingInjector.loadProvider (node_modules/@nestjs/core/injector/injector.js:103:9)
      at node_modules/@nestjs/core/injector/instance-loader.js:56:13
          at async Promise.all (index 4)
      at TestingInstanceLoader.createInstancesOfProviders (node_modules/@nestjs/core/injector/instance-loader.js:55:9)
      at node_modules/@nestjs/core/injector/instance-loader.js:40:13
          at async Promise.all (index 3)
      at TestingInstanceLoader.createInstances (node_modules/@nestjs/core/injector/instance-loader.js:39:9)
      at TestingInstanceLoader.createInstancesOfDependencies (node_modules/@nestjs/core/injector/instance-loader.js:22:13)
      at TestingInstanceLoader.createInstancesOfDependencies (node_modules/@nestjs/testing/testing-instance-loader.js:9:9)
      at TestingModuleBuilder.createInstancesOfDependencies (node_modules/@nestjs/testing/testing-module.builder.js:118:9)
      at TestingModuleBuilder.compile (node_modules/@nestjs/testing/testing-module.builder.js:74:9)
      at Object.<anonymous> (test/integration/friend.e2e-spec.ts:31:42)

  ● FriendService (e2e) › create › should throw BadRequestException when user tries to add themselves as friend

    DATABASE_URL_TEST must be set in environment variables

    [0m [90m 12 |[39m   getTestURL()[33m:[39m string {
     [90m 13 |[39m     [36mif[39m ([33m![39mprocess[33m.[39menv[33m.[39m[33mDATABASE_URL_TEST[39m) {
    [31m[1m>[22m[39m[90m 14 |[39m       [36mthrow[39m [36mnew[39m [33mError[39m([32m'DATABASE_URL_TEST must be set in environment variables'[39m)[33m;[39m
     [90m    |[39m             [31m[1m^[22m[39m
     [90m 15 |[39m     }
     [90m 16 |[39m     [36mreturn[39m process[33m.[39menv[33m.[39m[33mDATABASE_URL_TEST[39m[33m;[39m
     [90m 17 |[39m   }[0m

      at DatabaseConfigService.getTestURL (src/config/database-config.service.ts:14:13)
      at new PrismaService (src/prisma/prisma.service.ts:18:24)
      at TestingInjector.instantiateClass (node_modules/@nestjs/core/injector/injector.js:422:19)
      at callback (node_modules/@nestjs/core/injector/injector.js:70:45)
      at TestingInjector.resolveConstructorParams (node_modules/@nestjs/core/injector/injector.js:170:24)
      at TestingInjector.loadInstance (node_modules/@nestjs/core/injector/injector.js:75:13)
      at TestingInjector.loadProvider (node_modules/@nestjs/core/injector/injector.js:103:9)
      at node_modules/@nestjs/core/injector/instance-loader.js:56:13
          at async Promise.all (index 4)
      at TestingInstanceLoader.createInstancesOfProviders (node_modules/@nestjs/core/injector/instance-loader.js:55:9)
      at node_modules/@nestjs/core/injector/instance-loader.js:40:13
          at async Promise.all (index 3)
      at TestingInstanceLoader.createInstances (node_modules/@nestjs/core/injector/instance-loader.js:39:9)
      at TestingInstanceLoader.createInstancesOfDependencies (node_modules/@nestjs/core/injector/instance-loader.js:22:13)
      at TestingInstanceLoader.createInstancesOfDependencies (node_modules/@nestjs/testing/testing-instance-loader.js:9:9)
      at TestingModuleBuilder.createInstancesOfDependencies (node_modules/@nestjs/testing/testing-module.builder.js:118:9)
      at TestingModuleBuilder.compile (node_modules/@nestjs/testing/testing-module.builder.js:74:9)
      at Object.<anonymous> (test/integration/friend.e2e-spec.ts:31:42)

  ● FriendService (e2e) › create › should throw ConflictException when friendship already exists

    DATABASE_URL_TEST must be set in environment variables

    [0m [90m 12 |[39m   getTestURL()[33m:[39m string {
     [90m 13 |[39m     [36mif[39m ([33m![39mprocess[33m.[39menv[33m.[39m[33mDATABASE_URL_TEST[39m) {
    [31m[1m>[22m[39m[90m 14 |[39m       [36mthrow[39m [36mnew[39m [33mError[39m([32m'DATABASE_URL_TEST must be set in environment variables'[39m)[33m;[39m
     [90m    |[39m             [31m[1m^[22m[39m
     [90m 15 |[39m     }
     [90m 16 |[39m     [36mreturn[39m process[33m.[39menv[33m.[39m[33mDATABASE_URL_TEST[39m[33m;[39m
     [90m 17 |[39m   }[0m

      at DatabaseConfigService.getTestURL (src/config/database-config.service.ts:14:13)
      at new PrismaService (src/prisma/prisma.service.ts:18:24)
      at TestingInjector.instantiateClass (node_modules/@nestjs/core/injector/injector.js:422:19)
      at callback (node_modules/@nestjs/core/injector/injector.js:70:45)
      at TestingInjector.resolveConstructorParams (node_modules/@nestjs/core/injector/injector.js:170:24)
      at TestingInjector.loadInstance (node_modules/@nestjs/core/injector/injector.js:75:13)
      at TestingInjector.loadProvider (node_modules/@nestjs/core/injector/injector.js:103:9)
      at node_modules/@nestjs/core/injector/instance-loader.js:56:13
          at async Promise.all (index 4)
      at TestingInstanceLoader.createInstancesOfProviders (node_modules/@nestjs/core/injector/instance-loader.js:55:9)
      at node_modules/@nestjs/core/injector/instance-loader.js:40:13
          at async Promise.all (index 3)
      at TestingInstanceLoader.createInstances (node_modules/@nestjs/core/injector/instance-loader.js:39:9)
      at TestingInstanceLoader.createInstancesOfDependencies (node_modules/@nestjs/core/injector/instance-loader.js:22:13)
      at TestingInstanceLoader.createInstancesOfDependencies (node_modules/@nestjs/testing/testing-instance-loader.js:9:9)
      at TestingModuleBuilder.createInstancesOfDependencies (node_modules/@nestjs/testing/testing-module.builder.js:118:9)
      at TestingModuleBuilder.compile (node_modules/@nestjs/testing/testing-module.builder.js:74:9)
      at Object.<anonymous> (test/integration/friend.e2e-spec.ts:31:42)

  ● FriendService (e2e) › create › should throw NotFoundException when user_id does not exist

    DATABASE_URL_TEST must be set in environment variables

    [0m [90m 12 |[39m   getTestURL()[33m:[39m string {
     [90m 13 |[39m     [36mif[39m ([33m![39mprocess[33m.[39menv[33m.[39m[33mDATABASE_URL_TEST[39m) {
    [31m[1m>[22m[39m[90m 14 |[39m       [36mthrow[39m [36mnew[39m [33mError[39m([32m'DATABASE_URL_TEST must be set in environment variables'[39m)[33m;[39m
     [90m    |[39m             [31m[1m^[22m[39m
     [90m 15 |[39m     }
     [90m 16 |[39m     [36mreturn[39m process[33m.[39menv[33m.[39m[33mDATABASE_URL_TEST[39m[33m;[39m
     [90m 17 |[39m   }[0m

      at DatabaseConfigService.getTestURL (src/config/database-config.service.ts:14:13)
      at new PrismaService (src/prisma/prisma.service.ts:18:24)
      at TestingInjector.instantiateClass (node_modules/@nestjs/core/injector/injector.js:422:19)
      at callback (node_modules/@nestjs/core/injector/injector.js:70:45)
      at TestingInjector.resolveConstructorParams (node_modules/@nestjs/core/injector/injector.js:170:24)
      at TestingInjector.loadInstance (node_modules/@nestjs/core/injector/injector.js:75:13)
      at TestingInjector.loadProvider (node_modules/@nestjs/core/injector/injector.js:103:9)
      at node_modules/@nestjs/core/injector/instance-loader.js:56:13
          at async Promise.all (index 4)
      at TestingInstanceLoader.createInstancesOfProviders (node_modules/@nestjs/core/injector/instance-loader.js:55:9)
      at node_modules/@nestjs/core/injector/instance-loader.js:40:13
          at async Promise.all (index 3)
      at TestingInstanceLoader.createInstances (node_modules/@nestjs/core/injector/instance-loader.js:39:9)
      at TestingInstanceLoader.createInstancesOfDependencies (node_modules/@nestjs/core/injector/instance-loader.js:22:13)
      at TestingInstanceLoader.createInstancesOfDependencies (node_modules/@nestjs/testing/testing-instance-loader.js:9:9)
      at TestingModuleBuilder.createInstancesOfDependencies (node_modules/@nestjs/testing/testing-module.builder.js:118:9)
      at TestingModuleBuilder.compile (node_modules/@nestjs/testing/testing-module.builder.js:74:9)
      at Object.<anonymous> (test/integration/friend.e2e-spec.ts:31:42)

  ● FriendService (e2e) › create › should throw NotFoundException when friend_id does not exist

    DATABASE_URL_TEST must be set in environment variables

    [0m [90m 12 |[39m   getTestURL()[33m:[39m string {
     [90m 13 |[39m     [36mif[39m ([33m![39mprocess[33m.[39menv[33m.[39m[33mDATABASE_URL_TEST[39m) {
    [31m[1m>[22m[39m[90m 14 |[39m       [36mthrow[39m [36mnew[39m [33mError[39m([32m'DATABASE_URL_TEST must be set in environment variables'[39m)[33m;[39m
     [90m    |[39m             [31m[1m^[22m[39m
     [90m 15 |[39m     }
     [90m 16 |[39m     [36mreturn[39m process[33m.[39menv[33m.[39m[33mDATABASE_URL_TEST[39m[33m;[39m
     [90m 17 |[39m   }[0m

      at DatabaseConfigService.getTestURL (src/config/database-config.service.ts:14:13)
      at new PrismaService (src/prisma/prisma.service.ts:18:24)
      at TestingInjector.instantiateClass (node_modules/@nestjs/core/injector/injector.js:422:19)
      at callback (node_modules/@nestjs/core/injector/injector.js:70:45)
      at TestingInjector.resolveConstructorParams (node_modules/@nestjs/core/injector/injector.js:170:24)
      at TestingInjector.loadInstance (node_modules/@nestjs/core/injector/injector.js:75:13)
      at TestingInjector.loadProvider (node_modules/@nestjs/core/injector/injector.js:103:9)
      at node_modules/@nestjs/core/injector/instance-loader.js:56:13
          at async Promise.all (index 4)
      at TestingInstanceLoader.createInstancesOfProviders (node_modules/@nestjs/core/injector/instance-loader.js:55:9)
      at node_modules/@nestjs/core/injector/instance-loader.js:40:13
          at async Promise.all (index 3)
      at TestingInstanceLoader.createInstances (node_modules/@nestjs/core/injector/instance-loader.js:39:9)
      at TestingInstanceLoader.createInstancesOfDependencies (node_modules/@nestjs/core/injector/instance-loader.js:22:13)
      at TestingInstanceLoader.createInstancesOfDependencies (node_modules/@nestjs/testing/testing-instance-loader.js:9:9)
      at TestingModuleBuilder.createInstancesOfDependencies (node_modules/@nestjs/testing/testing-module.builder.js:118:9)
      at TestingModuleBuilder.compile (node_modules/@nestjs/testing/testing-module.builder.js:74:9)
      at Object.<anonymous> (test/integration/friend.e2e-spec.ts:31:42)

  ● FriendService (e2e) › create › should handle database foreign key constraint violation for user_id

    DATABASE_URL_TEST must be set in environment variables

    [0m [90m 12 |[39m   getTestURL()[33m:[39m string {
     [90m 13 |[39m     [36mif[39m ([33m![39mprocess[33m.[39menv[33m.[39m[33mDATABASE_URL_TEST[39m) {
    [31m[1m>[22m[39m[90m 14 |[39m       [36mthrow[39m [36mnew[39m [33mError[39m([32m'DATABASE_URL_TEST must be set in environment variables'[39m)[33m;[39m
     [90m    |[39m             [31m[1m^[22m[39m
     [90m 15 |[39m     }
     [90m 16 |[39m     [36mreturn[39m process[33m.[39menv[33m.[39m[33mDATABASE_URL_TEST[39m[33m;[39m
     [90m 17 |[39m   }[0m

      at DatabaseConfigService.getTestURL (src/config/database-config.service.ts:14:13)
      at new PrismaService (src/prisma/prisma.service.ts:18:24)
      at TestingInjector.instantiateClass (node_modules/@nestjs/core/injector/injector.js:422:19)
      at callback (node_modules/@nestjs/core/injector/injector.js:70:45)
      at TestingInjector.resolveConstructorParams (node_modules/@nestjs/core/injector/injector.js:170:24)
      at TestingInjector.loadInstance (node_modules/@nestjs/core/injector/injector.js:75:13)
      at TestingInjector.loadProvider (node_modules/@nestjs/core/injector/injector.js:103:9)
      at node_modules/@nestjs/core/injector/instance-loader.js:56:13
          at async Promise.all (index 4)
      at TestingInstanceLoader.createInstancesOfProviders (node_modules/@nestjs/core/injector/instance-loader.js:55:9)
      at node_modules/@nestjs/core/injector/instance-loader.js:40:13
          at async Promise.all (index 3)
      at TestingInstanceLoader.createInstances (node_modules/@nestjs/core/injector/instance-loader.js:39:9)
      at TestingInstanceLoader.createInstancesOfDependencies (node_modules/@nestjs/core/injector/instance-loader.js:22:13)
      at TestingInstanceLoader.createInstancesOfDependencies (node_modules/@nestjs/testing/testing-instance-loader.js:9:9)
      at TestingModuleBuilder.createInstancesOfDependencies (node_modules/@nestjs/testing/testing-module.builder.js:118:9)
      at TestingModuleBuilder.compile (node_modules/@nestjs/testing/testing-module.builder.js:74:9)
      at Object.<anonymous> (test/integration/friend.e2e-spec.ts:31:42)

  ● FriendService (e2e) › create › should handle database foreign key constraint violation for friend_id

    DATABASE_URL_TEST must be set in environment variables

    [0m [90m 12 |[39m   getTestURL()[33m:[39m string {
     [90m 13 |[39m     [36mif[39m ([33m![39mprocess[33m.[39menv[33m.[39m[33mDATABASE_URL_TEST[39m) {
    [31m[1m>[22m[39m[90m 14 |[39m       [36mthrow[39m [36mnew[39m [33mError[39m([32m'DATABASE_URL_TEST must be set in environment variables'[39m)[33m;[39m
     [90m    |[39m             [31m[1m^[22m[39m
     [90m 15 |[39m     }
     [90m 16 |[39m     [36mreturn[39m process[33m.[39menv[33m.[39m[33mDATABASE_URL_TEST[39m[33m;[39m
     [90m 17 |[39m   }[0m

      at DatabaseConfigService.getTestURL (src/config/database-config.service.ts:14:13)
      at new PrismaService (src/prisma/prisma.service.ts:18:24)
      at TestingInjector.instantiateClass (node_modules/@nestjs/core/injector/injector.js:422:19)
      at callback (node_modules/@nestjs/core/injector/injector.js:70:45)
      at TestingInjector.resolveConstructorParams (node_modules/@nestjs/core/injector/injector.js:170:24)
      at TestingInjector.loadInstance (node_modules/@nestjs/core/injector/injector.js:75:13)
      at TestingInjector.loadProvider (node_modules/@nestjs/core/injector/injector.js:103:9)
      at node_modules/@nestjs/core/injector/instance-loader.js:56:13
          at async Promise.all (index 4)
      at TestingInstanceLoader.createInstancesOfProviders (node_modules/@nestjs/core/injector/instance-loader.js:55:9)
      at node_modules/@nestjs/core/injector/instance-loader.js:40:13
          at async Promise.all (index 3)
      at TestingInstanceLoader.createInstances (node_modules/@nestjs/core/injector/instance-loader.js:39:9)
      at TestingInstanceLoader.createInstancesOfDependencies (node_modules/@nestjs/core/injector/instance-loader.js:22:13)
      at TestingInstanceLoader.createInstancesOfDependencies (node_modules/@nestjs/testing/testing-instance-loader.js:9:9)
      at TestingModuleBuilder.createInstancesOfDependencies (node_modules/@nestjs/testing/testing-module.builder.js:118:9)
      at TestingModuleBuilder.compile (node_modules/@nestjs/testing/testing-module.builder.js:74:9)
      at Object.<anonymous> (test/integration/friend.e2e-spec.ts:31:42)

  ● FriendService (e2e) › create › should handle invalid status enum value in database

    DATABASE_URL_TEST must be set in environment variables

    [0m [90m 12 |[39m   getTestURL()[33m:[39m string {
     [90m 13 |[39m     [36mif[39m ([33m![39mprocess[33m.[39menv[33m.[39m[33mDATABASE_URL_TEST[39m) {
    [31m[1m>[22m[39m[90m 14 |[39m       [36mthrow[39m [36mnew[39m [33mError[39m([32m'DATABASE_URL_TEST must be set in environment variables'[39m)[33m;[39m
     [90m    |[39m             [31m[1m^[22m[39m
     [90m 15 |[39m     }
     [90m 16 |[39m     [36mreturn[39m process[33m.[39menv[33m.[39m[33mDATABASE_URL_TEST[39m[33m;[39m
     [90m 17 |[39m   }[0m

      at DatabaseConfigService.getTestURL (src/config/database-config.service.ts:14:13)
      at new PrismaService (src/prisma/prisma.service.ts:18:24)
      at TestingInjector.instantiateClass (node_modules/@nestjs/core/injector/injector.js:422:19)
      at callback (node_modules/@nestjs/core/injector/injector.js:70:45)
      at TestingInjector.resolveConstructorParams (node_modules/@nestjs/core/injector/injector.js:170:24)
      at TestingInjector.loadInstance (node_modules/@nestjs/core/injector/injector.js:75:13)
      at TestingInjector.loadProvider (node_modules/@nestjs/core/injector/injector.js:103:9)
      at node_modules/@nestjs/core/injector/instance-loader.js:56:13
          at async Promise.all (index 4)
      at TestingInstanceLoader.createInstancesOfProviders (node_modules/@nestjs/core/injector/instance-loader.js:55:9)
      at node_modules/@nestjs/core/injector/instance-loader.js:40:13
          at async Promise.all (index 3)
      at TestingInstanceLoader.createInstances (node_modules/@nestjs/core/injector/instance-loader.js:39:9)
      at TestingInstanceLoader.createInstancesOfDependencies (node_modules/@nestjs/core/injector/instance-loader.js:22:13)
      at TestingInstanceLoader.createInstancesOfDependencies (node_modules/@nestjs/testing/testing-instance-loader.js:9:9)
      at TestingModuleBuilder.createInstancesOfDependencies (node_modules/@nestjs/testing/testing-module.builder.js:118:9)
      at TestingModuleBuilder.compile (node_modules/@nestjs/testing/testing-module.builder.js:74:9)
      at Object.<anonymous> (test/integration/friend.e2e-spec.ts:31:42)

  ● FriendService (e2e) › create › should handle transaction rollback on error

    DATABASE_URL_TEST must be set in environment variables

    [0m [90m 12 |[39m   getTestURL()[33m:[39m string {
     [90m 13 |[39m     [36mif[39m ([33m![39mprocess[33m.[39menv[33m.[39m[33mDATABASE_URL_TEST[39m) {
    [31m[1m>[22m[39m[90m 14 |[39m       [36mthrow[39m [36mnew[39m [33mError[39m([32m'DATABASE_URL_TEST must be set in environment variables'[39m)[33m;[39m
     [90m    |[39m             [31m[1m^[22m[39m
     [90m 15 |[39m     }
     [90m 16 |[39m     [36mreturn[39m process[33m.[39menv[33m.[39m[33mDATABASE_URL_TEST[39m[33m;[39m
     [90m 17 |[39m   }[0m

      at DatabaseConfigService.getTestURL (src/config/database-config.service.ts:14:13)
      at new PrismaService (src/prisma/prisma.service.ts:18:24)
      at TestingInjector.instantiateClass (node_modules/@nestjs/core/injector/injector.js:422:19)
      at callback (node_modules/@nestjs/core/injector/injector.js:70:45)
      at TestingInjector.resolveConstructorParams (node_modules/@nestjs/core/injector/injector.js:170:24)
      at TestingInjector.loadInstance (node_modules/@nestjs/core/injector/injector.js:75:13)
      at TestingInjector.loadProvider (node_modules/@nestjs/core/injector/injector.js:103:9)
      at node_modules/@nestjs/core/injector/instance-loader.js:56:13
          at async Promise.all (index 4)
      at TestingInstanceLoader.createInstancesOfProviders (node_modules/@nestjs/core/injector/instance-loader.js:55:9)
      at node_modules/@nestjs/core/injector/instance-loader.js:40:13
          at async Promise.all (index 3)
      at TestingInstanceLoader.createInstances (node_modules/@nestjs/core/injector/instance-loader.js:39:9)
      at TestingInstanceLoader.createInstancesOfDependencies (node_modules/@nestjs/core/injector/instance-loader.js:22:13)
      at TestingInstanceLoader.createInstancesOfDependencies (node_modules/@nestjs/testing/testing-instance-loader.js:9:9)
      at TestingModuleBuilder.createInstancesOfDependencies (node_modules/@nestjs/testing/testing-module.builder.js:118:9)
      at TestingModuleBuilder.compile (node_modules/@nestjs/testing/testing-module.builder.js:74:9)
      at Object.<anonymous> (test/integration/friend.e2e-spec.ts:31:42)

  ● FriendService (e2e) › findAll › should return all friendships

    DATABASE_URL_TEST must be set in environment variables

    [0m [90m 12 |[39m   getTestURL()[33m:[39m string {
     [90m 13 |[39m     [36mif[39m ([33m![39mprocess[33m.[39menv[33m.[39m[33mDATABASE_URL_TEST[39m) {
    [31m[1m>[22m[39m[90m 14 |[39m       [36mthrow[39m [36mnew[39m [33mError[39m([32m'DATABASE_URL_TEST must be set in environment variables'[39m)[33m;[39m
     [90m    |[39m             [31m[1m^[22m[39m
     [90m 15 |[39m     }
     [90m 16 |[39m     [36mreturn[39m process[33m.[39menv[33m.[39m[33mDATABASE_URL_TEST[39m[33m;[39m
     [90m 17 |[39m   }[0m

      at DatabaseConfigService.getTestURL (src/config/database-config.service.ts:14:13)
      at new PrismaService (src/prisma/prisma.service.ts:18:24)
      at TestingInjector.instantiateClass (node_modules/@nestjs/core/injector/injector.js:422:19)
      at callback (node_modules/@nestjs/core/injector/injector.js:70:45)
      at TestingInjector.resolveConstructorParams (node_modules/@nestjs/core/injector/injector.js:170:24)
      at TestingInjector.loadInstance (node_modules/@nestjs/core/injector/injector.js:75:13)
      at TestingInjector.loadProvider (node_modules/@nestjs/core/injector/injector.js:103:9)
      at node_modules/@nestjs/core/injector/instance-loader.js:56:13
          at async Promise.all (index 4)
      at TestingInstanceLoader.createInstancesOfProviders (node_modules/@nestjs/core/injector/instance-loader.js:55:9)
      at node_modules/@nestjs/core/injector/instance-loader.js:40:13
          at async Promise.all (index 3)
      at TestingInstanceLoader.createInstances (node_modules/@nestjs/core/injector/instance-loader.js:39:9)
      at TestingInstanceLoader.createInstancesOfDependencies (node_modules/@nestjs/core/injector/instance-loader.js:22:13)
      at TestingInstanceLoader.createInstancesOfDependencies (node_modules/@nestjs/testing/testing-instance-loader.js:9:9)
      at TestingModuleBuilder.createInstancesOfDependencies (node_modules/@nestjs/testing/testing-module.builder.js:118:9)
      at TestingModuleBuilder.compile (node_modules/@nestjs/testing/testing-module.builder.js:74:9)
      at Object.<anonymous> (test/integration/friend.e2e-spec.ts:31:42)

  ● FriendService (e2e) › findAll › should return friendships with pagination

    DATABASE_URL_TEST must be set in environment variables

    [0m [90m 12 |[39m   getTestURL()[33m:[39m string {
     [90m 13 |[39m     [36mif[39m ([33m![39mprocess[33m.[39menv[33m.[39m[33mDATABASE_URL_TEST[39m) {
    [31m[1m>[22m[39m[90m 14 |[39m       [36mthrow[39m [36mnew[39m [33mError[39m([32m'DATABASE_URL_TEST must be set in environment variables'[39m)[33m;[39m
     [90m    |[39m             [31m[1m^[22m[39m
     [90m 15 |[39m     }
     [90m 16 |[39m     [36mreturn[39m process[33m.[39menv[33m.[39m[33mDATABASE_URL_TEST[39m[33m;[39m
     [90m 17 |[39m   }[0m

      at DatabaseConfigService.getTestURL (src/config/database-config.service.ts:14:13)
      at new PrismaService (src/prisma/prisma.service.ts:18:24)
      at TestingInjector.instantiateClass (node_modules/@nestjs/core/injector/injector.js:422:19)
      at callback (node_modules/@nestjs/core/injector/injector.js:70:45)
      at TestingInjector.resolveConstructorParams (node_modules/@nestjs/core/injector/injector.js:170:24)
      at TestingInjector.loadInstance (node_modules/@nestjs/core/injector/injector.js:75:13)
      at TestingInjector.loadProvider (node_modules/@nestjs/core/injector/injector.js:103:9)
      at node_modules/@nestjs/core/injector/instance-loader.js:56:13
          at async Promise.all (index 4)
      at TestingInstanceLoader.createInstancesOfProviders (node_modules/@nestjs/core/injector/instance-loader.js:55:9)
      at node_modules/@nestjs/core/injector/instance-loader.js:40:13
          at async Promise.all (index 3)
      at TestingInstanceLoader.createInstances (node_modules/@nestjs/core/injector/instance-loader.js:39:9)
      at TestingInstanceLoader.createInstancesOfDependencies (node_modules/@nestjs/core/injector/instance-loader.js:22:13)
      at TestingInstanceLoader.createInstancesOfDependencies (node_modules/@nestjs/testing/testing-instance-loader.js:9:9)
      at TestingModuleBuilder.createInstancesOfDependencies (node_modules/@nestjs/testing/testing-module.builder.js:118:9)
      at TestingModuleBuilder.compile (node_modules/@nestjs/testing/testing-module.builder.js:74:9)
      at Object.<anonymous> (test/integration/friend.e2e-spec.ts:31:42)

  ● FriendService (e2e) › findAll › should return empty array when no friendships exist

    DATABASE_URL_TEST must be set in environment variables

    [0m [90m 12 |[39m   getTestURL()[33m:[39m string {
     [90m 13 |[39m     [36mif[39m ([33m![39mprocess[33m.[39menv[33m.[39m[33mDATABASE_URL_TEST[39m) {
    [31m[1m>[22m[39m[90m 14 |[39m       [36mthrow[39m [36mnew[39m [33mError[39m([32m'DATABASE_URL_TEST must be set in environment variables'[39m)[33m;[39m
     [90m    |[39m             [31m[1m^[22m[39m
     [90m 15 |[39m     }
     [90m 16 |[39m     [36mreturn[39m process[33m.[39menv[33m.[39m[33mDATABASE_URL_TEST[39m[33m;[39m
     [90m 17 |[39m   }[0m

      at DatabaseConfigService.getTestURL (src/config/database-config.service.ts:14:13)
      at new PrismaService (src/prisma/prisma.service.ts:18:24)
      at TestingInjector.instantiateClass (node_modules/@nestjs/core/injector/injector.js:422:19)
      at callback (node_modules/@nestjs/core/injector/injector.js:70:45)
      at TestingInjector.resolveConstructorParams (node_modules/@nestjs/core/injector/injector.js:170:24)
      at TestingInjector.loadInstance (node_modules/@nestjs/core/injector/injector.js:75:13)
      at TestingInjector.loadProvider (node_modules/@nestjs/core/injector/injector.js:103:9)
      at node_modules/@nestjs/core/injector/instance-loader.js:56:13
          at async Promise.all (index 4)
      at TestingInstanceLoader.createInstancesOfProviders (node_modules/@nestjs/core/injector/instance-loader.js:55:9)
      at node_modules/@nestjs/core/injector/instance-loader.js:40:13
          at async Promise.all (index 3)
      at TestingInstanceLoader.createInstances (node_modules/@nestjs/core/injector/instance-loader.js:39:9)
      at TestingInstanceLoader.createInstancesOfDependencies (node_modules/@nestjs/core/injector/instance-loader.js:22:13)
      at TestingInstanceLoader.createInstancesOfDependencies (node_modules/@nestjs/testing/testing-instance-loader.js:9:9)
      at TestingModuleBuilder.createInstancesOfDependencies (node_modules/@nestjs/testing/testing-module.builder.js:118:9)
      at TestingModuleBuilder.compile (node_modules/@nestjs/testing/testing-module.builder.js:74:9)
      at Object.<anonymous> (test/integration/friend.e2e-spec.ts:31:42)

  ● FriendService (e2e) › findByUser › should return all friends of a user

    DATABASE_URL_TEST must be set in environment variables

    [0m [90m 12 |[39m   getTestURL()[33m:[39m string {
     [90m 13 |[39m     [36mif[39m ([33m![39mprocess[33m.[39menv[33m.[39m[33mDATABASE_URL_TEST[39m) {
    [31m[1m>[22m[39m[90m 14 |[39m       [36mthrow[39m [36mnew[39m [33mError[39m([32m'DATABASE_URL_TEST must be set in environment variables'[39m)[33m;[39m
     [90m    |[39m             [31m[1m^[22m[39m
     [90m 15 |[39m     }
     [90m 16 |[39m     [36mreturn[39m process[33m.[39menv[33m.[39m[33mDATABASE_URL_TEST[39m[33m;[39m
     [90m 17 |[39m   }[0m

      at DatabaseConfigService.getTestURL (src/config/database-config.service.ts:14:13)
      at new PrismaService (src/prisma/prisma.service.ts:18:24)
      at TestingInjector.instantiateClass (node_modules/@nestjs/core/injector/injector.js:422:19)
      at callback (node_modules/@nestjs/core/injector/injector.js:70:45)
      at TestingInjector.resolveConstructorParams (node_modules/@nestjs/core/injector/injector.js:170:24)
      at TestingInjector.loadInstance (node_modules/@nestjs/core/injector/injector.js:75:13)
      at TestingInjector.loadProvider (node_modules/@nestjs/core/injector/injector.js:103:9)
      at node_modules/@nestjs/core/injector/instance-loader.js:56:13
          at async Promise.all (index 4)
      at TestingInstanceLoader.createInstancesOfProviders (node_modules/@nestjs/core/injector/instance-loader.js:55:9)
      at node_modules/@nestjs/core/injector/instance-loader.js:40:13
          at async Promise.all (index 3)
      at TestingInstanceLoader.createInstances (node_modules/@nestjs/core/injector/instance-loader.js:39:9)
      at TestingInstanceLoader.createInstancesOfDependencies (node_modules/@nestjs/core/injector/instance-loader.js:22:13)
      at TestingInstanceLoader.createInstancesOfDependencies (node_modules/@nestjs/testing/testing-instance-loader.js:9:9)
      at TestingModuleBuilder.createInstancesOfDependencies (node_modules/@nestjs/testing/testing-module.builder.js:118:9)
      at TestingModuleBuilder.compile (node_modules/@nestjs/testing/testing-module.builder.js:74:9)
      at Object.<anonymous> (test/integration/friend.e2e-spec.ts:31:42)

  ● FriendService (e2e) › findByUser › should return friendships with pagination

    DATABASE_URL_TEST must be set in environment variables

    [0m [90m 12 |[39m   getTestURL()[33m:[39m string {
     [90m 13 |[39m     [36mif[39m ([33m![39mprocess[33m.[39menv[33m.[39m[33mDATABASE_URL_TEST[39m) {
    [31m[1m>[22m[39m[90m 14 |[39m       [36mthrow[39m [36mnew[39m [33mError[39m([32m'DATABASE_URL_TEST must be set in environment variables'[39m)[33m;[39m
     [90m    |[39m             [31m[1m^[22m[39m
     [90m 15 |[39m     }
     [90m 16 |[39m     [36mreturn[39m process[33m.[39menv[33m.[39m[33mDATABASE_URL_TEST[39m[33m;[39m
     [90m 17 |[39m   }[0m

      at DatabaseConfigService.getTestURL (src/config/database-config.service.ts:14:13)
      at new PrismaService (src/prisma/prisma.service.ts:18:24)
      at TestingInjector.instantiateClass (node_modules/@nestjs/core/injector/injector.js:422:19)
      at callback (node_modules/@nestjs/core/injector/injector.js:70:45)
      at TestingInjector.resolveConstructorParams (node_modules/@nestjs/core/injector/injector.js:170:24)
      at TestingInjector.loadInstance (node_modules/@nestjs/core/injector/injector.js:75:13)
      at TestingInjector.loadProvider (node_modules/@nestjs/core/injector/injector.js:103:9)
      at node_modules/@nestjs/core/injector/instance-loader.js:56:13
          at async Promise.all (index 4)
      at TestingInstanceLoader.createInstancesOfProviders (node_modules/@nestjs/core/injector/instance-loader.js:55:9)
      at node_modules/@nestjs/core/injector/instance-loader.js:40:13
          at async Promise.all (index 3)
      at TestingInstanceLoader.createInstances (node_modules/@nestjs/core/injector/instance-loader.js:39:9)
      at TestingInstanceLoader.createInstancesOfDependencies (node_modules/@nestjs/core/injector/instance-loader.js:22:13)
      at TestingInstanceLoader.createInstancesOfDependencies (node_modules/@nestjs/testing/testing-instance-loader.js:9:9)
      at TestingModuleBuilder.createInstancesOfDependencies (node_modules/@nestjs/testing/testing-module.builder.js:118:9)
      at TestingModuleBuilder.compile (node_modules/@nestjs/testing/testing-module.builder.js:74:9)
      at Object.<anonymous> (test/integration/friend.e2e-spec.ts:31:42)

  ● FriendService (e2e) › findByUser › should throw NotFoundException when user does not exist

    DATABASE_URL_TEST must be set in environment variables

    [0m [90m 12 |[39m   getTestURL()[33m:[39m string {
     [90m 13 |[39m     [36mif[39m ([33m![39mprocess[33m.[39menv[33m.[39m[33mDATABASE_URL_TEST[39m) {
    [31m[1m>[22m[39m[90m 14 |[39m       [36mthrow[39m [36mnew[39m [33mError[39m([32m'DATABASE_URL_TEST must be set in environment variables'[39m)[33m;[39m
     [90m    |[39m             [31m[1m^[22m[39m
     [90m 15 |[39m     }
     [90m 16 |[39m     [36mreturn[39m process[33m.[39menv[33m.[39m[33mDATABASE_URL_TEST[39m[33m;[39m
     [90m 17 |[39m   }[0m

      at DatabaseConfigService.getTestURL (src/config/database-config.service.ts:14:13)
      at new PrismaService (src/prisma/prisma.service.ts:18:24)
      at TestingInjector.instantiateClass (node_modules/@nestjs/core/injector/injector.js:422:19)
      at callback (node_modules/@nestjs/core/injector/injector.js:70:45)
      at TestingInjector.resolveConstructorParams (node_modules/@nestjs/core/injector/injector.js:170:24)
      at TestingInjector.loadInstance (node_modules/@nestjs/core/injector/injector.js:75:13)
      at TestingInjector.loadProvider (node_modules/@nestjs/core/injector/injector.js:103:9)
      at node_modules/@nestjs/core/injector/instance-loader.js:56:13
          at async Promise.all (index 4)
      at TestingInstanceLoader.createInstancesOfProviders (node_modules/@nestjs/core/injector/instance-loader.js:55:9)
      at node_modules/@nestjs/core/injector/instance-loader.js:40:13
          at async Promise.all (index 3)
      at TestingInstanceLoader.createInstances (node_modules/@nestjs/core/injector/instance-loader.js:39:9)
      at TestingInstanceLoader.createInstancesOfDependencies (node_modules/@nestjs/core/injector/instance-loader.js:22:13)
      at TestingInstanceLoader.createInstancesOfDependencies (node_modules/@nestjs/testing/testing-instance-loader.js:9:9)
      at TestingModuleBuilder.createInstancesOfDependencies (node_modules/@nestjs/testing/testing-module.builder.js:118:9)
      at TestingModuleBuilder.compile (node_modules/@nestjs/testing/testing-module.builder.js:74:9)
      at Object.<anonymous> (test/integration/friend.e2e-spec.ts:31:42)

  ● FriendService (e2e) › findByUser › should return empty array when user has no friends

    DATABASE_URL_TEST must be set in environment variables

    [0m [90m 12 |[39m   getTestURL()[33m:[39m string {
     [90m 13 |[39m     [36mif[39m ([33m![39mprocess[33m.[39menv[33m.[39m[33mDATABASE_URL_TEST[39m) {
    [31m[1m>[22m[39m[90m 14 |[39m       [36mthrow[39m [36mnew[39m [33mError[39m([32m'DATABASE_URL_TEST must be set in environment variables'[39m)[33m;[39m
     [90m    |[39m             [31m[1m^[22m[39m
     [90m 15 |[39m     }
     [90m 16 |[39m     [36mreturn[39m process[33m.[39menv[33m.[39m[33mDATABASE_URL_TEST[39m[33m;[39m
     [90m 17 |[39m   }[0m

      at DatabaseConfigService.getTestURL (src/config/database-config.service.ts:14:13)
      at new PrismaService (src/prisma/prisma.service.ts:18:24)
      at TestingInjector.instantiateClass (node_modules/@nestjs/core/injector/injector.js:422:19)
      at callback (node_modules/@nestjs/core/injector/injector.js:70:45)
      at TestingInjector.resolveConstructorParams (node_modules/@nestjs/core/injector/injector.js:170:24)
      at TestingInjector.loadInstance (node_modules/@nestjs/core/injector/injector.js:75:13)
      at TestingInjector.loadProvider (node_modules/@nestjs/core/injector/injector.js:103:9)
      at node_modules/@nestjs/core/injector/instance-loader.js:56:13
          at async Promise.all (index 4)
      at TestingInstanceLoader.createInstancesOfProviders (node_modules/@nestjs/core/injector/instance-loader.js:55:9)
      at node_modules/@nestjs/core/injector/instance-loader.js:40:13
          at async Promise.all (index 3)
      at TestingInstanceLoader.createInstances (node_modules/@nestjs/core/injector/instance-loader.js:39:9)
      at TestingInstanceLoader.createInstancesOfDependencies (node_modules/@nestjs/core/injector/instance-loader.js:22:13)
      at TestingInstanceLoader.createInstancesOfDependencies (node_modules/@nestjs/testing/testing-instance-loader.js:9:9)
      at TestingModuleBuilder.createInstancesOfDependencies (node_modules/@nestjs/testing/testing-module.builder.js:118:9)
      at TestingModuleBuilder.compile (node_modules/@nestjs/testing/testing-module.builder.js:74:9)
      at Object.<anonymous> (test/integration/friend.e2e-spec.ts:31:42)

  ● FriendService (e2e) › findByFriend › should return all users who have this user as friend

    DATABASE_URL_TEST must be set in environment variables

    [0m [90m 12 |[39m   getTestURL()[33m:[39m string {
     [90m 13 |[39m     [36mif[39m ([33m![39mprocess[33m.[39menv[33m.[39m[33mDATABASE_URL_TEST[39m) {
    [31m[1m>[22m[39m[90m 14 |[39m       [36mthrow[39m [36mnew[39m [33mError[39m([32m'DATABASE_URL_TEST must be set in environment variables'[39m)[33m;[39m
     [90m    |[39m             [31m[1m^[22m[39m
     [90m 15 |[39m     }
     [90m 16 |[39m     [36mreturn[39m process[33m.[39menv[33m.[39m[33mDATABASE_URL_TEST[39m[33m;[39m
     [90m 17 |[39m   }[0m

      at DatabaseConfigService.getTestURL (src/config/database-config.service.ts:14:13)
      at new PrismaService (src/prisma/prisma.service.ts:18:24)
      at TestingInjector.instantiateClass (node_modules/@nestjs/core/injector/injector.js:422:19)
      at callback (node_modules/@nestjs/core/injector/injector.js:70:45)
      at TestingInjector.resolveConstructorParams (node_modules/@nestjs/core/injector/injector.js:170:24)
      at TestingInjector.loadInstance (node_modules/@nestjs/core/injector/injector.js:75:13)
      at TestingInjector.loadProvider (node_modules/@nestjs/core/injector/injector.js:103:9)
      at node_modules/@nestjs/core/injector/instance-loader.js:56:13
          at async Promise.all (index 4)
      at TestingInstanceLoader.createInstancesOfProviders (node_modules/@nestjs/core/injector/instance-loader.js:55:9)
      at node_modules/@nestjs/core/injector/instance-loader.js:40:13
          at async Promise.all (index 3)
      at TestingInstanceLoader.createInstances (node_modules/@nestjs/core/injector/instance-loader.js:39:9)
      at TestingInstanceLoader.createInstancesOfDependencies (node_modules/@nestjs/core/injector/instance-loader.js:22:13)
      at TestingInstanceLoader.createInstancesOfDependencies (node_modules/@nestjs/testing/testing-instance-loader.js:9:9)
      at TestingModuleBuilder.createInstancesOfDependencies (node_modules/@nestjs/testing/testing-module.builder.js:118:9)
      at TestingModuleBuilder.compile (node_modules/@nestjs/testing/testing-module.builder.js:74:9)
      at Object.<anonymous> (test/integration/friend.e2e-spec.ts:31:42)

  ● FriendService (e2e) › findByFriend › should return friendships with pagination

    DATABASE_URL_TEST must be set in environment variables

    [0m [90m 12 |[39m   getTestURL()[33m:[39m string {
     [90m 13 |[39m     [36mif[39m ([33m![39mprocess[33m.[39menv[33m.[39m[33mDATABASE_URL_TEST[39m) {
    [31m[1m>[22m[39m[90m 14 |[39m       [36mthrow[39m [36mnew[39m [33mError[39m([32m'DATABASE_URL_TEST must be set in environment variables'[39m)[33m;[39m
     [90m    |[39m             [31m[1m^[22m[39m
     [90m 15 |[39m     }
     [90m 16 |[39m     [36mreturn[39m process[33m.[39menv[33m.[39m[33mDATABASE_URL_TEST[39m[33m;[39m
     [90m 17 |[39m   }[0m

      at DatabaseConfigService.getTestURL (src/config/database-config.service.ts:14:13)
      at new PrismaService (src/prisma/prisma.service.ts:18:24)
      at TestingInjector.instantiateClass (node_modules/@nestjs/core/injector/injector.js:422:19)
      at callback (node_modules/@nestjs/core/injector/injector.js:70:45)
      at TestingInjector.resolveConstructorParams (node_modules/@nestjs/core/injector/injector.js:170:24)
      at TestingInjector.loadInstance (node_modules/@nestjs/core/injector/injector.js:75:13)
      at TestingInjector.loadProvider (node_modules/@nestjs/core/injector/injector.js:103:9)
      at node_modules/@nestjs/core/injector/instance-loader.js:56:13
          at async Promise.all (index 4)
      at TestingInstanceLoader.createInstancesOfProviders (node_modules/@nestjs/core/injector/instance-loader.js:55:9)
      at node_modules/@nestjs/core/injector/instance-loader.js:40:13
          at async Promise.all (index 3)
      at TestingInstanceLoader.createInstances (node_modules/@nestjs/core/injector/instance-loader.js:39:9)
      at TestingInstanceLoader.createInstancesOfDependencies (node_modules/@nestjs/core/injector/instance-loader.js:22:13)
      at TestingInstanceLoader.createInstancesOfDependencies (node_modules/@nestjs/testing/testing-instance-loader.js:9:9)
      at TestingModuleBuilder.createInstancesOfDependencies (node_modules/@nestjs/testing/testing-module.builder.js:118:9)
      at TestingModuleBuilder.compile (node_modules/@nestjs/testing/testing-module.builder.js:74:9)
      at Object.<anonymous> (test/integration/friend.e2e-spec.ts:31:42)

  ● FriendService (e2e) › findByFriend › should throw NotFoundException when friend does not exist

    DATABASE_URL_TEST must be set in environment variables

    [0m [90m 12 |[39m   getTestURL()[33m:[39m string {
     [90m 13 |[39m     [36mif[39m ([33m![39mprocess[33m.[39menv[33m.[39m[33mDATABASE_URL_TEST[39m) {
    [31m[1m>[22m[39m[90m 14 |[39m       [36mthrow[39m [36mnew[39m [33mError[39m([32m'DATABASE_URL_TEST must be set in environment variables'[39m)[33m;[39m
     [90m    |[39m             [31m[1m^[22m[39m
     [90m 15 |[39m     }
     [90m 16 |[39m     [36mreturn[39m process[33m.[39menv[33m.[39m[33mDATABASE_URL_TEST[39m[33m;[39m
     [90m 17 |[39m   }[0m

      at DatabaseConfigService.getTestURL (src/config/database-config.service.ts:14:13)
      at new PrismaService (src/prisma/prisma.service.ts:18:24)
      at TestingInjector.instantiateClass (node_modules/@nestjs/core/injector/injector.js:422:19)
      at callback (node_modules/@nestjs/core/injector/injector.js:70:45)
      at TestingInjector.resolveConstructorParams (node_modules/@nestjs/core/injector/injector.js:170:24)
      at TestingInjector.loadInstance (node_modules/@nestjs/core/injector/injector.js:75:13)
      at TestingInjector.loadProvider (node_modules/@nestjs/core/injector/injector.js:103:9)
      at node_modules/@nestjs/core/injector/instance-loader.js:56:13
          at async Promise.all (index 4)
      at TestingInstanceLoader.createInstancesOfProviders (node_modules/@nestjs/core/injector/instance-loader.js:55:9)
      at node_modules/@nestjs/core/injector/instance-loader.js:40:13
          at async Promise.all (index 3)
      at TestingInstanceLoader.createInstances (node_modules/@nestjs/core/injector/instance-loader.js:39:9)
      at TestingInstanceLoader.createInstancesOfDependencies (node_modules/@nestjs/core/injector/instance-loader.js:22:13)
      at TestingInstanceLoader.createInstancesOfDependencies (node_modules/@nestjs/testing/testing-instance-loader.js:9:9)
      at TestingModuleBuilder.createInstancesOfDependencies (node_modules/@nestjs/testing/testing-module.builder.js:118:9)
      at TestingModuleBuilder.compile (node_modules/@nestjs/testing/testing-module.builder.js:74:9)
      at Object.<anonymous> (test/integration/friend.e2e-spec.ts:31:42)

  ● FriendService (e2e) › findByFriend › should return empty array when no users have this user as friend

    DATABASE_URL_TEST must be set in environment variables

    [0m [90m 12 |[39m   getTestURL()[33m:[39m string {
     [90m 13 |[39m     [36mif[39m ([33m![39mprocess[33m.[39menv[33m.[39m[33mDATABASE_URL_TEST[39m) {
    [31m[1m>[22m[39m[90m 14 |[39m       [36mthrow[39m [36mnew[39m [33mError[39m([32m'DATABASE_URL_TEST must be set in environment variables'[39m)[33m;[39m
     [90m    |[39m             [31m[1m^[22m[39m
     [90m 15 |[39m     }
     [90m 16 |[39m     [36mreturn[39m process[33m.[39menv[33m.[39m[33mDATABASE_URL_TEST[39m[33m;[39m
     [90m 17 |[39m   }[0m

      at DatabaseConfigService.getTestURL (src/config/database-config.service.ts:14:13)
      at new PrismaService (src/prisma/prisma.service.ts:18:24)
      at TestingInjector.instantiateClass (node_modules/@nestjs/core/injector/injector.js:422:19)
      at callback (node_modules/@nestjs/core/injector/injector.js:70:45)
      at TestingInjector.resolveConstructorParams (node_modules/@nestjs/core/injector/injector.js:170:24)
      at TestingInjector.loadInstance (node_modules/@nestjs/core/injector/injector.js:75:13)
      at TestingInjector.loadProvider (node_modules/@nestjs/core/injector/injector.js:103:9)
      at node_modules/@nestjs/core/injector/instance-loader.js:56:13
          at async Promise.all (index 4)
      at TestingInstanceLoader.createInstancesOfProviders (node_modules/@nestjs/core/injector/instance-loader.js:55:9)
      at node_modules/@nestjs/core/injector/instance-loader.js:40:13
          at async Promise.all (index 3)
      at TestingInstanceLoader.createInstances (node_modules/@nestjs/core/injector/instance-loader.js:39:9)
      at TestingInstanceLoader.createInstancesOfDependencies (node_modules/@nestjs/core/injector/instance-loader.js:22:13)
      at TestingInstanceLoader.createInstancesOfDependencies (node_modules/@nestjs/testing/testing-instance-loader.js:9:9)
      at TestingModuleBuilder.createInstancesOfDependencies (node_modules/@nestjs/testing/testing-module.builder.js:118:9)
      at TestingModuleBuilder.compile (node_modules/@nestjs/testing/testing-module.builder.js:74:9)
      at Object.<anonymous> (test/integration/friend.e2e-spec.ts:31:42)

  ● FriendService (e2e) › findOne › should return a specific friendship

    DATABASE_URL_TEST must be set in environment variables

    [0m [90m 12 |[39m   getTestURL()[33m:[39m string {
     [90m 13 |[39m     [36mif[39m ([33m![39mprocess[33m.[39menv[33m.[39m[33mDATABASE_URL_TEST[39m) {
    [31m[1m>[22m[39m[90m 14 |[39m       [36mthrow[39m [36mnew[39m [33mError[39m([32m'DATABASE_URL_TEST must be set in environment variables'[39m)[33m;[39m
     [90m    |[39m             [31m[1m^[22m[39m
     [90m 15 |[39m     }
     [90m 16 |[39m     [36mreturn[39m process[33m.[39menv[33m.[39m[33mDATABASE_URL_TEST[39m[33m;[39m
     [90m 17 |[39m   }[0m

      at DatabaseConfigService.getTestURL (src/config/database-config.service.ts:14:13)
      at new PrismaService (src/prisma/prisma.service.ts:18:24)
      at TestingInjector.instantiateClass (node_modules/@nestjs/core/injector/injector.js:422:19)
      at callback (node_modules/@nestjs/core/injector/injector.js:70:45)
      at TestingInjector.resolveConstructorParams (node_modules/@nestjs/core/injector/injector.js:170:24)
      at TestingInjector.loadInstance (node_modules/@nestjs/core/injector/injector.js:75:13)
      at TestingInjector.loadProvider (node_modules/@nestjs/core/injector/injector.js:103:9)
      at node_modules/@nestjs/core/injector/instance-loader.js:56:13
          at async Promise.all (index 4)
      at TestingInstanceLoader.createInstancesOfProviders (node_modules/@nestjs/core/injector/instance-loader.js:55:9)
      at node_modules/@nestjs/core/injector/instance-loader.js:40:13
          at async Promise.all (index 3)
      at TestingInstanceLoader.createInstances (node_modules/@nestjs/core/injector/instance-loader.js:39:9)
      at TestingInstanceLoader.createInstancesOfDependencies (node_modules/@nestjs/core/injector/instance-loader.js:22:13)
      at TestingInstanceLoader.createInstancesOfDependencies (node_modules/@nestjs/testing/testing-instance-loader.js:9:9)
      at TestingModuleBuilder.createInstancesOfDependencies (node_modules/@nestjs/testing/testing-module.builder.js:118:9)
      at TestingModuleBuilder.compile (node_modules/@nestjs/testing/testing-module.builder.js:74:9)
      at Object.<anonymous> (test/integration/friend.e2e-spec.ts:31:42)

  ● FriendService (e2e) › findOne › should throw NotFoundException when friendship does not exist

    DATABASE_URL_TEST must be set in environment variables

    [0m [90m 12 |[39m   getTestURL()[33m:[39m string {
     [90m 13 |[39m     [36mif[39m ([33m![39mprocess[33m.[39menv[33m.[39m[33mDATABASE_URL_TEST[39m) {
    [31m[1m>[22m[39m[90m 14 |[39m       [36mthrow[39m [36mnew[39m [33mError[39m([32m'DATABASE_URL_TEST must be set in environment variables'[39m)[33m;[39m
     [90m    |[39m             [31m[1m^[22m[39m
     [90m 15 |[39m     }
     [90m 16 |[39m     [36mreturn[39m process[33m.[39menv[33m.[39m[33mDATABASE_URL_TEST[39m[33m;[39m
     [90m 17 |[39m   }[0m

      at DatabaseConfigService.getTestURL (src/config/database-config.service.ts:14:13)
      at new PrismaService (src/prisma/prisma.service.ts:18:24)
      at TestingInjector.instantiateClass (node_modules/@nestjs/core/injector/injector.js:422:19)
      at callback (node_modules/@nestjs/core/injector/injector.js:70:45)
      at TestingInjector.resolveConstructorParams (node_modules/@nestjs/core/injector/injector.js:170:24)
      at TestingInjector.loadInstance (node_modules/@nestjs/core/injector/injector.js:75:13)
      at TestingInjector.loadProvider (node_modules/@nestjs/core/injector/injector.js:103:9)
      at node_modules/@nestjs/core/injector/instance-loader.js:56:13
          at async Promise.all (index 4)
      at TestingInstanceLoader.createInstancesOfProviders (node_modules/@nestjs/core/injector/instance-loader.js:55:9)
      at node_modules/@nestjs/core/injector/instance-loader.js:40:13
          at async Promise.all (index 3)
      at TestingInstanceLoader.createInstances (node_modules/@nestjs/core/injector/instance-loader.js:39:9)
      at TestingInstanceLoader.createInstancesOfDependencies (node_modules/@nestjs/core/injector/instance-loader.js:22:13)
      at TestingInstanceLoader.createInstancesOfDependencies (node_modules/@nestjs/testing/testing-instance-loader.js:9:9)
      at TestingModuleBuilder.createInstancesOfDependencies (node_modules/@nestjs/testing/testing-module.builder.js:118:9)
      at TestingModuleBuilder.compile (node_modules/@nestjs/testing/testing-module.builder.js:74:9)
      at Object.<anonymous> (test/integration/friend.e2e-spec.ts:31:42)

  ● FriendService (e2e) › findOne › should throw NotFoundException with invalid user_id

    DATABASE_URL_TEST must be set in environment variables

    [0m [90m 12 |[39m   getTestURL()[33m:[39m string {
     [90m 13 |[39m     [36mif[39m ([33m![39mprocess[33m.[39menv[33m.[39m[33mDATABASE_URL_TEST[39m) {
    [31m[1m>[22m[39m[90m 14 |[39m       [36mthrow[39m [36mnew[39m [33mError[39m([32m'DATABASE_URL_TEST must be set in environment variables'[39m)[33m;[39m
     [90m    |[39m             [31m[1m^[22m[39m
     [90m 15 |[39m     }
     [90m 16 |[39m     [36mreturn[39m process[33m.[39menv[33m.[39m[33mDATABASE_URL_TEST[39m[33m;[39m
     [90m 17 |[39m   }[0m

      at DatabaseConfigService.getTestURL (src/config/database-config.service.ts:14:13)
      at new PrismaService (src/prisma/prisma.service.ts:18:24)
      at TestingInjector.instantiateClass (node_modules/@nestjs/core/injector/injector.js:422:19)
      at callback (node_modules/@nestjs/core/injector/injector.js:70:45)
      at TestingInjector.resolveConstructorParams (node_modules/@nestjs/core/injector/injector.js:170:24)
      at TestingInjector.loadInstance (node_modules/@nestjs/core/injector/injector.js:75:13)
      at TestingInjector.loadProvider (node_modules/@nestjs/core/injector/injector.js:103:9)
      at node_modules/@nestjs/core/injector/instance-loader.js:56:13
          at async Promise.all (index 4)
      at TestingInstanceLoader.createInstancesOfProviders (node_modules/@nestjs/core/injector/instance-loader.js:55:9)
      at node_modules/@nestjs/core/injector/instance-loader.js:40:13
          at async Promise.all (index 3)
      at TestingInstanceLoader.createInstances (node_modules/@nestjs/core/injector/instance-loader.js:39:9)
      at TestingInstanceLoader.createInstancesOfDependencies (node_modules/@nestjs/core/injector/instance-loader.js:22:13)
      at TestingInstanceLoader.createInstancesOfDependencies (node_modules/@nestjs/testing/testing-instance-loader.js:9:9)
      at TestingModuleBuilder.createInstancesOfDependencies (node_modules/@nestjs/testing/testing-module.builder.js:118:9)
      at TestingModuleBuilder.compile (node_modules/@nestjs/testing/testing-module.builder.js:74:9)
      at Object.<anonymous> (test/integration/friend.e2e-spec.ts:31:42)

  ● FriendService (e2e) › findOne › should throw NotFoundException with invalid friend_id

    DATABASE_URL_TEST must be set in environment variables

    [0m [90m 12 |[39m   getTestURL()[33m:[39m string {
     [90m 13 |[39m     [36mif[39m ([33m![39mprocess[33m.[39menv[33m.[39m[33mDATABASE_URL_TEST[39m) {
    [31m[1m>[22m[39m[90m 14 |[39m       [36mthrow[39m [36mnew[39m [33mError[39m([32m'DATABASE_URL_TEST must be set in environment variables'[39m)[33m;[39m
     [90m    |[39m             [31m[1m^[22m[39m
     [90m 15 |[39m     }
     [90m 16 |[39m     [36mreturn[39m process[33m.[39menv[33m.[39m[33mDATABASE_URL_TEST[39m[33m;[39m
     [90m 17 |[39m   }[0m

      at DatabaseConfigService.getTestURL (src/config/database-config.service.ts:14:13)
      at new PrismaService (src/prisma/prisma.service.ts:18:24)
      at TestingInjector.instantiateClass (node_modules/@nestjs/core/injector/injector.js:422:19)
      at callback (node_modules/@nestjs/core/injector/injector.js:70:45)
      at TestingInjector.resolveConstructorParams (node_modules/@nestjs/core/injector/injector.js:170:24)
      at TestingInjector.loadInstance (node_modules/@nestjs/core/injector/injector.js:75:13)
      at TestingInjector.loadProvider (node_modules/@nestjs/core/injector/injector.js:103:9)
      at node_modules/@nestjs/core/injector/instance-loader.js:56:13
          at async Promise.all (index 4)
      at TestingInstanceLoader.createInstancesOfProviders (node_modules/@nestjs/core/injector/instance-loader.js:55:9)
      at node_modules/@nestjs/core/injector/instance-loader.js:40:13
          at async Promise.all (index 3)
      at TestingInstanceLoader.createInstances (node_modules/@nestjs/core/injector/instance-loader.js:39:9)
      at TestingInstanceLoader.createInstancesOfDependencies (node_modules/@nestjs/core/injector/instance-loader.js:22:13)
      at TestingInstanceLoader.createInstancesOfDependencies (node_modules/@nestjs/testing/testing-instance-loader.js:9:9)
      at TestingModuleBuilder.createInstancesOfDependencies (node_modules/@nestjs/testing/testing-module.builder.js:118:9)
      at TestingModuleBuilder.compile (node_modules/@nestjs/testing/testing-module.builder.js:74:9)
      at Object.<anonymous> (test/integration/friend.e2e-spec.ts:31:42)

  ● FriendService (e2e) › update › should update friendship status

    DATABASE_URL_TEST must be set in environment variables

    [0m [90m 12 |[39m   getTestURL()[33m:[39m string {
     [90m 13 |[39m     [36mif[39m ([33m![39mprocess[33m.[39menv[33m.[39m[33mDATABASE_URL_TEST[39m) {
    [31m[1m>[22m[39m[90m 14 |[39m       [36mthrow[39m [36mnew[39m [33mError[39m([32m'DATABASE_URL_TEST must be set in environment variables'[39m)[33m;[39m
     [90m    |[39m             [31m[1m^[22m[39m
     [90m 15 |[39m     }
     [90m 16 |[39m     [36mreturn[39m process[33m.[39menv[33m.[39m[33mDATABASE_URL_TEST[39m[33m;[39m
     [90m 17 |[39m   }[0m

      at DatabaseConfigService.getTestURL (src/config/database-config.service.ts:14:13)
      at new PrismaService (src/prisma/prisma.service.ts:18:24)
      at TestingInjector.instantiateClass (node_modules/@nestjs/core/injector/injector.js:422:19)
      at callback (node_modules/@nestjs/core/injector/injector.js:70:45)
      at TestingInjector.resolveConstructorParams (node_modules/@nestjs/core/injector/injector.js:170:24)
      at TestingInjector.loadInstance (node_modules/@nestjs/core/injector/injector.js:75:13)
      at TestingInjector.loadProvider (node_modules/@nestjs/core/injector/injector.js:103:9)
      at node_modules/@nestjs/core/injector/instance-loader.js:56:13
          at async Promise.all (index 4)
      at TestingInstanceLoader.createInstancesOfProviders (node_modules/@nestjs/core/injector/instance-loader.js:55:9)
      at node_modules/@nestjs/core/injector/instance-loader.js:40:13
          at async Promise.all (index 3)
      at TestingInstanceLoader.createInstances (node_modules/@nestjs/core/injector/instance-loader.js:39:9)
      at TestingInstanceLoader.createInstancesOfDependencies (node_modules/@nestjs/core/injector/instance-loader.js:22:13)
      at TestingInstanceLoader.createInstancesOfDependencies (node_modules/@nestjs/testing/testing-instance-loader.js:9:9)
      at TestingModuleBuilder.createInstancesOfDependencies (node_modules/@nestjs/testing/testing-module.builder.js:118:9)
      at TestingModuleBuilder.compile (node_modules/@nestjs/testing/testing-module.builder.js:74:9)
      at Object.<anonymous> (test/integration/friend.e2e-spec.ts:31:42)

  ● FriendService (e2e) › update › should update friendship status to blocked

    DATABASE_URL_TEST must be set in environment variables

    [0m [90m 12 |[39m   getTestURL()[33m:[39m string {
     [90m 13 |[39m     [36mif[39m ([33m![39mprocess[33m.[39menv[33m.[39m[33mDATABASE_URL_TEST[39m) {
    [31m[1m>[22m[39m[90m 14 |[39m       [36mthrow[39m [36mnew[39m [33mError[39m([32m'DATABASE_URL_TEST must be set in environment variables'[39m)[33m;[39m
     [90m    |[39m             [31m[1m^[22m[39m
     [90m 15 |[39m     }
     [90m 16 |[39m     [36mreturn[39m process[33m.[39menv[33m.[39m[33mDATABASE_URL_TEST[39m[33m;[39m
     [90m 17 |[39m   }[0m

      at DatabaseConfigService.getTestURL (src/config/database-config.service.ts:14:13)
      at new PrismaService (src/prisma/prisma.service.ts:18:24)
      at TestingInjector.instantiateClass (node_modules/@nestjs/core/injector/injector.js:422:19)
      at callback (node_modules/@nestjs/core/injector/injector.js:70:45)
      at TestingInjector.resolveConstructorParams (node_modules/@nestjs/core/injector/injector.js:170:24)
      at TestingInjector.loadInstance (node_modules/@nestjs/core/injector/injector.js:75:13)
      at TestingInjector.loadProvider (node_modules/@nestjs/core/injector/injector.js:103:9)
      at node_modules/@nestjs/core/injector/instance-loader.js:56:13
          at async Promise.all (index 4)
      at TestingInstanceLoader.createInstancesOfProviders (node_modules/@nestjs/core/injector/instance-loader.js:55:9)
      at node_modules/@nestjs/core/injector/instance-loader.js:40:13
          at async Promise.all (index 3)
      at TestingInstanceLoader.createInstances (node_modules/@nestjs/core/injector/instance-loader.js:39:9)
      at TestingInstanceLoader.createInstancesOfDependencies (node_modules/@nestjs/core/injector/instance-loader.js:22:13)
      at TestingInstanceLoader.createInstancesOfDependencies (node_modules/@nestjs/testing/testing-instance-loader.js:9:9)
      at TestingModuleBuilder.createInstancesOfDependencies (node_modules/@nestjs/testing/testing-module.builder.js:118:9)
      at TestingModuleBuilder.compile (node_modules/@nestjs/testing/testing-module.builder.js:74:9)
      at Object.<anonymous> (test/integration/friend.e2e-spec.ts:31:42)

  ● FriendService (e2e) › update › should update friendship status from blocked to accepted

    DATABASE_URL_TEST must be set in environment variables

    [0m [90m 12 |[39m   getTestURL()[33m:[39m string {
     [90m 13 |[39m     [36mif[39m ([33m![39mprocess[33m.[39menv[33m.[39m[33mDATABASE_URL_TEST[39m) {
    [31m[1m>[22m[39m[90m 14 |[39m       [36mthrow[39m [36mnew[39m [33mError[39m([32m'DATABASE_URL_TEST must be set in environment variables'[39m)[33m;[39m
     [90m    |[39m             [31m[1m^[22m[39m
     [90m 15 |[39m     }
     [90m 16 |[39m     [36mreturn[39m process[33m.[39menv[33m.[39m[33mDATABASE_URL_TEST[39m[33m;[39m
     [90m 17 |[39m   }[0m

      at DatabaseConfigService.getTestURL (src/config/database-config.service.ts:14:13)
      at new PrismaService (src/prisma/prisma.service.ts:18:24)
      at TestingInjector.instantiateClass (node_modules/@nestjs/core/injector/injector.js:422:19)
      at callback (node_modules/@nestjs/core/injector/injector.js:70:45)
      at TestingInjector.resolveConstructorParams (node_modules/@nestjs/core/injector/injector.js:170:24)
      at TestingInjector.loadInstance (node_modules/@nestjs/core/injector/injector.js:75:13)
      at TestingInjector.loadProvider (node_modules/@nestjs/core/injector/injector.js:103:9)
      at node_modules/@nestjs/core/injector/instance-loader.js:56:13
          at async Promise.all (index 4)
      at TestingInstanceLoader.createInstancesOfProviders (node_modules/@nestjs/core/injector/instance-loader.js:55:9)
      at node_modules/@nestjs/core/injector/instance-loader.js:40:13
          at async Promise.all (index 3)
      at TestingInstanceLoader.createInstances (node_modules/@nestjs/core/injector/instance-loader.js:39:9)
      at TestingInstanceLoader.createInstancesOfDependencies (node_modules/@nestjs/core/injector/instance-loader.js:22:13)
      at TestingInstanceLoader.createInstancesOfDependencies (node_modules/@nestjs/testing/testing-instance-loader.js:9:9)
      at TestingModuleBuilder.createInstancesOfDependencies (node_modules/@nestjs/testing/testing-module.builder.js:118:9)
      at TestingModuleBuilder.compile (node_modules/@nestjs/testing/testing-module.builder.js:74:9)
      at Object.<anonymous> (test/integration/friend.e2e-spec.ts:31:42)

  ● FriendService (e2e) › update › should throw NotFoundException when friendship does not exist

    DATABASE_URL_TEST must be set in environment variables

    [0m [90m 12 |[39m   getTestURL()[33m:[39m string {
     [90m 13 |[39m     [36mif[39m ([33m![39mprocess[33m.[39menv[33m.[39m[33mDATABASE_URL_TEST[39m) {
    [31m[1m>[22m[39m[90m 14 |[39m       [36mthrow[39m [36mnew[39m [33mError[39m([32m'DATABASE_URL_TEST must be set in environment variables'[39m)[33m;[39m
     [90m    |[39m             [31m[1m^[22m[39m
     [90m 15 |[39m     }
     [90m 16 |[39m     [36mreturn[39m process[33m.[39menv[33m.[39m[33mDATABASE_URL_TEST[39m[33m;[39m
     [90m 17 |[39m   }[0m

      at DatabaseConfigService.getTestURL (src/config/database-config.service.ts:14:13)
      at new PrismaService (src/prisma/prisma.service.ts:18:24)
      at TestingInjector.instantiateClass (node_modules/@nestjs/core/injector/injector.js:422:19)
      at callback (node_modules/@nestjs/core/injector/injector.js:70:45)
      at TestingInjector.resolveConstructorParams (node_modules/@nestjs/core/injector/injector.js:170:24)
      at TestingInjector.loadInstance (node_modules/@nestjs/core/injector/injector.js:75:13)
      at TestingInjector.loadProvider (node_modules/@nestjs/core/injector/injector.js:103:9)
      at node_modules/@nestjs/core/injector/instance-loader.js:56:13
          at async Promise.all (index 4)
      at TestingInstanceLoader.createInstancesOfProviders (node_modules/@nestjs/core/injector/instance-loader.js:55:9)
      at node_modules/@nestjs/core/injector/instance-loader.js:40:13
          at async Promise.all (index 3)
      at TestingInstanceLoader.createInstances (node_modules/@nestjs/core/injector/instance-loader.js:39:9)
      at TestingInstanceLoader.createInstancesOfDependencies (node_modules/@nestjs/core/injector/instance-loader.js:22:13)
      at TestingInstanceLoader.createInstancesOfDependencies (node_modules/@nestjs/testing/testing-instance-loader.js:9:9)
      at TestingModuleBuilder.createInstancesOfDependencies (node_modules/@nestjs/testing/testing-module.builder.js:118:9)
      at TestingModuleBuilder.compile (node_modules/@nestjs/testing/testing-module.builder.js:74:9)
      at Object.<anonymous> (test/integration/friend.e2e-spec.ts:31:42)

  ● FriendService (e2e) › update › should handle empty update data

    DATABASE_URL_TEST must be set in environment variables

    [0m [90m 12 |[39m   getTestURL()[33m:[39m string {
     [90m 13 |[39m     [36mif[39m ([33m![39mprocess[33m.[39menv[33m.[39m[33mDATABASE_URL_TEST[39m) {
    [31m[1m>[22m[39m[90m 14 |[39m       [36mthrow[39m [36mnew[39m [33mError[39m([32m'DATABASE_URL_TEST must be set in environment variables'[39m)[33m;[39m
     [90m    |[39m             [31m[1m^[22m[39m
     [90m 15 |[39m     }
     [90m 16 |[39m     [36mreturn[39m process[33m.[39menv[33m.[39m[33mDATABASE_URL_TEST[39m[33m;[39m
     [90m 17 |[39m   }[0m

      at DatabaseConfigService.getTestURL (src/config/database-config.service.ts:14:13)
      at new PrismaService (src/prisma/prisma.service.ts:18:24)
      at TestingInjector.instantiateClass (node_modules/@nestjs/core/injector/injector.js:422:19)
      at callback (node_modules/@nestjs/core/injector/injector.js:70:45)
      at TestingInjector.resolveConstructorParams (node_modules/@nestjs/core/injector/injector.js:170:24)
      at TestingInjector.loadInstance (node_modules/@nestjs/core/injector/injector.js:75:13)
      at TestingInjector.loadProvider (node_modules/@nestjs/core/injector/injector.js:103:9)
      at node_modules/@nestjs/core/injector/instance-loader.js:56:13
          at async Promise.all (index 4)
      at TestingInstanceLoader.createInstancesOfProviders (node_modules/@nestjs/core/injector/instance-loader.js:55:9)
      at node_modules/@nestjs/core/injector/instance-loader.js:40:13
          at async Promise.all (index 3)
      at TestingInstanceLoader.createInstances (node_modules/@nestjs/core/injector/instance-loader.js:39:9)
      at TestingInstanceLoader.createInstancesOfDependencies (node_modules/@nestjs/core/injector/instance-loader.js:22:13)
      at TestingInstanceLoader.createInstancesOfDependencies (node_modules/@nestjs/testing/testing-instance-loader.js:9:9)
      at TestingModuleBuilder.createInstancesOfDependencies (node_modules/@nestjs/testing/testing-module.builder.js:118:9)
      at TestingModuleBuilder.compile (node_modules/@nestjs/testing/testing-module.builder.js:74:9)
      at Object.<anonymous> (test/integration/friend.e2e-spec.ts:31:42)

  ● FriendService (e2e) › update › should handle invalid status enum value in database

    DATABASE_URL_TEST must be set in environment variables

    [0m [90m 12 |[39m   getTestURL()[33m:[39m string {
     [90m 13 |[39m     [36mif[39m ([33m![39mprocess[33m.[39menv[33m.[39m[33mDATABASE_URL_TEST[39m) {
    [31m[1m>[22m[39m[90m 14 |[39m       [36mthrow[39m [36mnew[39m [33mError[39m([32m'DATABASE_URL_TEST must be set in environment variables'[39m)[33m;[39m
     [90m    |[39m             [31m[1m^[22m[39m
     [90m 15 |[39m     }
     [90m 16 |[39m     [36mreturn[39m process[33m.[39menv[33m.[39m[33mDATABASE_URL_TEST[39m[33m;[39m
     [90m 17 |[39m   }[0m

      at DatabaseConfigService.getTestURL (src/config/database-config.service.ts:14:13)
      at new PrismaService (src/prisma/prisma.service.ts:18:24)
      at TestingInjector.instantiateClass (node_modules/@nestjs/core/injector/injector.js:422:19)
      at callback (node_modules/@nestjs/core/injector/injector.js:70:45)
      at TestingInjector.resolveConstructorParams (node_modules/@nestjs/core/injector/injector.js:170:24)
      at TestingInjector.loadInstance (node_modules/@nestjs/core/injector/injector.js:75:13)
      at TestingInjector.loadProvider (node_modules/@nestjs/core/injector/injector.js:103:9)
      at node_modules/@nestjs/core/injector/instance-loader.js:56:13
          at async Promise.all (index 4)
      at TestingInstanceLoader.createInstancesOfProviders (node_modules/@nestjs/core/injector/instance-loader.js:55:9)
      at node_modules/@nestjs/core/injector/instance-loader.js:40:13
          at async Promise.all (index 3)
      at TestingInstanceLoader.createInstances (node_modules/@nestjs/core/injector/instance-loader.js:39:9)
      at TestingInstanceLoader.createInstancesOfDependencies (node_modules/@nestjs/core/injector/instance-loader.js:22:13)
      at TestingInstanceLoader.createInstancesOfDependencies (node_modules/@nestjs/testing/testing-instance-loader.js:9:9)
      at TestingModuleBuilder.createInstancesOfDependencies (node_modules/@nestjs/testing/testing-module.builder.js:118:9)
      at TestingModuleBuilder.compile (node_modules/@nestjs/testing/testing-module.builder.js:74:9)
      at Object.<anonymous> (test/integration/friend.e2e-spec.ts:31:42)

  ● FriendService (e2e) › update › should handle transaction rollback on error

    DATABASE_URL_TEST must be set in environment variables

    [0m [90m 12 |[39m   getTestURL()[33m:[39m string {
     [90m 13 |[39m     [36mif[39m ([33m![39mprocess[33m.[39menv[33m.[39m[33mDATABASE_URL_TEST[39m) {
    [31m[1m>[22m[39m[90m 14 |[39m       [36mthrow[39m [36mnew[39m [33mError[39m([32m'DATABASE_URL_TEST must be set in environment variables'[39m)[33m;[39m
     [90m    |[39m             [31m[1m^[22m[39m
     [90m 15 |[39m     }
     [90m 16 |[39m     [36mreturn[39m process[33m.[39menv[33m.[39m[33mDATABASE_URL_TEST[39m[33m;[39m
     [90m 17 |[39m   }[0m

      at DatabaseConfigService.getTestURL (src/config/database-config.service.ts:14:13)
      at new PrismaService (src/prisma/prisma.service.ts:18:24)
      at TestingInjector.instantiateClass (node_modules/@nestjs/core/injector/injector.js:422:19)
      at callback (node_modules/@nestjs/core/injector/injector.js:70:45)
      at TestingInjector.resolveConstructorParams (node_modules/@nestjs/core/injector/injector.js:170:24)
      at TestingInjector.loadInstance (node_modules/@nestjs/core/injector/injector.js:75:13)
      at TestingInjector.loadProvider (node_modules/@nestjs/core/injector/injector.js:103:9)
      at node_modules/@nestjs/core/injector/instance-loader.js:56:13
          at async Promise.all (index 4)
      at TestingInstanceLoader.createInstancesOfProviders (node_modules/@nestjs/core/injector/instance-loader.js:55:9)
      at node_modules/@nestjs/core/injector/instance-loader.js:40:13
          at async Promise.all (index 3)
      at TestingInstanceLoader.createInstances (node_modules/@nestjs/core/injector/instance-loader.js:39:9)
      at TestingInstanceLoader.createInstancesOfDependencies (node_modules/@nestjs/core/injector/instance-loader.js:22:13)
      at TestingInstanceLoader.createInstancesOfDependencies (node_modules/@nestjs/testing/testing-instance-loader.js:9:9)
      at TestingModuleBuilder.createInstancesOfDependencies (node_modules/@nestjs/testing/testing-module.builder.js:118:9)
      at TestingModuleBuilder.compile (node_modules/@nestjs/testing/testing-module.builder.js:74:9)
      at Object.<anonymous> (test/integration/friend.e2e-spec.ts:31:42)

  ● FriendService (e2e) › remove › should delete a friendship

    DATABASE_URL_TEST must be set in environment variables

    [0m [90m 12 |[39m   getTestURL()[33m:[39m string {
     [90m 13 |[39m     [36mif[39m ([33m![39mprocess[33m.[39menv[33m.[39m[33mDATABASE_URL_TEST[39m) {
    [31m[1m>[22m[39m[90m 14 |[39m       [36mthrow[39m [36mnew[39m [33mError[39m([32m'DATABASE_URL_TEST must be set in environment variables'[39m)[33m;[39m
     [90m    |[39m             [31m[1m^[22m[39m
     [90m 15 |[39m     }
     [90m 16 |[39m     [36mreturn[39m process[33m.[39menv[33m.[39m[33mDATABASE_URL_TEST[39m[33m;[39m
     [90m 17 |[39m   }[0m

      at DatabaseConfigService.getTestURL (src/config/database-config.service.ts:14:13)
      at new PrismaService (src/prisma/prisma.service.ts:18:24)
      at TestingInjector.instantiateClass (node_modules/@nestjs/core/injector/injector.js:422:19)
      at callback (node_modules/@nestjs/core/injector/injector.js:70:45)
      at TestingInjector.resolveConstructorParams (node_modules/@nestjs/core/injector/injector.js:170:24)
      at TestingInjector.loadInstance (node_modules/@nestjs/core/injector/injector.js:75:13)
      at TestingInjector.loadProvider (node_modules/@nestjs/core/injector/injector.js:103:9)
      at node_modules/@nestjs/core/injector/instance-loader.js:56:13
          at async Promise.all (index 4)
      at TestingInstanceLoader.createInstancesOfProviders (node_modules/@nestjs/core/injector/instance-loader.js:55:9)
      at node_modules/@nestjs/core/injector/instance-loader.js:40:13
          at async Promise.all (index 3)
      at TestingInstanceLoader.createInstances (node_modules/@nestjs/core/injector/instance-loader.js:39:9)
      at TestingInstanceLoader.createInstancesOfDependencies (node_modules/@nestjs/core/injector/instance-loader.js:22:13)
      at TestingInstanceLoader.createInstancesOfDependencies (node_modules/@nestjs/testing/testing-instance-loader.js:9:9)
      at TestingModuleBuilder.createInstancesOfDependencies (node_modules/@nestjs/testing/testing-module.builder.js:118:9)
      at TestingModuleBuilder.compile (node_modules/@nestjs/testing/testing-module.builder.js:74:9)
      at Object.<anonymous> (test/integration/friend.e2e-spec.ts:31:42)

  ● FriendService (e2e) › remove › should throw NotFoundException when friendship does not exist

    DATABASE_URL_TEST must be set in environment variables

    [0m [90m 12 |[39m   getTestURL()[33m:[39m string {
     [90m 13 |[39m     [36mif[39m ([33m![39mprocess[33m.[39menv[33m.[39m[33mDATABASE_URL_TEST[39m) {
    [31m[1m>[22m[39m[90m 14 |[39m       [36mthrow[39m [36mnew[39m [33mError[39m([32m'DATABASE_URL_TEST must be set in environment variables'[39m)[33m;[39m
     [90m    |[39m             [31m[1m^[22m[39m
     [90m 15 |[39m     }
     [90m 16 |[39m     [36mreturn[39m process[33m.[39menv[33m.[39m[33mDATABASE_URL_TEST[39m[33m;[39m
     [90m 17 |[39m   }[0m

      at DatabaseConfigService.getTestURL (src/config/database-config.service.ts:14:13)
      at new PrismaService (src/prisma/prisma.service.ts:18:24)
      at TestingInjector.instantiateClass (node_modules/@nestjs/core/injector/injector.js:422:19)
      at callback (node_modules/@nestjs/core/injector/injector.js:70:45)
      at TestingInjector.resolveConstructorParams (node_modules/@nestjs/core/injector/injector.js:170:24)
      at TestingInjector.loadInstance (node_modules/@nestjs/core/injector/injector.js:75:13)
      at TestingInjector.loadProvider (node_modules/@nestjs/core/injector/injector.js:103:9)
      at node_modules/@nestjs/core/injector/instance-loader.js:56:13
          at async Promise.all (index 4)
      at TestingInstanceLoader.createInstancesOfProviders (node_modules/@nestjs/core/injector/instance-loader.js:55:9)
      at node_modules/@nestjs/core/injector/instance-loader.js:40:13
          at async Promise.all (index 3)
      at TestingInstanceLoader.createInstances (node_modules/@nestjs/core/injector/instance-loader.js:39:9)
      at TestingInstanceLoader.createInstancesOfDependencies (node_modules/@nestjs/core/injector/instance-loader.js:22:13)
      at TestingInstanceLoader.createInstancesOfDependencies (node_modules/@nestjs/testing/testing-instance-loader.js:9:9)
      at TestingModuleBuilder.createInstancesOfDependencies (node_modules/@nestjs/testing/testing-module.builder.js:118:9)
      at TestingModuleBuilder.compile (node_modules/@nestjs/testing/testing-module.builder.js:74:9)
      at Object.<anonymous> (test/integration/friend.e2e-spec.ts:31:42)

  ● FriendService (e2e) › remove › should handle database constraint violation when deleting non-existent friendship

    DATABASE_URL_TEST must be set in environment variables

    [0m [90m 12 |[39m   getTestURL()[33m:[39m string {
     [90m 13 |[39m     [36mif[39m ([33m![39mprocess[33m.[39menv[33m.[39m[33mDATABASE_URL_TEST[39m) {
    [31m[1m>[22m[39m[90m 14 |[39m       [36mthrow[39m [36mnew[39m [33mError[39m([32m'DATABASE_URL_TEST must be set in environment variables'[39m)[33m;[39m
     [90m    |[39m             [31m[1m^[22m[39m
     [90m 15 |[39m     }
     [90m 16 |[39m     [36mreturn[39m process[33m.[39menv[33m.[39m[33mDATABASE_URL_TEST[39m[33m;[39m
     [90m 17 |[39m   }[0m

      at DatabaseConfigService.getTestURL (src/config/database-config.service.ts:14:13)
      at new PrismaService (src/prisma/prisma.service.ts:18:24)
      at TestingInjector.instantiateClass (node_modules/@nestjs/core/injector/injector.js:422:19)
      at callback (node_modules/@nestjs/core/injector/injector.js:70:45)
      at TestingInjector.resolveConstructorParams (node_modules/@nestjs/core/injector/injector.js:170:24)
      at TestingInjector.loadInstance (node_modules/@nestjs/core/injector/injector.js:75:13)
      at TestingInjector.loadProvider (node_modules/@nestjs/core/injector/injector.js:103:9)
      at node_modules/@nestjs/core/injector/instance-loader.js:56:13
          at async Promise.all (index 4)
      at TestingInstanceLoader.createInstancesOfProviders (node_modules/@nestjs/core/injector/instance-loader.js:55:9)
      at node_modules/@nestjs/core/injector/instance-loader.js:40:13
          at async Promise.all (index 3)
      at TestingInstanceLoader.createInstances (node_modules/@nestjs/core/injector/instance-loader.js:39:9)
      at TestingInstanceLoader.createInstancesOfDependencies (node_modules/@nestjs/core/injector/instance-loader.js:22:13)
      at TestingInstanceLoader.createInstancesOfDependencies (node_modules/@nestjs/testing/testing-instance-loader.js:9:9)
      at TestingModuleBuilder.createInstancesOfDependencies (node_modules/@nestjs/testing/testing-module.builder.js:118:9)
      at TestingModuleBuilder.compile (node_modules/@nestjs/testing/testing-module.builder.js:74:9)
      at Object.<anonymous> (test/integration/friend.e2e-spec.ts:31:42)

  ● FriendService (e2e) › remove › should handle transaction rollback on error

    DATABASE_URL_TEST must be set in environment variables

    [0m [90m 12 |[39m   getTestURL()[33m:[39m string {
     [90m 13 |[39m     [36mif[39m ([33m![39mprocess[33m.[39menv[33m.[39m[33mDATABASE_URL_TEST[39m) {
    [31m[1m>[22m[39m[90m 14 |[39m       [36mthrow[39m [36mnew[39m [33mError[39m([32m'DATABASE_URL_TEST must be set in environment variables'[39m)[33m;[39m
     [90m    |[39m             [31m[1m^[22m[39m
     [90m 15 |[39m     }
     [90m 16 |[39m     [36mreturn[39m process[33m.[39menv[33m.[39m[33mDATABASE_URL_TEST[39m[33m;[39m
     [90m 17 |[39m   }[0m

      at DatabaseConfigService.getTestURL (src/config/database-config.service.ts:14:13)
      at new PrismaService (src/prisma/prisma.service.ts:18:24)
      at TestingInjector.instantiateClass (node_modules/@nestjs/core/injector/injector.js:422:19)
      at callback (node_modules/@nestjs/core/injector/injector.js:70:45)
      at TestingInjector.resolveConstructorParams (node_modules/@nestjs/core/injector/injector.js:170:24)
      at TestingInjector.loadInstance (node_modules/@nestjs/core/injector/injector.js:75:13)
      at TestingInjector.loadProvider (node_modules/@nestjs/core/injector/injector.js:103:9)
      at node_modules/@nestjs/core/injector/instance-loader.js:56:13
          at async Promise.all (index 4)
      at TestingInstanceLoader.createInstancesOfProviders (node_modules/@nestjs/core/injector/instance-loader.js:55:9)
      at node_modules/@nestjs/core/injector/instance-loader.js:40:13
          at async Promise.all (index 3)
      at TestingInstanceLoader.createInstances (node_modules/@nestjs/core/injector/instance-loader.js:39:9)
      at TestingInstanceLoader.createInstancesOfDependencies (node_modules/@nestjs/core/injector/instance-loader.js:22:13)
      at TestingInstanceLoader.createInstancesOfDependencies (node_modules/@nestjs/testing/testing-instance-loader.js:9:9)
      at TestingModuleBuilder.createInstancesOfDependencies (node_modules/@nestjs/testing/testing-module.builder.js:118:9)
      at TestingModuleBuilder.compile (node_modules/@nestjs/testing/testing-module.builder.js:74:9)
      at Object.<anonymous> (test/integration/friend.e2e-spec.ts:31:42)


  ● Test suite failed to run

    TypeError: Cannot read properties of undefined (reading 'close')

    [0m [90m 89 |[39m
     [90m 90 |[39m   afterAll([36masync[39m () [33m=>[39m {
    [31m[1m>[22m[39m[90m 91 |[39m     [36mawait[39m app[33m.[39mclose()[33m;[39m
     [90m    |[39m               [31m[1m^[22m[39m
     [90m 92 |[39m   })[33m;[39m
     [90m 93 |[39m
     [90m 94 |[39m   [36masync[39m [36mfunction[39m createTestUser(username[33m:[39m string) {[0m

      at Object.<anonymous> (test/integration/friend.e2e-spec.ts:91:15)

FAIL test/integration/review.e2e-spec.ts (46.025 s)
  ● Console

    console.log
      ◇ injected env (0) from ..\.env // tip: ⌘ multiple files { path: ['.env.local', '.env'] }

      at _log (node_modules/dotenv/lib/main.js:131:11)

  ● ReviewService (e2e) › create › should create a review successfully

    DATABASE_URL_TEST must be set in environment variables

    [0m [90m 12 |[39m   getTestURL()[33m:[39m string {
     [90m 13 |[39m     [36mif[39m ([33m![39mprocess[33m.[39menv[33m.[39m[33mDATABASE_URL_TEST[39m) {
    [31m[1m>[22m[39m[90m 14 |[39m       [36mthrow[39m [36mnew[39m [33mError[39m([32m'DATABASE_URL_TEST must be set in environment variables'[39m)[33m;[39m
     [90m    |[39m             [31m[1m^[22m[39m
     [90m 15 |[39m     }
     [90m 16 |[39m     [36mreturn[39m process[33m.[39menv[33m.[39m[33mDATABASE_URL_TEST[39m[33m;[39m
     [90m 17 |[39m   }[0m

      at DatabaseConfigService.getTestURL (src/config/database-config.service.ts:14:13)
      at new PrismaService (src/prisma/prisma.service.ts:18:24)
      at TestingInjector.instantiateClass (node_modules/@nestjs/core/injector/injector.js:422:19)
      at callback (node_modules/@nestjs/core/injector/injector.js:70:45)
      at TestingInjector.resolveConstructorParams (node_modules/@nestjs/core/injector/injector.js:170:24)
      at TestingInjector.loadInstance (node_modules/@nestjs/core/injector/injector.js:75:13)
      at TestingInjector.loadProvider (node_modules/@nestjs/core/injector/injector.js:103:9)
      at node_modules/@nestjs/core/injector/instance-loader.js:56:13
          at async Promise.all (index 4)
      at TestingInstanceLoader.createInstancesOfProviders (node_modules/@nestjs/core/injector/instance-loader.js:55:9)
      at node_modules/@nestjs/core/injector/instance-loader.js:40:13
          at async Promise.all (index 3)
      at TestingInstanceLoader.createInstances (node_modules/@nestjs/core/injector/instance-loader.js:39:9)
      at TestingInstanceLoader.createInstancesOfDependencies (node_modules/@nestjs/core/injector/instance-loader.js:22:13)
      at TestingInstanceLoader.createInstancesOfDependencies (node_modules/@nestjs/testing/testing-instance-loader.js:9:9)
      at TestingModuleBuilder.createInstancesOfDependencies (node_modules/@nestjs/testing/testing-module.builder.js:118:9)
      at TestingModuleBuilder.compile (node_modules/@nestjs/testing/testing-module.builder.js:74:9)
      at Object.<anonymous> (test/integration/review.e2e-spec.ts:25:42)

  ● ReviewService (e2e) › create › should create a review without content

    DATABASE_URL_TEST must be set in environment variables

    [0m [90m 12 |[39m   getTestURL()[33m:[39m string {
     [90m 13 |[39m     [36mif[39m ([33m![39mprocess[33m.[39menv[33m.[39m[33mDATABASE_URL_TEST[39m) {
    [31m[1m>[22m[39m[90m 14 |[39m       [36mthrow[39m [36mnew[39m [33mError[39m([32m'DATABASE_URL_TEST must be set in environment variables'[39m)[33m;[39m
     [90m    |[39m             [31m[1m^[22m[39m
     [90m 15 |[39m     }
     [90m 16 |[39m     [36mreturn[39m process[33m.[39menv[33m.[39m[33mDATABASE_URL_TEST[39m[33m;[39m
     [90m 17 |[39m   }[0m

      at DatabaseConfigService.getTestURL (src/config/database-config.service.ts:14:13)
      at new PrismaService (src/prisma/prisma.service.ts:18:24)
      at TestingInjector.instantiateClass (node_modules/@nestjs/core/injector/injector.js:422:19)
      at callback (node_modules/@nestjs/core/injector/injector.js:70:45)
      at TestingInjector.resolveConstructorParams (node_modules/@nestjs/core/injector/injector.js:170:24)
      at TestingInjector.loadInstance (node_modules/@nestjs/core/injector/injector.js:75:13)
      at TestingInjector.loadProvider (node_modules/@nestjs/core/injector/injector.js:103:9)
      at node_modules/@nestjs/core/injector/instance-loader.js:56:13
          at async Promise.all (index 4)
      at TestingInstanceLoader.createInstancesOfProviders (node_modules/@nestjs/core/injector/instance-loader.js:55:9)
      at node_modules/@nestjs/core/injector/instance-loader.js:40:13
          at async Promise.all (index 3)
      at TestingInstanceLoader.createInstances (node_modules/@nestjs/core/injector/instance-loader.js:39:9)
      at TestingInstanceLoader.createInstancesOfDependencies (node_modules/@nestjs/core/injector/instance-loader.js:22:13)
      at TestingInstanceLoader.createInstancesOfDependencies (node_modules/@nestjs/testing/testing-instance-loader.js:9:9)
      at TestingModuleBuilder.createInstancesOfDependencies (node_modules/@nestjs/testing/testing-module.builder.js:118:9)
      at TestingModuleBuilder.compile (node_modules/@nestjs/testing/testing-module.builder.js:74:9)
      at Object.<anonymous> (test/integration/review.e2e-spec.ts:25:42)

  ● ReviewService (e2e) › create › should create a review with minimum rating

    DATABASE_URL_TEST must be set in environment variables

    [0m [90m 12 |[39m   getTestURL()[33m:[39m string {
     [90m 13 |[39m     [36mif[39m ([33m![39mprocess[33m.[39menv[33m.[39m[33mDATABASE_URL_TEST[39m) {
    [31m[1m>[22m[39m[90m 14 |[39m       [36mthrow[39m [36mnew[39m [33mError[39m([32m'DATABASE_URL_TEST must be set in environment variables'[39m)[33m;[39m
     [90m    |[39m             [31m[1m^[22m[39m
     [90m 15 |[39m     }
     [90m 16 |[39m     [36mreturn[39m process[33m.[39menv[33m.[39m[33mDATABASE_URL_TEST[39m[33m;[39m
     [90m 17 |[39m   }[0m

      at DatabaseConfigService.getTestURL (src/config/database-config.service.ts:14:13)
      at new PrismaService (src/prisma/prisma.service.ts:18:24)
      at TestingInjector.instantiateClass (node_modules/@nestjs/core/injector/injector.js:422:19)
      at callback (node_modules/@nestjs/core/injector/injector.js:70:45)
      at TestingInjector.resolveConstructorParams (node_modules/@nestjs/core/injector/injector.js:170:24)
      at TestingInjector.loadInstance (node_modules/@nestjs/core/injector/injector.js:75:13)
      at TestingInjector.loadProvider (node_modules/@nestjs/core/injector/injector.js:103:9)
      at node_modules/@nestjs/core/injector/instance-loader.js:56:13
          at async Promise.all (index 4)
      at TestingInstanceLoader.createInstancesOfProviders (node_modules/@nestjs/core/injector/instance-loader.js:55:9)
      at node_modules/@nestjs/core/injector/instance-loader.js:40:13
          at async Promise.all (index 3)
      at TestingInstanceLoader.createInstances (node_modules/@nestjs/core/injector/instance-loader.js:39:9)
      at TestingInstanceLoader.createInstancesOfDependencies (node_modules/@nestjs/core/injector/instance-loader.js:22:13)
      at TestingInstanceLoader.createInstancesOfDependencies (node_modules/@nestjs/testing/testing-instance-loader.js:9:9)
      at TestingModuleBuilder.createInstancesOfDependencies (node_modules/@nestjs/testing/testing-module.builder.js:118:9)
      at TestingModuleBuilder.compile (node_modules/@nestjs/testing/testing-module.builder.js:74:9)
      at Object.<anonymous> (test/integration/review.e2e-spec.ts:25:42)

  ● ReviewService (e2e) › create › should create a review with maximum rating

    DATABASE_URL_TEST must be set in environment variables

    [0m [90m 12 |[39m   getTestURL()[33m:[39m string {
     [90m 13 |[39m     [36mif[39m ([33m![39mprocess[33m.[39menv[33m.[39m[33mDATABASE_URL_TEST[39m) {
    [31m[1m>[22m[39m[90m 14 |[39m       [36mthrow[39m [36mnew[39m [33mError[39m([32m'DATABASE_URL_TEST must be set in environment variables'[39m)[33m;[39m
     [90m    |[39m             [31m[1m^[22m[39m
     [90m 15 |[39m     }
     [90m 16 |[39m     [36mreturn[39m process[33m.[39menv[33m.[39m[33mDATABASE_URL_TEST[39m[33m;[39m
     [90m 17 |[39m   }[0m

      at DatabaseConfigService.getTestURL (src/config/database-config.service.ts:14:13)
      at new PrismaService (src/prisma/prisma.service.ts:18:24)
      at TestingInjector.instantiateClass (node_modules/@nestjs/core/injector/injector.js:422:19)
      at callback (node_modules/@nestjs/core/injector/injector.js:70:45)
      at TestingInjector.resolveConstructorParams (node_modules/@nestjs/core/injector/injector.js:170:24)
      at TestingInjector.loadInstance (node_modules/@nestjs/core/injector/injector.js:75:13)
      at TestingInjector.loadProvider (node_modules/@nestjs/core/injector/injector.js:103:9)
      at node_modules/@nestjs/core/injector/instance-loader.js:56:13
          at async Promise.all (index 4)
      at TestingInstanceLoader.createInstancesOfProviders (node_modules/@nestjs/core/injector/instance-loader.js:55:9)
      at node_modules/@nestjs/core/injector/instance-loader.js:40:13
          at async Promise.all (index 3)
      at TestingInstanceLoader.createInstances (node_modules/@nestjs/core/injector/instance-loader.js:39:9)
      at TestingInstanceLoader.createInstancesOfDependencies (node_modules/@nestjs/core/injector/instance-loader.js:22:13)
      at TestingInstanceLoader.createInstancesOfDependencies (node_modules/@nestjs/testing/testing-instance-loader.js:9:9)
      at TestingModuleBuilder.createInstancesOfDependencies (node_modules/@nestjs/testing/testing-module.builder.js:118:9)
      at TestingModuleBuilder.compile (node_modules/@nestjs/testing/testing-module.builder.js:74:9)
      at Object.<anonymous> (test/integration/review.e2e-spec.ts:25:42)

  ● ReviewService (e2e) › create › should throw ConflictException when review already exists

    DATABASE_URL_TEST must be set in environment variables

    [0m [90m 12 |[39m   getTestURL()[33m:[39m string {
     [90m 13 |[39m     [36mif[39m ([33m![39mprocess[33m.[39menv[33m.[39m[33mDATABASE_URL_TEST[39m) {
    [31m[1m>[22m[39m[90m 14 |[39m       [36mthrow[39m [36mnew[39m [33mError[39m([32m'DATABASE_URL_TEST must be set in environment variables'[39m)[33m;[39m
     [90m    |[39m             [31m[1m^[22m[39m
     [90m 15 |[39m     }
     [90m 16 |[39m     [36mreturn[39m process[33m.[39menv[33m.[39m[33mDATABASE_URL_TEST[39m[33m;[39m
     [90m 17 |[39m   }[0m

      at DatabaseConfigService.getTestURL (src/config/database-config.service.ts:14:13)
      at new PrismaService (src/prisma/prisma.service.ts:18:24)
      at TestingInjector.instantiateClass (node_modules/@nestjs/core/injector/injector.js:422:19)
      at callback (node_modules/@nestjs/core/injector/injector.js:70:45)
      at TestingInjector.resolveConstructorParams (node_modules/@nestjs/core/injector/injector.js:170:24)
      at TestingInjector.loadInstance (node_modules/@nestjs/core/injector/injector.js:75:13)
      at TestingInjector.loadProvider (node_modules/@nestjs/core/injector/injector.js:103:9)
      at node_modules/@nestjs/core/injector/instance-loader.js:56:13
          at async Promise.all (index 4)
      at TestingInstanceLoader.createInstancesOfProviders (node_modules/@nestjs/core/injector/instance-loader.js:55:9)
      at node_modules/@nestjs/core/injector/instance-loader.js:40:13
          at async Promise.all (index 3)
      at TestingInstanceLoader.createInstances (node_modules/@nestjs/core/injector/instance-loader.js:39:9)
      at TestingInstanceLoader.createInstancesOfDependencies (node_modules/@nestjs/core/injector/instance-loader.js:22:13)
      at TestingInstanceLoader.createInstancesOfDependencies (node_modules/@nestjs/testing/testing-instance-loader.js:9:9)
      at TestingModuleBuilder.createInstancesOfDependencies (node_modules/@nestjs/testing/testing-module.builder.js:118:9)
      at TestingModuleBuilder.compile (node_modules/@nestjs/testing/testing-module.builder.js:74:9)
      at Object.<anonymous> (test/integration/review.e2e-spec.ts:25:42)

  ● ReviewService (e2e) › create › should throw NotFoundException when user does not exist

    DATABASE_URL_TEST must be set in environment variables

    [0m [90m 12 |[39m   getTestURL()[33m:[39m string {
     [90m 13 |[39m     [36mif[39m ([33m![39mprocess[33m.[39menv[33m.[39m[33mDATABASE_URL_TEST[39m) {
    [31m[1m>[22m[39m[90m 14 |[39m       [36mthrow[39m [36mnew[39m [33mError[39m([32m'DATABASE_URL_TEST must be set in environment variables'[39m)[33m;[39m
     [90m    |[39m             [31m[1m^[22m[39m
     [90m 15 |[39m     }
     [90m 16 |[39m     [36mreturn[39m process[33m.[39menv[33m.[39m[33mDATABASE_URL_TEST[39m[33m;[39m
     [90m 17 |[39m   }[0m

      at DatabaseConfigService.getTestURL (src/config/database-config.service.ts:14:13)
      at new PrismaService (src/prisma/prisma.service.ts:18:24)
      at TestingInjector.instantiateClass (node_modules/@nestjs/core/injector/injector.js:422:19)
      at callback (node_modules/@nestjs/core/injector/injector.js:70:45)
      at TestingInjector.resolveConstructorParams (node_modules/@nestjs/core/injector/injector.js:170:24)
      at TestingInjector.loadInstance (node_modules/@nestjs/core/injector/injector.js:75:13)
      at TestingInjector.loadProvider (node_modules/@nestjs/core/injector/injector.js:103:9)
      at node_modules/@nestjs/core/injector/instance-loader.js:56:13
          at async Promise.all (index 4)
      at TestingInstanceLoader.createInstancesOfProviders (node_modules/@nestjs/core/injector/instance-loader.js:55:9)
      at node_modules/@nestjs/core/injector/instance-loader.js:40:13
          at async Promise.all (index 3)
      at TestingInstanceLoader.createInstances (node_modules/@nestjs/core/injector/instance-loader.js:39:9)
      at TestingInstanceLoader.createInstancesOfDependencies (node_modules/@nestjs/core/injector/instance-loader.js:22:13)
      at TestingInstanceLoader.createInstancesOfDependencies (node_modules/@nestjs/testing/testing-instance-loader.js:9:9)
      at TestingModuleBuilder.createInstancesOfDependencies (node_modules/@nestjs/testing/testing-module.builder.js:118:9)
      at TestingModuleBuilder.compile (node_modules/@nestjs/testing/testing-module.builder.js:74:9)
      at Object.<anonymous> (test/integration/review.e2e-spec.ts:25:42)

  ● ReviewService (e2e) › create › should throw NotFoundException when game does not exist

    DATABASE_URL_TEST must be set in environment variables

    [0m [90m 12 |[39m   getTestURL()[33m:[39m string {
     [90m 13 |[39m     [36mif[39m ([33m![39mprocess[33m.[39menv[33m.[39m[33mDATABASE_URL_TEST[39m) {
    [31m[1m>[22m[39m[90m 14 |[39m       [36mthrow[39m [36mnew[39m [33mError[39m([32m'DATABASE_URL_TEST must be set in environment variables'[39m)[33m;[39m
     [90m    |[39m             [31m[1m^[22m[39m
     [90m 15 |[39m     }
     [90m 16 |[39m     [36mreturn[39m process[33m.[39menv[33m.[39m[33mDATABASE_URL_TEST[39m[33m;[39m
     [90m 17 |[39m   }[0m

      at DatabaseConfigService.getTestURL (src/config/database-config.service.ts:14:13)
      at new PrismaService (src/prisma/prisma.service.ts:18:24)
      at TestingInjector.instantiateClass (node_modules/@nestjs/core/injector/injector.js:422:19)
      at callback (node_modules/@nestjs/core/injector/injector.js:70:45)
      at TestingInjector.resolveConstructorParams (node_modules/@nestjs/core/injector/injector.js:170:24)
      at TestingInjector.loadInstance (node_modules/@nestjs/core/injector/injector.js:75:13)
      at TestingInjector.loadProvider (node_modules/@nestjs/core/injector/injector.js:103:9)
      at node_modules/@nestjs/core/injector/instance-loader.js:56:13
          at async Promise.all (index 4)
      at TestingInstanceLoader.createInstancesOfProviders (node_modules/@nestjs/core/injector/instance-loader.js:55:9)
      at node_modules/@nestjs/core/injector/instance-loader.js:40:13
          at async Promise.all (index 3)
      at TestingInstanceLoader.createInstances (node_modules/@nestjs/core/injector/instance-loader.js:39:9)
      at TestingInstanceLoader.createInstancesOfDependencies (node_modules/@nestjs/core/injector/instance-loader.js:22:13)
      at TestingInstanceLoader.createInstancesOfDependencies (node_modules/@nestjs/testing/testing-instance-loader.js:9:9)
      at TestingModuleBuilder.createInstancesOfDependencies (node_modules/@nestjs/testing/testing-module.builder.js:118:9)
      at TestingModuleBuilder.compile (node_modules/@nestjs/testing/testing-module.builder.js:74:9)
      at Object.<anonymous> (test/integration/review.e2e-spec.ts:25:42)

  ● ReviewService (e2e) › create › should handle transaction rollback on error

    DATABASE_URL_TEST must be set in environment variables

    [0m [90m 12 |[39m   getTestURL()[33m:[39m string {
     [90m 13 |[39m     [36mif[39m ([33m![39mprocess[33m.[39menv[33m.[39m[33mDATABASE_URL_TEST[39m) {
    [31m[1m>[22m[39m[90m 14 |[39m       [36mthrow[39m [36mnew[39m [33mError[39m([32m'DATABASE_URL_TEST must be set in environment variables'[39m)[33m;[39m
     [90m    |[39m             [31m[1m^[22m[39m
     [90m 15 |[39m     }
     [90m 16 |[39m     [36mreturn[39m process[33m.[39menv[33m.[39m[33mDATABASE_URL_TEST[39m[33m;[39m
     [90m 17 |[39m   }[0m

      at DatabaseConfigService.getTestURL (src/config/database-config.service.ts:14:13)
      at new PrismaService (src/prisma/prisma.service.ts:18:24)
      at TestingInjector.instantiateClass (node_modules/@nestjs/core/injector/injector.js:422:19)
      at callback (node_modules/@nestjs/core/injector/injector.js:70:45)
      at TestingInjector.resolveConstructorParams (node_modules/@nestjs/core/injector/injector.js:170:24)
      at TestingInjector.loadInstance (node_modules/@nestjs/core/injector/injector.js:75:13)
      at TestingInjector.loadProvider (node_modules/@nestjs/core/injector/injector.js:103:9)
      at node_modules/@nestjs/core/injector/instance-loader.js:56:13
          at async Promise.all (index 4)
      at TestingInstanceLoader.createInstancesOfProviders (node_modules/@nestjs/core/injector/instance-loader.js:55:9)
      at node_modules/@nestjs/core/injector/instance-loader.js:40:13
          at async Promise.all (index 3)
      at TestingInstanceLoader.createInstances (node_modules/@nestjs/core/injector/instance-loader.js:39:9)
      at TestingInstanceLoader.createInstancesOfDependencies (node_modules/@nestjs/core/injector/instance-loader.js:22:13)
      at TestingInstanceLoader.createInstancesOfDependencies (node_modules/@nestjs/testing/testing-instance-loader.js:9:9)
      at TestingModuleBuilder.createInstancesOfDependencies (node_modules/@nestjs/testing/testing-module.builder.js:118:9)
      at TestingModuleBuilder.compile (node_modules/@nestjs/testing/testing-module.builder.js:74:9)
      at Object.<anonymous> (test/integration/review.e2e-spec.ts:25:42)

  ● ReviewService (e2e) › create › should fail with invalid foreign key constraint

    DATABASE_URL_TEST must be set in environment variables

    [0m [90m 12 |[39m   getTestURL()[33m:[39m string {
     [90m 13 |[39m     [36mif[39m ([33m![39mprocess[33m.[39menv[33m.[39m[33mDATABASE_URL_TEST[39m) {
    [31m[1m>[22m[39m[90m 14 |[39m       [36mthrow[39m [36mnew[39m [33mError[39m([32m'DATABASE_URL_TEST must be set in environment variables'[39m)[33m;[39m
     [90m    |[39m             [31m[1m^[22m[39m
     [90m 15 |[39m     }
     [90m 16 |[39m     [36mreturn[39m process[33m.[39menv[33m.[39m[33mDATABASE_URL_TEST[39m[33m;[39m
     [90m 17 |[39m   }[0m

      at DatabaseConfigService.getTestURL (src/config/database-config.service.ts:14:13)
      at new PrismaService (src/prisma/prisma.service.ts:18:24)
      at TestingInjector.instantiateClass (node_modules/@nestjs/core/injector/injector.js:422:19)
      at callback (node_modules/@nestjs/core/injector/injector.js:70:45)
      at TestingInjector.resolveConstructorParams (node_modules/@nestjs/core/injector/injector.js:170:24)
      at TestingInjector.loadInstance (node_modules/@nestjs/core/injector/injector.js:75:13)
      at TestingInjector.loadProvider (node_modules/@nestjs/core/injector/injector.js:103:9)
      at node_modules/@nestjs/core/injector/instance-loader.js:56:13
          at async Promise.all (index 4)
      at TestingInstanceLoader.createInstancesOfProviders (node_modules/@nestjs/core/injector/instance-loader.js:55:9)
      at node_modules/@nestjs/core/injector/instance-loader.js:40:13
          at async Promise.all (index 3)
      at TestingInstanceLoader.createInstances (node_modules/@nestjs/core/injector/instance-loader.js:39:9)
      at TestingInstanceLoader.createInstancesOfDependencies (node_modules/@nestjs/core/injector/instance-loader.js:22:13)
      at TestingInstanceLoader.createInstancesOfDependencies (node_modules/@nestjs/testing/testing-instance-loader.js:9:9)
      at TestingModuleBuilder.createInstancesOfDependencies (node_modules/@nestjs/testing/testing-module.builder.js:118:9)
      at TestingModuleBuilder.compile (node_modules/@nestjs/testing/testing-module.builder.js:74:9)
      at Object.<anonymous> (test/integration/review.e2e-spec.ts:25:42)

  ● ReviewService (e2e) › create › should fail when trying to create review with deleted game

    DATABASE_URL_TEST must be set in environment variables

    [0m [90m 12 |[39m   getTestURL()[33m:[39m string {
     [90m 13 |[39m     [36mif[39m ([33m![39mprocess[33m.[39menv[33m.[39m[33mDATABASE_URL_TEST[39m) {
    [31m[1m>[22m[39m[90m 14 |[39m       [36mthrow[39m [36mnew[39m [33mError[39m([32m'DATABASE_URL_TEST must be set in environment variables'[39m)[33m;[39m
     [90m    |[39m             [31m[1m^[22m[39m
     [90m 15 |[39m     }
     [90m 16 |[39m     [36mreturn[39m process[33m.[39menv[33m.[39m[33mDATABASE_URL_TEST[39m[33m;[39m
     [90m 17 |[39m   }[0m

      at DatabaseConfigService.getTestURL (src/config/database-config.service.ts:14:13)
      at new PrismaService (src/prisma/prisma.service.ts:18:24)
      at TestingInjector.instantiateClass (node_modules/@nestjs/core/injector/injector.js:422:19)
      at callback (node_modules/@nestjs/core/injector/injector.js:70:45)
      at TestingInjector.resolveConstructorParams (node_modules/@nestjs/core/injector/injector.js:170:24)
      at TestingInjector.loadInstance (node_modules/@nestjs/core/injector/injector.js:75:13)
      at TestingInjector.loadProvider (node_modules/@nestjs/core/injector/injector.js:103:9)
      at node_modules/@nestjs/core/injector/instance-loader.js:56:13
          at async Promise.all (index 4)
      at TestingInstanceLoader.createInstancesOfProviders (node_modules/@nestjs/core/injector/instance-loader.js:55:9)
      at node_modules/@nestjs/core/injector/instance-loader.js:40:13
          at async Promise.all (index 3)
      at TestingInstanceLoader.createInstances (node_modules/@nestjs/core/injector/instance-loader.js:39:9)
      at TestingInstanceLoader.createInstancesOfDependencies (node_modules/@nestjs/core/injector/instance-loader.js:22:13)
      at TestingInstanceLoader.createInstancesOfDependencies (node_modules/@nestjs/testing/testing-instance-loader.js:9:9)
      at TestingModuleBuilder.createInstancesOfDependencies (node_modules/@nestjs/testing/testing-module.builder.js:118:9)
      at TestingModuleBuilder.compile (node_modules/@nestjs/testing/testing-module.builder.js:74:9)
      at Object.<anonymous> (test/integration/review.e2e-spec.ts:25:42)

  ● ReviewService (e2e) › findAll › should return all reviews

    DATABASE_URL_TEST must be set in environment variables

    [0m [90m 12 |[39m   getTestURL()[33m:[39m string {
     [90m 13 |[39m     [36mif[39m ([33m![39mprocess[33m.[39menv[33m.[39m[33mDATABASE_URL_TEST[39m) {
    [31m[1m>[22m[39m[90m 14 |[39m       [36mthrow[39m [36mnew[39m [33mError[39m([32m'DATABASE_URL_TEST must be set in environment variables'[39m)[33m;[39m
     [90m    |[39m             [31m[1m^[22m[39m
     [90m 15 |[39m     }
     [90m 16 |[39m     [36mreturn[39m process[33m.[39menv[33m.[39m[33mDATABASE_URL_TEST[39m[33m;[39m
     [90m 17 |[39m   }[0m

      at DatabaseConfigService.getTestURL (src/config/database-config.service.ts:14:13)
      at new PrismaService (src/prisma/prisma.service.ts:18:24)
      at TestingInjector.instantiateClass (node_modules/@nestjs/core/injector/injector.js:422:19)
      at callback (node_modules/@nestjs/core/injector/injector.js:70:45)
      at TestingInjector.resolveConstructorParams (node_modules/@nestjs/core/injector/injector.js:170:24)
      at TestingInjector.loadInstance (node_modules/@nestjs/core/injector/injector.js:75:13)
      at TestingInjector.loadProvider (node_modules/@nestjs/core/injector/injector.js:103:9)
      at node_modules/@nestjs/core/injector/instance-loader.js:56:13
          at async Promise.all (index 4)
      at TestingInstanceLoader.createInstancesOfProviders (node_modules/@nestjs/core/injector/instance-loader.js:55:9)
      at node_modules/@nestjs/core/injector/instance-loader.js:40:13
          at async Promise.all (index 3)
      at TestingInstanceLoader.createInstances (node_modules/@nestjs/core/injector/instance-loader.js:39:9)
      at TestingInstanceLoader.createInstancesOfDependencies (node_modules/@nestjs/core/injector/instance-loader.js:22:13)
      at TestingInstanceLoader.createInstancesOfDependencies (node_modules/@nestjs/testing/testing-instance-loader.js:9:9)
      at TestingModuleBuilder.createInstancesOfDependencies (node_modules/@nestjs/testing/testing-module.builder.js:118:9)
      at TestingModuleBuilder.compile (node_modules/@nestjs/testing/testing-module.builder.js:74:9)
      at Object.<anonymous> (test/integration/review.e2e-spec.ts:25:42)

  ● ReviewService (e2e) › findAll › should return reviews ordered by id desc

    DATABASE_URL_TEST must be set in environment variables

    [0m [90m 12 |[39m   getTestURL()[33m:[39m string {
     [90m 13 |[39m     [36mif[39m ([33m![39mprocess[33m.[39menv[33m.[39m[33mDATABASE_URL_TEST[39m) {
    [31m[1m>[22m[39m[90m 14 |[39m       [36mthrow[39m [36mnew[39m [33mError[39m([32m'DATABASE_URL_TEST must be set in environment variables'[39m)[33m;[39m
     [90m    |[39m             [31m[1m^[22m[39m
     [90m 15 |[39m     }
     [90m 16 |[39m     [36mreturn[39m process[33m.[39menv[33m.[39m[33mDATABASE_URL_TEST[39m[33m;[39m
     [90m 17 |[39m   }[0m

      at DatabaseConfigService.getTestURL (src/config/database-config.service.ts:14:13)
      at new PrismaService (src/prisma/prisma.service.ts:18:24)
      at TestingInjector.instantiateClass (node_modules/@nestjs/core/injector/injector.js:422:19)
      at callback (node_modules/@nestjs/core/injector/injector.js:70:45)
      at TestingInjector.resolveConstructorParams (node_modules/@nestjs/core/injector/injector.js:170:24)
      at TestingInjector.loadInstance (node_modules/@nestjs/core/injector/injector.js:75:13)
      at TestingInjector.loadProvider (node_modules/@nestjs/core/injector/injector.js:103:9)
      at node_modules/@nestjs/core/injector/instance-loader.js:56:13
          at async Promise.all (index 4)
      at TestingInstanceLoader.createInstancesOfProviders (node_modules/@nestjs/core/injector/instance-loader.js:55:9)
      at node_modules/@nestjs/core/injector/instance-loader.js:40:13
          at async Promise.all (index 3)
      at TestingInstanceLoader.createInstances (node_modules/@nestjs/core/injector/instance-loader.js:39:9)
      at TestingInstanceLoader.createInstancesOfDependencies (node_modules/@nestjs/core/injector/instance-loader.js:22:13)
      at TestingInstanceLoader.createInstancesOfDependencies (node_modules/@nestjs/testing/testing-instance-loader.js:9:9)
      at TestingModuleBuilder.createInstancesOfDependencies (node_modules/@nestjs/testing/testing-module.builder.js:118:9)
      at TestingModuleBuilder.compile (node_modules/@nestjs/testing/testing-module.builder.js:74:9)
      at Object.<anonymous> (test/integration/review.e2e-spec.ts:25:42)

  ● ReviewService (e2e) › findAll › should return reviews with pagination

    DATABASE_URL_TEST must be set in environment variables

    [0m [90m 12 |[39m   getTestURL()[33m:[39m string {
     [90m 13 |[39m     [36mif[39m ([33m![39mprocess[33m.[39menv[33m.[39m[33mDATABASE_URL_TEST[39m) {
    [31m[1m>[22m[39m[90m 14 |[39m       [36mthrow[39m [36mnew[39m [33mError[39m([32m'DATABASE_URL_TEST must be set in environment variables'[39m)[33m;[39m
     [90m    |[39m             [31m[1m^[22m[39m
     [90m 15 |[39m     }
     [90m 16 |[39m     [36mreturn[39m process[33m.[39menv[33m.[39m[33mDATABASE_URL_TEST[39m[33m;[39m
     [90m 17 |[39m   }[0m

      at DatabaseConfigService.getTestURL (src/config/database-config.service.ts:14:13)
      at new PrismaService (src/prisma/prisma.service.ts:18:24)
      at TestingInjector.instantiateClass (node_modules/@nestjs/core/injector/injector.js:422:19)
      at callback (node_modules/@nestjs/core/injector/injector.js:70:45)
      at TestingInjector.resolveConstructorParams (node_modules/@nestjs/core/injector/injector.js:170:24)
      at TestingInjector.loadInstance (node_modules/@nestjs/core/injector/injector.js:75:13)
      at TestingInjector.loadProvider (node_modules/@nestjs/core/injector/injector.js:103:9)
      at node_modules/@nestjs/core/injector/instance-loader.js:56:13
          at async Promise.all (index 4)
      at TestingInstanceLoader.createInstancesOfProviders (node_modules/@nestjs/core/injector/instance-loader.js:55:9)
      at node_modules/@nestjs/core/injector/instance-loader.js:40:13
          at async Promise.all (index 3)
      at TestingInstanceLoader.createInstances (node_modules/@nestjs/core/injector/instance-loader.js:39:9)
      at TestingInstanceLoader.createInstancesOfDependencies (node_modules/@nestjs/core/injector/instance-loader.js:22:13)
      at TestingInstanceLoader.createInstancesOfDependencies (node_modules/@nestjs/testing/testing-instance-loader.js:9:9)
      at TestingModuleBuilder.createInstancesOfDependencies (node_modules/@nestjs/testing/testing-module.builder.js:118:9)
      at TestingModuleBuilder.compile (node_modules/@nestjs/testing/testing-module.builder.js:74:9)
      at Object.<anonymous> (test/integration/review.e2e-spec.ts:25:42)

  ● ReviewService (e2e) › findAll › should include user and game information

    DATABASE_URL_TEST must be set in environment variables

    [0m [90m 12 |[39m   getTestURL()[33m:[39m string {
     [90m 13 |[39m     [36mif[39m ([33m![39mprocess[33m.[39menv[33m.[39m[33mDATABASE_URL_TEST[39m) {
    [31m[1m>[22m[39m[90m 14 |[39m       [36mthrow[39m [36mnew[39m [33mError[39m([32m'DATABASE_URL_TEST must be set in environment variables'[39m)[33m;[39m
     [90m    |[39m             [31m[1m^[22m[39m
     [90m 15 |[39m     }
     [90m 16 |[39m     [36mreturn[39m process[33m.[39menv[33m.[39m[33mDATABASE_URL_TEST[39m[33m;[39m
     [90m 17 |[39m   }[0m

      at DatabaseConfigService.getTestURL (src/config/database-config.service.ts:14:13)
      at new PrismaService (src/prisma/prisma.service.ts:18:24)
      at TestingInjector.instantiateClass (node_modules/@nestjs/core/injector/injector.js:422:19)
      at callback (node_modules/@nestjs/core/injector/injector.js:70:45)
      at TestingInjector.resolveConstructorParams (node_modules/@nestjs/core/injector/injector.js:170:24)
      at TestingInjector.loadInstance (node_modules/@nestjs/core/injector/injector.js:75:13)
      at TestingInjector.loadProvider (node_modules/@nestjs/core/injector/injector.js:103:9)
      at node_modules/@nestjs/core/injector/instance-loader.js:56:13
          at async Promise.all (index 4)
      at TestingInstanceLoader.createInstancesOfProviders (node_modules/@nestjs/core/injector/instance-loader.js:55:9)
      at node_modules/@nestjs/core/injector/instance-loader.js:40:13
          at async Promise.all (index 3)
      at TestingInstanceLoader.createInstances (node_modules/@nestjs/core/injector/instance-loader.js:39:9)
      at TestingInstanceLoader.createInstancesOfDependencies (node_modules/@nestjs/core/injector/instance-loader.js:22:13)
      at TestingInstanceLoader.createInstancesOfDependencies (node_modules/@nestjs/testing/testing-instance-loader.js:9:9)
      at TestingModuleBuilder.createInstancesOfDependencies (node_modules/@nestjs/testing/testing-module.builder.js:118:9)
      at TestingModuleBuilder.compile (node_modules/@nestjs/testing/testing-module.builder.js:74:9)
      at Object.<anonymous> (test/integration/review.e2e-spec.ts:25:42)

  ● ReviewService (e2e) › findOne › should return a review by id

    DATABASE_URL_TEST must be set in environment variables

    [0m [90m 12 |[39m   getTestURL()[33m:[39m string {
     [90m 13 |[39m     [36mif[39m ([33m![39mprocess[33m.[39menv[33m.[39m[33mDATABASE_URL_TEST[39m) {
    [31m[1m>[22m[39m[90m 14 |[39m       [36mthrow[39m [36mnew[39m [33mError[39m([32m'DATABASE_URL_TEST must be set in environment variables'[39m)[33m;[39m
     [90m    |[39m             [31m[1m^[22m[39m
     [90m 15 |[39m     }
     [90m 16 |[39m     [36mreturn[39m process[33m.[39menv[33m.[39m[33mDATABASE_URL_TEST[39m[33m;[39m
     [90m 17 |[39m   }[0m

      at DatabaseConfigService.getTestURL (src/config/database-config.service.ts:14:13)
      at new PrismaService (src/prisma/prisma.service.ts:18:24)
      at TestingInjector.instantiateClass (node_modules/@nestjs/core/injector/injector.js:422:19)
      at callback (node_modules/@nestjs/core/injector/injector.js:70:45)
      at TestingInjector.resolveConstructorParams (node_modules/@nestjs/core/injector/injector.js:170:24)
      at TestingInjector.loadInstance (node_modules/@nestjs/core/injector/injector.js:75:13)
      at TestingInjector.loadProvider (node_modules/@nestjs/core/injector/injector.js:103:9)
      at node_modules/@nestjs/core/injector/instance-loader.js:56:13
          at async Promise.all (index 4)
      at TestingInstanceLoader.createInstancesOfProviders (node_modules/@nestjs/core/injector/instance-loader.js:55:9)
      at node_modules/@nestjs/core/injector/instance-loader.js:40:13
          at async Promise.all (index 3)
      at TestingInstanceLoader.createInstances (node_modules/@nestjs/core/injector/instance-loader.js:39:9)
      at TestingInstanceLoader.createInstancesOfDependencies (node_modules/@nestjs/core/injector/instance-loader.js:22:13)
      at TestingInstanceLoader.createInstancesOfDependencies (node_modules/@nestjs/testing/testing-instance-loader.js:9:9)
      at TestingModuleBuilder.createInstancesOfDependencies (node_modules/@nestjs/testing/testing-module.builder.js:118:9)
      at TestingModuleBuilder.compile (node_modules/@nestjs/testing/testing-module.builder.js:74:9)
      at Object.<anonymous> (test/integration/review.e2e-spec.ts:25:42)

  ● ReviewService (e2e) › findOne › should throw NotFoundException when review does not exist

    DATABASE_URL_TEST must be set in environment variables

    [0m [90m 12 |[39m   getTestURL()[33m:[39m string {
     [90m 13 |[39m     [36mif[39m ([33m![39mprocess[33m.[39menv[33m.[39m[33mDATABASE_URL_TEST[39m) {
    [31m[1m>[22m[39m[90m 14 |[39m       [36mthrow[39m [36mnew[39m [33mError[39m([32m'DATABASE_URL_TEST must be set in environment variables'[39m)[33m;[39m
     [90m    |[39m             [31m[1m^[22m[39m
     [90m 15 |[39m     }
     [90m 16 |[39m     [36mreturn[39m process[33m.[39menv[33m.[39m[33mDATABASE_URL_TEST[39m[33m;[39m
     [90m 17 |[39m   }[0m

      at DatabaseConfigService.getTestURL (src/config/database-config.service.ts:14:13)
      at new PrismaService (src/prisma/prisma.service.ts:18:24)
      at TestingInjector.instantiateClass (node_modules/@nestjs/core/injector/injector.js:422:19)
      at callback (node_modules/@nestjs/core/injector/injector.js:70:45)
      at TestingInjector.resolveConstructorParams (node_modules/@nestjs/core/injector/injector.js:170:24)
      at TestingInjector.loadInstance (node_modules/@nestjs/core/injector/injector.js:75:13)
      at TestingInjector.loadProvider (node_modules/@nestjs/core/injector/injector.js:103:9)
      at node_modules/@nestjs/core/injector/instance-loader.js:56:13
          at async Promise.all (index 4)
      at TestingInstanceLoader.createInstancesOfProviders (node_modules/@nestjs/core/injector/instance-loader.js:55:9)
      at node_modules/@nestjs/core/injector/instance-loader.js:40:13
          at async Promise.all (index 3)
      at TestingInstanceLoader.createInstances (node_modules/@nestjs/core/injector/instance-loader.js:39:9)
      at TestingInstanceLoader.createInstancesOfDependencies (node_modules/@nestjs/core/injector/instance-loader.js:22:13)
      at TestingInstanceLoader.createInstancesOfDependencies (node_modules/@nestjs/testing/testing-instance-loader.js:9:9)
      at TestingModuleBuilder.createInstancesOfDependencies (node_modules/@nestjs/testing/testing-module.builder.js:118:9)
      at TestingModuleBuilder.compile (node_modules/@nestjs/testing/testing-module.builder.js:74:9)
      at Object.<anonymous> (test/integration/review.e2e-spec.ts:25:42)

  ● ReviewService (e2e) › findByUser › should return reviews for a specific user

    DATABASE_URL_TEST must be set in environment variables

    [0m [90m 12 |[39m   getTestURL()[33m:[39m string {
     [90m 13 |[39m     [36mif[39m ([33m![39mprocess[33m.[39menv[33m.[39m[33mDATABASE_URL_TEST[39m) {
    [31m[1m>[22m[39m[90m 14 |[39m       [36mthrow[39m [36mnew[39m [33mError[39m([32m'DATABASE_URL_TEST must be set in environment variables'[39m)[33m;[39m
     [90m    |[39m             [31m[1m^[22m[39m
     [90m 15 |[39m     }
     [90m 16 |[39m     [36mreturn[39m process[33m.[39menv[33m.[39m[33mDATABASE_URL_TEST[39m[33m;[39m
     [90m 17 |[39m   }[0m

      at DatabaseConfigService.getTestURL (src/config/database-config.service.ts:14:13)
      at new PrismaService (src/prisma/prisma.service.ts:18:24)
      at TestingInjector.instantiateClass (node_modules/@nestjs/core/injector/injector.js:422:19)
      at callback (node_modules/@nestjs/core/injector/injector.js:70:45)
      at TestingInjector.resolveConstructorParams (node_modules/@nestjs/core/injector/injector.js:170:24)
      at TestingInjector.loadInstance (node_modules/@nestjs/core/injector/injector.js:75:13)
      at TestingInjector.loadProvider (node_modules/@nestjs/core/injector/injector.js:103:9)
      at node_modules/@nestjs/core/injector/instance-loader.js:56:13
          at async Promise.all (index 4)
      at TestingInstanceLoader.createInstancesOfProviders (node_modules/@nestjs/core/injector/instance-loader.js:55:9)
      at node_modules/@nestjs/core/injector/instance-loader.js:40:13
          at async Promise.all (index 3)
      at TestingInstanceLoader.createInstances (node_modules/@nestjs/core/injector/instance-loader.js:39:9)
      at TestingInstanceLoader.createInstancesOfDependencies (node_modules/@nestjs/core/injector/instance-loader.js:22:13)
      at TestingInstanceLoader.createInstancesOfDependencies (node_modules/@nestjs/testing/testing-instance-loader.js:9:9)
      at TestingModuleBuilder.createInstancesOfDependencies (node_modules/@nestjs/testing/testing-module.builder.js:118:9)
      at TestingModuleBuilder.compile (node_modules/@nestjs/testing/testing-module.builder.js:74:9)
      at Object.<anonymous> (test/integration/review.e2e-spec.ts:25:42)

  ● ReviewService (e2e) › findByUser › should return reviews with pagination

    DATABASE_URL_TEST must be set in environment variables

    [0m [90m 12 |[39m   getTestURL()[33m:[39m string {
     [90m 13 |[39m     [36mif[39m ([33m![39mprocess[33m.[39menv[33m.[39m[33mDATABASE_URL_TEST[39m) {
    [31m[1m>[22m[39m[90m 14 |[39m       [36mthrow[39m [36mnew[39m [33mError[39m([32m'DATABASE_URL_TEST must be set in environment variables'[39m)[33m;[39m
     [90m    |[39m             [31m[1m^[22m[39m
     [90m 15 |[39m     }
     [90m 16 |[39m     [36mreturn[39m process[33m.[39menv[33m.[39m[33mDATABASE_URL_TEST[39m[33m;[39m
     [90m 17 |[39m   }[0m

      at DatabaseConfigService.getTestURL (src/config/database-config.service.ts:14:13)
      at new PrismaService (src/prisma/prisma.service.ts:18:24)
      at TestingInjector.instantiateClass (node_modules/@nestjs/core/injector/injector.js:422:19)
      at callback (node_modules/@nestjs/core/injector/injector.js:70:45)
      at TestingInjector.resolveConstructorParams (node_modules/@nestjs/core/injector/injector.js:170:24)
      at TestingInjector.loadInstance (node_modules/@nestjs/core/injector/injector.js:75:13)
      at TestingInjector.loadProvider (node_modules/@nestjs/core/injector/injector.js:103:9)
      at node_modules/@nestjs/core/injector/instance-loader.js:56:13
          at async Promise.all (index 4)
      at TestingInstanceLoader.createInstancesOfProviders (node_modules/@nestjs/core/injector/instance-loader.js:55:9)
      at node_modules/@nestjs/core/injector/instance-loader.js:40:13
          at async Promise.all (index 3)
      at TestingInstanceLoader.createInstances (node_modules/@nestjs/core/injector/instance-loader.js:39:9)
      at TestingInstanceLoader.createInstancesOfDependencies (node_modules/@nestjs/core/injector/instance-loader.js:22:13)
      at TestingInstanceLoader.createInstancesOfDependencies (node_modules/@nestjs/testing/testing-instance-loader.js:9:9)
      at TestingModuleBuilder.createInstancesOfDependencies (node_modules/@nestjs/testing/testing-module.builder.js:118:9)
      at TestingModuleBuilder.compile (node_modules/@nestjs/testing/testing-module.builder.js:74:9)
      at Object.<anonymous> (test/integration/review.e2e-spec.ts:25:42)

  ● ReviewService (e2e) › findByUser › should return empty array when user has no reviews

    DATABASE_URL_TEST must be set in environment variables

    [0m [90m 12 |[39m   getTestURL()[33m:[39m string {
     [90m 13 |[39m     [36mif[39m ([33m![39mprocess[33m.[39menv[33m.[39m[33mDATABASE_URL_TEST[39m) {
    [31m[1m>[22m[39m[90m 14 |[39m       [36mthrow[39m [36mnew[39m [33mError[39m([32m'DATABASE_URL_TEST must be set in environment variables'[39m)[33m;[39m
     [90m    |[39m             [31m[1m^[22m[39m
     [90m 15 |[39m     }
     [90m 16 |[39m     [36mreturn[39m process[33m.[39menv[33m.[39m[33mDATABASE_URL_TEST[39m[33m;[39m
     [90m 17 |[39m   }[0m

      at DatabaseConfigService.getTestURL (src/config/database-config.service.ts:14:13)
      at new PrismaService (src/prisma/prisma.service.ts:18:24)
      at TestingInjector.instantiateClass (node_modules/@nestjs/core/injector/injector.js:422:19)
      at callback (node_modules/@nestjs/core/injector/injector.js:70:45)
      at TestingInjector.resolveConstructorParams (node_modules/@nestjs/core/injector/injector.js:170:24)
      at TestingInjector.loadInstance (node_modules/@nestjs/core/injector/injector.js:75:13)
      at TestingInjector.loadProvider (node_modules/@nestjs/core/injector/injector.js:103:9)
      at node_modules/@nestjs/core/injector/instance-loader.js:56:13
          at async Promise.all (index 4)
      at TestingInstanceLoader.createInstancesOfProviders (node_modules/@nestjs/core/injector/instance-loader.js:55:9)
      at node_modules/@nestjs/core/injector/instance-loader.js:40:13
          at async Promise.all (index 3)
      at TestingInstanceLoader.createInstances (node_modules/@nestjs/core/injector/instance-loader.js:39:9)
      at TestingInstanceLoader.createInstancesOfDependencies (node_modules/@nestjs/core/injector/instance-loader.js:22:13)
      at TestingInstanceLoader.createInstancesOfDependencies (node_modules/@nestjs/testing/testing-instance-loader.js:9:9)
      at TestingModuleBuilder.createInstancesOfDependencies (node_modules/@nestjs/testing/testing-module.builder.js:118:9)
      at TestingModuleBuilder.compile (node_modules/@nestjs/testing/testing-module.builder.js:74:9)
      at Object.<anonymous> (test/integration/review.e2e-spec.ts:25:42)

  ● ReviewService (e2e) › findByUser › should throw NotFoundException when user does not exist

    DATABASE_URL_TEST must be set in environment variables

    [0m [90m 12 |[39m   getTestURL()[33m:[39m string {
     [90m 13 |[39m     [36mif[39m ([33m![39mprocess[33m.[39menv[33m.[39m[33mDATABASE_URL_TEST[39m) {
    [31m[1m>[22m[39m[90m 14 |[39m       [36mthrow[39m [36mnew[39m [33mError[39m([32m'DATABASE_URL_TEST must be set in environment variables'[39m)[33m;[39m
     [90m    |[39m             [31m[1m^[22m[39m
     [90m 15 |[39m     }
     [90m 16 |[39m     [36mreturn[39m process[33m.[39menv[33m.[39m[33mDATABASE_URL_TEST[39m[33m;[39m
     [90m 17 |[39m   }[0m

      at DatabaseConfigService.getTestURL (src/config/database-config.service.ts:14:13)
      at new PrismaService (src/prisma/prisma.service.ts:18:24)
      at TestingInjector.instantiateClass (node_modules/@nestjs/core/injector/injector.js:422:19)
      at callback (node_modules/@nestjs/core/injector/injector.js:70:45)
      at TestingInjector.resolveConstructorParams (node_modules/@nestjs/core/injector/injector.js:170:24)
      at TestingInjector.loadInstance (node_modules/@nestjs/core/injector/injector.js:75:13)
      at TestingInjector.loadProvider (node_modules/@nestjs/core/injector/injector.js:103:9)
      at node_modules/@nestjs/core/injector/instance-loader.js:56:13
          at async Promise.all (index 4)
      at TestingInstanceLoader.createInstancesOfProviders (node_modules/@nestjs/core/injector/instance-loader.js:55:9)
      at node_modules/@nestjs/core/injector/instance-loader.js:40:13
          at async Promise.all (index 3)
      at TestingInstanceLoader.createInstances (node_modules/@nestjs/core/injector/instance-loader.js:39:9)
      at TestingInstanceLoader.createInstancesOfDependencies (node_modules/@nestjs/core/injector/instance-loader.js:22:13)
      at TestingInstanceLoader.createInstancesOfDependencies (node_modules/@nestjs/testing/testing-instance-loader.js:9:9)
      at TestingModuleBuilder.createInstancesOfDependencies (node_modules/@nestjs/testing/testing-module.builder.js:118:9)
      at TestingModuleBuilder.compile (node_modules/@nestjs/testing/testing-module.builder.js:74:9)
      at Object.<anonymous> (test/integration/review.e2e-spec.ts:25:42)

  ● ReviewService (e2e) › findByGame › should return reviews for a specific game

    DATABASE_URL_TEST must be set in environment variables

    [0m [90m 12 |[39m   getTestURL()[33m:[39m string {
     [90m 13 |[39m     [36mif[39m ([33m![39mprocess[33m.[39menv[33m.[39m[33mDATABASE_URL_TEST[39m) {
    [31m[1m>[22m[39m[90m 14 |[39m       [36mthrow[39m [36mnew[39m [33mError[39m([32m'DATABASE_URL_TEST must be set in environment variables'[39m)[33m;[39m
     [90m    |[39m             [31m[1m^[22m[39m
     [90m 15 |[39m     }
     [90m 16 |[39m     [36mreturn[39m process[33m.[39menv[33m.[39m[33mDATABASE_URL_TEST[39m[33m;[39m
     [90m 17 |[39m   }[0m

      at DatabaseConfigService.getTestURL (src/config/database-config.service.ts:14:13)
      at new PrismaService (src/prisma/prisma.service.ts:18:24)
      at TestingInjector.instantiateClass (node_modules/@nestjs/core/injector/injector.js:422:19)
      at callback (node_modules/@nestjs/core/injector/injector.js:70:45)
      at TestingInjector.resolveConstructorParams (node_modules/@nestjs/core/injector/injector.js:170:24)
      at TestingInjector.loadInstance (node_modules/@nestjs/core/injector/injector.js:75:13)
      at TestingInjector.loadProvider (node_modules/@nestjs/core/injector/injector.js:103:9)
      at node_modules/@nestjs/core/injector/instance-loader.js:56:13
          at async Promise.all (index 4)
      at TestingInstanceLoader.createInstancesOfProviders (node_modules/@nestjs/core/injector/instance-loader.js:55:9)
      at node_modules/@nestjs/core/injector/instance-loader.js:40:13
          at async Promise.all (index 3)
      at TestingInstanceLoader.createInstances (node_modules/@nestjs/core/injector/instance-loader.js:39:9)
      at TestingInstanceLoader.createInstancesOfDependencies (node_modules/@nestjs/core/injector/instance-loader.js:22:13)
      at TestingInstanceLoader.createInstancesOfDependencies (node_modules/@nestjs/testing/testing-instance-loader.js:9:9)
      at TestingModuleBuilder.createInstancesOfDependencies (node_modules/@nestjs/testing/testing-module.builder.js:118:9)
      at TestingModuleBuilder.compile (node_modules/@nestjs/testing/testing-module.builder.js:74:9)
      at Object.<anonymous> (test/integration/review.e2e-spec.ts:25:42)

  ● ReviewService (e2e) › findByGame › should return reviews with pagination

    DATABASE_URL_TEST must be set in environment variables

    [0m [90m 12 |[39m   getTestURL()[33m:[39m string {
     [90m 13 |[39m     [36mif[39m ([33m![39mprocess[33m.[39menv[33m.[39m[33mDATABASE_URL_TEST[39m) {
    [31m[1m>[22m[39m[90m 14 |[39m       [36mthrow[39m [36mnew[39m [33mError[39m([32m'DATABASE_URL_TEST must be set in environment variables'[39m)[33m;[39m
     [90m    |[39m             [31m[1m^[22m[39m
     [90m 15 |[39m     }
     [90m 16 |[39m     [36mreturn[39m process[33m.[39menv[33m.[39m[33mDATABASE_URL_TEST[39m[33m;[39m
     [90m 17 |[39m   }[0m

      at DatabaseConfigService.getTestURL (src/config/database-config.service.ts:14:13)
      at new PrismaService (src/prisma/prisma.service.ts:18:24)
      at TestingInjector.instantiateClass (node_modules/@nestjs/core/injector/injector.js:422:19)
      at callback (node_modules/@nestjs/core/injector/injector.js:70:45)
      at TestingInjector.resolveConstructorParams (node_modules/@nestjs/core/injector/injector.js:170:24)
      at TestingInjector.loadInstance (node_modules/@nestjs/core/injector/injector.js:75:13)
      at TestingInjector.loadProvider (node_modules/@nestjs/core/injector/injector.js:103:9)
      at node_modules/@nestjs/core/injector/instance-loader.js:56:13
          at async Promise.all (index 4)
      at TestingInstanceLoader.createInstancesOfProviders (node_modules/@nestjs/core/injector/instance-loader.js:55:9)
      at node_modules/@nestjs/core/injector/instance-loader.js:40:13
          at async Promise.all (index 3)
      at TestingInstanceLoader.createInstances (node_modules/@nestjs/core/injector/instance-loader.js:39:9)
      at TestingInstanceLoader.createInstancesOfDependencies (node_modules/@nestjs/core/injector/instance-loader.js:22:13)
      at TestingInstanceLoader.createInstancesOfDependencies (node_modules/@nestjs/testing/testing-instance-loader.js:9:9)
      at TestingModuleBuilder.createInstancesOfDependencies (node_modules/@nestjs/testing/testing-module.builder.js:118:9)
      at TestingModuleBuilder.compile (node_modules/@nestjs/testing/testing-module.builder.js:74:9)
      at Object.<anonymous> (test/integration/review.e2e-spec.ts:25:42)

  ● ReviewService (e2e) › findByGame › should return empty array when game has no reviews

    DATABASE_URL_TEST must be set in environment variables

    [0m [90m 12 |[39m   getTestURL()[33m:[39m string {
     [90m 13 |[39m     [36mif[39m ([33m![39mprocess[33m.[39menv[33m.[39m[33mDATABASE_URL_TEST[39m) {
    [31m[1m>[22m[39m[90m 14 |[39m       [36mthrow[39m [36mnew[39m [33mError[39m([32m'DATABASE_URL_TEST must be set in environment variables'[39m)[33m;[39m
     [90m    |[39m             [31m[1m^[22m[39m
     [90m 15 |[39m     }
     [90m 16 |[39m     [36mreturn[39m process[33m.[39menv[33m.[39m[33mDATABASE_URL_TEST[39m[33m;[39m
     [90m 17 |[39m   }[0m

      at DatabaseConfigService.getTestURL (src/config/database-config.service.ts:14:13)
      at new PrismaService (src/prisma/prisma.service.ts:18:24)
      at TestingInjector.instantiateClass (node_modules/@nestjs/core/injector/injector.js:422:19)
      at callback (node_modules/@nestjs/core/injector/injector.js:70:45)
      at TestingInjector.resolveConstructorParams (node_modules/@nestjs/core/injector/injector.js:170:24)
      at TestingInjector.loadInstance (node_modules/@nestjs/core/injector/injector.js:75:13)
      at TestingInjector.loadProvider (node_modules/@nestjs/core/injector/injector.js:103:9)
      at node_modules/@nestjs/core/injector/instance-loader.js:56:13
          at async Promise.all (index 4)
      at TestingInstanceLoader.createInstancesOfProviders (node_modules/@nestjs/core/injector/instance-loader.js:55:9)
      at node_modules/@nestjs/core/injector/instance-loader.js:40:13
          at async Promise.all (index 3)
      at TestingInstanceLoader.createInstances (node_modules/@nestjs/core/injector/instance-loader.js:39:9)
      at TestingInstanceLoader.createInstancesOfDependencies (node_modules/@nestjs/core/injector/instance-loader.js:22:13)
      at TestingInstanceLoader.createInstancesOfDependencies (node_modules/@nestjs/testing/testing-instance-loader.js:9:9)
      at TestingModuleBuilder.createInstancesOfDependencies (node_modules/@nestjs/testing/testing-module.builder.js:118:9)
      at TestingModuleBuilder.compile (node_modules/@nestjs/testing/testing-module.builder.js:74:9)
      at Object.<anonymous> (test/integration/review.e2e-spec.ts:25:42)

  ● ReviewService (e2e) › findByGame › should throw NotFoundException when game does not exist

    DATABASE_URL_TEST must be set in environment variables

    [0m [90m 12 |[39m   getTestURL()[33m:[39m string {
     [90m 13 |[39m     [36mif[39m ([33m![39mprocess[33m.[39menv[33m.[39m[33mDATABASE_URL_TEST[39m) {
    [31m[1m>[22m[39m[90m 14 |[39m       [36mthrow[39m [36mnew[39m [33mError[39m([32m'DATABASE_URL_TEST must be set in environment variables'[39m)[33m;[39m
     [90m    |[39m             [31m[1m^[22m[39m
     [90m 15 |[39m     }
     [90m 16 |[39m     [36mreturn[39m process[33m.[39menv[33m.[39m[33mDATABASE_URL_TEST[39m[33m;[39m
     [90m 17 |[39m   }[0m

      at DatabaseConfigService.getTestURL (src/config/database-config.service.ts:14:13)
      at new PrismaService (src/prisma/prisma.service.ts:18:24)
      at TestingInjector.instantiateClass (node_modules/@nestjs/core/injector/injector.js:422:19)
      at callback (node_modules/@nestjs/core/injector/injector.js:70:45)
      at TestingInjector.resolveConstructorParams (node_modules/@nestjs/core/injector/injector.js:170:24)
      at TestingInjector.loadInstance (node_modules/@nestjs/core/injector/injector.js:75:13)
      at TestingInjector.loadProvider (node_modules/@nestjs/core/injector/injector.js:103:9)
      at node_modules/@nestjs/core/injector/instance-loader.js:56:13
          at async Promise.all (index 4)
      at TestingInstanceLoader.createInstancesOfProviders (node_modules/@nestjs/core/injector/instance-loader.js:55:9)
      at node_modules/@nestjs/core/injector/instance-loader.js:40:13
          at async Promise.all (index 3)
      at TestingInstanceLoader.createInstances (node_modules/@nestjs/core/injector/instance-loader.js:39:9)
      at TestingInstanceLoader.createInstancesOfDependencies (node_modules/@nestjs/core/injector/instance-loader.js:22:13)
      at TestingInstanceLoader.createInstancesOfDependencies (node_modules/@nestjs/testing/testing-instance-loader.js:9:9)
      at TestingModuleBuilder.createInstancesOfDependencies (node_modules/@nestjs/testing/testing-module.builder.js:118:9)
      at TestingModuleBuilder.compile (node_modules/@nestjs/testing/testing-module.builder.js:74:9)
      at Object.<anonymous> (test/integration/review.e2e-spec.ts:25:42)

  ● ReviewService (e2e) › update › should update review rating successfully

    DATABASE_URL_TEST must be set in environment variables

    [0m [90m 12 |[39m   getTestURL()[33m:[39m string {
     [90m 13 |[39m     [36mif[39m ([33m![39mprocess[33m.[39menv[33m.[39m[33mDATABASE_URL_TEST[39m) {
    [31m[1m>[22m[39m[90m 14 |[39m       [36mthrow[39m [36mnew[39m [33mError[39m([32m'DATABASE_URL_TEST must be set in environment variables'[39m)[33m;[39m
     [90m    |[39m             [31m[1m^[22m[39m
     [90m 15 |[39m     }
     [90m 16 |[39m     [36mreturn[39m process[33m.[39menv[33m.[39m[33mDATABASE_URL_TEST[39m[33m;[39m
     [90m 17 |[39m   }[0m

      at DatabaseConfigService.getTestURL (src/config/database-config.service.ts:14:13)
      at new PrismaService (src/prisma/prisma.service.ts:18:24)
      at TestingInjector.instantiateClass (node_modules/@nestjs/core/injector/injector.js:422:19)
      at callback (node_modules/@nestjs/core/injector/injector.js:70:45)
      at TestingInjector.resolveConstructorParams (node_modules/@nestjs/core/injector/injector.js:170:24)
      at TestingInjector.loadInstance (node_modules/@nestjs/core/injector/injector.js:75:13)
      at TestingInjector.loadProvider (node_modules/@nestjs/core/injector/injector.js:103:9)
      at node_modules/@nestjs/core/injector/instance-loader.js:56:13
          at async Promise.all (index 4)
      at TestingInstanceLoader.createInstancesOfProviders (node_modules/@nestjs/core/injector/instance-loader.js:55:9)
      at node_modules/@nestjs/core/injector/instance-loader.js:40:13
          at async Promise.all (index 3)
      at TestingInstanceLoader.createInstances (node_modules/@nestjs/core/injector/instance-loader.js:39:9)
      at TestingInstanceLoader.createInstancesOfDependencies (node_modules/@nestjs/core/injector/instance-loader.js:22:13)
      at TestingInstanceLoader.createInstancesOfDependencies (node_modules/@nestjs/testing/testing-instance-loader.js:9:9)
      at TestingModuleBuilder.createInstancesOfDependencies (node_modules/@nestjs/testing/testing-module.builder.js:118:9)
      at TestingModuleBuilder.compile (node_modules/@nestjs/testing/testing-module.builder.js:74:9)
      at Object.<anonymous> (test/integration/review.e2e-spec.ts:25:42)

  ● ReviewService (e2e) › update › should update review content successfully

    DATABASE_URL_TEST must be set in environment variables

    [0m [90m 12 |[39m   getTestURL()[33m:[39m string {
     [90m 13 |[39m     [36mif[39m ([33m![39mprocess[33m.[39menv[33m.[39m[33mDATABASE_URL_TEST[39m) {
    [31m[1m>[22m[39m[90m 14 |[39m       [36mthrow[39m [36mnew[39m [33mError[39m([32m'DATABASE_URL_TEST must be set in environment variables'[39m)[33m;[39m
     [90m    |[39m             [31m[1m^[22m[39m
     [90m 15 |[39m     }
     [90m 16 |[39m     [36mreturn[39m process[33m.[39menv[33m.[39m[33mDATABASE_URL_TEST[39m[33m;[39m
     [90m 17 |[39m   }[0m

      at DatabaseConfigService.getTestURL (src/config/database-config.service.ts:14:13)
      at new PrismaService (src/prisma/prisma.service.ts:18:24)
      at TestingInjector.instantiateClass (node_modules/@nestjs/core/injector/injector.js:422:19)
      at callback (node_modules/@nestjs/core/injector/injector.js:70:45)
      at TestingInjector.resolveConstructorParams (node_modules/@nestjs/core/injector/injector.js:170:24)
      at TestingInjector.loadInstance (node_modules/@nestjs/core/injector/injector.js:75:13)
      at TestingInjector.loadProvider (node_modules/@nestjs/core/injector/injector.js:103:9)
      at node_modules/@nestjs/core/injector/instance-loader.js:56:13
          at async Promise.all (index 4)
      at TestingInstanceLoader.createInstancesOfProviders (node_modules/@nestjs/core/injector/instance-loader.js:55:9)
      at node_modules/@nestjs/core/injector/instance-loader.js:40:13
          at async Promise.all (index 3)
      at TestingInstanceLoader.createInstances (node_modules/@nestjs/core/injector/instance-loader.js:39:9)
      at TestingInstanceLoader.createInstancesOfDependencies (node_modules/@nestjs/core/injector/instance-loader.js:22:13)
      at TestingInstanceLoader.createInstancesOfDependencies (node_modules/@nestjs/testing/testing-instance-loader.js:9:9)
      at TestingModuleBuilder.createInstancesOfDependencies (node_modules/@nestjs/testing/testing-module.builder.js:118:9)
      at TestingModuleBuilder.compile (node_modules/@nestjs/testing/testing-module.builder.js:74:9)
      at Object.<anonymous> (test/integration/review.e2e-spec.ts:25:42)

  ● ReviewService (e2e) › update › should update both rating and content

    DATABASE_URL_TEST must be set in environment variables

    [0m [90m 12 |[39m   getTestURL()[33m:[39m string {
     [90m 13 |[39m     [36mif[39m ([33m![39mprocess[33m.[39menv[33m.[39m[33mDATABASE_URL_TEST[39m) {
    [31m[1m>[22m[39m[90m 14 |[39m       [36mthrow[39m [36mnew[39m [33mError[39m([32m'DATABASE_URL_TEST must be set in environment variables'[39m)[33m;[39m
     [90m    |[39m             [31m[1m^[22m[39m
     [90m 15 |[39m     }
     [90m 16 |[39m     [36mreturn[39m process[33m.[39menv[33m.[39m[33mDATABASE_URL_TEST[39m[33m;[39m
     [90m 17 |[39m   }[0m

      at DatabaseConfigService.getTestURL (src/config/database-config.service.ts:14:13)
      at new PrismaService (src/prisma/prisma.service.ts:18:24)
      at TestingInjector.instantiateClass (node_modules/@nestjs/core/injector/injector.js:422:19)
      at callback (node_modules/@nestjs/core/injector/injector.js:70:45)
      at TestingInjector.resolveConstructorParams (node_modules/@nestjs/core/injector/injector.js:170:24)
      at TestingInjector.loadInstance (node_modules/@nestjs/core/injector/injector.js:75:13)
      at TestingInjector.loadProvider (node_modules/@nestjs/core/injector/injector.js:103:9)
      at node_modules/@nestjs/core/injector/instance-loader.js:56:13
          at async Promise.all (index 4)
      at TestingInstanceLoader.createInstancesOfProviders (node_modules/@nestjs/core/injector/instance-loader.js:55:9)
      at node_modules/@nestjs/core/injector/instance-loader.js:40:13
          at async Promise.all (index 3)
      at TestingInstanceLoader.createInstances (node_modules/@nestjs/core/injector/instance-loader.js:39:9)
      at TestingInstanceLoader.createInstancesOfDependencies (node_modules/@nestjs/core/injector/instance-loader.js:22:13)
      at TestingInstanceLoader.createInstancesOfDependencies (node_modules/@nestjs/testing/testing-instance-loader.js:9:9)
      at TestingModuleBuilder.createInstancesOfDependencies (node_modules/@nestjs/testing/testing-module.builder.js:118:9)
      at TestingModuleBuilder.compile (node_modules/@nestjs/testing/testing-module.builder.js:74:9)
      at Object.<anonymous> (test/integration/review.e2e-spec.ts:25:42)

  ● ReviewService (e2e) › update › should throw NotFoundException when review does not exist

    DATABASE_URL_TEST must be set in environment variables

    [0m [90m 12 |[39m   getTestURL()[33m:[39m string {
     [90m 13 |[39m     [36mif[39m ([33m![39mprocess[33m.[39menv[33m.[39m[33mDATABASE_URL_TEST[39m) {
    [31m[1m>[22m[39m[90m 14 |[39m       [36mthrow[39m [36mnew[39m [33mError[39m([32m'DATABASE_URL_TEST must be set in environment variables'[39m)[33m;[39m
     [90m    |[39m             [31m[1m^[22m[39m
     [90m 15 |[39m     }
     [90m 16 |[39m     [36mreturn[39m process[33m.[39menv[33m.[39m[33mDATABASE_URL_TEST[39m[33m;[39m
     [90m 17 |[39m   }[0m

      at DatabaseConfigService.getTestURL (src/config/database-config.service.ts:14:13)
      at new PrismaService (src/prisma/prisma.service.ts:18:24)
      at TestingInjector.instantiateClass (node_modules/@nestjs/core/injector/injector.js:422:19)
      at callback (node_modules/@nestjs/core/injector/injector.js:70:45)
      at TestingInjector.resolveConstructorParams (node_modules/@nestjs/core/injector/injector.js:170:24)
      at TestingInjector.loadInstance (node_modules/@nestjs/core/injector/injector.js:75:13)
      at TestingInjector.loadProvider (node_modules/@nestjs/core/injector/injector.js:103:9)
      at node_modules/@nestjs/core/injector/instance-loader.js:56:13
          at async Promise.all (index 4)
      at TestingInstanceLoader.createInstancesOfProviders (node_modules/@nestjs/core/injector/instance-loader.js:55:9)
      at node_modules/@nestjs/core/injector/instance-loader.js:40:13
          at async Promise.all (index 3)
      at TestingInstanceLoader.createInstances (node_modules/@nestjs/core/injector/instance-loader.js:39:9)
      at TestingInstanceLoader.createInstancesOfDependencies (node_modules/@nestjs/core/injector/instance-loader.js:22:13)
      at TestingInstanceLoader.createInstancesOfDependencies (node_modules/@nestjs/testing/testing-instance-loader.js:9:9)
      at TestingModuleBuilder.createInstancesOfDependencies (node_modules/@nestjs/testing/testing-module.builder.js:118:9)
      at TestingModuleBuilder.compile (node_modules/@nestjs/testing/testing-module.builder.js:74:9)
      at Object.<anonymous> (test/integration/review.e2e-spec.ts:25:42)

  ● ReviewService (e2e) › update › should handle empty update

    DATABASE_URL_TEST must be set in environment variables

    [0m [90m 12 |[39m   getTestURL()[33m:[39m string {
     [90m 13 |[39m     [36mif[39m ([33m![39mprocess[33m.[39menv[33m.[39m[33mDATABASE_URL_TEST[39m) {
    [31m[1m>[22m[39m[90m 14 |[39m       [36mthrow[39m [36mnew[39m [33mError[39m([32m'DATABASE_URL_TEST must be set in environment variables'[39m)[33m;[39m
     [90m    |[39m             [31m[1m^[22m[39m
     [90m 15 |[39m     }
     [90m 16 |[39m     [36mreturn[39m process[33m.[39menv[33m.[39m[33mDATABASE_URL_TEST[39m[33m;[39m
     [90m 17 |[39m   }[0m

      at DatabaseConfigService.getTestURL (src/config/database-config.service.ts:14:13)
      at new PrismaService (src/prisma/prisma.service.ts:18:24)
      at TestingInjector.instantiateClass (node_modules/@nestjs/core/injector/injector.js:422:19)
      at callback (node_modules/@nestjs/core/injector/injector.js:70:45)
      at TestingInjector.resolveConstructorParams (node_modules/@nestjs/core/injector/injector.js:170:24)
      at TestingInjector.loadInstance (node_modules/@nestjs/core/injector/injector.js:75:13)
      at TestingInjector.loadProvider (node_modules/@nestjs/core/injector/injector.js:103:9)
      at node_modules/@nestjs/core/injector/instance-loader.js:56:13
          at async Promise.all (index 4)
      at TestingInstanceLoader.createInstancesOfProviders (node_modules/@nestjs/core/injector/instance-loader.js:55:9)
      at node_modules/@nestjs/core/injector/instance-loader.js:40:13
          at async Promise.all (index 3)
      at TestingInstanceLoader.createInstances (node_modules/@nestjs/core/injector/instance-loader.js:39:9)
      at TestingInstanceLoader.createInstancesOfDependencies (node_modules/@nestjs/core/injector/instance-loader.js:22:13)
      at TestingInstanceLoader.createInstancesOfDependencies (node_modules/@nestjs/testing/testing-instance-loader.js:9:9)
      at TestingModuleBuilder.createInstancesOfDependencies (node_modules/@nestjs/testing/testing-module.builder.js:118:9)
      at TestingModuleBuilder.compile (node_modules/@nestjs/testing/testing-module.builder.js:74:9)
      at Object.<anonymous> (test/integration/review.e2e-spec.ts:25:42)

  ● ReviewService (e2e) › update › should fail when updating non-existent review

    DATABASE_URL_TEST must be set in environment variables

    [0m [90m 12 |[39m   getTestURL()[33m:[39m string {
     [90m 13 |[39m     [36mif[39m ([33m![39mprocess[33m.[39menv[33m.[39m[33mDATABASE_URL_TEST[39m) {
    [31m[1m>[22m[39m[90m 14 |[39m       [36mthrow[39m [36mnew[39m [33mError[39m([32m'DATABASE_URL_TEST must be set in environment variables'[39m)[33m;[39m
     [90m    |[39m             [31m[1m^[22m[39m
     [90m 15 |[39m     }
     [90m 16 |[39m     [36mreturn[39m process[33m.[39menv[33m.[39m[33mDATABASE_URL_TEST[39m[33m;[39m
     [90m 17 |[39m   }[0m

      at DatabaseConfigService.getTestURL (src/config/database-config.service.ts:14:13)
      at new PrismaService (src/prisma/prisma.service.ts:18:24)
      at TestingInjector.instantiateClass (node_modules/@nestjs/core/injector/injector.js:422:19)
      at callback (node_modules/@nestjs/core/injector/injector.js:70:45)
      at TestingInjector.resolveConstructorParams (node_modules/@nestjs/core/injector/injector.js:170:24)
      at TestingInjector.loadInstance (node_modules/@nestjs/core/injector/injector.js:75:13)
      at TestingInjector.loadProvider (node_modules/@nestjs/core/injector/injector.js:103:9)
      at node_modules/@nestjs/core/injector/instance-loader.js:56:13
          at async Promise.all (index 4)
      at TestingInstanceLoader.createInstancesOfProviders (node_modules/@nestjs/core/injector/instance-loader.js:55:9)
      at node_modules/@nestjs/core/injector/instance-loader.js:40:13
          at async Promise.all (index 3)
      at TestingInstanceLoader.createInstances (node_modules/@nestjs/core/injector/instance-loader.js:39:9)
      at TestingInstanceLoader.createInstancesOfDependencies (node_modules/@nestjs/core/injector/instance-loader.js:22:13)
      at TestingInstanceLoader.createInstancesOfDependencies (node_modules/@nestjs/testing/testing-instance-loader.js:9:9)
      at TestingModuleBuilder.createInstancesOfDependencies (node_modules/@nestjs/testing/testing-module.builder.js:118:9)
      at TestingModuleBuilder.compile (node_modules/@nestjs/testing/testing-module.builder.js:74:9)
      at Object.<anonymous> (test/integration/review.e2e-spec.ts:25:42)

  ● ReviewService (e2e) › remove › should delete review successfully

    DATABASE_URL_TEST must be set in environment variables

    [0m [90m 12 |[39m   getTestURL()[33m:[39m string {
     [90m 13 |[39m     [36mif[39m ([33m![39mprocess[33m.[39menv[33m.[39m[33mDATABASE_URL_TEST[39m) {
    [31m[1m>[22m[39m[90m 14 |[39m       [36mthrow[39m [36mnew[39m [33mError[39m([32m'DATABASE_URL_TEST must be set in environment variables'[39m)[33m;[39m
     [90m    |[39m             [31m[1m^[22m[39m
     [90m 15 |[39m     }
     [90m 16 |[39m     [36mreturn[39m process[33m.[39menv[33m.[39m[33mDATABASE_URL_TEST[39m[33m;[39m
     [90m 17 |[39m   }[0m

      at DatabaseConfigService.getTestURL (src/config/database-config.service.ts:14:13)
      at new PrismaService (src/prisma/prisma.service.ts:18:24)
      at TestingInjector.instantiateClass (node_modules/@nestjs/core/injector/injector.js:422:19)
      at callback (node_modules/@nestjs/core/injector/injector.js:70:45)
      at TestingInjector.resolveConstructorParams (node_modules/@nestjs/core/injector/injector.js:170:24)
      at TestingInjector.loadInstance (node_modules/@nestjs/core/injector/injector.js:75:13)
      at TestingInjector.loadProvider (node_modules/@nestjs/core/injector/injector.js:103:9)
      at node_modules/@nestjs/core/injector/instance-loader.js:56:13
          at async Promise.all (index 4)
      at TestingInstanceLoader.createInstancesOfProviders (node_modules/@nestjs/core/injector/instance-loader.js:55:9)
      at node_modules/@nestjs/core/injector/instance-loader.js:40:13
          at async Promise.all (index 3)
      at TestingInstanceLoader.createInstances (node_modules/@nestjs/core/injector/instance-loader.js:39:9)
      at TestingInstanceLoader.createInstancesOfDependencies (node_modules/@nestjs/core/injector/instance-loader.js:22:13)
      at TestingInstanceLoader.createInstancesOfDependencies (node_modules/@nestjs/testing/testing-instance-loader.js:9:9)
      at TestingModuleBuilder.createInstancesOfDependencies (node_modules/@nestjs/testing/testing-module.builder.js:118:9)
      at TestingModuleBuilder.compile (node_modules/@nestjs/testing/testing-module.builder.js:74:9)
      at Object.<anonymous> (test/integration/review.e2e-spec.ts:25:42)

  ● ReviewService (e2e) › remove › should throw NotFoundException when review does not exist

    DATABASE_URL_TEST must be set in environment variables

    [0m [90m 12 |[39m   getTestURL()[33m:[39m string {
     [90m 13 |[39m     [36mif[39m ([33m![39mprocess[33m.[39menv[33m.[39m[33mDATABASE_URL_TEST[39m) {
    [31m[1m>[22m[39m[90m 14 |[39m       [36mthrow[39m [36mnew[39m [33mError[39m([32m'DATABASE_URL_TEST must be set in environment variables'[39m)[33m;[39m
     [90m    |[39m             [31m[1m^[22m[39m
     [90m 15 |[39m     }
     [90m 16 |[39m     [36mreturn[39m process[33m.[39menv[33m.[39m[33mDATABASE_URL_TEST[39m[33m;[39m
     [90m 17 |[39m   }[0m

      at DatabaseConfigService.getTestURL (src/config/database-config.service.ts:14:13)
      at new PrismaService (src/prisma/prisma.service.ts:18:24)
      at TestingInjector.instantiateClass (node_modules/@nestjs/core/injector/injector.js:422:19)
      at callback (node_modules/@nestjs/core/injector/injector.js:70:45)
      at TestingInjector.resolveConstructorParams (node_modules/@nestjs/core/injector/injector.js:170:24)
      at TestingInjector.loadInstance (node_modules/@nestjs/core/injector/injector.js:75:13)
      at TestingInjector.loadProvider (node_modules/@nestjs/core/injector/injector.js:103:9)
      at node_modules/@nestjs/core/injector/instance-loader.js:56:13
          at async Promise.all (index 4)
      at TestingInstanceLoader.createInstancesOfProviders (node_modules/@nestjs/core/injector/instance-loader.js:55:9)
      at node_modules/@nestjs/core/injector/instance-loader.js:40:13
          at async Promise.all (index 3)
      at TestingInstanceLoader.createInstances (node_modules/@nestjs/core/injector/instance-loader.js:39:9)
      at TestingInstanceLoader.createInstancesOfDependencies (node_modules/@nestjs/core/injector/instance-loader.js:22:13)
      at TestingInstanceLoader.createInstancesOfDependencies (node_modules/@nestjs/testing/testing-instance-loader.js:9:9)
      at TestingModuleBuilder.createInstancesOfDependencies (node_modules/@nestjs/testing/testing-module.builder.js:118:9)
      at TestingModuleBuilder.compile (node_modules/@nestjs/testing/testing-module.builder.js:74:9)
      at Object.<anonymous> (test/integration/review.e2e-spec.ts:25:42)

  ● ReviewService (e2e) › remove › should handle foreign key constraints on delete

    DATABASE_URL_TEST must be set in environment variables

    [0m [90m 12 |[39m   getTestURL()[33m:[39m string {
     [90m 13 |[39m     [36mif[39m ([33m![39mprocess[33m.[39menv[33m.[39m[33mDATABASE_URL_TEST[39m) {
    [31m[1m>[22m[39m[90m 14 |[39m       [36mthrow[39m [36mnew[39m [33mError[39m([32m'DATABASE_URL_TEST must be set in environment variables'[39m)[33m;[39m
     [90m    |[39m             [31m[1m^[22m[39m
     [90m 15 |[39m     }
     [90m 16 |[39m     [36mreturn[39m process[33m.[39menv[33m.[39m[33mDATABASE_URL_TEST[39m[33m;[39m
     [90m 17 |[39m   }[0m

      at DatabaseConfigService.getTestURL (src/config/database-config.service.ts:14:13)
      at new PrismaService (src/prisma/prisma.service.ts:18:24)
      at TestingInjector.instantiateClass (node_modules/@nestjs/core/injector/injector.js:422:19)
      at callback (node_modules/@nestjs/core/injector/injector.js:70:45)
      at TestingInjector.resolveConstructorParams (node_modules/@nestjs/core/injector/injector.js:170:24)
      at TestingInjector.loadInstance (node_modules/@nestjs/core/injector/injector.js:75:13)
      at TestingInjector.loadProvider (node_modules/@nestjs/core/injector/injector.js:103:9)
      at node_modules/@nestjs/core/injector/instance-loader.js:56:13
          at async Promise.all (index 4)
      at TestingInstanceLoader.createInstancesOfProviders (node_modules/@nestjs/core/injector/instance-loader.js:55:9)
      at node_modules/@nestjs/core/injector/instance-loader.js:40:13
          at async Promise.all (index 3)
      at TestingInstanceLoader.createInstances (node_modules/@nestjs/core/injector/instance-loader.js:39:9)
      at TestingInstanceLoader.createInstancesOfDependencies (node_modules/@nestjs/core/injector/instance-loader.js:22:13)
      at TestingInstanceLoader.createInstancesOfDependencies (node_modules/@nestjs/testing/testing-instance-loader.js:9:9)
      at TestingModuleBuilder.createInstancesOfDependencies (node_modules/@nestjs/testing/testing-module.builder.js:118:9)
      at TestingModuleBuilder.compile (node_modules/@nestjs/testing/testing-module.builder.js:74:9)
      at Object.<anonymous> (test/integration/review.e2e-spec.ts:25:42)


  ● Test suite failed to run

    TypeError: Cannot read properties of undefined (reading 'close')

    [0m [90m 121 |[39m
     [90m 122 |[39m   afterAll([36masync[39m () [33m=>[39m {
    [31m[1m>[22m[39m[90m 123 |[39m     [36mawait[39m app[33m.[39mclose()[33m;[39m
     [90m     |[39m               [31m[1m^[22m[39m
     [90m 124 |[39m   })[33m;[39m
     [90m 125 |[39m
     [90m 126 |[39m   [36masync[39m [36mfunction[39m createTestUser(username[33m:[39m string) {[0m

      at Object.<anonymous> (test/integration/review.e2e-spec.ts:123:15)

PASS src/app.controller.spec.ts
PASS src/contexts/core/domain/entities/user.entity.spec.ts
FAIL test/integration/library.e2e-spec.ts (48.34 s)
  ● Console

    console.log
      ◇ injected env (0) from ..\.env // tip: ⌘ custom filepath { path: '/custom/path/.env' }

      at _log (node_modules/dotenv/lib/main.js:131:11)

  ● LibraryService (e2e) › create › should create a library entry successfully

    DATABASE_URL_TEST must be set in environment variables

    [0m [90m 12 |[39m   getTestURL()[33m:[39m string {
     [90m 13 |[39m     [36mif[39m ([33m![39mprocess[33m.[39menv[33m.[39m[33mDATABASE_URL_TEST[39m) {
    [31m[1m>[22m[39m[90m 14 |[39m       [36mthrow[39m [36mnew[39m [33mError[39m([32m'DATABASE_URL_TEST must be set in environment variables'[39m)[33m;[39m
     [90m    |[39m             [31m[1m^[22m[39m
     [90m 15 |[39m     }
     [90m 16 |[39m     [36mreturn[39m process[33m.[39menv[33m.[39m[33mDATABASE_URL_TEST[39m[33m;[39m
     [90m 17 |[39m   }[0m

      at DatabaseConfigService.getTestURL (src/config/database-config.service.ts:14:13)
      at new PrismaService (src/prisma/prisma.service.ts:18:24)
      at TestingInjector.instantiateClass (node_modules/@nestjs/core/injector/injector.js:422:19)
      at callback (node_modules/@nestjs/core/injector/injector.js:70:45)
      at TestingInjector.resolveConstructorParams (node_modules/@nestjs/core/injector/injector.js:170:24)
      at TestingInjector.loadInstance (node_modules/@nestjs/core/injector/injector.js:75:13)
      at TestingInjector.loadProvider (node_modules/@nestjs/core/injector/injector.js:103:9)
      at node_modules/@nestjs/core/injector/instance-loader.js:56:13
          at async Promise.all (index 4)
      at TestingInstanceLoader.createInstancesOfProviders (node_modules/@nestjs/core/injector/instance-loader.js:55:9)
      at node_modules/@nestjs/core/injector/instance-loader.js:40:13
          at async Promise.all (index 3)
      at TestingInstanceLoader.createInstances (node_modules/@nestjs/core/injector/instance-loader.js:39:9)
      at TestingInstanceLoader.createInstancesOfDependencies (node_modules/@nestjs/core/injector/instance-loader.js:22:13)
      at TestingInstanceLoader.createInstancesOfDependencies (node_modules/@nestjs/testing/testing-instance-loader.js:9:9)
      at TestingModuleBuilder.createInstancesOfDependencies (node_modules/@nestjs/testing/testing-module.builder.js:118:9)
      at TestingModuleBuilder.compile (node_modules/@nestjs/testing/testing-module.builder.js:74:9)
      at Object.<anonymous> (test/integration/library.e2e-spec.ts:29:42)

  ● LibraryService (e2e) › create › should create a library entry with default hours_played

    DATABASE_URL_TEST must be set in environment variables

    [0m [90m 12 |[39m   getTestURL()[33m:[39m string {
     [90m 13 |[39m     [36mif[39m ([33m![39mprocess[33m.[39menv[33m.[39m[33mDATABASE_URL_TEST[39m) {
    [31m[1m>[22m[39m[90m 14 |[39m       [36mthrow[39m [36mnew[39m [33mError[39m([32m'DATABASE_URL_TEST must be set in environment variables'[39m)[33m;[39m
     [90m    |[39m             [31m[1m^[22m[39m
     [90m 15 |[39m     }
     [90m 16 |[39m     [36mreturn[39m process[33m.[39menv[33m.[39m[33mDATABASE_URL_TEST[39m[33m;[39m
     [90m 17 |[39m   }[0m

      at DatabaseConfigService.getTestURL (src/config/database-config.service.ts:14:13)
      at new PrismaService (src/prisma/prisma.service.ts:18:24)
      at TestingInjector.instantiateClass (node_modules/@nestjs/core/injector/injector.js:422:19)
      at callback (node_modules/@nestjs/core/injector/injector.js:70:45)
      at TestingInjector.resolveConstructorParams (node_modules/@nestjs/core/injector/injector.js:170:24)
      at TestingInjector.loadInstance (node_modules/@nestjs/core/injector/injector.js:75:13)
      at TestingInjector.loadProvider (node_modules/@nestjs/core/injector/injector.js:103:9)
      at node_modules/@nestjs/core/injector/instance-loader.js:56:13
          at async Promise.all (index 4)
      at TestingInstanceLoader.createInstancesOfProviders (node_modules/@nestjs/core/injector/instance-loader.js:55:9)
      at node_modules/@nestjs/core/injector/instance-loader.js:40:13
          at async Promise.all (index 3)
      at TestingInstanceLoader.createInstances (node_modules/@nestjs/core/injector/instance-loader.js:39:9)
      at TestingInstanceLoader.createInstancesOfDependencies (node_modules/@nestjs/core/injector/instance-loader.js:22:13)
      at TestingInstanceLoader.createInstancesOfDependencies (node_modules/@nestjs/testing/testing-instance-loader.js:9:9)
      at TestingModuleBuilder.createInstancesOfDependencies (node_modules/@nestjs/testing/testing-module.builder.js:118:9)
      at TestingModuleBuilder.compile (node_modules/@nestjs/testing/testing-module.builder.js:74:9)
      at Object.<anonymous> (test/integration/library.e2e-spec.ts:29:42)

  ● LibraryService (e2e) › create › should create a library entry with rented ownership

    DATABASE_URL_TEST must be set in environment variables

    [0m [90m 12 |[39m   getTestURL()[33m:[39m string {
     [90m 13 |[39m     [36mif[39m ([33m![39mprocess[33m.[39menv[33m.[39m[33mDATABASE_URL_TEST[39m) {
    [31m[1m>[22m[39m[90m 14 |[39m       [36mthrow[39m [36mnew[39m [33mError[39m([32m'DATABASE_URL_TEST must be set in environment variables'[39m)[33m;[39m
     [90m    |[39m             [31m[1m^[22m[39m
     [90m 15 |[39m     }
     [90m 16 |[39m     [36mreturn[39m process[33m.[39menv[33m.[39m[33mDATABASE_URL_TEST[39m[33m;[39m
     [90m 17 |[39m   }[0m

      at DatabaseConfigService.getTestURL (src/config/database-config.service.ts:14:13)
      at new PrismaService (src/prisma/prisma.service.ts:18:24)
      at TestingInjector.instantiateClass (node_modules/@nestjs/core/injector/injector.js:422:19)
      at callback (node_modules/@nestjs/core/injector/injector.js:70:45)
      at TestingInjector.resolveConstructorParams (node_modules/@nestjs/core/injector/injector.js:170:24)
      at TestingInjector.loadInstance (node_modules/@nestjs/core/injector/injector.js:75:13)
      at TestingInjector.loadProvider (node_modules/@nestjs/core/injector/injector.js:103:9)
      at node_modules/@nestjs/core/injector/instance-loader.js:56:13
          at async Promise.all (index 4)
      at TestingInstanceLoader.createInstancesOfProviders (node_modules/@nestjs/core/injector/instance-loader.js:55:9)
      at node_modules/@nestjs/core/injector/instance-loader.js:40:13
          at async Promise.all (index 3)
      at TestingInstanceLoader.createInstances (node_modules/@nestjs/core/injector/instance-loader.js:39:9)
      at TestingInstanceLoader.createInstancesOfDependencies (node_modules/@nestjs/core/injector/instance-loader.js:22:13)
      at TestingInstanceLoader.createInstancesOfDependencies (node_modules/@nestjs/testing/testing-instance-loader.js:9:9)
      at TestingModuleBuilder.createInstancesOfDependencies (node_modules/@nestjs/testing/testing-module.builder.js:118:9)
      at TestingModuleBuilder.compile (node_modules/@nestjs/testing/testing-module.builder.js:74:9)
      at Object.<anonymous> (test/integration/library.e2e-spec.ts:29:42)

  ● LibraryService (e2e) › create › should create a library entry without download_status

    DATABASE_URL_TEST must be set in environment variables

    [0m [90m 12 |[39m   getTestURL()[33m:[39m string {
     [90m 13 |[39m     [36mif[39m ([33m![39mprocess[33m.[39menv[33m.[39m[33mDATABASE_URL_TEST[39m) {
    [31m[1m>[22m[39m[90m 14 |[39m       [36mthrow[39m [36mnew[39m [33mError[39m([32m'DATABASE_URL_TEST must be set in environment variables'[39m)[33m;[39m
     [90m    |[39m             [31m[1m^[22m[39m
     [90m 15 |[39m     }
     [90m 16 |[39m     [36mreturn[39m process[33m.[39menv[33m.[39m[33mDATABASE_URL_TEST[39m[33m;[39m
     [90m 17 |[39m   }[0m

      at DatabaseConfigService.getTestURL (src/config/database-config.service.ts:14:13)
      at new PrismaService (src/prisma/prisma.service.ts:18:24)
      at TestingInjector.instantiateClass (node_modules/@nestjs/core/injector/injector.js:422:19)
      at callback (node_modules/@nestjs/core/injector/injector.js:70:45)
      at TestingInjector.resolveConstructorParams (node_modules/@nestjs/core/injector/injector.js:170:24)
      at TestingInjector.loadInstance (node_modules/@nestjs/core/injector/injector.js:75:13)
      at TestingInjector.loadProvider (node_modules/@nestjs/core/injector/injector.js:103:9)
      at node_modules/@nestjs/core/injector/instance-loader.js:56:13
          at async Promise.all (index 4)
      at TestingInstanceLoader.createInstancesOfProviders (node_modules/@nestjs/core/injector/instance-loader.js:55:9)
      at node_modules/@nestjs/core/injector/instance-loader.js:40:13
          at async Promise.all (index 3)
      at TestingInstanceLoader.createInstances (node_modules/@nestjs/core/injector/instance-loader.js:39:9)
      at TestingInstanceLoader.createInstancesOfDependencies (node_modules/@nestjs/core/injector/instance-loader.js:22:13)
      at TestingInstanceLoader.createInstancesOfDependencies (node_modules/@nestjs/testing/testing-instance-loader.js:9:9)
      at TestingModuleBuilder.createInstancesOfDependencies (node_modules/@nestjs/testing/testing-module.builder.js:118:9)
      at TestingModuleBuilder.compile (node_modules/@nestjs/testing/testing-module.builder.js:74:9)
      at Object.<anonymous> (test/integration/library.e2e-spec.ts:29:42)

  ● LibraryService (e2e) › create › should throw ConflictException when library entry already exists

    DATABASE_URL_TEST must be set in environment variables

    [0m [90m 12 |[39m   getTestURL()[33m:[39m string {
     [90m 13 |[39m     [36mif[39m ([33m![39mprocess[33m.[39menv[33m.[39m[33mDATABASE_URL_TEST[39m) {
    [31m[1m>[22m[39m[90m 14 |[39m       [36mthrow[39m [36mnew[39m [33mError[39m([32m'DATABASE_URL_TEST must be set in environment variables'[39m)[33m;[39m
     [90m    |[39m             [31m[1m^[22m[39m
     [90m 15 |[39m     }
     [90m 16 |[39m     [36mreturn[39m process[33m.[39menv[33m.[39m[33mDATABASE_URL_TEST[39m[33m;[39m
     [90m 17 |[39m   }[0m

      at DatabaseConfigService.getTestURL (src/config/database-config.service.ts:14:13)
      at new PrismaService (src/prisma/prisma.service.ts:18:24)
      at TestingInjector.instantiateClass (node_modules/@nestjs/core/injector/injector.js:422:19)
      at callback (node_modules/@nestjs/core/injector/injector.js:70:45)
      at TestingInjector.resolveConstructorParams (node_modules/@nestjs/core/injector/injector.js:170:24)
      at TestingInjector.loadInstance (node_modules/@nestjs/core/injector/injector.js:75:13)
      at TestingInjector.loadProvider (node_modules/@nestjs/core/injector/injector.js:103:9)
      at node_modules/@nestjs/core/injector/instance-loader.js:56:13
          at async Promise.all (index 4)
      at TestingInstanceLoader.createInstancesOfProviders (node_modules/@nestjs/core/injector/instance-loader.js:55:9)
      at node_modules/@nestjs/core/injector/instance-loader.js:40:13
          at async Promise.all (index 3)
      at TestingInstanceLoader.createInstances (node_modules/@nestjs/core/injector/instance-loader.js:39:9)
      at TestingInstanceLoader.createInstancesOfDependencies (node_modules/@nestjs/core/injector/instance-loader.js:22:13)
      at TestingInstanceLoader.createInstancesOfDependencies (node_modules/@nestjs/testing/testing-instance-loader.js:9:9)
      at TestingModuleBuilder.createInstancesOfDependencies (node_modules/@nestjs/testing/testing-module.builder.js:118:9)
      at TestingModuleBuilder.compile (node_modules/@nestjs/testing/testing-module.builder.js:74:9)
      at Object.<anonymous> (test/integration/library.e2e-spec.ts:29:42)

  ● LibraryService (e2e) › create › should throw NotFoundException when user does not exist

    DATABASE_URL_TEST must be set in environment variables

    [0m [90m 12 |[39m   getTestURL()[33m:[39m string {
     [90m 13 |[39m     [36mif[39m ([33m![39mprocess[33m.[39menv[33m.[39m[33mDATABASE_URL_TEST[39m) {
    [31m[1m>[22m[39m[90m 14 |[39m       [36mthrow[39m [36mnew[39m [33mError[39m([32m'DATABASE_URL_TEST must be set in environment variables'[39m)[33m;[39m
     [90m    |[39m             [31m[1m^[22m[39m
     [90m 15 |[39m     }
     [90m 16 |[39m     [36mreturn[39m process[33m.[39menv[33m.[39m[33mDATABASE_URL_TEST[39m[33m;[39m
     [90m 17 |[39m   }[0m

      at DatabaseConfigService.getTestURL (src/config/database-config.service.ts:14:13)
      at new PrismaService (src/prisma/prisma.service.ts:18:24)
      at TestingInjector.instantiateClass (node_modules/@nestjs/core/injector/injector.js:422:19)
      at callback (node_modules/@nestjs/core/injector/injector.js:70:45)
      at TestingInjector.resolveConstructorParams (node_modules/@nestjs/core/injector/injector.js:170:24)
      at TestingInjector.loadInstance (node_modules/@nestjs/core/injector/injector.js:75:13)
      at TestingInjector.loadProvider (node_modules/@nestjs/core/injector/injector.js:103:9)
      at node_modules/@nestjs/core/injector/instance-loader.js:56:13
          at async Promise.all (index 4)
      at TestingInstanceLoader.createInstancesOfProviders (node_modules/@nestjs/core/injector/instance-loader.js:55:9)
      at node_modules/@nestjs/core/injector/instance-loader.js:40:13
          at async Promise.all (index 3)
      at TestingInstanceLoader.createInstances (node_modules/@nestjs/core/injector/instance-loader.js:39:9)
      at TestingInstanceLoader.createInstancesOfDependencies (node_modules/@nestjs/core/injector/instance-loader.js:22:13)
      at TestingInstanceLoader.createInstancesOfDependencies (node_modules/@nestjs/testing/testing-instance-loader.js:9:9)
      at TestingModuleBuilder.createInstancesOfDependencies (node_modules/@nestjs/testing/testing-module.builder.js:118:9)
      at TestingModuleBuilder.compile (node_modules/@nestjs/testing/testing-module.builder.js:74:9)
      at Object.<anonymous> (test/integration/library.e2e-spec.ts:29:42)

  ● LibraryService (e2e) › create › should throw NotFoundException when game does not exist

    DATABASE_URL_TEST must be set in environment variables

    [0m [90m 12 |[39m   getTestURL()[33m:[39m string {
     [90m 13 |[39m     [36mif[39m ([33m![39mprocess[33m.[39menv[33m.[39m[33mDATABASE_URL_TEST[39m) {
    [31m[1m>[22m[39m[90m 14 |[39m       [36mthrow[39m [36mnew[39m [33mError[39m([32m'DATABASE_URL_TEST must be set in environment variables'[39m)[33m;[39m
     [90m    |[39m             [31m[1m^[22m[39m
     [90m 15 |[39m     }
     [90m 16 |[39m     [36mreturn[39m process[33m.[39menv[33m.[39m[33mDATABASE_URL_TEST[39m[33m;[39m
     [90m 17 |[39m   }[0m

      at DatabaseConfigService.getTestURL (src/config/database-config.service.ts:14:13)
      at new PrismaService (src/prisma/prisma.service.ts:18:24)
      at TestingInjector.instantiateClass (node_modules/@nestjs/core/injector/injector.js:422:19)
      at callback (node_modules/@nestjs/core/injector/injector.js:70:45)
      at TestingInjector.resolveConstructorParams (node_modules/@nestjs/core/injector/injector.js:170:24)
      at TestingInjector.loadInstance (node_modules/@nestjs/core/injector/injector.js:75:13)
      at TestingInjector.loadProvider (node_modules/@nestjs/core/injector/injector.js:103:9)
      at node_modules/@nestjs/core/injector/instance-loader.js:56:13
          at async Promise.all (index 4)
      at TestingInstanceLoader.createInstancesOfProviders (node_modules/@nestjs/core/injector/instance-loader.js:55:9)
      at node_modules/@nestjs/core/injector/instance-loader.js:40:13
          at async Promise.all (index 3)
      at TestingInstanceLoader.createInstances (node_modules/@nestjs/core/injector/instance-loader.js:39:9)
      at TestingInstanceLoader.createInstancesOfDependencies (node_modules/@nestjs/core/injector/instance-loader.js:22:13)
      at TestingInstanceLoader.createInstancesOfDependencies (node_modules/@nestjs/testing/testing-instance-loader.js:9:9)
      at TestingModuleBuilder.createInstancesOfDependencies (node_modules/@nestjs/testing/testing-module.builder.js:118:9)
      at TestingModuleBuilder.compile (node_modules/@nestjs/testing/testing-module.builder.js:74:9)
      at Object.<anonymous> (test/integration/library.e2e-spec.ts:29:42)

  ● LibraryService (e2e) › create › should handle transaction rollback on error

    DATABASE_URL_TEST must be set in environment variables

    [0m [90m 12 |[39m   getTestURL()[33m:[39m string {
     [90m 13 |[39m     [36mif[39m ([33m![39mprocess[33m.[39menv[33m.[39m[33mDATABASE_URL_TEST[39m) {
    [31m[1m>[22m[39m[90m 14 |[39m       [36mthrow[39m [36mnew[39m [33mError[39m([32m'DATABASE_URL_TEST must be set in environment variables'[39m)[33m;[39m
     [90m    |[39m             [31m[1m^[22m[39m
     [90m 15 |[39m     }
     [90m 16 |[39m     [36mreturn[39m process[33m.[39menv[33m.[39m[33mDATABASE_URL_TEST[39m[33m;[39m
     [90m 17 |[39m   }[0m

      at DatabaseConfigService.getTestURL (src/config/database-config.service.ts:14:13)
      at new PrismaService (src/prisma/prisma.service.ts:18:24)
      at TestingInjector.instantiateClass (node_modules/@nestjs/core/injector/injector.js:422:19)
      at callback (node_modules/@nestjs/core/injector/injector.js:70:45)
      at TestingInjector.resolveConstructorParams (node_modules/@nestjs/core/injector/injector.js:170:24)
      at TestingInjector.loadInstance (node_modules/@nestjs/core/injector/injector.js:75:13)
      at TestingInjector.loadProvider (node_modules/@nestjs/core/injector/injector.js:103:9)
      at node_modules/@nestjs/core/injector/instance-loader.js:56:13
          at async Promise.all (index 4)
      at TestingInstanceLoader.createInstancesOfProviders (node_modules/@nestjs/core/injector/instance-loader.js:55:9)
      at node_modules/@nestjs/core/injector/instance-loader.js:40:13
          at async Promise.all (index 3)
      at TestingInstanceLoader.createInstances (node_modules/@nestjs/core/injector/instance-loader.js:39:9)
      at TestingInstanceLoader.createInstancesOfDependencies (node_modules/@nestjs/core/injector/instance-loader.js:22:13)
      at TestingInstanceLoader.createInstancesOfDependencies (node_modules/@nestjs/testing/testing-instance-loader.js:9:9)
      at TestingModuleBuilder.createInstancesOfDependencies (node_modules/@nestjs/testing/testing-module.builder.js:118:9)
      at TestingModuleBuilder.compile (node_modules/@nestjs/testing/testing-module.builder.js:74:9)
      at Object.<anonymous> (test/integration/library.e2e-spec.ts:29:42)

  ● LibraryService (e2e) › create › should fail with invalid foreign key constraint for user

    DATABASE_URL_TEST must be set in environment variables

    [0m [90m 12 |[39m   getTestURL()[33m:[39m string {
     [90m 13 |[39m     [36mif[39m ([33m![39mprocess[33m.[39menv[33m.[39m[33mDATABASE_URL_TEST[39m) {
    [31m[1m>[22m[39m[90m 14 |[39m       [36mthrow[39m [36mnew[39m [33mError[39m([32m'DATABASE_URL_TEST must be set in environment variables'[39m)[33m;[39m
     [90m    |[39m             [31m[1m^[22m[39m
     [90m 15 |[39m     }
     [90m 16 |[39m     [36mreturn[39m process[33m.[39menv[33m.[39m[33mDATABASE_URL_TEST[39m[33m;[39m
     [90m 17 |[39m   }[0m

      at DatabaseConfigService.getTestURL (src/config/database-config.service.ts:14:13)
      at new PrismaService (src/prisma/prisma.service.ts:18:24)
      at TestingInjector.instantiateClass (node_modules/@nestjs/core/injector/injector.js:422:19)
      at callback (node_modules/@nestjs/core/injector/injector.js:70:45)
      at TestingInjector.resolveConstructorParams (node_modules/@nestjs/core/injector/injector.js:170:24)
      at TestingInjector.loadInstance (node_modules/@nestjs/core/injector/injector.js:75:13)
      at TestingInjector.loadProvider (node_modules/@nestjs/core/injector/injector.js:103:9)
      at node_modules/@nestjs/core/injector/instance-loader.js:56:13
          at async Promise.all (index 4)
      at TestingInstanceLoader.createInstancesOfProviders (node_modules/@nestjs/core/injector/instance-loader.js:55:9)
      at node_modules/@nestjs/core/injector/instance-loader.js:40:13
          at async Promise.all (index 3)
      at TestingInstanceLoader.createInstances (node_modules/@nestjs/core/injector/instance-loader.js:39:9)
      at TestingInstanceLoader.createInstancesOfDependencies (node_modules/@nestjs/core/injector/instance-loader.js:22:13)
      at TestingInstanceLoader.createInstancesOfDependencies (node_modules/@nestjs/testing/testing-instance-loader.js:9:9)
      at TestingModuleBuilder.createInstancesOfDependencies (node_modules/@nestjs/testing/testing-module.builder.js:118:9)
      at TestingModuleBuilder.compile (node_modules/@nestjs/testing/testing-module.builder.js:74:9)
      at Object.<anonymous> (test/integration/library.e2e-spec.ts:29:42)

  ● LibraryService (e2e) › create › should fail with invalid foreign key constraint for game

    DATABASE_URL_TEST must be set in environment variables

    [0m [90m 12 |[39m   getTestURL()[33m:[39m string {
     [90m 13 |[39m     [36mif[39m ([33m![39mprocess[33m.[39menv[33m.[39m[33mDATABASE_URL_TEST[39m) {
    [31m[1m>[22m[39m[90m 14 |[39m       [36mthrow[39m [36mnew[39m [33mError[39m([32m'DATABASE_URL_TEST must be set in environment variables'[39m)[33m;[39m
     [90m    |[39m             [31m[1m^[22m[39m
     [90m 15 |[39m     }
     [90m 16 |[39m     [36mreturn[39m process[33m.[39menv[33m.[39m[33mDATABASE_URL_TEST[39m[33m;[39m
     [90m 17 |[39m   }[0m

      at DatabaseConfigService.getTestURL (src/config/database-config.service.ts:14:13)
      at new PrismaService (src/prisma/prisma.service.ts:18:24)
      at TestingInjector.instantiateClass (node_modules/@nestjs/core/injector/injector.js:422:19)
      at callback (node_modules/@nestjs/core/injector/injector.js:70:45)
      at TestingInjector.resolveConstructorParams (node_modules/@nestjs/core/injector/injector.js:170:24)
      at TestingInjector.loadInstance (node_modules/@nestjs/core/injector/injector.js:75:13)
      at TestingInjector.loadProvider (node_modules/@nestjs/core/injector/injector.js:103:9)
      at node_modules/@nestjs/core/injector/instance-loader.js:56:13
          at async Promise.all (index 4)
      at TestingInstanceLoader.createInstancesOfProviders (node_modules/@nestjs/core/injector/instance-loader.js:55:9)
      at node_modules/@nestjs/core/injector/instance-loader.js:40:13
          at async Promise.all (index 3)
      at TestingInstanceLoader.createInstances (node_modules/@nestjs/core/injector/instance-loader.js:39:9)
      at TestingInstanceLoader.createInstancesOfDependencies (node_modules/@nestjs/core/injector/instance-loader.js:22:13)
      at TestingInstanceLoader.createInstancesOfDependencies (node_modules/@nestjs/testing/testing-instance-loader.js:9:9)
      at TestingModuleBuilder.createInstancesOfDependencies (node_modules/@nestjs/testing/testing-module.builder.js:118:9)
      at TestingModuleBuilder.compile (node_modules/@nestjs/testing/testing-module.builder.js:74:9)
      at Object.<anonymous> (test/integration/library.e2e-spec.ts:29:42)

  ● LibraryService (e2e) › findAll › should return all library entries

    DATABASE_URL_TEST must be set in environment variables

    [0m [90m 12 |[39m   getTestURL()[33m:[39m string {
     [90m 13 |[39m     [36mif[39m ([33m![39mprocess[33m.[39menv[33m.[39m[33mDATABASE_URL_TEST[39m) {
    [31m[1m>[22m[39m[90m 14 |[39m       [36mthrow[39m [36mnew[39m [33mError[39m([32m'DATABASE_URL_TEST must be set in environment variables'[39m)[33m;[39m
     [90m    |[39m             [31m[1m^[22m[39m
     [90m 15 |[39m     }
     [90m 16 |[39m     [36mreturn[39m process[33m.[39menv[33m.[39m[33mDATABASE_URL_TEST[39m[33m;[39m
     [90m 17 |[39m   }[0m

      at DatabaseConfigService.getTestURL (src/config/database-config.service.ts:14:13)
      at new PrismaService (src/prisma/prisma.service.ts:18:24)
      at TestingInjector.instantiateClass (node_modules/@nestjs/core/injector/injector.js:422:19)
      at callback (node_modules/@nestjs/core/injector/injector.js:70:45)
      at TestingInjector.resolveConstructorParams (node_modules/@nestjs/core/injector/injector.js:170:24)
      at TestingInjector.loadInstance (node_modules/@nestjs/core/injector/injector.js:75:13)
      at TestingInjector.loadProvider (node_modules/@nestjs/core/injector/injector.js:103:9)
      at node_modules/@nestjs/core/injector/instance-loader.js:56:13
          at async Promise.all (index 4)
      at TestingInstanceLoader.createInstancesOfProviders (node_modules/@nestjs/core/injector/instance-loader.js:55:9)
      at node_modules/@nestjs/core/injector/instance-loader.js:40:13
          at async Promise.all (index 3)
      at TestingInstanceLoader.createInstances (node_modules/@nestjs/core/injector/instance-loader.js:39:9)
      at TestingInstanceLoader.createInstancesOfDependencies (node_modules/@nestjs/core/injector/instance-loader.js:22:13)
      at TestingInstanceLoader.createInstancesOfDependencies (node_modules/@nestjs/testing/testing-instance-loader.js:9:9)
      at TestingModuleBuilder.createInstancesOfDependencies (node_modules/@nestjs/testing/testing-module.builder.js:118:9)
      at TestingModuleBuilder.compile (node_modules/@nestjs/testing/testing-module.builder.js:74:9)
      at Object.<anonymous> (test/integration/library.e2e-spec.ts:29:42)

  ● LibraryService (e2e) › findAll › should return library entries ordered by id desc

    DATABASE_URL_TEST must be set in environment variables

    [0m [90m 12 |[39m   getTestURL()[33m:[39m string {
     [90m 13 |[39m     [36mif[39m ([33m![39mprocess[33m.[39menv[33m.[39m[33mDATABASE_URL_TEST[39m) {
    [31m[1m>[22m[39m[90m 14 |[39m       [36mthrow[39m [36mnew[39m [33mError[39m([32m'DATABASE_URL_TEST must be set in environment variables'[39m)[33m;[39m
     [90m    |[39m             [31m[1m^[22m[39m
     [90m 15 |[39m     }
     [90m 16 |[39m     [36mreturn[39m process[33m.[39menv[33m.[39m[33mDATABASE_URL_TEST[39m[33m;[39m
     [90m 17 |[39m   }[0m

      at DatabaseConfigService.getTestURL (src/config/database-config.service.ts:14:13)
      at new PrismaService (src/prisma/prisma.service.ts:18:24)
      at TestingInjector.instantiateClass (node_modules/@nestjs/core/injector/injector.js:422:19)
      at callback (node_modules/@nestjs/core/injector/injector.js:70:45)
      at TestingInjector.resolveConstructorParams (node_modules/@nestjs/core/injector/injector.js:170:24)
      at TestingInjector.loadInstance (node_modules/@nestjs/core/injector/injector.js:75:13)
      at TestingInjector.loadProvider (node_modules/@nestjs/core/injector/injector.js:103:9)
      at node_modules/@nestjs/core/injector/instance-loader.js:56:13
          at async Promise.all (index 4)
      at TestingInstanceLoader.createInstancesOfProviders (node_modules/@nestjs/core/injector/instance-loader.js:55:9)
      at node_modules/@nestjs/core/injector/instance-loader.js:40:13
          at async Promise.all (index 3)
      at TestingInstanceLoader.createInstances (node_modules/@nestjs/core/injector/instance-loader.js:39:9)
      at TestingInstanceLoader.createInstancesOfDependencies (node_modules/@nestjs/core/injector/instance-loader.js:22:13)
      at TestingInstanceLoader.createInstancesOfDependencies (node_modules/@nestjs/testing/testing-instance-loader.js:9:9)
      at TestingModuleBuilder.createInstancesOfDependencies (node_modules/@nestjs/testing/testing-module.builder.js:118:9)
      at TestingModuleBuilder.compile (node_modules/@nestjs/testing/testing-module.builder.js:74:9)
      at Object.<anonymous> (test/integration/library.e2e-spec.ts:29:42)

  ● LibraryService (e2e) › findAll › should return library entries with pagination

    DATABASE_URL_TEST must be set in environment variables

    [0m [90m 12 |[39m   getTestURL()[33m:[39m string {
     [90m 13 |[39m     [36mif[39m ([33m![39mprocess[33m.[39menv[33m.[39m[33mDATABASE_URL_TEST[39m) {
    [31m[1m>[22m[39m[90m 14 |[39m       [36mthrow[39m [36mnew[39m [33mError[39m([32m'DATABASE_URL_TEST must be set in environment variables'[39m)[33m;[39m
     [90m    |[39m             [31m[1m^[22m[39m
     [90m 15 |[39m     }
     [90m 16 |[39m     [36mreturn[39m process[33m.[39menv[33m.[39m[33mDATABASE_URL_TEST[39m[33m;[39m
     [90m 17 |[39m   }[0m

      at DatabaseConfigService.getTestURL (src/config/database-config.service.ts:14:13)
      at new PrismaService (src/prisma/prisma.service.ts:18:24)
      at TestingInjector.instantiateClass (node_modules/@nestjs/core/injector/injector.js:422:19)
      at callback (node_modules/@nestjs/core/injector/injector.js:70:45)
      at TestingInjector.resolveConstructorParams (node_modules/@nestjs/core/injector/injector.js:170:24)
      at TestingInjector.loadInstance (node_modules/@nestjs/core/injector/injector.js:75:13)
      at TestingInjector.loadProvider (node_modules/@nestjs/core/injector/injector.js:103:9)
      at node_modules/@nestjs/core/injector/instance-loader.js:56:13
          at async Promise.all (index 4)
      at TestingInstanceLoader.createInstancesOfProviders (node_modules/@nestjs/core/injector/instance-loader.js:55:9)
      at node_modules/@nestjs/core/injector/instance-loader.js:40:13
          at async Promise.all (index 3)
      at TestingInstanceLoader.createInstances (node_modules/@nestjs/core/injector/instance-loader.js:39:9)
      at TestingInstanceLoader.createInstancesOfDependencies (node_modules/@nestjs/core/injector/instance-loader.js:22:13)
      at TestingInstanceLoader.createInstancesOfDependencies (node_modules/@nestjs/testing/testing-instance-loader.js:9:9)
      at TestingModuleBuilder.createInstancesOfDependencies (node_modules/@nestjs/testing/testing-module.builder.js:118:9)
      at TestingModuleBuilder.compile (node_modules/@nestjs/testing/testing-module.builder.js:74:9)
      at Object.<anonymous> (test/integration/library.e2e-spec.ts:29:42)

  ● LibraryService (e2e) › findAll › should include user and game information

    DATABASE_URL_TEST must be set in environment variables

    [0m [90m 12 |[39m   getTestURL()[33m:[39m string {
     [90m 13 |[39m     [36mif[39m ([33m![39mprocess[33m.[39menv[33m.[39m[33mDATABASE_URL_TEST[39m) {
    [31m[1m>[22m[39m[90m 14 |[39m       [36mthrow[39m [36mnew[39m [33mError[39m([32m'DATABASE_URL_TEST must be set in environment variables'[39m)[33m;[39m
     [90m    |[39m             [31m[1m^[22m[39m
     [90m 15 |[39m     }
     [90m 16 |[39m     [36mreturn[39m process[33m.[39menv[33m.[39m[33mDATABASE_URL_TEST[39m[33m;[39m
     [90m 17 |[39m   }[0m

      at DatabaseConfigService.getTestURL (src/config/database-config.service.ts:14:13)
      at new PrismaService (src/prisma/prisma.service.ts:18:24)
      at TestingInjector.instantiateClass (node_modules/@nestjs/core/injector/injector.js:422:19)
      at callback (node_modules/@nestjs/core/injector/injector.js:70:45)
      at TestingInjector.resolveConstructorParams (node_modules/@nestjs/core/injector/injector.js:170:24)
      at TestingInjector.loadInstance (node_modules/@nestjs/core/injector/injector.js:75:13)
      at TestingInjector.loadProvider (node_modules/@nestjs/core/injector/injector.js:103:9)
      at node_modules/@nestjs/core/injector/instance-loader.js:56:13
          at async Promise.all (index 4)
      at TestingInstanceLoader.createInstancesOfProviders (node_modules/@nestjs/core/injector/instance-loader.js:55:9)
      at node_modules/@nestjs/core/injector/instance-loader.js:40:13
          at async Promise.all (index 3)
      at TestingInstanceLoader.createInstances (node_modules/@nestjs/core/injector/instance-loader.js:39:9)
      at TestingInstanceLoader.createInstancesOfDependencies (node_modules/@nestjs/core/injector/instance-loader.js:22:13)
      at TestingInstanceLoader.createInstancesOfDependencies (node_modules/@nestjs/testing/testing-instance-loader.js:9:9)
      at TestingModuleBuilder.createInstancesOfDependencies (node_modules/@nestjs/testing/testing-module.builder.js:118:9)
      at TestingModuleBuilder.compile (node_modules/@nestjs/testing/testing-module.builder.js:74:9)
      at Object.<anonymous> (test/integration/library.e2e-spec.ts:29:42)

  ● LibraryService (e2e) › findOne › should return a library entry by id

    DATABASE_URL_TEST must be set in environment variables

    [0m [90m 12 |[39m   getTestURL()[33m:[39m string {
     [90m 13 |[39m     [36mif[39m ([33m![39mprocess[33m.[39menv[33m.[39m[33mDATABASE_URL_TEST[39m) {
    [31m[1m>[22m[39m[90m 14 |[39m       [36mthrow[39m [36mnew[39m [33mError[39m([32m'DATABASE_URL_TEST must be set in environment variables'[39m)[33m;[39m
     [90m    |[39m             [31m[1m^[22m[39m
     [90m 15 |[39m     }
     [90m 16 |[39m     [36mreturn[39m process[33m.[39menv[33m.[39m[33mDATABASE_URL_TEST[39m[33m;[39m
     [90m 17 |[39m   }[0m

      at DatabaseConfigService.getTestURL (src/config/database-config.service.ts:14:13)
      at new PrismaService (src/prisma/prisma.service.ts:18:24)
      at TestingInjector.instantiateClass (node_modules/@nestjs/core/injector/injector.js:422:19)
      at callback (node_modules/@nestjs/core/injector/injector.js:70:45)
      at TestingInjector.resolveConstructorParams (node_modules/@nestjs/core/injector/injector.js:170:24)
      at TestingInjector.loadInstance (node_modules/@nestjs/core/injector/injector.js:75:13)
      at TestingInjector.loadProvider (node_modules/@nestjs/core/injector/injector.js:103:9)
      at node_modules/@nestjs/core/injector/instance-loader.js:56:13
          at async Promise.all (index 4)
      at TestingInstanceLoader.createInstancesOfProviders (node_modules/@nestjs/core/injector/instance-loader.js:55:9)
      at node_modules/@nestjs/core/injector/instance-loader.js:40:13
          at async Promise.all (index 3)
      at TestingInstanceLoader.createInstances (node_modules/@nestjs/core/injector/instance-loader.js:39:9)
      at TestingInstanceLoader.createInstancesOfDependencies (node_modules/@nestjs/core/injector/instance-loader.js:22:13)
      at TestingInstanceLoader.createInstancesOfDependencies (node_modules/@nestjs/testing/testing-instance-loader.js:9:9)
      at TestingModuleBuilder.createInstancesOfDependencies (node_modules/@nestjs/testing/testing-module.builder.js:118:9)
      at TestingModuleBuilder.compile (node_modules/@nestjs/testing/testing-module.builder.js:74:9)
      at Object.<anonymous> (test/integration/library.e2e-spec.ts:29:42)

  ● LibraryService (e2e) › findOne › should throw NotFoundException when library entry does not exist

    DATABASE_URL_TEST must be set in environment variables

    [0m [90m 12 |[39m   getTestURL()[33m:[39m string {
     [90m 13 |[39m     [36mif[39m ([33m![39mprocess[33m.[39menv[33m.[39m[33mDATABASE_URL_TEST[39m) {
    [31m[1m>[22m[39m[90m 14 |[39m       [36mthrow[39m [36mnew[39m [33mError[39m([32m'DATABASE_URL_TEST must be set in environment variables'[39m)[33m;[39m
     [90m    |[39m             [31m[1m^[22m[39m
     [90m 15 |[39m     }
     [90m 16 |[39m     [36mreturn[39m process[33m.[39menv[33m.[39m[33mDATABASE_URL_TEST[39m[33m;[39m
     [90m 17 |[39m   }[0m

      at DatabaseConfigService.getTestURL (src/config/database-config.service.ts:14:13)
      at new PrismaService (src/prisma/prisma.service.ts:18:24)
      at TestingInjector.instantiateClass (node_modules/@nestjs/core/injector/injector.js:422:19)
      at callback (node_modules/@nestjs/core/injector/injector.js:70:45)
      at TestingInjector.resolveConstructorParams (node_modules/@nestjs/core/injector/injector.js:170:24)
      at TestingInjector.loadInstance (node_modules/@nestjs/core/injector/injector.js:75:13)
      at TestingInjector.loadProvider (node_modules/@nestjs/core/injector/injector.js:103:9)
      at node_modules/@nestjs/core/injector/instance-loader.js:56:13
          at async Promise.all (index 4)
      at TestingInstanceLoader.createInstancesOfProviders (node_modules/@nestjs/core/injector/instance-loader.js:55:9)
      at node_modules/@nestjs/core/injector/instance-loader.js:40:13
          at async Promise.all (index 3)
      at TestingInstanceLoader.createInstances (node_modules/@nestjs/core/injector/instance-loader.js:39:9)
      at TestingInstanceLoader.createInstancesOfDependencies (node_modules/@nestjs/core/injector/instance-loader.js:22:13)
      at TestingInstanceLoader.createInstancesOfDependencies (node_modules/@nestjs/testing/testing-instance-loader.js:9:9)
      at TestingModuleBuilder.createInstancesOfDependencies (node_modules/@nestjs/testing/testing-module.builder.js:118:9)
      at TestingModuleBuilder.compile (node_modules/@nestjs/testing/testing-module.builder.js:74:9)
      at Object.<anonymous> (test/integration/library.e2e-spec.ts:29:42)

  ● LibraryService (e2e) › findByUser › should return library entries for a specific user

    DATABASE_URL_TEST must be set in environment variables

    [0m [90m 12 |[39m   getTestURL()[33m:[39m string {
     [90m 13 |[39m     [36mif[39m ([33m![39mprocess[33m.[39menv[33m.[39m[33mDATABASE_URL_TEST[39m) {
    [31m[1m>[22m[39m[90m 14 |[39m       [36mthrow[39m [36mnew[39m [33mError[39m([32m'DATABASE_URL_TEST must be set in environment variables'[39m)[33m;[39m
     [90m    |[39m             [31m[1m^[22m[39m
     [90m 15 |[39m     }
     [90m 16 |[39m     [36mreturn[39m process[33m.[39menv[33m.[39m[33mDATABASE_URL_TEST[39m[33m;[39m
     [90m 17 |[39m   }[0m

      at DatabaseConfigService.getTestURL (src/config/database-config.service.ts:14:13)
      at new PrismaService (src/prisma/prisma.service.ts:18:24)
      at TestingInjector.instantiateClass (node_modules/@nestjs/core/injector/injector.js:422:19)
      at callback (node_modules/@nestjs/core/injector/injector.js:70:45)
      at TestingInjector.resolveConstructorParams (node_modules/@nestjs/core/injector/injector.js:170:24)
      at TestingInjector.loadInstance (node_modules/@nestjs/core/injector/injector.js:75:13)
      at TestingInjector.loadProvider (node_modules/@nestjs/core/injector/injector.js:103:9)
      at node_modules/@nestjs/core/injector/instance-loader.js:56:13
          at async Promise.all (index 4)
      at TestingInstanceLoader.createInstancesOfProviders (node_modules/@nestjs/core/injector/instance-loader.js:55:9)
      at node_modules/@nestjs/core/injector/instance-loader.js:40:13
          at async Promise.all (index 3)
      at TestingInstanceLoader.createInstances (node_modules/@nestjs/core/injector/instance-loader.js:39:9)
      at TestingInstanceLoader.createInstancesOfDependencies (node_modules/@nestjs/core/injector/instance-loader.js:22:13)
      at TestingInstanceLoader.createInstancesOfDependencies (node_modules/@nestjs/testing/testing-instance-loader.js:9:9)
      at TestingModuleBuilder.createInstancesOfDependencies (node_modules/@nestjs/testing/testing-module.builder.js:118:9)
      at TestingModuleBuilder.compile (node_modules/@nestjs/testing/testing-module.builder.js:74:9)
      at Object.<anonymous> (test/integration/library.e2e-spec.ts:29:42)

  ● LibraryService (e2e) › findByUser › should return library entries with pagination

    DATABASE_URL_TEST must be set in environment variables

    [0m [90m 12 |[39m   getTestURL()[33m:[39m string {
     [90m 13 |[39m     [36mif[39m ([33m![39mprocess[33m.[39menv[33m.[39m[33mDATABASE_URL_TEST[39m) {
    [31m[1m>[22m[39m[90m 14 |[39m       [36mthrow[39m [36mnew[39m [33mError[39m([32m'DATABASE_URL_TEST must be set in environment variables'[39m)[33m;[39m
     [90m    |[39m             [31m[1m^[22m[39m
     [90m 15 |[39m     }
     [90m 16 |[39m     [36mreturn[39m process[33m.[39menv[33m.[39m[33mDATABASE_URL_TEST[39m[33m;[39m
     [90m 17 |[39m   }[0m

      at DatabaseConfigService.getTestURL (src/config/database-config.service.ts:14:13)
      at new PrismaService (src/prisma/prisma.service.ts:18:24)
      at TestingInjector.instantiateClass (node_modules/@nestjs/core/injector/injector.js:422:19)
      at callback (node_modules/@nestjs/core/injector/injector.js:70:45)
      at TestingInjector.resolveConstructorParams (node_modules/@nestjs/core/injector/injector.js:170:24)
      at TestingInjector.loadInstance (node_modules/@nestjs/core/injector/injector.js:75:13)
      at TestingInjector.loadProvider (node_modules/@nestjs/core/injector/injector.js:103:9)
      at node_modules/@nestjs/core/injector/instance-loader.js:56:13
          at async Promise.all (index 4)
      at TestingInstanceLoader.createInstancesOfProviders (node_modules/@nestjs/core/injector/instance-loader.js:55:9)
      at node_modules/@nestjs/core/injector/instance-loader.js:40:13
          at async Promise.all (index 3)
      at TestingInstanceLoader.createInstances (node_modules/@nestjs/core/injector/instance-loader.js:39:9)
      at TestingInstanceLoader.createInstancesOfDependencies (node_modules/@nestjs/core/injector/instance-loader.js:22:13)
      at TestingInstanceLoader.createInstancesOfDependencies (node_modules/@nestjs/testing/testing-instance-loader.js:9:9)
      at TestingModuleBuilder.createInstancesOfDependencies (node_modules/@nestjs/testing/testing-module.builder.js:118:9)
      at TestingModuleBuilder.compile (node_modules/@nestjs/testing/testing-module.builder.js:74:9)
      at Object.<anonymous> (test/integration/library.e2e-spec.ts:29:42)

  ● LibraryService (e2e) › findByUser › should return empty array when user has no library entries

    DATABASE_URL_TEST must be set in environment variables

    [0m [90m 12 |[39m   getTestURL()[33m:[39m string {
     [90m 13 |[39m     [36mif[39m ([33m![39mprocess[33m.[39menv[33m.[39m[33mDATABASE_URL_TEST[39m) {
    [31m[1m>[22m[39m[90m 14 |[39m       [36mthrow[39m [36mnew[39m [33mError[39m([32m'DATABASE_URL_TEST must be set in environment variables'[39m)[33m;[39m
     [90m    |[39m             [31m[1m^[22m[39m
     [90m 15 |[39m     }
     [90m 16 |[39m     [36mreturn[39m process[33m.[39menv[33m.[39m[33mDATABASE_URL_TEST[39m[33m;[39m
     [90m 17 |[39m   }[0m

      at DatabaseConfigService.getTestURL (src/config/database-config.service.ts:14:13)
      at new PrismaService (src/prisma/prisma.service.ts:18:24)
      at TestingInjector.instantiateClass (node_modules/@nestjs/core/injector/injector.js:422:19)
      at callback (node_modules/@nestjs/core/injector/injector.js:70:45)
      at TestingInjector.resolveConstructorParams (node_modules/@nestjs/core/injector/injector.js:170:24)
      at TestingInjector.loadInstance (node_modules/@nestjs/core/injector/injector.js:75:13)
      at TestingInjector.loadProvider (node_modules/@nestjs/core/injector/injector.js:103:9)
      at node_modules/@nestjs/core/injector/instance-loader.js:56:13
          at async Promise.all (index 4)
      at TestingInstanceLoader.createInstancesOfProviders (node_modules/@nestjs/core/injector/instance-loader.js:55:9)
      at node_modules/@nestjs/core/injector/instance-loader.js:40:13
          at async Promise.all (index 3)
      at TestingInstanceLoader.createInstances (node_modules/@nestjs/core/injector/instance-loader.js:39:9)
      at TestingInstanceLoader.createInstancesOfDependencies (node_modules/@nestjs/core/injector/instance-loader.js:22:13)
      at TestingInstanceLoader.createInstancesOfDependencies (node_modules/@nestjs/testing/testing-instance-loader.js:9:9)
      at TestingModuleBuilder.createInstancesOfDependencies (node_modules/@nestjs/testing/testing-module.builder.js:118:9)
      at TestingModuleBuilder.compile (node_modules/@nestjs/testing/testing-module.builder.js:74:9)
      at Object.<anonymous> (test/integration/library.e2e-spec.ts:29:42)

  ● LibraryService (e2e) › findByUser › should throw NotFoundException when user does not exist

    DATABASE_URL_TEST must be set in environment variables

    [0m [90m 12 |[39m   getTestURL()[33m:[39m string {
     [90m 13 |[39m     [36mif[39m ([33m![39mprocess[33m.[39menv[33m.[39m[33mDATABASE_URL_TEST[39m) {
    [31m[1m>[22m[39m[90m 14 |[39m       [36mthrow[39m [36mnew[39m [33mError[39m([32m'DATABASE_URL_TEST must be set in environment variables'[39m)[33m;[39m
     [90m    |[39m             [31m[1m^[22m[39m
     [90m 15 |[39m     }
     [90m 16 |[39m     [36mreturn[39m process[33m.[39menv[33m.[39m[33mDATABASE_URL_TEST[39m[33m;[39m
     [90m 17 |[39m   }[0m

      at DatabaseConfigService.getTestURL (src/config/database-config.service.ts:14:13)
      at new PrismaService (src/prisma/prisma.service.ts:18:24)
      at TestingInjector.instantiateClass (node_modules/@nestjs/core/injector/injector.js:422:19)
      at callback (node_modules/@nestjs/core/injector/injector.js:70:45)
      at TestingInjector.resolveConstructorParams (node_modules/@nestjs/core/injector/injector.js:170:24)
      at TestingInjector.loadInstance (node_modules/@nestjs/core/injector/injector.js:75:13)
      at TestingInjector.loadProvider (node_modules/@nestjs/core/injector/injector.js:103:9)
      at node_modules/@nestjs/core/injector/instance-loader.js:56:13
          at async Promise.all (index 4)
      at TestingInstanceLoader.createInstancesOfProviders (node_modules/@nestjs/core/injector/instance-loader.js:55:9)
      at node_modules/@nestjs/core/injector/instance-loader.js:40:13
          at async Promise.all (index 3)
      at TestingInstanceLoader.createInstances (node_modules/@nestjs/core/injector/instance-loader.js:39:9)
      at TestingInstanceLoader.createInstancesOfDependencies (node_modules/@nestjs/core/injector/instance-loader.js:22:13)
      at TestingInstanceLoader.createInstancesOfDependencies (node_modules/@nestjs/testing/testing-instance-loader.js:9:9)
      at TestingModuleBuilder.createInstancesOfDependencies (node_modules/@nestjs/testing/testing-module.builder.js:118:9)
      at TestingModuleBuilder.compile (node_modules/@nestjs/testing/testing-module.builder.js:74:9)
      at Object.<anonymous> (test/integration/library.e2e-spec.ts:29:42)

  ● LibraryService (e2e) › findByGame › should return library entries for a specific game

    DATABASE_URL_TEST must be set in environment variables

    [0m [90m 12 |[39m   getTestURL()[33m:[39m string {
     [90m 13 |[39m     [36mif[39m ([33m![39mprocess[33m.[39menv[33m.[39m[33mDATABASE_URL_TEST[39m) {
    [31m[1m>[22m[39m[90m 14 |[39m       [36mthrow[39m [36mnew[39m [33mError[39m([32m'DATABASE_URL_TEST must be set in environment variables'[39m)[33m;[39m
     [90m    |[39m             [31m[1m^[22m[39m
     [90m 15 |[39m     }
     [90m 16 |[39m     [36mreturn[39m process[33m.[39menv[33m.[39m[33mDATABASE_URL_TEST[39m[33m;[39m
     [90m 17 |[39m   }[0m

      at DatabaseConfigService.getTestURL (src/config/database-config.service.ts:14:13)
      at new PrismaService (src/prisma/prisma.service.ts:18:24)
      at TestingInjector.instantiateClass (node_modules/@nestjs/core/injector/injector.js:422:19)
      at callback (node_modules/@nestjs/core/injector/injector.js:70:45)
      at TestingInjector.resolveConstructorParams (node_modules/@nestjs/core/injector/injector.js:170:24)
      at TestingInjector.loadInstance (node_modules/@nestjs/core/injector/injector.js:75:13)
      at TestingInjector.loadProvider (node_modules/@nestjs/core/injector/injector.js:103:9)
      at node_modules/@nestjs/core/injector/instance-loader.js:56:13
          at async Promise.all (index 4)
      at TestingInstanceLoader.createInstancesOfProviders (node_modules/@nestjs/core/injector/instance-loader.js:55:9)
      at node_modules/@nestjs/core/injector/instance-loader.js:40:13
          at async Promise.all (index 3)
      at TestingInstanceLoader.createInstances (node_modules/@nestjs/core/injector/instance-loader.js:39:9)
      at TestingInstanceLoader.createInstancesOfDependencies (node_modules/@nestjs/core/injector/instance-loader.js:22:13)
      at TestingInstanceLoader.createInstancesOfDependencies (node_modules/@nestjs/testing/testing-instance-loader.js:9:9)
      at TestingModuleBuilder.createInstancesOfDependencies (node_modules/@nestjs/testing/testing-module.builder.js:118:9)
      at TestingModuleBuilder.compile (node_modules/@nestjs/testing/testing-module.builder.js:74:9)
      at Object.<anonymous> (test/integration/library.e2e-spec.ts:29:42)

  ● LibraryService (e2e) › findByGame › should return library entries with pagination

    DATABASE_URL_TEST must be set in environment variables

    [0m [90m 12 |[39m   getTestURL()[33m:[39m string {
     [90m 13 |[39m     [36mif[39m ([33m![39mprocess[33m.[39menv[33m.[39m[33mDATABASE_URL_TEST[39m) {
    [31m[1m>[22m[39m[90m 14 |[39m       [36mthrow[39m [36mnew[39m [33mError[39m([32m'DATABASE_URL_TEST must be set in environment variables'[39m)[33m;[39m
     [90m    |[39m             [31m[1m^[22m[39m
     [90m 15 |[39m     }
     [90m 16 |[39m     [36mreturn[39m process[33m.[39menv[33m.[39m[33mDATABASE_URL_TEST[39m[33m;[39m
     [90m 17 |[39m   }[0m

      at DatabaseConfigService.getTestURL (src/config/database-config.service.ts:14:13)
      at new PrismaService (src/prisma/prisma.service.ts:18:24)
      at TestingInjector.instantiateClass (node_modules/@nestjs/core/injector/injector.js:422:19)
      at callback (node_modules/@nestjs/core/injector/injector.js:70:45)
      at TestingInjector.resolveConstructorParams (node_modules/@nestjs/core/injector/injector.js:170:24)
      at TestingInjector.loadInstance (node_modules/@nestjs/core/injector/injector.js:75:13)
      at TestingInjector.loadProvider (node_modules/@nestjs/core/injector/injector.js:103:9)
      at node_modules/@nestjs/core/injector/instance-loader.js:56:13
          at async Promise.all (index 4)
      at TestingInstanceLoader.createInstancesOfProviders (node_modules/@nestjs/core/injector/instance-loader.js:55:9)
      at node_modules/@nestjs/core/injector/instance-loader.js:40:13
          at async Promise.all (index 3)
      at TestingInstanceLoader.createInstances (node_modules/@nestjs/core/injector/instance-loader.js:39:9)
      at TestingInstanceLoader.createInstancesOfDependencies (node_modules/@nestjs/core/injector/instance-loader.js:22:13)
      at TestingInstanceLoader.createInstancesOfDependencies (node_modules/@nestjs/testing/testing-instance-loader.js:9:9)
      at TestingModuleBuilder.createInstancesOfDependencies (node_modules/@nestjs/testing/testing-module.builder.js:118:9)
      at TestingModuleBuilder.compile (node_modules/@nestjs/testing/testing-module.builder.js:74:9)
      at Object.<anonymous> (test/integration/library.e2e-spec.ts:29:42)

  ● LibraryService (e2e) › findByGame › should return empty array when game has no library entries

    DATABASE_URL_TEST must be set in environment variables

    [0m [90m 12 |[39m   getTestURL()[33m:[39m string {
     [90m 13 |[39m     [36mif[39m ([33m![39mprocess[33m.[39menv[33m.[39m[33mDATABASE_URL_TEST[39m) {
    [31m[1m>[22m[39m[90m 14 |[39m       [36mthrow[39m [36mnew[39m [33mError[39m([32m'DATABASE_URL_TEST must be set in environment variables'[39m)[33m;[39m
     [90m    |[39m             [31m[1m^[22m[39m
     [90m 15 |[39m     }
     [90m 16 |[39m     [36mreturn[39m process[33m.[39menv[33m.[39m[33mDATABASE_URL_TEST[39m[33m;[39m
     [90m 17 |[39m   }[0m

      at DatabaseConfigService.getTestURL (src/config/database-config.service.ts:14:13)
      at new PrismaService (src/prisma/prisma.service.ts:18:24)
      at TestingInjector.instantiateClass (node_modules/@nestjs/core/injector/injector.js:422:19)
      at callback (node_modules/@nestjs/core/injector/injector.js:70:45)
      at TestingInjector.resolveConstructorParams (node_modules/@nestjs/core/injector/injector.js:170:24)
      at TestingInjector.loadInstance (node_modules/@nestjs/core/injector/injector.js:75:13)
      at TestingInjector.loadProvider (node_modules/@nestjs/core/injector/injector.js:103:9)
      at node_modules/@nestjs/core/injector/instance-loader.js:56:13
          at async Promise.all (index 4)
      at TestingInstanceLoader.createInstancesOfProviders (node_modules/@nestjs/core/injector/instance-loader.js:55:9)
      at node_modules/@nestjs/core/injector/instance-loader.js:40:13
          at async Promise.all (index 3)
      at TestingInstanceLoader.createInstances (node_modules/@nestjs/core/injector/instance-loader.js:39:9)
      at TestingInstanceLoader.createInstancesOfDependencies (node_modules/@nestjs/core/injector/instance-loader.js:22:13)
      at TestingInstanceLoader.createInstancesOfDependencies (node_modules/@nestjs/testing/testing-instance-loader.js:9:9)
      at TestingModuleBuilder.createInstancesOfDependencies (node_modules/@nestjs/testing/testing-module.builder.js:118:9)
      at TestingModuleBuilder.compile (node_modules/@nestjs/testing/testing-module.builder.js:74:9)
      at Object.<anonymous> (test/integration/library.e2e-spec.ts:29:42)

  ● LibraryService (e2e) › findByGame › should throw NotFoundException when game does not exist

    DATABASE_URL_TEST must be set in environment variables

    [0m [90m 12 |[39m   getTestURL()[33m:[39m string {
     [90m 13 |[39m     [36mif[39m ([33m![39mprocess[33m.[39menv[33m.[39m[33mDATABASE_URL_TEST[39m) {
    [31m[1m>[22m[39m[90m 14 |[39m       [36mthrow[39m [36mnew[39m [33mError[39m([32m'DATABASE_URL_TEST must be set in environment variables'[39m)[33m;[39m
     [90m    |[39m             [31m[1m^[22m[39m
     [90m 15 |[39m     }
     [90m 16 |[39m     [36mreturn[39m process[33m.[39menv[33m.[39m[33mDATABASE_URL_TEST[39m[33m;[39m
     [90m 17 |[39m   }[0m

      at DatabaseConfigService.getTestURL (src/config/database-config.service.ts:14:13)
      at new PrismaService (src/prisma/prisma.service.ts:18:24)
      at TestingInjector.instantiateClass (node_modules/@nestjs/core/injector/injector.js:422:19)
      at callback (node_modules/@nestjs/core/injector/injector.js:70:45)
      at TestingInjector.resolveConstructorParams (node_modules/@nestjs/core/injector/injector.js:170:24)
      at TestingInjector.loadInstance (node_modules/@nestjs/core/injector/injector.js:75:13)
      at TestingInjector.loadProvider (node_modules/@nestjs/core/injector/injector.js:103:9)
      at node_modules/@nestjs/core/injector/instance-loader.js:56:13
          at async Promise.all (index 4)
      at TestingInstanceLoader.createInstancesOfProviders (node_modules/@nestjs/core/injector/instance-loader.js:55:9)
      at node_modules/@nestjs/core/injector/instance-loader.js:40:13
          at async Promise.all (index 3)
      at TestingInstanceLoader.createInstances (node_modules/@nestjs/core/injector/instance-loader.js:39:9)
      at TestingInstanceLoader.createInstancesOfDependencies (node_modules/@nestjs/core/injector/instance-loader.js:22:13)
      at TestingInstanceLoader.createInstancesOfDependencies (node_modules/@nestjs/testing/testing-instance-loader.js:9:9)
      at TestingModuleBuilder.createInstancesOfDependencies (node_modules/@nestjs/testing/testing-module.builder.js:118:9)
      at TestingModuleBuilder.compile (node_modules/@nestjs/testing/testing-module.builder.js:74:9)
      at Object.<anonymous> (test/integration/library.e2e-spec.ts:29:42)

  ● LibraryService (e2e) › update › should update hours_played successfully

    DATABASE_URL_TEST must be set in environment variables

    [0m [90m 12 |[39m   getTestURL()[33m:[39m string {
     [90m 13 |[39m     [36mif[39m ([33m![39mprocess[33m.[39menv[33m.[39m[33mDATABASE_URL_TEST[39m) {
    [31m[1m>[22m[39m[90m 14 |[39m       [36mthrow[39m [36mnew[39m [33mError[39m([32m'DATABASE_URL_TEST must be set in environment variables'[39m)[33m;[39m
     [90m    |[39m             [31m[1m^[22m[39m
     [90m 15 |[39m     }
     [90m 16 |[39m     [36mreturn[39m process[33m.[39menv[33m.[39m[33mDATABASE_URL_TEST[39m[33m;[39m
     [90m 17 |[39m   }[0m

      at DatabaseConfigService.getTestURL (src/config/database-config.service.ts:14:13)
      at new PrismaService (src/prisma/prisma.service.ts:18:24)
      at TestingInjector.instantiateClass (node_modules/@nestjs/core/injector/injector.js:422:19)
      at callback (node_modules/@nestjs/core/injector/injector.js:70:45)
      at TestingInjector.resolveConstructorParams (node_modules/@nestjs/core/injector/injector.js:170:24)
      at TestingInjector.loadInstance (node_modules/@nestjs/core/injector/injector.js:75:13)
      at TestingInjector.loadProvider (node_modules/@nestjs/core/injector/injector.js:103:9)
      at node_modules/@nestjs/core/injector/instance-loader.js:56:13
          at async Promise.all (index 4)
      at TestingInstanceLoader.createInstancesOfProviders (node_modules/@nestjs/core/injector/instance-loader.js:55:9)
      at node_modules/@nestjs/core/injector/instance-loader.js:40:13
          at async Promise.all (index 3)
      at TestingInstanceLoader.createInstances (node_modules/@nestjs/core/injector/instance-loader.js:39:9)
      at TestingInstanceLoader.createInstancesOfDependencies (node_modules/@nestjs/core/injector/instance-loader.js:22:13)
      at TestingInstanceLoader.createInstancesOfDependencies (node_modules/@nestjs/testing/testing-instance-loader.js:9:9)
      at TestingModuleBuilder.createInstancesOfDependencies (node_modules/@nestjs/testing/testing-module.builder.js:118:9)
      at TestingModuleBuilder.compile (node_modules/@nestjs/testing/testing-module.builder.js:74:9)
      at Object.<anonymous> (test/integration/library.e2e-spec.ts:29:42)

  ● LibraryService (e2e) › update › should update ownership successfully

    DATABASE_URL_TEST must be set in environment variables

    [0m [90m 12 |[39m   getTestURL()[33m:[39m string {
     [90m 13 |[39m     [36mif[39m ([33m![39mprocess[33m.[39menv[33m.[39m[33mDATABASE_URL_TEST[39m) {
    [31m[1m>[22m[39m[90m 14 |[39m       [36mthrow[39m [36mnew[39m [33mError[39m([32m'DATABASE_URL_TEST must be set in environment variables'[39m)[33m;[39m
     [90m    |[39m             [31m[1m^[22m[39m
     [90m 15 |[39m     }
     [90m 16 |[39m     [36mreturn[39m process[33m.[39menv[33m.[39m[33mDATABASE_URL_TEST[39m[33m;[39m
     [90m 17 |[39m   }[0m

      at DatabaseConfigService.getTestURL (src/config/database-config.service.ts:14:13)
      at new PrismaService (src/prisma/prisma.service.ts:18:24)
      at TestingInjector.instantiateClass (node_modules/@nestjs/core/injector/injector.js:422:19)
      at callback (node_modules/@nestjs/core/injector/injector.js:70:45)
      at TestingInjector.resolveConstructorParams (node_modules/@nestjs/core/injector/injector.js:170:24)
      at TestingInjector.loadInstance (node_modules/@nestjs/core/injector/injector.js:75:13)
      at TestingInjector.loadProvider (node_modules/@nestjs/core/injector/injector.js:103:9)
      at node_modules/@nestjs/core/injector/instance-loader.js:56:13
          at async Promise.all (index 4)
      at TestingInstanceLoader.createInstancesOfProviders (node_modules/@nestjs/core/injector/instance-loader.js:55:9)
      at node_modules/@nestjs/core/injector/instance-loader.js:40:13
          at async Promise.all (index 3)
      at TestingInstanceLoader.createInstances (node_modules/@nestjs/core/injector/instance-loader.js:39:9)
      at TestingInstanceLoader.createInstancesOfDependencies (node_modules/@nestjs/core/injector/instance-loader.js:22:13)
      at TestingInstanceLoader.createInstancesOfDependencies (node_modules/@nestjs/testing/testing-instance-loader.js:9:9)
      at TestingModuleBuilder.createInstancesOfDependencies (node_modules/@nestjs/testing/testing-module.builder.js:118:9)
      at TestingModuleBuilder.compile (node_modules/@nestjs/testing/testing-module.builder.js:74:9)
      at Object.<anonymous> (test/integration/library.e2e-spec.ts:29:42)

  ● LibraryService (e2e) › update › should update download_status successfully

    DATABASE_URL_TEST must be set in environment variables

    [0m [90m 12 |[39m   getTestURL()[33m:[39m string {
     [90m 13 |[39m     [36mif[39m ([33m![39mprocess[33m.[39menv[33m.[39m[33mDATABASE_URL_TEST[39m) {
    [31m[1m>[22m[39m[90m 14 |[39m       [36mthrow[39m [36mnew[39m [33mError[39m([32m'DATABASE_URL_TEST must be set in environment variables'[39m)[33m;[39m
     [90m    |[39m             [31m[1m^[22m[39m
     [90m 15 |[39m     }
     [90m 16 |[39m     [36mreturn[39m process[33m.[39menv[33m.[39m[33mDATABASE_URL_TEST[39m[33m;[39m
     [90m 17 |[39m   }[0m

      at DatabaseConfigService.getTestURL (src/config/database-config.service.ts:14:13)
      at new PrismaService (src/prisma/prisma.service.ts:18:24)
      at TestingInjector.instantiateClass (node_modules/@nestjs/core/injector/injector.js:422:19)
      at callback (node_modules/@nestjs/core/injector/injector.js:70:45)
      at TestingInjector.resolveConstructorParams (node_modules/@nestjs/core/injector/injector.js:170:24)
      at TestingInjector.loadInstance (node_modules/@nestjs/core/injector/injector.js:75:13)
      at TestingInjector.loadProvider (node_modules/@nestjs/core/injector/injector.js:103:9)
      at node_modules/@nestjs/core/injector/instance-loader.js:56:13
          at async Promise.all (index 4)
      at TestingInstanceLoader.createInstancesOfProviders (node_modules/@nestjs/core/injector/instance-loader.js:55:9)
      at node_modules/@nestjs/core/injector/instance-loader.js:40:13
          at async Promise.all (index 3)
      at TestingInstanceLoader.createInstances (node_modules/@nestjs/core/injector/instance-loader.js:39:9)
      at TestingInstanceLoader.createInstancesOfDependencies (node_modules/@nestjs/core/injector/instance-loader.js:22:13)
      at TestingInstanceLoader.createInstancesOfDependencies (node_modules/@nestjs/testing/testing-instance-loader.js:9:9)
      at TestingModuleBuilder.createInstancesOfDependencies (node_modules/@nestjs/testing/testing-module.builder.js:118:9)
      at TestingModuleBuilder.compile (node_modules/@nestjs/testing/testing-module.builder.js:74:9)
      at Object.<anonymous> (test/integration/library.e2e-spec.ts:29:42)

  ● LibraryService (e2e) › update › should update all fields simultaneously

    DATABASE_URL_TEST must be set in environment variables

    [0m [90m 12 |[39m   getTestURL()[33m:[39m string {
     [90m 13 |[39m     [36mif[39m ([33m![39mprocess[33m.[39menv[33m.[39m[33mDATABASE_URL_TEST[39m) {
    [31m[1m>[22m[39m[90m 14 |[39m       [36mthrow[39m [36mnew[39m [33mError[39m([32m'DATABASE_URL_TEST must be set in environment variables'[39m)[33m;[39m
     [90m    |[39m             [31m[1m^[22m[39m
     [90m 15 |[39m     }
     [90m 16 |[39m     [36mreturn[39m process[33m.[39menv[33m.[39m[33mDATABASE_URL_TEST[39m[33m;[39m
     [90m 17 |[39m   }[0m

      at DatabaseConfigService.getTestURL (src/config/database-config.service.ts:14:13)
      at new PrismaService (src/prisma/prisma.service.ts:18:24)
      at TestingInjector.instantiateClass (node_modules/@nestjs/core/injector/injector.js:422:19)
      at callback (node_modules/@nestjs/core/injector/injector.js:70:45)
      at TestingInjector.resolveConstructorParams (node_modules/@nestjs/core/injector/injector.js:170:24)
      at TestingInjector.loadInstance (node_modules/@nestjs/core/injector/injector.js:75:13)
      at TestingInjector.loadProvider (node_modules/@nestjs/core/injector/injector.js:103:9)
      at node_modules/@nestjs/core/injector/instance-loader.js:56:13
          at async Promise.all (index 4)
      at TestingInstanceLoader.createInstancesOfProviders (node_modules/@nestjs/core/injector/instance-loader.js:55:9)
      at node_modules/@nestjs/core/injector/instance-loader.js:40:13
          at async Promise.all (index 3)
      at TestingInstanceLoader.createInstances (node_modules/@nestjs/core/injector/instance-loader.js:39:9)
      at TestingInstanceLoader.createInstancesOfDependencies (node_modules/@nestjs/core/injector/instance-loader.js:22:13)
      at TestingInstanceLoader.createInstancesOfDependencies (node_modules/@nestjs/testing/testing-instance-loader.js:9:9)
      at TestingModuleBuilder.createInstancesOfDependencies (node_modules/@nestjs/testing/testing-module.builder.js:118:9)
      at TestingModuleBuilder.compile (node_modules/@nestjs/testing/testing-module.builder.js:74:9)
      at Object.<anonymous> (test/integration/library.e2e-spec.ts:29:42)

  ● LibraryService (e2e) › update › should throw NotFoundException when library entry does not exist

    DATABASE_URL_TEST must be set in environment variables

    [0m [90m 12 |[39m   getTestURL()[33m:[39m string {
     [90m 13 |[39m     [36mif[39m ([33m![39mprocess[33m.[39menv[33m.[39m[33mDATABASE_URL_TEST[39m) {
    [31m[1m>[22m[39m[90m 14 |[39m       [36mthrow[39m [36mnew[39m [33mError[39m([32m'DATABASE_URL_TEST must be set in environment variables'[39m)[33m;[39m
     [90m    |[39m             [31m[1m^[22m[39m
     [90m 15 |[39m     }
     [90m 16 |[39m     [36mreturn[39m process[33m.[39menv[33m.[39m[33mDATABASE_URL_TEST[39m[33m;[39m
     [90m 17 |[39m   }[0m

      at DatabaseConfigService.getTestURL (src/config/database-config.service.ts:14:13)
      at new PrismaService (src/prisma/prisma.service.ts:18:24)
      at TestingInjector.instantiateClass (node_modules/@nestjs/core/injector/injector.js:422:19)
      at callback (node_modules/@nestjs/core/injector/injector.js:70:45)
      at TestingInjector.resolveConstructorParams (node_modules/@nestjs/core/injector/injector.js:170:24)
      at TestingInjector.loadInstance (node_modules/@nestjs/core/injector/injector.js:75:13)
      at TestingInjector.loadProvider (node_modules/@nestjs/core/injector/injector.js:103:9)
      at node_modules/@nestjs/core/injector/instance-loader.js:56:13
          at async Promise.all (index 4)
      at TestingInstanceLoader.createInstancesOfProviders (node_modules/@nestjs/core/injector/instance-loader.js:55:9)
      at node_modules/@nestjs/core/injector/instance-loader.js:40:13
          at async Promise.all (index 3)
      at TestingInstanceLoader.createInstances (node_modules/@nestjs/core/injector/instance-loader.js:39:9)
      at TestingInstanceLoader.createInstancesOfDependencies (node_modules/@nestjs/core/injector/instance-loader.js:22:13)
      at TestingInstanceLoader.createInstancesOfDependencies (node_modules/@nestjs/testing/testing-instance-loader.js:9:9)
      at TestingModuleBuilder.createInstancesOfDependencies (node_modules/@nestjs/testing/testing-module.builder.js:118:9)
      at TestingModuleBuilder.compile (node_modules/@nestjs/testing/testing-module.builder.js:74:9)
      at Object.<anonymous> (test/integration/library.e2e-spec.ts:29:42)

  ● LibraryService (e2e) › update › should handle empty update

    DATABASE_URL_TEST must be set in environment variables

    [0m [90m 12 |[39m   getTestURL()[33m:[39m string {
     [90m 13 |[39m     [36mif[39m ([33m![39mprocess[33m.[39menv[33m.[39m[33mDATABASE_URL_TEST[39m) {
    [31m[1m>[22m[39m[90m 14 |[39m       [36mthrow[39m [36mnew[39m [33mError[39m([32m'DATABASE_URL_TEST must be set in environment variables'[39m)[33m;[39m
     [90m    |[39m             [31m[1m^[22m[39m
     [90m 15 |[39m     }
     [90m 16 |[39m     [36mreturn[39m process[33m.[39menv[33m.[39m[33mDATABASE_URL_TEST[39m[33m;[39m
     [90m 17 |[39m   }[0m

      at DatabaseConfigService.getTestURL (src/config/database-config.service.ts:14:13)
      at new PrismaService (src/prisma/prisma.service.ts:18:24)
      at TestingInjector.instantiateClass (node_modules/@nestjs/core/injector/injector.js:422:19)
      at callback (node_modules/@nestjs/core/injector/injector.js:70:45)
      at TestingInjector.resolveConstructorParams (node_modules/@nestjs/core/injector/injector.js:170:24)
      at TestingInjector.loadInstance (node_modules/@nestjs/core/injector/injector.js:75:13)
      at TestingInjector.loadProvider (node_modules/@nestjs/core/injector/injector.js:103:9)
      at node_modules/@nestjs/core/injector/instance-loader.js:56:13
          at async Promise.all (index 4)
      at TestingInstanceLoader.createInstancesOfProviders (node_modules/@nestjs/core/injector/instance-loader.js:55:9)
      at node_modules/@nestjs/core/injector/instance-loader.js:40:13
          at async Promise.all (index 3)
      at TestingInstanceLoader.createInstances (node_modules/@nestjs/core/injector/instance-loader.js:39:9)
      at TestingInstanceLoader.createInstancesOfDependencies (node_modules/@nestjs/core/injector/instance-loader.js:22:13)
      at TestingInstanceLoader.createInstancesOfDependencies (node_modules/@nestjs/testing/testing-instance-loader.js:9:9)
      at TestingModuleBuilder.createInstancesOfDependencies (node_modules/@nestjs/testing/testing-module.builder.js:118:9)
      at TestingModuleBuilder.compile (node_modules/@nestjs/testing/testing-module.builder.js:74:9)
      at Object.<anonymous> (test/integration/library.e2e-spec.ts:29:42)

  ● LibraryService (e2e) › update › should fail when updating non-existent library entry

    DATABASE_URL_TEST must be set in environment variables

    [0m [90m 12 |[39m   getTestURL()[33m:[39m string {
     [90m 13 |[39m     [36mif[39m ([33m![39mprocess[33m.[39menv[33m.[39m[33mDATABASE_URL_TEST[39m) {
    [31m[1m>[22m[39m[90m 14 |[39m       [36mthrow[39m [36mnew[39m [33mError[39m([32m'DATABASE_URL_TEST must be set in environment variables'[39m)[33m;[39m
     [90m    |[39m             [31m[1m^[22m[39m
     [90m 15 |[39m     }
     [90m 16 |[39m     [36mreturn[39m process[33m.[39menv[33m.[39m[33mDATABASE_URL_TEST[39m[33m;[39m
     [90m 17 |[39m   }[0m

      at DatabaseConfigService.getTestURL (src/config/database-config.service.ts:14:13)
      at new PrismaService (src/prisma/prisma.service.ts:18:24)
      at TestingInjector.instantiateClass (node_modules/@nestjs/core/injector/injector.js:422:19)
      at callback (node_modules/@nestjs/core/injector/injector.js:70:45)
      at TestingInjector.resolveConstructorParams (node_modules/@nestjs/core/injector/injector.js:170:24)
      at TestingInjector.loadInstance (node_modules/@nestjs/core/injector/injector.js:75:13)
      at TestingInjector.loadProvider (node_modules/@nestjs/core/injector/injector.js:103:9)
      at node_modules/@nestjs/core/injector/instance-loader.js:56:13
          at async Promise.all (index 4)
      at TestingInstanceLoader.createInstancesOfProviders (node_modules/@nestjs/core/injector/instance-loader.js:55:9)
      at node_modules/@nestjs/core/injector/instance-loader.js:40:13
          at async Promise.all (index 3)
      at TestingInstanceLoader.createInstances (node_modules/@nestjs/core/injector/instance-loader.js:39:9)
      at TestingInstanceLoader.createInstancesOfDependencies (node_modules/@nestjs/core/injector/instance-loader.js:22:13)
      at TestingInstanceLoader.createInstancesOfDependencies (node_modules/@nestjs/testing/testing-instance-loader.js:9:9)
      at TestingModuleBuilder.createInstancesOfDependencies (node_modules/@nestjs/testing/testing-module.builder.js:118:9)
      at TestingModuleBuilder.compile (node_modules/@nestjs/testing/testing-module.builder.js:74:9)
      at Object.<anonymous> (test/integration/library.e2e-spec.ts:29:42)

  ● LibraryService (e2e) › remove › should delete library entry successfully

    DATABASE_URL_TEST must be set in environment variables

    [0m [90m 12 |[39m   getTestURL()[33m:[39m string {
     [90m 13 |[39m     [36mif[39m ([33m![39mprocess[33m.[39menv[33m.[39m[33mDATABASE_URL_TEST[39m) {
    [31m[1m>[22m[39m[90m 14 |[39m       [36mthrow[39m [36mnew[39m [33mError[39m([32m'DATABASE_URL_TEST must be set in environment variables'[39m)[33m;[39m
     [90m    |[39m             [31m[1m^[22m[39m
     [90m 15 |[39m     }
     [90m 16 |[39m     [36mreturn[39m process[33m.[39menv[33m.[39m[33mDATABASE_URL_TEST[39m[33m;[39m
     [90m 17 |[39m   }[0m

      at DatabaseConfigService.getTestURL (src/config/database-config.service.ts:14:13)
      at new PrismaService (src/prisma/prisma.service.ts:18:24)
      at TestingInjector.instantiateClass (node_modules/@nestjs/core/injector/injector.js:422:19)
      at callback (node_modules/@nestjs/core/injector/injector.js:70:45)
      at TestingInjector.resolveConstructorParams (node_modules/@nestjs/core/injector/injector.js:170:24)
      at TestingInjector.loadInstance (node_modules/@nestjs/core/injector/injector.js:75:13)
      at TestingInjector.loadProvider (node_modules/@nestjs/core/injector/injector.js:103:9)
      at node_modules/@nestjs/core/injector/instance-loader.js:56:13
          at async Promise.all (index 4)
      at TestingInstanceLoader.createInstancesOfProviders (node_modules/@nestjs/core/injector/instance-loader.js:55:9)
      at node_modules/@nestjs/core/injector/instance-loader.js:40:13
          at async Promise.all (index 3)
      at TestingInstanceLoader.createInstances (node_modules/@nestjs/core/injector/instance-loader.js:39:9)
      at TestingInstanceLoader.createInstancesOfDependencies (node_modules/@nestjs/core/injector/instance-loader.js:22:13)
      at TestingInstanceLoader.createInstancesOfDependencies (node_modules/@nestjs/testing/testing-instance-loader.js:9:9)
      at TestingModuleBuilder.createInstancesOfDependencies (node_modules/@nestjs/testing/testing-module.builder.js:118:9)
      at TestingModuleBuilder.compile (node_modules/@nestjs/testing/testing-module.builder.js:74:9)
      at Object.<anonymous> (test/integration/library.e2e-spec.ts:29:42)

  ● LibraryService (e2e) › remove › should throw NotFoundException when library entry does not exist

    DATABASE_URL_TEST must be set in environment variables

    [0m [90m 12 |[39m   getTestURL()[33m:[39m string {
     [90m 13 |[39m     [36mif[39m ([33m![39mprocess[33m.[39menv[33m.[39m[33mDATABASE_URL_TEST[39m) {
    [31m[1m>[22m[39m[90m 14 |[39m       [36mthrow[39m [36mnew[39m [33mError[39m([32m'DATABASE_URL_TEST must be set in environment variables'[39m)[33m;[39m
     [90m    |[39m             [31m[1m^[22m[39m
     [90m 15 |[39m     }
     [90m 16 |[39m     [36mreturn[39m process[33m.[39menv[33m.[39m[33mDATABASE_URL_TEST[39m[33m;[39m
     [90m 17 |[39m   }[0m

      at DatabaseConfigService.getTestURL (src/config/database-config.service.ts:14:13)
      at new PrismaService (src/prisma/prisma.service.ts:18:24)
      at TestingInjector.instantiateClass (node_modules/@nestjs/core/injector/injector.js:422:19)
      at callback (node_modules/@nestjs/core/injector/injector.js:70:45)
      at TestingInjector.resolveConstructorParams (node_modules/@nestjs/core/injector/injector.js:170:24)
      at TestingInjector.loadInstance (node_modules/@nestjs/core/injector/injector.js:75:13)
      at TestingInjector.loadProvider (node_modules/@nestjs/core/injector/injector.js:103:9)
      at node_modules/@nestjs/core/injector/instance-loader.js:56:13
          at async Promise.all (index 4)
      at TestingInstanceLoader.createInstancesOfProviders (node_modules/@nestjs/core/injector/instance-loader.js:55:9)
      at node_modules/@nestjs/core/injector/instance-loader.js:40:13
          at async Promise.all (index 3)
      at TestingInstanceLoader.createInstances (node_modules/@nestjs/core/injector/instance-loader.js:39:9)
      at TestingInstanceLoader.createInstancesOfDependencies (node_modules/@nestjs/core/injector/instance-loader.js:22:13)
      at TestingInstanceLoader.createInstancesOfDependencies (node_modules/@nestjs/testing/testing-instance-loader.js:9:9)
      at TestingModuleBuilder.createInstancesOfDependencies (node_modules/@nestjs/testing/testing-module.builder.js:118:9)
      at TestingModuleBuilder.compile (node_modules/@nestjs/testing/testing-module.builder.js:74:9)
      at Object.<anonymous> (test/integration/library.e2e-spec.ts:29:42)

  ● LibraryService (e2e) › remove › should handle cascade delete when user is deleted

    DATABASE_URL_TEST must be set in environment variables

    [0m [90m 12 |[39m   getTestURL()[33m:[39m string {
     [90m 13 |[39m     [36mif[39m ([33m![39mprocess[33m.[39menv[33m.[39m[33mDATABASE_URL_TEST[39m) {
    [31m[1m>[22m[39m[90m 14 |[39m       [36mthrow[39m [36mnew[39m [33mError[39m([32m'DATABASE_URL_TEST must be set in environment variables'[39m)[33m;[39m
     [90m    |[39m             [31m[1m^[22m[39m
     [90m 15 |[39m     }
     [90m 16 |[39m     [36mreturn[39m process[33m.[39menv[33m.[39m[33mDATABASE_URL_TEST[39m[33m;[39m
     [90m 17 |[39m   }[0m

      at DatabaseConfigService.getTestURL (src/config/database-config.service.ts:14:13)
      at new PrismaService (src/prisma/prisma.service.ts:18:24)
      at TestingInjector.instantiateClass (node_modules/@nestjs/core/injector/injector.js:422:19)
      at callback (node_modules/@nestjs/core/injector/injector.js:70:45)
      at TestingInjector.resolveConstructorParams (node_modules/@nestjs/core/injector/injector.js:170:24)
      at TestingInjector.loadInstance (node_modules/@nestjs/core/injector/injector.js:75:13)
      at TestingInjector.loadProvider (node_modules/@nestjs/core/injector/injector.js:103:9)
      at node_modules/@nestjs/core/injector/instance-loader.js:56:13
          at async Promise.all (index 4)
      at TestingInstanceLoader.createInstancesOfProviders (node_modules/@nestjs/core/injector/instance-loader.js:55:9)
      at node_modules/@nestjs/core/injector/instance-loader.js:40:13
          at async Promise.all (index 3)
      at TestingInstanceLoader.createInstances (node_modules/@nestjs/core/injector/instance-loader.js:39:9)
      at TestingInstanceLoader.createInstancesOfDependencies (node_modules/@nestjs/core/injector/instance-loader.js:22:13)
      at TestingInstanceLoader.createInstancesOfDependencies (node_modules/@nestjs/testing/testing-instance-loader.js:9:9)
      at TestingModuleBuilder.createInstancesOfDependencies (node_modules/@nestjs/testing/testing-module.builder.js:118:9)
      at TestingModuleBuilder.compile (node_modules/@nestjs/testing/testing-module.builder.js:74:9)
      at Object.<anonymous> (test/integration/library.e2e-spec.ts:29:42)

  ● LibraryService (e2e) › remove › should handle cascade delete when game is deleted

    DATABASE_URL_TEST must be set in environment variables

    [0m [90m 12 |[39m   getTestURL()[33m:[39m string {
     [90m 13 |[39m     [36mif[39m ([33m![39mprocess[33m.[39menv[33m.[39m[33mDATABASE_URL_TEST[39m) {
    [31m[1m>[22m[39m[90m 14 |[39m       [36mthrow[39m [36mnew[39m [33mError[39m([32m'DATABASE_URL_TEST must be set in environment variables'[39m)[33m;[39m
     [90m    |[39m             [31m[1m^[22m[39m
     [90m 15 |[39m     }
     [90m 16 |[39m     [36mreturn[39m process[33m.[39menv[33m.[39m[33mDATABASE_URL_TEST[39m[33m;[39m
     [90m 17 |[39m   }[0m

      at DatabaseConfigService.getTestURL (src/config/database-config.service.ts:14:13)
      at new PrismaService (src/prisma/prisma.service.ts:18:24)
      at TestingInjector.instantiateClass (node_modules/@nestjs/core/injector/injector.js:422:19)
      at callback (node_modules/@nestjs/core/injector/injector.js:70:45)
      at TestingInjector.resolveConstructorParams (node_modules/@nestjs/core/injector/injector.js:170:24)
      at TestingInjector.loadInstance (node_modules/@nestjs/core/injector/injector.js:75:13)
      at TestingInjector.loadProvider (node_modules/@nestjs/core/injector/injector.js:103:9)
      at node_modules/@nestjs/core/injector/instance-loader.js:56:13
          at async Promise.all (index 4)
      at TestingInstanceLoader.createInstancesOfProviders (node_modules/@nestjs/core/injector/instance-loader.js:55:9)
      at node_modules/@nestjs/core/injector/instance-loader.js:40:13
          at async Promise.all (index 3)
      at TestingInstanceLoader.createInstances (node_modules/@nestjs/core/injector/instance-loader.js:39:9)
      at TestingInstanceLoader.createInstancesOfDependencies (node_modules/@nestjs/core/injector/instance-loader.js:22:13)
      at TestingInstanceLoader.createInstancesOfDependencies (node_modules/@nestjs/testing/testing-instance-loader.js:9:9)
      at TestingModuleBuilder.createInstancesOfDependencies (node_modules/@nestjs/testing/testing-module.builder.js:118:9)
      at TestingModuleBuilder.compile (node_modules/@nestjs/testing/testing-module.builder.js:74:9)
      at Object.<anonymous> (test/integration/library.e2e-spec.ts:29:42)


  ● Test suite failed to run

    TypeError: Cannot read properties of undefined (reading 'close')

    [0m [90m 125 |[39m
     [90m 126 |[39m   afterAll([36masync[39m () [33m=>[39m {
    [31m[1m>[22m[39m[90m 127 |[39m     [36mawait[39m app[33m.[39mclose()[33m;[39m
     [90m     |[39m               [31m[1m^[22m[39m
     [90m 128 |[39m   })[33m;[39m
     [90m 129 |[39m
     [90m 130 |[39m   [36masync[39m [36mfunction[39m createTestUser(username[33m:[39m string) {[0m

      at Object.<anonymous> (test/integration/library.e2e-spec.ts:127:15)

FAIL test/integration/user.e2e-spec.ts (12.15 s)
  ● Console

    console.log
      ◇ injected env (0) from ..\.env // tip: ⌘ enable debugging { debug: true }

      at _log (node_modules/dotenv/lib/main.js:131:11)

  ● User Module (CQS - Commands and Queries) › POST /users (CreateUserCommand) › should create user and return only ID

    DATABASE_URL_TEST must be set in environment variables

    [0m [90m 12 |[39m   getTestURL()[33m:[39m string {
     [90m 13 |[39m     [36mif[39m ([33m![39mprocess[33m.[39menv[33m.[39m[33mDATABASE_URL_TEST[39m) {
    [31m[1m>[22m[39m[90m 14 |[39m       [36mthrow[39m [36mnew[39m [33mError[39m([32m'DATABASE_URL_TEST must be set in environment variables'[39m)[33m;[39m
     [90m    |[39m             [31m[1m^[22m[39m
     [90m 15 |[39m     }
     [90m 16 |[39m     [36mreturn[39m process[33m.[39menv[33m.[39m[33mDATABASE_URL_TEST[39m[33m;[39m
     [90m 17 |[39m   }[0m

      at DatabaseConfigService.getTestURL (src/config/database-config.service.ts:14:13)
      at new PrismaService (src/prisma/prisma.service.ts:18:24)
      at TestingInjector.instantiateClass (node_modules/@nestjs/core/injector/injector.js:422:19)
      at callback (node_modules/@nestjs/core/injector/injector.js:70:45)
      at TestingInjector.resolveConstructorParams (node_modules/@nestjs/core/injector/injector.js:170:24)
      at TestingInjector.loadInstance (node_modules/@nestjs/core/injector/injector.js:75:13)
      at TestingInjector.loadProvider (node_modules/@nestjs/core/injector/injector.js:103:9)
      at node_modules/@nestjs/core/injector/instance-loader.js:56:13
          at async Promise.all (index 9)
      at TestingInstanceLoader.createInstancesOfProviders (node_modules/@nestjs/core/injector/instance-loader.js:55:9)
      at node_modules/@nestjs/core/injector/instance-loader.js:40:13
          at async Promise.all (index 3)
      at TestingInstanceLoader.createInstances (node_modules/@nestjs/core/injector/instance-loader.js:39:9)
      at TestingInstanceLoader.createInstancesOfDependencies (node_modules/@nestjs/core/injector/instance-loader.js:22:13)
      at TestingInstanceLoader.createInstancesOfDependencies (node_modules/@nestjs/testing/testing-instance-loader.js:9:9)
      at TestingModuleBuilder.createInstancesOfDependencies (node_modules/@nestjs/testing/testing-module.builder.js:118:9)
      at TestingModuleBuilder.compile (node_modules/@nestjs/testing/testing-module.builder.js:74:9)
      at Object.<anonymous> (test/integration/user.e2e-spec.ts:23:42)

  ● User Module (CQS - Commands and Queries) › POST /users (CreateUserCommand) › should return 409 Conflict when username already exists

    DATABASE_URL_TEST must be set in environment variables

    [0m [90m 12 |[39m   getTestURL()[33m:[39m string {
     [90m 13 |[39m     [36mif[39m ([33m![39mprocess[33m.[39menv[33m.[39m[33mDATABASE_URL_TEST[39m) {
    [31m[1m>[22m[39m[90m 14 |[39m       [36mthrow[39m [36mnew[39m [33mError[39m([32m'DATABASE_URL_TEST must be set in environment variables'[39m)[33m;[39m
     [90m    |[39m             [31m[1m^[22m[39m
     [90m 15 |[39m     }
     [90m 16 |[39m     [36mreturn[39m process[33m.[39menv[33m.[39m[33mDATABASE_URL_TEST[39m[33m;[39m
     [90m 17 |[39m   }[0m

      at DatabaseConfigService.getTestURL (src/config/database-config.service.ts:14:13)
      at new PrismaService (src/prisma/prisma.service.ts:18:24)
      at TestingInjector.instantiateClass (node_modules/@nestjs/core/injector/injector.js:422:19)
      at callback (node_modules/@nestjs/core/injector/injector.js:70:45)
      at TestingInjector.resolveConstructorParams (node_modules/@nestjs/core/injector/injector.js:170:24)
      at TestingInjector.loadInstance (node_modules/@nestjs/core/injector/injector.js:75:13)
      at TestingInjector.loadProvider (node_modules/@nestjs/core/injector/injector.js:103:9)
      at node_modules/@nestjs/core/injector/instance-loader.js:56:13
          at async Promise.all (index 9)
      at TestingInstanceLoader.createInstancesOfProviders (node_modules/@nestjs/core/injector/instance-loader.js:55:9)
      at node_modules/@nestjs/core/injector/instance-loader.js:40:13
          at async Promise.all (index 3)
      at TestingInstanceLoader.createInstances (node_modules/@nestjs/core/injector/instance-loader.js:39:9)
      at TestingInstanceLoader.createInstancesOfDependencies (node_modules/@nestjs/core/injector/instance-loader.js:22:13)
      at TestingInstanceLoader.createInstancesOfDependencies (node_modules/@nestjs/testing/testing-instance-loader.js:9:9)
      at TestingModuleBuilder.createInstancesOfDependencies (node_modules/@nestjs/testing/testing-module.builder.js:118:9)
      at TestingModuleBuilder.compile (node_modules/@nestjs/testing/testing-module.builder.js:74:9)
      at Object.<anonymous> (test/integration/user.e2e-spec.ts:23:42)

  ● User Module (CQS - Commands and Queries) › POST /users (CreateUserCommand) › should return 400 Bad Request for invalid age

    DATABASE_URL_TEST must be set in environment variables

    [0m [90m 12 |[39m   getTestURL()[33m:[39m string {
     [90m 13 |[39m     [36mif[39m ([33m![39mprocess[33m.[39menv[33m.[39m[33mDATABASE_URL_TEST[39m) {
    [31m[1m>[22m[39m[90m 14 |[39m       [36mthrow[39m [36mnew[39m [33mError[39m([32m'DATABASE_URL_TEST must be set in environment variables'[39m)[33m;[39m
     [90m    |[39m             [31m[1m^[22m[39m
     [90m 15 |[39m     }
     [90m 16 |[39m     [36mreturn[39m process[33m.[39menv[33m.[39m[33mDATABASE_URL_TEST[39m[33m;[39m
     [90m 17 |[39m   }[0m

      at DatabaseConfigService.getTestURL (src/config/database-config.service.ts:14:13)
      at new PrismaService (src/prisma/prisma.service.ts:18:24)
      at TestingInjector.instantiateClass (node_modules/@nestjs/core/injector/injector.js:422:19)
      at callback (node_modules/@nestjs/core/injector/injector.js:70:45)
      at TestingInjector.resolveConstructorParams (node_modules/@nestjs/core/injector/injector.js:170:24)
      at TestingInjector.loadInstance (node_modules/@nestjs/core/injector/injector.js:75:13)
      at TestingInjector.loadProvider (node_modules/@nestjs/core/injector/injector.js:103:9)
      at node_modules/@nestjs/core/injector/instance-loader.js:56:13
          at async Promise.all (index 9)
      at TestingInstanceLoader.createInstancesOfProviders (node_modules/@nestjs/core/injector/instance-loader.js:55:9)
      at node_modules/@nestjs/core/injector/instance-loader.js:40:13
          at async Promise.all (index 3)
      at TestingInstanceLoader.createInstances (node_modules/@nestjs/core/injector/instance-loader.js:39:9)
      at TestingInstanceLoader.createInstancesOfDependencies (node_modules/@nestjs/core/injector/instance-loader.js:22:13)
      at TestingInstanceLoader.createInstancesOfDependencies (node_modules/@nestjs/testing/testing-instance-loader.js:9:9)
      at TestingModuleBuilder.createInstancesOfDependencies (node_modules/@nestjs/testing/testing-module.builder.js:118:9)
      at TestingModuleBuilder.compile (node_modules/@nestjs/testing/testing-module.builder.js:74:9)
      at Object.<anonymous> (test/integration/user.e2e-spec.ts:23:42)

  ● User Module (CQS - Commands and Queries) › GET /users/:id (GetUserByIdQuery) › should return UserReadModel with achievementCount

    DATABASE_URL_TEST must be set in environment variables

    [0m [90m 12 |[39m   getTestURL()[33m:[39m string {
     [90m 13 |[39m     [36mif[39m ([33m![39mprocess[33m.[39menv[33m.[39m[33mDATABASE_URL_TEST[39m) {
    [31m[1m>[22m[39m[90m 14 |[39m       [36mthrow[39m [36mnew[39m [33mError[39m([32m'DATABASE_URL_TEST must be set in environment variables'[39m)[33m;[39m
     [90m    |[39m             [31m[1m^[22m[39m
     [90m 15 |[39m     }
     [90m 16 |[39m     [36mreturn[39m process[33m.[39menv[33m.[39m[33mDATABASE_URL_TEST[39m[33m;[39m
     [90m 17 |[39m   }[0m

      at DatabaseConfigService.getTestURL (src/config/database-config.service.ts:14:13)
      at new PrismaService (src/prisma/prisma.service.ts:18:24)
      at TestingInjector.instantiateClass (node_modules/@nestjs/core/injector/injector.js:422:19)
      at callback (node_modules/@nestjs/core/injector/injector.js:70:45)
      at TestingInjector.resolveConstructorParams (node_modules/@nestjs/core/injector/injector.js:170:24)
      at TestingInjector.loadInstance (node_modules/@nestjs/core/injector/injector.js:75:13)
      at TestingInjector.loadProvider (node_modules/@nestjs/core/injector/injector.js:103:9)
      at node_modules/@nestjs/core/injector/instance-loader.js:56:13
          at async Promise.all (index 9)
      at TestingInstanceLoader.createInstancesOfProviders (node_modules/@nestjs/core/injector/instance-loader.js:55:9)
      at node_modules/@nestjs/core/injector/instance-loader.js:40:13
          at async Promise.all (index 3)
      at TestingInstanceLoader.createInstances (node_modules/@nestjs/core/injector/instance-loader.js:39:9)
      at TestingInstanceLoader.createInstancesOfDependencies (node_modules/@nestjs/core/injector/instance-loader.js:22:13)
      at TestingInstanceLoader.createInstancesOfDependencies (node_modules/@nestjs/testing/testing-instance-loader.js:9:9)
      at TestingModuleBuilder.createInstancesOfDependencies (node_modules/@nestjs/testing/testing-module.builder.js:118:9)
      at TestingModuleBuilder.compile (node_modules/@nestjs/testing/testing-module.builder.js:74:9)
      at Object.<anonymous> (test/integration/user.e2e-spec.ts:23:42)

  ● User Module (CQS - Commands and Queries) › GET /users/:id (GetUserByIdQuery) › should return 404 when user not found

    DATABASE_URL_TEST must be set in environment variables

    [0m [90m 12 |[39m   getTestURL()[33m:[39m string {
     [90m 13 |[39m     [36mif[39m ([33m![39mprocess[33m.[39menv[33m.[39m[33mDATABASE_URL_TEST[39m) {
    [31m[1m>[22m[39m[90m 14 |[39m       [36mthrow[39m [36mnew[39m [33mError[39m([32m'DATABASE_URL_TEST must be set in environment variables'[39m)[33m;[39m
     [90m    |[39m             [31m[1m^[22m[39m
     [90m 15 |[39m     }
     [90m 16 |[39m     [36mreturn[39m process[33m.[39menv[33m.[39m[33mDATABASE_URL_TEST[39m[33m;[39m
     [90m 17 |[39m   }[0m

      at DatabaseConfigService.getTestURL (src/config/database-config.service.ts:14:13)
      at new PrismaService (src/prisma/prisma.service.ts:18:24)
      at TestingInjector.instantiateClass (node_modules/@nestjs/core/injector/injector.js:422:19)
      at callback (node_modules/@nestjs/core/injector/injector.js:70:45)
      at TestingInjector.resolveConstructorParams (node_modules/@nestjs/core/injector/injector.js:170:24)
      at TestingInjector.loadInstance (node_modules/@nestjs/core/injector/injector.js:75:13)
      at TestingInjector.loadProvider (node_modules/@nestjs/core/injector/injector.js:103:9)
      at node_modules/@nestjs/core/injector/instance-loader.js:56:13
          at async Promise.all (index 9)
      at TestingInstanceLoader.createInstancesOfProviders (node_modules/@nestjs/core/injector/instance-loader.js:55:9)
      at node_modules/@nestjs/core/injector/instance-loader.js:40:13
          at async Promise.all (index 3)
      at TestingInstanceLoader.createInstances (node_modules/@nestjs/core/injector/instance-loader.js:39:9)
      at TestingInstanceLoader.createInstancesOfDependencies (node_modules/@nestjs/core/injector/instance-loader.js:22:13)
      at TestingInstanceLoader.createInstancesOfDependencies (node_modules/@nestjs/testing/testing-instance-loader.js:9:9)
      at TestingModuleBuilder.createInstancesOfDependencies (node_modules/@nestjs/testing/testing-module.builder.js:118:9)
      at TestingModuleBuilder.compile (node_modules/@nestjs/testing/testing-module.builder.js:74:9)
      at Object.<anonymous> (test/integration/user.e2e-spec.ts:23:42)

  ● User Module (CQS - Commands and Queries) › GET /users (GetUserListQuery) › should return paginated list of UserListItemReadModels

    DATABASE_URL_TEST must be set in environment variables

    [0m [90m 12 |[39m   getTestURL()[33m:[39m string {
     [90m 13 |[39m     [36mif[39m ([33m![39mprocess[33m.[39menv[33m.[39m[33mDATABASE_URL_TEST[39m) {
    [31m[1m>[22m[39m[90m 14 |[39m       [36mthrow[39m [36mnew[39m [33mError[39m([32m'DATABASE_URL_TEST must be set in environment variables'[39m)[33m;[39m
     [90m    |[39m             [31m[1m^[22m[39m
     [90m 15 |[39m     }
     [90m 16 |[39m     [36mreturn[39m process[33m.[39menv[33m.[39m[33mDATABASE_URL_TEST[39m[33m;[39m
     [90m 17 |[39m   }[0m

      at DatabaseConfigService.getTestURL (src/config/database-config.service.ts:14:13)
      at new PrismaService (src/prisma/prisma.service.ts:18:24)
      at TestingInjector.instantiateClass (node_modules/@nestjs/core/injector/injector.js:422:19)
      at callback (node_modules/@nestjs/core/injector/injector.js:70:45)
      at TestingInjector.resolveConstructorParams (node_modules/@nestjs/core/injector/injector.js:170:24)
      at TestingInjector.loadInstance (node_modules/@nestjs/core/injector/injector.js:75:13)
      at TestingInjector.loadProvider (node_modules/@nestjs/core/injector/injector.js:103:9)
      at node_modules/@nestjs/core/injector/instance-loader.js:56:13
          at async Promise.all (index 9)
      at TestingInstanceLoader.createInstancesOfProviders (node_modules/@nestjs/core/injector/instance-loader.js:55:9)
      at node_modules/@nestjs/core/injector/instance-loader.js:40:13
          at async Promise.all (index 3)
      at TestingInstanceLoader.createInstances (node_modules/@nestjs/core/injector/instance-loader.js:39:9)
      at TestingInstanceLoader.createInstancesOfDependencies (node_modules/@nestjs/core/injector/instance-loader.js:22:13)
      at TestingInstanceLoader.createInstancesOfDependencies (node_modules/@nestjs/testing/testing-instance-loader.js:9:9)
      at TestingModuleBuilder.createInstancesOfDependencies (node_modules/@nestjs/testing/testing-module.builder.js:118:9)
      at TestingModuleBuilder.compile (node_modules/@nestjs/testing/testing-module.builder.js:74:9)
      at Object.<anonymous> (test/integration/user.e2e-spec.ts:23:42)

  ● User Module (CQS - Commands and Queries) › GET /users (GetUserListQuery) › should filter users by search term

    DATABASE_URL_TEST must be set in environment variables

    [0m [90m 12 |[39m   getTestURL()[33m:[39m string {
     [90m 13 |[39m     [36mif[39m ([33m![39mprocess[33m.[39menv[33m.[39m[33mDATABASE_URL_TEST[39m) {
    [31m[1m>[22m[39m[90m 14 |[39m       [36mthrow[39m [36mnew[39m [33mError[39m([32m'DATABASE_URL_TEST must be set in environment variables'[39m)[33m;[39m
     [90m    |[39m             [31m[1m^[22m[39m
     [90m 15 |[39m     }
     [90m 16 |[39m     [36mreturn[39m process[33m.[39menv[33m.[39m[33mDATABASE_URL_TEST[39m[33m;[39m
     [90m 17 |[39m   }[0m

      at DatabaseConfigService.getTestURL (src/config/database-config.service.ts:14:13)
      at new PrismaService (src/prisma/prisma.service.ts:18:24)
      at TestingInjector.instantiateClass (node_modules/@nestjs/core/injector/injector.js:422:19)
      at callback (node_modules/@nestjs/core/injector/injector.js:70:45)
      at TestingInjector.resolveConstructorParams (node_modules/@nestjs/core/injector/injector.js:170:24)
      at TestingInjector.loadInstance (node_modules/@nestjs/core/injector/injector.js:75:13)
      at TestingInjector.loadProvider (node_modules/@nestjs/core/injector/injector.js:103:9)
      at node_modules/@nestjs/core/injector/instance-loader.js:56:13
          at async Promise.all (index 9)
      at TestingInstanceLoader.createInstancesOfProviders (node_modules/@nestjs/core/injector/instance-loader.js:55:9)
      at node_modules/@nestjs/core/injector/instance-loader.js:40:13
          at async Promise.all (index 3)
      at TestingInstanceLoader.createInstances (node_modules/@nestjs/core/injector/instance-loader.js:39:9)
      at TestingInstanceLoader.createInstancesOfDependencies (node_modules/@nestjs/core/injector/instance-loader.js:22:13)
      at TestingInstanceLoader.createInstancesOfDependencies (node_modules/@nestjs/testing/testing-instance-loader.js:9:9)
      at TestingModuleBuilder.createInstancesOfDependencies (node_modules/@nestjs/testing/testing-module.builder.js:118:9)
      at TestingModuleBuilder.compile (node_modules/@nestjs/testing/testing-module.builder.js:74:9)
      at Object.<anonymous> (test/integration/user.e2e-spec.ts:23:42)

  ● User Module (CQS - Commands and Queries) › POST /users/:id/achievements/:achievementId (UnlockAchievementCommand) › should unlock achievement and return 204

    DATABASE_URL_TEST must be set in environment variables

    [0m [90m 12 |[39m   getTestURL()[33m:[39m string {
     [90m 13 |[39m     [36mif[39m ([33m![39mprocess[33m.[39menv[33m.[39m[33mDATABASE_URL_TEST[39m) {
    [31m[1m>[22m[39m[90m 14 |[39m       [36mthrow[39m [36mnew[39m [33mError[39m([32m'DATABASE_URL_TEST must be set in environment variables'[39m)[33m;[39m
     [90m    |[39m             [31m[1m^[22m[39m
     [90m 15 |[39m     }
     [90m 16 |[39m     [36mreturn[39m process[33m.[39menv[33m.[39m[33mDATABASE_URL_TEST[39m[33m;[39m
     [90m 17 |[39m   }[0m

      at DatabaseConfigService.getTestURL (src/config/database-config.service.ts:14:13)
      at new PrismaService (src/prisma/prisma.service.ts:18:24)
      at TestingInjector.instantiateClass (node_modules/@nestjs/core/injector/injector.js:422:19)
      at callback (node_modules/@nestjs/core/injector/injector.js:70:45)
      at TestingInjector.resolveConstructorParams (node_modules/@nestjs/core/injector/injector.js:170:24)
      at TestingInjector.loadInstance (node_modules/@nestjs/core/injector/injector.js:75:13)
      at TestingInjector.loadProvider (node_modules/@nestjs/core/injector/injector.js:103:9)
      at node_modules/@nestjs/core/injector/instance-loader.js:56:13
          at async Promise.all (index 9)
      at TestingInstanceLoader.createInstancesOfProviders (node_modules/@nestjs/core/injector/instance-loader.js:55:9)
      at node_modules/@nestjs/core/injector/instance-loader.js:40:13
          at async Promise.all (index 3)
      at TestingInstanceLoader.createInstances (node_modules/@nestjs/core/injector/instance-loader.js:39:9)
      at TestingInstanceLoader.createInstancesOfDependencies (node_modules/@nestjs/core/injector/instance-loader.js:22:13)
      at TestingInstanceLoader.createInstancesOfDependencies (node_modules/@nestjs/testing/testing-instance-loader.js:9:9)
      at TestingModuleBuilder.createInstancesOfDependencies (node_modules/@nestjs/testing/testing-module.builder.js:118:9)
      at TestingModuleBuilder.compile (node_modules/@nestjs/testing/testing-module.builder.js:74:9)
      at Object.<anonymous> (test/integration/user.e2e-spec.ts:23:42)

PASS src/contexts/core/application/commands/unlock-achievement.handler.spec.ts
PASS test/modular/complex-queries.service.spec.ts (49.784 s)
PASS src/modules/user-registration-side-effects/user-registered.event-handler.spec.ts
[33m[Nest] 20260  - [39m10.04.2026, 21:22:34 [33m   WARN[39m [38;5;3m[UserRegisteredEventHandler] [39m[33mAsync analytics failed for user 2: analytics unavailable[39m
PASS src/contexts/core/application/commands/create-user.handler.spec.ts (5.646 s)
FAIL test/integration/app.e2e-spec.ts (5.534 s)
  ● Console

    console.log
      ◇ injected env (0) from ..\.env // tip: ⌁ auth for agents [www.vestauth.com]

      at _log (node_modules/dotenv/lib/main.js:131:11)

  ● AppController (e2e) › / (GET)

    DATABASE_URL_TEST must be set in environment variables

    [0m [90m 12 |[39m   getTestURL()[33m:[39m string {
     [90m 13 |[39m     [36mif[39m ([33m![39mprocess[33m.[39menv[33m.[39m[33mDATABASE_URL_TEST[39m) {
    [31m[1m>[22m[39m[90m 14 |[39m       [36mthrow[39m [36mnew[39m [33mError[39m([32m'DATABASE_URL_TEST must be set in environment variables'[39m)[33m;[39m
     [90m    |[39m             [31m[1m^[22m[39m
     [90m 15 |[39m     }
     [90m 16 |[39m     [36mreturn[39m process[33m.[39menv[33m.[39m[33mDATABASE_URL_TEST[39m[33m;[39m
     [90m 17 |[39m   }[0m

      at DatabaseConfigService.getTestURL (src/config/database-config.service.ts:14:13)
      at new PrismaService (src/prisma/prisma.service.ts:18:24)
      at TestingInjector.instantiateClass (node_modules/@nestjs/core/injector/injector.js:422:19)
      at callback (node_modules/@nestjs/core/injector/injector.js:70:45)
      at TestingInjector.resolveConstructorParams (node_modules/@nestjs/core/injector/injector.js:170:24)
      at TestingInjector.loadInstance (node_modules/@nestjs/core/injector/injector.js:75:13)
      at TestingInjector.loadProvider (node_modules/@nestjs/core/injector/injector.js:103:9)
      at node_modules/@nestjs/core/injector/instance-loader.js:56:13
          at async Promise.all (index 4)
      at TestingInstanceLoader.createInstancesOfProviders (node_modules/@nestjs/core/injector/instance-loader.js:55:9)
      at node_modules/@nestjs/core/injector/instance-loader.js:40:13
          at async Promise.all (index 2)
      at TestingInstanceLoader.createInstances (node_modules/@nestjs/core/injector/instance-loader.js:39:9)
      at TestingInstanceLoader.createInstancesOfDependencies (node_modules/@nestjs/core/injector/instance-loader.js:22:13)
      at TestingInstanceLoader.createInstancesOfDependencies (node_modules/@nestjs/testing/testing-instance-loader.js:9:9)
      at TestingModuleBuilder.createInstancesOfDependencies (node_modules/@nestjs/testing/testing-module.builder.js:118:9)
      at TestingModuleBuilder.compile (node_modules/@nestjs/testing/testing-module.builder.js:74:9)
      at Object.<anonymous> (test/integration/app.e2e-spec.ts:16:42)

A worker process has failed to exit gracefully and has been force exited. This is likely caused by tests leaking due to improper teardown. Try running with --detectOpenHandles to find leaks. Active timers can also cause this, ensure that .unref() was called on them.
Test Suites: 11 failed, 7 passed, 18 total
Tests:       329 failed, 88 passed, 417 total
Snapshots:   0 total
Time:        53.43 s
Ran all test suites.
